[0.191s] DEBUG:colcon:Command line arguments: ['/usr/bin/colcon', 'build', '--packages-select', 'dog_control_bridge', '--symlink-install']
[0.193s] DEBUG:colcon:Parsed command line arguments: Namespace(log_base=None, log_level=None, verb_name='build', build_base='build', install_base='install', merge_install=False, symlink_install=True, test_result_base=None, continue_on_error=False, executor='parallel', parallel_workers=8, event_handlers=None, ignore_user_meta=False, metas=['./colcon.meta'], base_paths=['.'], packages_ignore=None, packages_ignore_regex=None, paths=None, packages_up_to=None, packages_up_to_regex=None, packages_above=None, packages_above_and_dependencies=None, packages_above_depth=None, packages_select_by_dep=None, packages_skip_by_dep=None, packages_skip_up_to=None, packages_select_build_failed=False, packages_skip_build_finished=False, packages_select_test_failures=False, packages_skip_test_passed=False, packages_select=['dog_control_bridge'], packages_skip=None, packages_select_regex=None, packages_skip_regex=None, packages_start=None, packages_end=None, allow_overriding=[], cmake_args=None, cmake_target=None, cmake_target_skip_unavailable=False, cmake_clean_cache=False, cmake_clean_first=False, cmake_force_configure=False, ament_cmake_args=None, catkin_cmake_args=None, catkin_skip_building_tests=False, verb_parser=<colcon_defaults.argument_parser.defaults.DefaultArgumentsDecorator object at 0x7fa0d08340>, verb_extension=<colcon_core.verb.build.BuildVerb object at 0x7fa0cdbe80>, main=<bound method BuildVerb.main of <colcon_core.verb.build.BuildVerb object at 0x7fa0cdbe80>>)
[0.415s] Level 1:colcon.colcon_core.package_discovery:discover_packages(colcon_meta) check parameters
[0.417s] Level 1:colcon.colcon_core.package_discovery:discover_packages(recursive) check parameters
[0.418s] Level 1:colcon.colcon_core.package_discovery:discover_packages(ignore) check parameters
[0.419s] Level 1:colcon.colcon_core.package_discovery:discover_packages(path) check parameters
[0.421s] Level 1:colcon.colcon_core.package_discovery:discover_packages(colcon_meta) discover
[0.422s] Level 1:colcon.colcon_core.package_discovery:discover_packages(recursive) discover
[0.423s] INFO:colcon.colcon_core.package_discovery:Crawling recursively for packages in '/root/nav/livox_ws/src/deepRoboticsl/deepcontrol'
[0.425s] Level 1:colcon.colcon_core.package_identification:_identify(.) by extensions ['ignore', 'ignore_ament_install']
[0.426s] Level 1:colcon.colcon_core.package_identification:_identify(.) by extension 'ignore'
[0.428s] Level 1:colcon.colcon_core.package_identification:_identify(.) by extension 'ignore_ament_install'
[0.429s] Level 1:colcon.colcon_core.package_identification:_identify(.) by extensions ['colcon_pkg']
[0.431s] Level 1:colcon.colcon_core.package_identification:_identify(.) by extension 'colcon_pkg'
[0.432s] Level 1:colcon.colcon_core.package_identification:_identify(.) by extensions ['colcon_meta']
[0.433s] Level 1:colcon.colcon_core.package_identification:_identify(.) by extension 'colcon_meta'
[0.435s] Level 1:colcon.colcon_core.package_identification:_identify(.) by extensions ['ros']
[0.436s] Level 1:colcon.colcon_core.package_identification:_identify(.) by extension 'ros'
[0.461s] DEBUG:colcon.colcon_core.package_identification:Package '.' with type 'ros.ament_cmake' and name 'dog_control_bridge'
[0.463s] Level 1:colcon.colcon_core.package_discovery:discover_packages(recursive) using defaults
[0.465s] Level 1:colcon.colcon_core.package_discovery:discover_packages(ignore) discover
[0.466s] Level 1:colcon.colcon_core.package_discovery:discover_packages(ignore) using defaults
[0.468s] Level 1:colcon.colcon_core.package_discovery:discover_packages(path) discover
[0.469s] Level 1:colcon.colcon_core.package_discovery:discover_packages(path) using defaults
[0.502s] Level 1:colcon.colcon_core.package_discovery:discover_packages(prefix_path) check parameters
[0.503s] Level 1:colcon.colcon_core.package_discovery:discover_packages(prefix_path) discover
[0.512s] DEBUG:colcon.colcon_installed_package_information.package_discovery:Found 355 installed packages in /opt/ros/humble
[0.557s] Level 1:colcon.colcon_core.package_discovery:discover_packages(prefix_path) using defaults
[0.627s] Level 5:colcon.colcon_core.verb:set package 'dog_control_bridge' build argument 'cmake_args' from command line to 'None'
[0.629s] Level 5:colcon.colcon_core.verb:set package 'dog_control_bridge' build argument 'cmake_target' from command line to 'None'
[0.630s] Level 5:colcon.colcon_core.verb:set package 'dog_control_bridge' build argument 'cmake_target_skip_unavailable' from command line to 'False'
[0.632s] Level 5:colcon.colcon_core.verb:set package 'dog_control_bridge' build argument 'cmake_clean_cache' from command line to 'False'
[0.633s] Level 5:colcon.colcon_core.verb:set package 'dog_control_bridge' build argument 'cmake_clean_first' from command line to 'False'
[0.634s] Level 5:colcon.colcon_core.verb:set package 'dog_control_bridge' build argument 'cmake_force_configure' from command line to 'False'
[0.636s] Level 5:colcon.colcon_core.verb:set package 'dog_control_bridge' build argument 'ament_cmake_args' from command line to 'None'
[0.637s] Level 5:colcon.colcon_core.verb:set package 'dog_control_bridge' build argument 'catkin_cmake_args' from command line to 'None'
[0.639s] Level 5:colcon.colcon_core.verb:set package 'dog_control_bridge' build argument 'catkin_skip_building_tests' from command line to 'False'
[0.641s] DEBUG:colcon.colcon_core.verb:Building package 'dog_control_bridge' with the following arguments: {'ament_cmake_args': None, 'build_base': '/root/nav/livox_ws/src/deepRoboticsl/deepcontrol/build/dog_control_bridge', 'catkin_cmake_args': None, 'catkin_skip_building_tests': False, 'cmake_args': None, 'cmake_clean_cache': False, 'cmake_clean_first': False, 'cmake_force_configure': False, 'cmake_target': None, 'cmake_target_skip_unavailable': False, 'install_base': '/root/nav/livox_ws/src/deepRoboticsl/deepcontrol/install/dog_control_bridge', 'merge_install': False, 'path': '/root/nav/livox_ws/src/deepRoboticsl/deepcontrol', 'symlink_install': True, 'test_result_base': None}
[0.643s] INFO:colcon.colcon_core.executor:Executing jobs using 'parallel' executor
[0.646s] DEBUG:colcon.colcon_parallel_executor.executor.parallel:run_until_complete
[0.648s] INFO:colcon.colcon_ros.task.ament_cmake.build:Building ROS package in '/root/nav/livox_ws/src/deepRoboticsl/deepcontrol' with build type 'ament_cmake'
[0.649s] INFO:colcon.colcon_cmake.task.cmake.build:Building CMake package in '/root/nav/livox_ws/src/deepRoboticsl/deepcontrol'
[0.654s] INFO:colcon.colcon_core.plugin_system:Skipping extension 'colcon_core.shell.bat': Not used on non-Windows systems
[0.656s] INFO:colcon.colcon_core.shell:Skip shell extension 'powershell' for command environment: Not usable outside of PowerShell
[0.657s] DEBUG:colcon.colcon_core.shell:Skip shell extension 'dsv' for command environment
[0.712s] DEBUG:colcon.colcon_core.event_handler.log_command:Invoking command in '/root/nav/livox_ws/src/deepRoboticsl/deepcontrol/build/dog_control_bridge': CMAKE_PREFIX_PATH=/opt/ros/humble /usr/bin/cmake /root/nav/livox_ws/src/deepRoboticsl/deepcontrol -DAMENT_CMAKE_SYMLINK_INSTALL=1 -DCMAKE_INSTALL_PREFIX=/root/nav/livox_ws/src/deepRoboticsl/deepcontrol/install/dog_control_bridge
[16.729s] DEBUG:colcon.colcon_core.event_handler.log_command:Invoked command in '/root/nav/livox_ws/src/deepRoboticsl/deepcontrol/build/dog_control_bridge' returned '0': CMAKE_PREFIX_PATH=/opt/ros/humble /usr/bin/cmake /root/nav/livox_ws/src/deepRoboticsl/deepcontrol -DAMENT_CMAKE_SYMLINK_INSTALL=1 -DCMAKE_INSTALL_PREFIX=/root/nav/livox_ws/src/deepRoboticsl/deepcontrol/install/dog_control_bridge
[16.740s] DEBUG:colcon.colcon_core.event_handler.log_command:Invoking command in '/root/nav/livox_ws/src/deepRoboticsl/deepcontrol/build/dog_control_bridge': CMAKE_PREFIX_PATH=/opt/ros/humble /usr/bin/cmake --build /root/nav/livox_ws/src/deepRoboticsl/deepcontrol/build/dog_control_bridge -- -j8 -l8
[52.148s] DEBUG:colcon.colcon_core.event_handler.log_command:Invoked command in '/root/nav/livox_ws/src/deepRoboticsl/deepcontrol/build/dog_control_bridge' returned '0': CMAKE_PREFIX_PATH=/opt/ros/humble /usr/bin/cmake --build /root/nav/livox_ws/src/deepRoboticsl/deepcontrol/build/dog_control_bridge -- -j8 -l8
[52.176s] DEBUG:colcon.colcon_core.event_handler.log_command:Invoking command in '/root/nav/livox_ws/src/deepRoboticsl/deepcontrol/build/dog_control_bridge': CMAKE_PREFIX_PATH=/opt/ros/humble /usr/bin/cmake --install /root/nav/livox_ws/src/deepRoboticsl/deepcontrol/build/dog_control_bridge
[52.661s] Level 1:colcon.colcon_core.environment:create_environment_scripts_only(dog_control_bridge)
[52.676s] Level 1:colcon.colcon_core.environment:checking '/root/nav/livox_ws/src/deepRoboticsl/deepcontrol/install/dog_control_bridge' for CMake module files
[52.682s] DEBUG:colcon.colcon_core.event_handler.log_command:Invoked command in '/root/nav/livox_ws/src/deepRoboticsl/deepcontrol/build/dog_control_bridge' returned '0': CMAKE_PREFIX_PATH=/opt/ros/humble /usr/bin/cmake --install /root/nav/livox_ws/src/deepRoboticsl/deepcontrol/build/dog_control_bridge
[52.686s] Level 1:colcon.colcon_core.environment:checking '/root/nav/livox_ws/src/deepRoboticsl/deepcontrol/install/dog_control_bridge' for CMake config files
[52.688s] Level 1:colcon.colcon_core.shell:create_environment_hook('dog_control_bridge', 'cmake_prefix_path')
[52.692s] INFO:colcon.colcon_core.shell:Creating environment hook '/root/nav/livox_ws/src/deepRoboticsl/deepcontrol/install/dog_control_bridge/share/dog_control_bridge/hook/cmake_prefix_path.ps1'
[52.702s] INFO:colcon.colcon_core.shell:Creating environment descriptor '/root/nav/livox_ws/src/deepRoboticsl/deepcontrol/install/dog_control_bridge/share/dog_control_bridge/hook/cmake_prefix_path.dsv'
[52.711s] INFO:colcon.colcon_core.shell:Creating environment hook '/root/nav/livox_ws/src/deepRoboticsl/deepcontrol/install/dog_control_bridge/share/dog_control_bridge/hook/cmake_prefix_path.sh'
[52.723s] Level 1:colcon.colcon_core.environment:checking '/root/nav/livox_ws/src/deepRoboticsl/deepcontrol/install/dog_control_bridge/lib'
[52.725s] Level 1:colcon.colcon_core.environment:checking '/root/nav/livox_ws/src/deepRoboticsl/deepcontrol/install/dog_control_bridge/bin'
[52.728s] Level 1:colcon.colcon_core.environment:checking '/root/nav/livox_ws/src/deepRoboticsl/deepcontrol/install/dog_control_bridge/lib/pkgconfig/dog_control_bridge.pc'
[52.731s] Level 1:colcon.colcon_core.environment:checking '/root/nav/livox_ws/src/deepRoboticsl/deepcontrol/install/dog_control_bridge/lib/python3.10/site-packages'
[52.737s] Level 1:colcon.colcon_core.environment:checking '/root/nav/livox_ws/src/deepRoboticsl/deepcontrol/install/dog_control_bridge/bin'
[52.742s] INFO:colcon.colcon_core.shell:Creating package script '/root/nav/livox_ws/src/deepRoboticsl/deepcontrol/install/dog_control_bridge/share/dog_control_bridge/package.ps1'
[52.754s] INFO:colcon.colcon_core.shell:Creating package descriptor '/root/nav/livox_ws/src/deepRoboticsl/deepcontrol/install/dog_control_bridge/share/dog_control_bridge/package.dsv'
[52.851s] INFO:colcon.colcon_core.shell:Creating package script '/root/nav/livox_ws/src/deepRoboticsl/deepcontrol/install/dog_control_bridge/share/dog_control_bridge/package.sh'
[52.864s] INFO:colcon.colcon_core.shell:Creating package script '/root/nav/livox_ws/src/deepRoboticsl/deepcontrol/install/dog_control_bridge/share/dog_control_bridge/package.bash'
[52.875s] INFO:colcon.colcon_core.shell:Creating package script '/root/nav/livox_ws/src/deepRoboticsl/deepcontrol/install/dog_control_bridge/share/dog_control_bridge/package.zsh'
[52.884s] Level 1:colcon.colcon_core.environment:create_file_with_runtime_dependencies(/root/nav/livox_ws/src/deepRoboticsl/deepcontrol/install/dog_control_bridge/share/colcon-core/packages/dog_control_bridge)
[52.896s] Level 1:colcon.colcon_core.environment:create_environment_scripts_only(dog_control_bridge)
[52.900s] Level 1:colcon.colcon_core.environment:checking '/root/nav/livox_ws/src/deepRoboticsl/deepcontrol/install/dog_control_bridge' for CMake module files
[52.904s] Level 1:colcon.colcon_core.environment:checking '/root/nav/livox_ws/src/deepRoboticsl/deepcontrol/install/dog_control_bridge' for CMake config files
[52.907s] Level 1:colcon.colcon_core.shell:create_environment_hook('dog_control_bridge', 'cmake_prefix_path')
[52.911s] INFO:colcon.colcon_core.shell:Creating environment hook '/root/nav/livox_ws/src/deepRoboticsl/deepcontrol/install/dog_control_bridge/share/dog_control_bridge/hook/cmake_prefix_path.ps1'
[53.003s] INFO:colcon.colcon_core.shell:Creating environment descriptor '/root/nav/livox_ws/src/deepRoboticsl/deepcontrol/install/dog_control_bridge/share/dog_control_bridge/hook/cmake_prefix_path.dsv'
[53.095s] INFO:colcon.colcon_core.shell:Creating environment hook '/root/nav/livox_ws/src/deepRoboticsl/deepcontrol/install/dog_control_bridge/share/dog_control_bridge/hook/cmake_prefix_path.sh'
[53.188s] Level 1:colcon.colcon_core.environment:checking '/root/nav/livox_ws/src/deepRoboticsl/deepcontrol/install/dog_control_bridge/lib'
[53.192s] Level 1:colcon.colcon_core.environment:checking '/root/nav/livox_ws/src/deepRoboticsl/deepcontrol/install/dog_control_bridge/bin'
[53.194s] Level 1:colcon.colcon_core.environment:checking '/root/nav/livox_ws/src/deepRoboticsl/deepcontrol/install/dog_control_bridge/lib/pkgconfig/dog_control_bridge.pc'
[53.197s] Level 1:colcon.colcon_core.environment:checking '/root/nav/livox_ws/src/deepRoboticsl/deepcontrol/install/dog_control_bridge/lib/python3.10/site-packages'
[53.201s] Level 1:colcon.colcon_core.environment:checking '/root/nav/livox_ws/src/deepRoboticsl/deepcontrol/install/dog_control_bridge/bin'
[53.204s] INFO:colcon.colcon_core.shell:Creating package script '/root/nav/livox_ws/src/deepRoboticsl/deepcontrol/install/dog_control_bridge/share/dog_control_bridge/package.ps1'
[53.296s] INFO:colcon.colcon_core.shell:Creating package descriptor '/root/nav/livox_ws/src/deepRoboticsl/deepcontrol/install/dog_control_bridge/share/dog_control_bridge/package.dsv'
[53.388s] INFO:colcon.colcon_core.shell:Creating package script '/root/nav/livox_ws/src/deepRoboticsl/deepcontrol/install/dog_control_bridge/share/dog_control_bridge/package.sh'
[53.480s] INFO:colcon.colcon_core.shell:Creating package script '/root/nav/livox_ws/src/deepRoboticsl/deepcontrol/install/dog_control_bridge/share/dog_control_bridge/package.bash'
[53.572s] INFO:colcon.colcon_core.shell:Creating package script '/root/nav/livox_ws/src/deepRoboticsl/deepcontrol/install/dog_control_bridge/share/dog_control_bridge/package.zsh'
[53.663s] Level 1:colcon.colcon_core.environment:create_file_with_runtime_dependencies(/root/nav/livox_ws/src/deepRoboticsl/deepcontrol/install/dog_control_bridge/share/colcon-core/packages/dog_control_bridge)
[53.753s] DEBUG:colcon.colcon_parallel_executor.executor.parallel:closing loop
[53.755s] DEBUG:colcon.colcon_parallel_executor.executor.parallel:loop closed
[53.760s] DEBUG:colcon.colcon_parallel_executor.executor.parallel:run_until_complete finished with '0'
[53.762s] DEBUG:colcon.colcon_core.event_reactor:joining thread
[53.796s] INFO:colcon.colcon_core.plugin_system:Skipping extension 'colcon_notification.desktop_notification.notify_send': Could not find 'notify-send'
[53.798s] INFO:colcon.colcon_core.plugin_system:Skipping extension 'colcon_notification.desktop_notification.terminal_notifier': Not used on non-Darwin systems
[53.800s] INFO:colcon.colcon_core.plugin_system:Skipping extension 'colcon_notification.desktop_notification.win32': Not used on non-Windows systems
[53.802s] INFO:colcon.colcon_notification.desktop_notification:Sending desktop notification using 'notify2'
[53.806s] DEBUG:colcon.colcon_notification.desktop_notification.notify2:Failed to initialize notify2: org.freedesktop.DBus.Error.ServiceUnknown: The name org.freedesktop.Notifications was not provided by any .service files
[53.808s] DEBUG:colcon.colcon_core.event_reactor:joined thread
[53.812s] INFO:colcon.colcon_core.shell:Creating prefix script '/root/nav/livox_ws/src/deepRoboticsl/deepcontrol/install/local_setup.ps1'
[53.909s] INFO:colcon.colcon_core.shell:Creating prefix util module '/root/nav/livox_ws/src/deepRoboticsl/deepcontrol/install/_local_setup_util_ps1.py'
[54.007s] INFO:colcon.colcon_core.shell:Creating prefix chain script '/root/nav/livox_ws/src/deepRoboticsl/deepcontrol/install/setup.ps1'
[54.107s] INFO:colcon.colcon_core.shell:Creating prefix script '/root/nav/livox_ws/src/deepRoboticsl/deepcontrol/install/local_setup.sh'
[54.199s] INFO:colcon.colcon_core.shell:Creating prefix util module '/root/nav/livox_ws/src/deepRoboticsl/deepcontrol/install/_local_setup_util_sh.py'
[54.291s] INFO:colcon.colcon_core.shell:Creating prefix chain script '/root/nav/livox_ws/src/deepRoboticsl/deepcontrol/install/setup.sh'
[54.393s] INFO:colcon.colcon_core.shell:Creating prefix script '/root/nav/livox_ws/src/deepRoboticsl/deepcontrol/install/local_setup.bash'
[54.487s] INFO:colcon.colcon_core.shell:Creating prefix chain script '/root/nav/livox_ws/src/deepRoboticsl/deepcontrol/install/setup.bash'
[54.586s] INFO:colcon.colcon_core.shell:Creating prefix script '/root/nav/livox_ws/src/deepRoboticsl/deepcontrol/install/local_setup.zsh'
[54.680s] INFO:colcon.colcon_core.shell:Creating prefix chain script '/root/nav/livox_ws/src/deepRoboticsl/deepcontrol/install/setup.zsh'
