[0.244s] DEBUG:colcon:Command line arguments: ['/usr/bin/colcon', 'build', '--paths', 'ros2_bridge/nav3d_ros2_bridge', '--packages-select', 'nav3d_ros2_bridge']
[0.246s] DEBUG:colcon:Parsed command line arguments: Namespace(log_base=None, log_level=None, verb_name='build', build_base='build', install_base='install', merge_install=False, symlink_install=False, test_result_base=None, continue_on_error=False, executor='parallel', parallel_workers=8, event_handlers=None, ignore_user_meta=False, metas=['./colcon.meta'], base_paths=['.'], packages_ignore=None, packages_ignore_regex=None, paths=['/root/nav/livox_ws/src/3D-Nav-Dynamic-EGO/ros2_bridge/nav3d_ros2_bridge'], packages_up_to=None, packages_up_to_regex=None, packages_above=None, packages_above_and_dependencies=None, packages_above_depth=None, packages_select_by_dep=None, packages_skip_by_dep=None, packages_skip_up_to=None, packages_select_build_failed=False, packages_skip_build_finished=False, packages_select_test_failures=False, packages_skip_test_passed=False, packages_select=['nav3d_ros2_bridge'], packages_skip=None, packages_select_regex=None, packages_skip_regex=None, packages_start=None, packages_end=None, allow_overriding=[], cmake_args=None, cmake_target=None, cmake_target_skip_unavailable=False, cmake_clean_cache=False, cmake_clean_first=False, cmake_force_configure=False, ament_cmake_args=None, catkin_cmake_args=None, catkin_skip_building_tests=False, verb_parser=<colcon_defaults.argument_parser.defaults.DefaultArgumentsDecorator object at 0x7fa7294490>, verb_extension=<colcon_core.verb.build.BuildVerb object at 0x7fa7267fd0>, main=<bound method BuildVerb.main of <colcon_core.verb.build.BuildVerb object at 0x7fa7267fd0>>)
[0.516s] Level 1:colcon.colcon_core.package_discovery:discover_packages(colcon_meta) check parameters
[0.520s] Level 1:colcon.colcon_core.package_discovery:discover_packages(recursive) check parameters
[0.522s] Level 1:colcon.colcon_core.package_discovery:discover_packages(ignore) check parameters
[0.523s] Level 1:colcon.colcon_core.package_discovery:discover_packages(path) check parameters
[0.525s] Level 1:colcon.colcon_core.package_discovery:discover_packages(path) discover
[0.527s] Level 1:colcon.colcon_core.package_discovery:PathPackageDiscovery.discover(['/root/nav/livox_ws/src/3D-Nav-Dynamic-EGO/ros2_bridge/nav3d_ros2_bridge'])
[0.529s] Level 1:colcon.colcon_core.package_identification:_identify(/root/nav/livox_ws/src/3D-Nav-Dynamic-EGO/ros2_bridge/nav3d_ros2_bridge) by extensions ['ignore', 'ignore_ament_install']
[0.531s] Level 1:colcon.colcon_core.package_identification:_identify(/root/nav/livox_ws/src/3D-Nav-Dynamic-EGO/ros2_bridge/nav3d_ros2_bridge) by extension 'ignore'
[0.533s] Level 1:colcon.colcon_core.package_identification:_identify(/root/nav/livox_ws/src/3D-Nav-Dynamic-EGO/ros2_bridge/nav3d_ros2_bridge) by extension 'ignore_ament_install'
[0.535s] Level 1:colcon.colcon_core.package_identification:_identify(/root/nav/livox_ws/src/3D-Nav-Dynamic-EGO/ros2_bridge/nav3d_ros2_bridge) by extensions ['colcon_pkg']
[0.537s] Level 1:colcon.colcon_core.package_identification:_identify(/root/nav/livox_ws/src/3D-Nav-Dynamic-EGO/ros2_bridge/nav3d_ros2_bridge) by extension 'colcon_pkg'
[0.538s] Level 1:colcon.colcon_core.package_identification:_identify(/root/nav/livox_ws/src/3D-Nav-Dynamic-EGO/ros2_bridge/nav3d_ros2_bridge) by extensions ['colcon_meta']
[0.540s] Level 1:colcon.colcon_core.package_identification:_identify(/root/nav/livox_ws/src/3D-Nav-Dynamic-EGO/ros2_bridge/nav3d_ros2_bridge) by extension 'colcon_meta'
[0.542s] Level 1:colcon.colcon_core.package_identification:_identify(/root/nav/livox_ws/src/3D-Nav-Dynamic-EGO/ros2_bridge/nav3d_ros2_bridge) by extensions ['ros']
[0.543s] Level 1:colcon.colcon_core.package_identification:_identify(/root/nav/livox_ws/src/3D-Nav-Dynamic-EGO/ros2_bridge/nav3d_ros2_bridge) by extension 'ros'
[0.573s] DEBUG:colcon.colcon_core.package_identification:Package '/root/nav/livox_ws/src/3D-Nav-Dynamic-EGO/ros2_bridge/nav3d_ros2_bridge' with type 'ros.ament_cmake' and name 'nav3d_ros2_bridge'
[0.575s] Level 1:colcon.colcon_core.package_discovery:discover_packages(path) using defaults
[0.612s] Level 1:colcon.colcon_core.package_discovery:discover_packages(prefix_path) check parameters
[0.613s] Level 1:colcon.colcon_core.package_discovery:discover_packages(prefix_path) discover
[0.618s] DEBUG:colcon.colcon_installed_package_information.package_discovery:Found 1 installed packages in /root/nav/livox_ws/src/3D-Nav-Dynamic-EGO/install
[0.621s] DEBUG:colcon.colcon_installed_package_information.package_discovery:Found 10 installed packages in /root/nav/livox_ws/install
[0.630s] DEBUG:colcon.colcon_installed_package_information.package_discovery:Found 332 installed packages in /opt/ros/humble
[0.634s] Level 1:colcon.colcon_core.package_discovery:discover_packages(prefix_path) using defaults
[0.739s] Level 5:colcon.colcon_core.verb:set package 'nav3d_ros2_bridge' build argument 'cmake_args' from command line to 'None'
[0.741s] Level 5:colcon.colcon_core.verb:set package 'nav3d_ros2_bridge' build argument 'cmake_target' from command line to 'None'
[0.742s] Level 5:colcon.colcon_core.verb:set package 'nav3d_ros2_bridge' build argument 'cmake_target_skip_unavailable' from command line to 'False'
[0.744s] Level 5:colcon.colcon_core.verb:set package 'nav3d_ros2_bridge' build argument 'cmake_clean_cache' from command line to 'False'
[0.745s] Level 5:colcon.colcon_core.verb:set package 'nav3d_ros2_bridge' build argument 'cmake_clean_first' from command line to 'False'
[0.748s] Level 5:colcon.colcon_core.verb:set package 'nav3d_ros2_bridge' build argument 'cmake_force_configure' from command line to 'False'
[0.749s] Level 5:colcon.colcon_core.verb:set package 'nav3d_ros2_bridge' build argument 'ament_cmake_args' from command line to 'None'
[0.751s] Level 5:colcon.colcon_core.verb:set package 'nav3d_ros2_bridge' build argument 'catkin_cmake_args' from command line to 'None'
[0.753s] Level 5:colcon.colcon_core.verb:set package 'nav3d_ros2_bridge' build argument 'catkin_skip_building_tests' from command line to 'False'
[0.754s] DEBUG:colcon.colcon_core.verb:Building package 'nav3d_ros2_bridge' with the following arguments: {'ament_cmake_args': None, 'build_base': '/root/nav/livox_ws/src/3D-Nav-Dynamic-EGO/build/nav3d_ros2_bridge', 'catkin_cmake_args': None, 'catkin_skip_building_tests': False, 'cmake_args': None, 'cmake_clean_cache': False, 'cmake_clean_first': False, 'cmake_force_configure': False, 'cmake_target': None, 'cmake_target_skip_unavailable': False, 'install_base': '/root/nav/livox_ws/src/3D-Nav-Dynamic-EGO/install/nav3d_ros2_bridge', 'merge_install': False, 'path': '/root/nav/livox_ws/src/3D-Nav-Dynamic-EGO/ros2_bridge/nav3d_ros2_bridge', 'symlink_install': False, 'test_result_base': None}
[0.756s] INFO:colcon.colcon_core.executor:Executing jobs using 'parallel' executor
[0.760s] DEBUG:colcon.colcon_parallel_executor.executor.parallel:run_until_complete
[0.762s] INFO:colcon.colcon_ros.task.ament_cmake.build:Building ROS package in '/root/nav/livox_ws/src/3D-Nav-Dynamic-EGO/ros2_bridge/nav3d_ros2_bridge' with build type 'ament_cmake'
[0.763s] INFO:colcon.colcon_cmake.task.cmake.build:Building CMake package in '/root/nav/livox_ws/src/3D-Nav-Dynamic-EGO/ros2_bridge/nav3d_ros2_bridge'
[0.770s] INFO:colcon.colcon_core.plugin_system:Skipping extension 'colcon_core.shell.bat': Not used on non-Windows systems
[0.772s] INFO:colcon.colcon_core.shell:Skip shell extension 'powershell' for command environment: Not usable outside of PowerShell
[0.774s] DEBUG:colcon.colcon_core.shell:Skip shell extension 'dsv' for command environment
[0.990s] DEBUG:colcon.colcon_core.event_handler.log_command:Invoking command in '/root/nav/livox_ws/src/3D-Nav-Dynamic-EGO/build/nav3d_ros2_bridge': CMAKE_PREFIX_PATH=${CMAKE_PREFIX_PATH}:/opt/ros/humble /usr/bin/cmake --build /root/nav/livox_ws/src/3D-Nav-Dynamic-EGO/build/nav3d_ros2_bridge -- -j8 -l8
[4.155s] DEBUG:colcon.colcon_core.event_handler.log_command:Invoked command in '/root/nav/livox_ws/src/3D-Nav-Dynamic-EGO/build/nav3d_ros2_bridge' returned '0': CMAKE_PREFIX_PATH=${CMAKE_PREFIX_PATH}:/opt/ros/humble /usr/bin/cmake --build /root/nav/livox_ws/src/3D-Nav-Dynamic-EGO/build/nav3d_ros2_bridge -- -j8 -l8
[4.193s] DEBUG:colcon.colcon_core.event_handler.log_command:Invoking command in '/root/nav/livox_ws/src/3D-Nav-Dynamic-EGO/build/nav3d_ros2_bridge': CMAKE_PREFIX_PATH=${CMAKE_PREFIX_PATH}:/opt/ros/humble /usr/bin/cmake --install /root/nav/livox_ws/src/3D-Nav-Dynamic-EGO/build/nav3d_ros2_bridge
[4.670s] Level 1:colcon.colcon_core.environment:create_environment_scripts_only(nav3d_ros2_bridge)
[4.698s] Level 1:colcon.colcon_core.environment:checking '/root/nav/livox_ws/src/3D-Nav-Dynamic-EGO/install/nav3d_ros2_bridge' for CMake module files
[4.705s] Level 1:colcon.colcon_core.environment:checking '/root/nav/livox_ws/src/3D-Nav-Dynamic-EGO/install/nav3d_ros2_bridge' for CMake config files
[4.710s] Level 1:colcon.colcon_core.shell:create_environment_hook('nav3d_ros2_bridge', 'cmake_prefix_path')
[4.714s] INFO:colcon.colcon_core.shell:Creating environment hook '/root/nav/livox_ws/src/3D-Nav-Dynamic-EGO/install/nav3d_ros2_bridge/share/nav3d_ros2_bridge/hook/cmake_prefix_path.ps1'
[4.806s] INFO:colcon.colcon_core.shell:Creating environment descriptor '/root/nav/livox_ws/src/3D-Nav-Dynamic-EGO/install/nav3d_ros2_bridge/share/nav3d_ros2_bridge/hook/cmake_prefix_path.dsv'
[4.897s] INFO:colcon.colcon_core.shell:Creating environment hook '/root/nav/livox_ws/src/3D-Nav-Dynamic-EGO/install/nav3d_ros2_bridge/share/nav3d_ros2_bridge/hook/cmake_prefix_path.sh'
[4.991s] Level 1:colcon.colcon_core.environment:checking '/root/nav/livox_ws/src/3D-Nav-Dynamic-EGO/install/nav3d_ros2_bridge/lib'
[4.995s] Level 1:colcon.colcon_core.environment:checking '/root/nav/livox_ws/src/3D-Nav-Dynamic-EGO/install/nav3d_ros2_bridge/bin'
[4.997s] Level 1:colcon.colcon_core.environment:checking '/root/nav/livox_ws/src/3D-Nav-Dynamic-EGO/install/nav3d_ros2_bridge/lib/pkgconfig/nav3d_ros2_bridge.pc'
[5.001s] Level 1:colcon.colcon_core.environment:checking '/root/nav/livox_ws/src/3D-Nav-Dynamic-EGO/install/nav3d_ros2_bridge/lib/python3.10/site-packages'
[5.005s] Level 1:colcon.colcon_core.environment:checking '/root/nav/livox_ws/src/3D-Nav-Dynamic-EGO/install/nav3d_ros2_bridge/bin'
[5.009s] INFO:colcon.colcon_core.shell:Creating package script '/root/nav/livox_ws/src/3D-Nav-Dynamic-EGO/install/nav3d_ros2_bridge/share/nav3d_ros2_bridge/package.ps1'
[5.101s] INFO:colcon.colcon_core.shell:Creating package descriptor '/root/nav/livox_ws/src/3D-Nav-Dynamic-EGO/install/nav3d_ros2_bridge/share/nav3d_ros2_bridge/package.dsv'
[5.191s] INFO:colcon.colcon_core.shell:Creating package script '/root/nav/livox_ws/src/3D-Nav-Dynamic-EGO/install/nav3d_ros2_bridge/share/nav3d_ros2_bridge/package.sh'
[5.283s] INFO:colcon.colcon_core.shell:Creating package script '/root/nav/livox_ws/src/3D-Nav-Dynamic-EGO/install/nav3d_ros2_bridge/share/nav3d_ros2_bridge/package.bash'
[5.375s] INFO:colcon.colcon_core.shell:Creating package script '/root/nav/livox_ws/src/3D-Nav-Dynamic-EGO/install/nav3d_ros2_bridge/share/nav3d_ros2_bridge/package.zsh'
[5.470s] Level 1:colcon.colcon_core.environment:create_file_with_runtime_dependencies(/root/nav/livox_ws/src/3D-Nav-Dynamic-EGO/install/nav3d_ros2_bridge/share/colcon-core/packages/nav3d_ros2_bridge)
[5.564s] Level 1:colcon.colcon_core.environment:create_environment_scripts_only(nav3d_ros2_bridge)
[5.568s] Level 1:colcon.colcon_core.environment:checking '/root/nav/livox_ws/src/3D-Nav-Dynamic-EGO/install/nav3d_ros2_bridge' for CMake module files
[5.573s] Level 1:colcon.colcon_core.environment:checking '/root/nav/livox_ws/src/3D-Nav-Dynamic-EGO/install/nav3d_ros2_bridge' for CMake config files
[5.577s] Level 1:colcon.colcon_core.shell:create_environment_hook('nav3d_ros2_bridge', 'cmake_prefix_path')
[5.581s] INFO:colcon.colcon_core.shell:Creating environment hook '/root/nav/livox_ws/src/3D-Nav-Dynamic-EGO/install/nav3d_ros2_bridge/share/nav3d_ros2_bridge/hook/cmake_prefix_path.ps1'
[5.671s] INFO:colcon.colcon_core.shell:Creating environment descriptor '/root/nav/livox_ws/src/3D-Nav-Dynamic-EGO/install/nav3d_ros2_bridge/share/nav3d_ros2_bridge/hook/cmake_prefix_path.dsv'
[5.684s] INFO:colcon.colcon_core.shell:Creating environment hook '/root/nav/livox_ws/src/3D-Nav-Dynamic-EGO/install/nav3d_ros2_bridge/share/nav3d_ros2_bridge/hook/cmake_prefix_path.sh'
[5.774s] Level 1:colcon.colcon_core.environment:checking '/root/nav/livox_ws/src/3D-Nav-Dynamic-EGO/install/nav3d_ros2_bridge/lib'
[5.777s] Level 1:colcon.colcon_core.environment:checking '/root/nav/livox_ws/src/3D-Nav-Dynamic-EGO/install/nav3d_ros2_bridge/bin'
[5.779s] Level 1:colcon.colcon_core.environment:checking '/root/nav/livox_ws/src/3D-Nav-Dynamic-EGO/install/nav3d_ros2_bridge/lib/pkgconfig/nav3d_ros2_bridge.pc'
[5.780s] DEBUG:colcon.colcon_core.event_handler.log_command:Invoked command in '/root/nav/livox_ws/src/3D-Nav-Dynamic-EGO/build/nav3d_ros2_bridge' returned '0': CMAKE_PREFIX_PATH=${CMAKE_PREFIX_PATH}:/opt/ros/humble /usr/bin/cmake --install /root/nav/livox_ws/src/3D-Nav-Dynamic-EGO/build/nav3d_ros2_bridge
[5.782s] Level 1:colcon.colcon_core.environment:checking '/root/nav/livox_ws/src/3D-Nav-Dynamic-EGO/install/nav3d_ros2_bridge/lib/python3.10/site-packages'
[5.787s] Level 1:colcon.colcon_core.environment:checking '/root/nav/livox_ws/src/3D-Nav-Dynamic-EGO/install/nav3d_ros2_bridge/bin'
[5.791s] INFO:colcon.colcon_core.shell:Creating package script '/root/nav/livox_ws/src/3D-Nav-Dynamic-EGO/install/nav3d_ros2_bridge/share/nav3d_ros2_bridge/package.ps1'
[5.880s] INFO:colcon.colcon_core.shell:Creating package descriptor '/root/nav/livox_ws/src/3D-Nav-Dynamic-EGO/install/nav3d_ros2_bridge/share/nav3d_ros2_bridge/package.dsv'
[5.970s] INFO:colcon.colcon_core.shell:Creating package script '/root/nav/livox_ws/src/3D-Nav-Dynamic-EGO/install/nav3d_ros2_bridge/share/nav3d_ros2_bridge/package.sh'
[6.059s] INFO:colcon.colcon_core.shell:Creating package script '/root/nav/livox_ws/src/3D-Nav-Dynamic-EGO/install/nav3d_ros2_bridge/share/nav3d_ros2_bridge/package.bash'
[6.150s] INFO:colcon.colcon_core.shell:Creating package script '/root/nav/livox_ws/src/3D-Nav-Dynamic-EGO/install/nav3d_ros2_bridge/share/nav3d_ros2_bridge/package.zsh'
[6.242s] Level 1:colcon.colcon_core.environment:create_file_with_runtime_dependencies(/root/nav/livox_ws/src/3D-Nav-Dynamic-EGO/install/nav3d_ros2_bridge/share/colcon-core/packages/nav3d_ros2_bridge)
[6.332s] DEBUG:colcon.colcon_parallel_executor.executor.parallel:closing loop
[6.335s] DEBUG:colcon.colcon_parallel_executor.executor.parallel:loop closed
[6.337s] DEBUG:colcon.colcon_parallel_executor.executor.parallel:run_until_complete finished with '0'
[6.422s] DEBUG:colcon.colcon_core.event_reactor:joining thread
[6.452s] INFO:colcon.colcon_core.plugin_system:Skipping extension 'colcon_notification.desktop_notification.notify_send': Could not find 'notify-send'
[6.455s] INFO:colcon.colcon_core.plugin_system:Skipping extension 'colcon_notification.desktop_notification.terminal_notifier': Not used on non-Darwin systems
[6.457s] INFO:colcon.colcon_core.plugin_system:Skipping extension 'colcon_notification.desktop_notification.win32': Not used on non-Windows systems
[6.460s] INFO:colcon.colcon_notification.desktop_notification:Sending desktop notification using 'notify2'
[6.465s] DEBUG:colcon.colcon_notification.desktop_notification.notify2:Failed to initialize notify2: org.freedesktop.DBus.Error.ServiceUnknown: The name org.freedesktop.Notifications was not provided by any .service files
[6.467s] DEBUG:colcon.colcon_core.event_reactor:joined thread
[6.471s] INFO:colcon.colcon_core.shell:Creating prefix script '/root/nav/livox_ws/src/3D-Nav-Dynamic-EGO/install/local_setup.ps1'
[6.567s] INFO:colcon.colcon_core.shell:Creating prefix util module '/root/nav/livox_ws/src/3D-Nav-Dynamic-EGO/install/_local_setup_util_ps1.py'
[6.666s] INFO:colcon.colcon_core.shell:Creating prefix chain script '/root/nav/livox_ws/src/3D-Nav-Dynamic-EGO/install/setup.ps1'
[6.765s] INFO:colcon.colcon_core.shell:Creating prefix script '/root/nav/livox_ws/src/3D-Nav-Dynamic-EGO/install/local_setup.sh'
[6.858s] INFO:colcon.colcon_core.shell:Creating prefix util module '/root/nav/livox_ws/src/3D-Nav-Dynamic-EGO/install/_local_setup_util_sh.py'
[6.949s] INFO:colcon.colcon_core.shell:Creating prefix chain script '/root/nav/livox_ws/src/3D-Nav-Dynamic-EGO/install/setup.sh'
[7.045s] INFO:colcon.colcon_core.shell:Creating prefix script '/root/nav/livox_ws/src/3D-Nav-Dynamic-EGO/install/local_setup.bash'
[7.136s] INFO:colcon.colcon_core.shell:Creating prefix chain script '/root/nav/livox_ws/src/3D-Nav-Dynamic-EGO/install/setup.bash'
[7.233s] INFO:colcon.colcon_core.shell:Creating prefix script '/root/nav/livox_ws/src/3D-Nav-Dynamic-EGO/install/local_setup.zsh'
[7.322s] INFO:colcon.colcon_core.shell:Creating prefix chain script '/root/nav/livox_ws/src/3D-Nav-Dynamic-EGO/install/setup.zsh'
