[0.052s] Invoking command in '/root/nav/livox_ws/src/3D-Nav-Dynamic-EGO/build/nav3d_ros2_bridge': CMAKE_PREFIX_PATH=${CMAKE_PREFIX_PATH}:/opt/ros/humble /usr/bin/cmake /root/nav/livox_ws/src/3D-Nav-Dynamic-EGO/ros2_bridge/nav3d_ros2_bridge -DCMAKE_INSTALL_PREFIX=/root/nav/livox_ws/src/3D-Nav-Dynamic-EGO/install/nav3d_ros2_bridge
[0.371s] -- The CXX compiler identification is GNU 11.4.0
[0.488s] -- Detecting CXX compiler ABI info
[2.768s] -- Detecting CXX compiler ABI info - done
[2.842s] -- Check for working CXX compiler: /usr/bin/c++ - skipped
[2.853s] -- Detecting CXX compile features
[2.863s] -- Detecting CXX compile features - done
[2.964s] -- Found ament_cmake: 1.3.12 (/opt/ros/humble/share/ament_cmake/cmake)
[3.247s] -- Found Python3: /usr/bin/python3 (found version "3.10.12") found components: Interpreter 
[3.596s] -- Found geometry_msgs: 4.9.0 (/opt/ros/humble/share/geometry_msgs/cmake)
[3.605s] -- Found rosidl_generator_c: 3.1.8 (/opt/ros/humble/share/rosidl_generator_c/cmake)
[3.611s] -- Found rosidl_adapter: 3.1.8 (/opt/ros/humble/share/rosidl_adapter/cmake)
[3.617s] -- Found rosidl_generator_cpp: 3.1.8 (/opt/ros/humble/share/rosidl_generator_cpp/cmake)
[3.632s] -- Using all available rosidl_typesupport_c: rosidl_typesupport_fastrtps_c;rosidl_typesupport_introspection_c
[3.655s] -- Using all available rosidl_typesupport_cpp: rosidl_typesupport_fastrtps_cpp;rosidl_typesupport_introspection_cpp
[3.715s] -- Found nav_msgs: 4.9.0 (/opt/ros/humble/share/nav_msgs/cmake)
[3.744s] -- Found nav2_msgs: 1.1.20 (/opt/ros/humble/share/nav2_msgs/cmake)
[3.823s] -- Found rclcpp: 16.0.17 (/opt/ros/humble/share/rclcpp/cmake)
[3.879s] -- Found rmw_implementation_cmake: 6.1.2 (/opt/ros/humble/share/rmw_implementation_cmake/cmake)
[3.886s] -- Found rmw_fastrtps_cpp: 6.2.10 (/opt/ros/humble/share/rmw_fastrtps_cpp/cmake)
[4.044s] -- Found OpenSSL: /usr/lib/aarch64-linux-gnu/libcrypto.so (found version "3.0.2")  
[4.092s] -- Found FastRTPS: /opt/ros/humble/include  
[4.152s] -- Using RMW implementation 'rmw_fastrtps_cpp' as default
[4.265s] -- Looking for C++ include pthread.h
[6.666s] -- Looking for C++ include pthread.h - found
[6.685s] -- Performing Test CMAKE_HAVE_LIBC_PTHREAD
[8.986s] -- Performing Test CMAKE_HAVE_LIBC_PTHREAD - Success
[8.998s] -- Found Threads: TRUE  
[9.119s] -- Found rclcpp_action: 16.0.17 (/opt/ros/humble/share/rclcpp_action/cmake)
[9.137s] -- Found sensor_msgs: 4.9.0 (/opt/ros/humble/share/sensor_msgs/cmake)
[9.178s] -- Found tf2: 0.25.18 (/opt/ros/humble/share/tf2/cmake)
[9.193s] -- Found tf2_geometry_msgs: 0.25.20 (/opt/ros/humble/share/tf2_geometry_msgs/cmake)
[9.211s] -- Found eigen3_cmake_module: 0.1.1 (/opt/ros/humble/share/eigen3_cmake_module/cmake)
[9.217s] -- Found Eigen3: TRUE (found version "3.4.0") 
[9.223s] -- Ensuring Eigen3 include directory is part of orocos-kdl CMake target
[9.306s] -- Found visualization_msgs: 4.9.0 (/opt/ros/humble/share/visualization_msgs/cmake)
[9.491s] -- Checking for module 'libusb-1.0'
[9.519s] --   Found libusb-1.0, version 1.0.25
[9.600s] -- Found libusb: /usr/lib/aarch64-linux-gnu/libusb-1.0.so  
[9.608s] -- OpenNI found (version: 1.5.4.0, include: /usr/include/ni, lib: /usr/lib/libOpenNI.so;libusb::libusb)
[9.753s] -- OpenNI2 found (version: 2.2.0.33, include: /usr/include/openni2, lib: /usr/lib/aarch64-linux-gnu/libOpenNI2.so;libusb::libusb)
[24.170s] -- Checking for module 'eigen3'
[24.186s] --   Found eigen3, version 3.4.0
[24.275s] -- Found Eigen: /usr/include/eigen3 (Required is at least version "3.1") 
[24.282s] -- Eigen found (include: /usr/include/eigen3, version: 3.4.0)
[24.303s] -- Eigen found (include: /usr/include/eigen3, version: 3.4.0)
[24.323s] -- Found PCL_OCTREE: /usr/lib/aarch64-linux-gnu/libpcl_octree.so  
[24.330s] -- Found PCL_IO: /usr/lib/aarch64-linux-gnu/libpcl_io.so  
[24.337s] -- Found PCL_COMMON: /usr/lib/aarch64-linux-gnu/libpcl_common.so  
[25.414s] -- Configuring done
[26.012s] -- Generating done
[26.333s] -- Build files have been written to: /root/nav/livox_ws/src/3D-Nav-Dynamic-EGO/build/nav3d_ros2_bridge
[26.429s] Invoked command in '/root/nav/livox_ws/src/3D-Nav-Dynamic-EGO/build/nav3d_ros2_bridge' returned '0': CMAKE_PREFIX_PATH=${CMAKE_PREFIX_PATH}:/opt/ros/humble /usr/bin/cmake /root/nav/livox_ws/src/3D-Nav-Dynamic-EGO/ros2_bridge/nav3d_ros2_bridge -DCMAKE_INSTALL_PREFIX=/root/nav/livox_ws/src/3D-Nav-Dynamic-EGO/install/nav3d_ros2_bridge
[26.444s] Invoking command in '/root/nav/livox_ws/src/3D-Nav-Dynamic-EGO/build/nav3d_ros2_bridge': CMAKE_PREFIX_PATH=${CMAKE_PREFIX_PATH}:/opt/ros/humble /usr/bin/cmake --build /root/nav/livox_ws/src/3D-Nav-Dynamic-EGO/build/nav3d_ros2_bridge -- -j8 -l8
[26.591s] [  6%] [32mBuilding CXX object nav3d_core_build/CMakeFiles/nav3d_core.dir/map_core/src/map_composite.cpp.o[0m
[26.610s] [  6%] [32mBuilding CXX object nav3d_core_build/CMakeFiles/nav3d_core.dir/map_core/src/point_cloud_preprocessor.cpp.o[0m
[26.621s] [ 16%] [32mBuilding CXX object nav3d_core_build/CMakeFiles/nav3d_core.dir/map_core/src/octomap_manager.cpp.o[0m
[26.631s] [ 26%] [32mBuilding CXX object nav3d_core_build/CMakeFiles/nav3d_core.dir/map_core/src/voxel_grid_map.cpp.o[0m
[26.642s] [ 26%] [32mBuilding CXX object nav3d_core_build/CMakeFiles/nav3d_core.dir/map_core/src/map_2d_projection.cpp.o[0m
[26.651s] [ 26%] [32mBuilding CXX object nav3d_core_build/CMakeFiles/nav3d_core.dir/map_core/src/local_grid.cpp.o[0m
[26.657s] [ 26%] [32mBuilding CXX object nav3d_core_build/CMakeFiles/nav3d_core.dir/map_core/src/map_builder.cpp.o[0m
[26.663s] [ 26%] [32mBuilding CXX object nav3d_core_build/CMakeFiles/nav3d_core.dir/map_core/src/pcd_loader.cpp.o[0m
[27.540s] [ 30%] [32mBuilding CXX object nav3d_core_build/CMakeFiles/nav3d_core.dir/planner_core/src/path_searching/astar_3d.cpp.o[0m
[27.671s] [ 33%] [32mBuilding CXX object nav3d_core_build/CMakeFiles/nav3d_core.dir/planner_core/src/path_searching/jps_3d.cpp.o[0m
[27.776s] [ 36%] [32mBuilding CXX object nav3d_core_build/CMakeFiles/nav3d_core.dir/planner_core/src/ego_planner_core.cpp.o[0m
[28.410s] [ 43%] [32mBuilding CXX object nav3d_core_build/CMakeFiles/nav3d_core.dir/planner_core/src/bspline/bspline_optimizer.cpp.o[0m
[28.417s] [ 43%] [32mBuilding CXX object nav3d_core_build/CMakeFiles/nav3d_core.dir/planner_core/src/replan_fsm.cpp.o[0m
[29.372s] [ 46%] [32mBuilding CXX object nav3d_core_build/CMakeFiles/nav3d_core.dir/planner_core/src/bspline/uniform_bspline.cpp.o[0m
[29.526s] [ 50%] [32mBuilding CXX object nav3d_core_build/CMakeFiles/nav3d_core.dir/collision_engine/src/inflation_layer.cpp.o[0m
[29.609s] [ 53%] [32mBuilding CXX object nav3d_core_build/CMakeFiles/nav3d_core.dir/collision_engine/src/sphere_checker.cpp.o[0m
[29.700s] [ 60%] [32mBuilding CXX object nav3d_core_build/CMakeFiles/nav3d_core.dir/collision_engine/src/trajectory_checker.cpp.o[0m
[29.710s] [ 60%] [32mBuilding CXX object nav3d_core_build/CMakeFiles/nav3d_core.dir/collision_engine/src/trajectory_feasibility_checker.cpp.o[0m
[29.724s] [ 63%] [32mBuilding CXX object nav3d_core_build/CMakeFiles/nav3d_core.dir/controller_core/src/motion_model.cpp.o[0m
[30.395s] [ 66%] [32mBuilding CXX object nav3d_core_build/CMakeFiles/nav3d_core.dir/controller_core/src/safety_monitor.cpp.o[0m
[30.640s] [ 70%] [32mBuilding CXX object nav3d_core_build/CMakeFiles/nav3d_core.dir/controller_core/src/trajectory_tracker.cpp.o[0m
[31.648s] [ 73%] [32m[1mLinking CXX static library libnav3d_core.a[0m
[92.973s] [ 73%] Built target nav3d_core
[93.018s] [ 76%] [32mBuilding CXX object nav3d_tools_build/CMakeFiles/nav3d_pcl_tools.dir/pcl_pcd_loader.cpp.o[0m
[99.335s] [ 80%] [32m[1mLinking CXX static library libnav3d_pcl_tools.a[0m
[108.251s] [ 80%] Built target nav3d_pcl_tools
[108.301s] [ 86%] [32mBuilding CXX object CMakeFiles/nav3d_bridge_node.dir/src/nav3d_bridge_node.cpp.o[0m
[108.308s] [ 86%] [32mBuilding CXX object nav3d_tools_build/CMakeFiles/nav3d_octomap_trajectory_demo.dir/octomap_trajectory_demo.cpp.o[0m
[108.318s] [ 90%] [32mBuilding CXX object nav3d_tools_build/CMakeFiles/nav3d_standalone_demo.dir/standalone_demo.cpp.o[0m
[110.566s] [ 93%] [32m[1mLinking CXX executable nav3d_standalone_demo[0m
[111.960s] [ 93%] Built target nav3d_standalone_demo
[112.131s] [ 96%] [32m[1mLinking CXX executable nav3d_octomap_trajectory_demo[0m
[113.661s] [ 96%] Built target nav3d_octomap_trajectory_demo
[262.367s] [100%] [32m[1mLinking CXX executable nav3d_bridge_node[0m
[273.501s] [100%] Built target nav3d_bridge_node
[276.225s] Invoked command in '/root/nav/livox_ws/src/3D-Nav-Dynamic-EGO/build/nav3d_ros2_bridge' returned '0': CMAKE_PREFIX_PATH=${CMAKE_PREFIX_PATH}:/opt/ros/humble /usr/bin/cmake --build /root/nav/livox_ws/src/3D-Nav-Dynamic-EGO/build/nav3d_ros2_bridge -- -j8 -l8
[276.260s] Invoking command in '/root/nav/livox_ws/src/3D-Nav-Dynamic-EGO/build/nav3d_ros2_bridge': CMAKE_PREFIX_PATH=${CMAKE_PREFIX_PATH}:/opt/ros/humble /usr/bin/cmake --install /root/nav/livox_ws/src/3D-Nav-Dynamic-EGO/build/nav3d_ros2_bridge
[276.286s] -- Install configuration: ""
[276.296s] -- Installing: /root/nav/livox_ws/src/3D-Nav-Dynamic-EGO/install/nav3d_ros2_bridge/share/nav3d_ros2_bridge/environment/nav3d_octomap_msgs_library_path.sh
[276.307s] -- Installing: /root/nav/livox_ws/src/3D-Nav-Dynamic-EGO/install/nav3d_ros2_bridge/share/nav3d_ros2_bridge/environment/nav3d_octomap_msgs_library_path.dsv
[276.320s] -- Installing: /root/nav/livox_ws/src/3D-Nav-Dynamic-EGO/install/nav3d_ros2_bridge/lib/nav3d_ros2_bridge/nav3d_bridge_node
[281.657s] -- Set runtime path of "/root/nav/livox_ws/src/3D-Nav-Dynamic-EGO/install/nav3d_ros2_bridge/lib/nav3d_ros2_bridge/nav3d_bridge_node" to "/opt/ros/humble/lib:/opt/ros/humble/lib/aarch64-linux-gnu"
[281.666s] -- Installing: /root/nav/livox_ws/src/3D-Nav-Dynamic-EGO/install/nav3d_ros2_bridge/lib/nav3d_ros2_bridge/nav3d_cmd_vel_pose_sim.py
[281.675s] -- Installing: /root/nav/livox_ws/src/3D-Nav-Dynamic-EGO/install/nav3d_ros2_bridge/lib/nav3d_ros2_bridge/nav3d_local_replan_smoke.py
[281.712s] -- Installing: /root/nav/livox_ws/src/3D-Nav-Dynamic-EGO/install/nav3d_ros2_bridge/share/nav3d_ros2_bridge/launch
[281.721s] -- Installing: /root/nav/livox_ws/src/3D-Nav-Dynamic-EGO/install/nav3d_ros2_bridge/share/nav3d_ros2_bridge/launch/nav3d_bridge.launch.py
[281.732s] -- Installing: /root/nav/livox_ws/src/3D-Nav-Dynamic-EGO/install/nav3d_ros2_bridge/share/nav3d_ros2_bridge/launch/nav3d_local_replan_smoke.launch.py
[281.746s] -- Installing: /root/nav/livox_ws/src/3D-Nav-Dynamic-EGO/install/nav3d_ros2_bridge/share/nav3d_ros2_bridge/rviz
[281.760s] -- Installing: /root/nav/livox_ws/src/3D-Nav-Dynamic-EGO/install/nav3d_ros2_bridge/share/nav3d_ros2_bridge/rviz/nav3d.rviz
[281.774s] -- Installing: /root/nav/livox_ws/src/3D-Nav-Dynamic-EGO/install/nav3d_ros2_bridge/share/nav3d_ros2_bridge/config
[281.785s] -- Installing: /root/nav/livox_ws/src/3D-Nav-Dynamic-EGO/install/nav3d_ros2_bridge/share/nav3d_ros2_bridge/config/nav3d_bridge.yaml
[281.793s] -- Installing: /root/nav/livox_ws/src/3D-Nav-Dynamic-EGO/install/nav3d_ros2_bridge/share/ament_index/resource_index/package_run_dependencies/nav3d_ros2_bridge
[281.806s] -- Installing: /root/nav/livox_ws/src/3D-Nav-Dynamic-EGO/install/nav3d_ros2_bridge/share/ament_index/resource_index/parent_prefix_path/nav3d_ros2_bridge
[281.817s] -- Installing: /root/nav/livox_ws/src/3D-Nav-Dynamic-EGO/install/nav3d_ros2_bridge/share/nav3d_ros2_bridge/environment/ament_prefix_path.sh
[281.828s] -- Installing: /root/nav/livox_ws/src/3D-Nav-Dynamic-EGO/install/nav3d_ros2_bridge/share/nav3d_ros2_bridge/environment/ament_prefix_path.dsv
[281.839s] -- Installing: /root/nav/livox_ws/src/3D-Nav-Dynamic-EGO/install/nav3d_ros2_bridge/share/nav3d_ros2_bridge/environment/path.sh
[281.862s] -- Installing: /root/nav/livox_ws/src/3D-Nav-Dynamic-EGO/install/nav3d_ros2_bridge/share/nav3d_ros2_bridge/environment/path.dsv
[281.880s] -- Installing: /root/nav/livox_ws/src/3D-Nav-Dynamic-EGO/install/nav3d_ros2_bridge/share/nav3d_ros2_bridge/local_setup.bash
[281.891s] -- Installing: /root/nav/livox_ws/src/3D-Nav-Dynamic-EGO/install/nav3d_ros2_bridge/share/nav3d_ros2_bridge/local_setup.sh
[281.904s] -- Installing: /root/nav/livox_ws/src/3D-Nav-Dynamic-EGO/install/nav3d_ros2_bridge/share/nav3d_ros2_bridge/local_setup.zsh
[281.914s] -- Installing: /root/nav/livox_ws/src/3D-Nav-Dynamic-EGO/install/nav3d_ros2_bridge/share/nav3d_ros2_bridge/local_setup.dsv
[281.925s] -- Installing: /root/nav/livox_ws/src/3D-Nav-Dynamic-EGO/install/nav3d_ros2_bridge/share/nav3d_ros2_bridge/package.dsv
[281.941s] -- Installing: /root/nav/livox_ws/src/3D-Nav-Dynamic-EGO/install/nav3d_ros2_bridge/share/ament_index/resource_index/packages/nav3d_ros2_bridge
[281.950s] -- Installing: /root/nav/livox_ws/src/3D-Nav-Dynamic-EGO/install/nav3d_ros2_bridge/share/nav3d_ros2_bridge/cmake/nav3d_ros2_bridgeConfig.cmake
[281.960s] -- Installing: /root/nav/livox_ws/src/3D-Nav-Dynamic-EGO/install/nav3d_ros2_bridge/share/nav3d_ros2_bridge/cmake/nav3d_ros2_bridgeConfig-version.cmake
[281.970s] -- Installing: /root/nav/livox_ws/src/3D-Nav-Dynamic-EGO/install/nav3d_ros2_bridge/share/nav3d_ros2_bridge/package.xml
[281.998s] Invoked command in '/root/nav/livox_ws/src/3D-Nav-Dynamic-EGO/build/nav3d_ros2_bridge' returned '0': CMAKE_PREFIX_PATH=${CMAKE_PREFIX_PATH}:/opt/ros/humble /usr/bin/cmake --install /root/nav/livox_ws/src/3D-Nav-Dynamic-EGO/build/nav3d_ros2_bridge
