[0.153s] DEBUG:colcon:Command line arguments: ['/usr/bin/colcon', 'build', '--packages-select', 'sensor_extrinsic']
[0.155s] DEBUG:colcon:Parsed command line arguments: Namespace(log_base=None, log_level=None, verb_name='build', build_base='build', install_base='install', merge_install=False, symlink_install=False, test_result_base=None, continue_on_error=False, executor='parallel', parallel_workers=8, event_handlers=None, ignore_user_meta=False, metas=['./colcon.meta'], base_paths=['.'], packages_ignore=None, packages_ignore_regex=None, paths=None, packages_up_to=None, packages_up_to_regex=None, packages_above=None, packages_above_and_dependencies=None, packages_above_depth=None, packages_select_by_dep=None, packages_skip_by_dep=None, packages_skip_up_to=None, packages_select_build_failed=False, packages_skip_build_finished=False, packages_select_test_failures=False, packages_skip_test_passed=False, packages_select=['sensor_extrinsic'], packages_skip=None, packages_select_regex=None, packages_skip_regex=None, packages_start=None, packages_end=None, allow_overriding=[], cmake_args=None, cmake_target=None, cmake_target_skip_unavailable=False, cmake_clean_cache=False, cmake_clean_first=False, cmake_force_configure=False, ament_cmake_args=None, catkin_cmake_args=None, catkin_skip_building_tests=False, verb_parser=<colcon_defaults.argument_parser.defaults.DefaultArgumentsDecorator object at 0x7fae38bca0>, verb_extension=<colcon_core.verb.build.BuildVerb object at 0x7fae38b820>, main=<bound method BuildVerb.main of <colcon_core.verb.build.BuildVerb object at 0x7fae38b820>>)
[0.362s] Level 1:colcon.colcon_core.package_discovery:discover_packages(colcon_meta) check parameters
[0.364s] Level 1:colcon.colcon_core.package_discovery:discover_packages(recursive) check parameters
[0.365s] Level 1:colcon.colcon_core.package_discovery:discover_packages(ignore) check parameters
[0.367s] Level 1:colcon.colcon_core.package_discovery:discover_packages(path) check parameters
[0.368s] Level 1:colcon.colcon_core.package_discovery:discover_packages(colcon_meta) discover
[0.369s] Level 1:colcon.colcon_core.package_discovery:discover_packages(recursive) discover
[0.370s] INFO:colcon.colcon_core.package_discovery:Crawling recursively for packages in '/root/nav/livox_ws/src'
[0.372s] Level 1:colcon.colcon_core.package_identification:_identify(.) by extensions ['ignore', 'ignore_ament_install']
[0.374s] Level 1:colcon.colcon_core.package_identification:_identify(.) by extension 'ignore'
[0.375s] Level 1:colcon.colcon_core.package_identification:_identify(.) by extension 'ignore_ament_install'
[0.376s] Level 1:colcon.colcon_core.package_identification:_identify(.) by extensions ['colcon_pkg']
[0.378s] Level 1:colcon.colcon_core.package_identification:_identify(.) by extension 'colcon_pkg'
[0.380s] Level 1:colcon.colcon_core.package_identification:_identify(.) by extensions ['colcon_meta']
[0.381s] Level 1:colcon.colcon_core.package_identification:_identify(.) by extension 'colcon_meta'
[0.383s] Level 1:colcon.colcon_core.package_identification:_identify(.) by extensions ['ros']
[0.385s] Level 1:colcon.colcon_core.package_identification:_identify(.) by extension 'ros'
[0.408s] Level 1:colcon.colcon_core.package_identification:_identify(.) by extensions ['cmake', 'python']
[0.410s] Level 1:colcon.colcon_core.package_identification:_identify(.) by extension 'cmake'
[0.411s] Level 1:colcon.colcon_core.package_identification:_identify(.) by extension 'python'
[0.413s] Level 1:colcon.colcon_core.package_identification:_identify(.) by extensions ['python_setup_py']
[0.414s] Level 1:colcon.colcon_core.package_identification:_identify(.) by extension 'python_setup_py'
[0.415s] Level 1:colcon.colcon_core.package_identification:_identify(3D-Nav-Dynamic-EGO) by extensions ['ignore', 'ignore_ament_install']
[0.417s] Level 1:colcon.colcon_core.package_identification:_identify(3D-Nav-Dynamic-EGO) by extension 'ignore'
[0.418s] Level 1:colcon.colcon_core.package_identification:_identify(3D-Nav-Dynamic-EGO) by extension 'ignore_ament_install'
[0.420s] Level 1:colcon.colcon_core.package_identification:_identify(3D-Nav-Dynamic-EGO) by extensions ['colcon_pkg']
[0.421s] Level 1:colcon.colcon_core.package_identification:_identify(3D-Nav-Dynamic-EGO) by extension 'colcon_pkg'
[0.422s] Level 1:colcon.colcon_core.package_identification:_identify(3D-Nav-Dynamic-EGO) by extensions ['colcon_meta']
[0.424s] Level 1:colcon.colcon_core.package_identification:_identify(3D-Nav-Dynamic-EGO) by extension 'colcon_meta'
[0.426s] Level 1:colcon.colcon_core.package_identification:_identify(3D-Nav-Dynamic-EGO) by extensions ['ros']
[0.427s] Level 1:colcon.colcon_core.package_identification:_identify(3D-Nav-Dynamic-EGO) by extension 'ros'
[0.430s] Level 1:colcon.colcon_core.package_identification:_identify(3D-Nav-Dynamic-EGO) by extensions ['cmake', 'python']
[0.432s] Level 1:colcon.colcon_core.package_identification:_identify(3D-Nav-Dynamic-EGO) by extension 'cmake'
[0.496s] Level 1:colcon.colcon_core.package_identification:_identify(3D-Nav-Dynamic-EGO) by extension 'python'
[0.499s] DEBUG:colcon.colcon_core.package_identification:Package '3D-Nav-Dynamic-EGO' with type 'cmake' and name 'nav3d_octomap_ego_nav'
[0.501s] Level 1:colcon.colcon_core.package_identification:_identify(FASTLIO2_ROS2-main) by extensions ['ignore', 'ignore_ament_install']
[0.503s] Level 1:colcon.colcon_core.package_identification:_identify(FASTLIO2_ROS2-main) by extension 'ignore'
[0.504s] Level 1:colcon.colcon_core.package_identification:_identify(FASTLIO2_ROS2-main) by extension 'ignore_ament_install'
[0.506s] Level 1:colcon.colcon_core.package_identification:_identify(FASTLIO2_ROS2-main) by extensions ['colcon_pkg']
[0.508s] Level 1:colcon.colcon_core.package_identification:_identify(FASTLIO2_ROS2-main) by extension 'colcon_pkg'
[0.509s] Level 1:colcon.colcon_core.package_identification:_identify(FASTLIO2_ROS2-main) by extensions ['colcon_meta']
[0.510s] Level 1:colcon.colcon_core.package_identification:_identify(FASTLIO2_ROS2-main) by extension 'colcon_meta'
[0.511s] Level 1:colcon.colcon_core.package_identification:_identify(FASTLIO2_ROS2-main) by extensions ['ros']
[0.513s] Level 1:colcon.colcon_core.package_identification:_identify(FASTLIO2_ROS2-main) by extension 'ros'
[0.514s] Level 1:colcon.colcon_core.package_identification:_identify(FASTLIO2_ROS2-main) by extensions ['cmake', 'python']
[0.515s] Level 1:colcon.colcon_core.package_identification:_identify(FASTLIO2_ROS2-main) by extension 'cmake'
[0.517s] Level 1:colcon.colcon_core.package_identification:_identify(FASTLIO2_ROS2-main) by extension 'python'
[0.518s] Level 1:colcon.colcon_core.package_identification:_identify(FASTLIO2_ROS2-main) by extensions ['python_setup_py']
[0.519s] Level 1:colcon.colcon_core.package_identification:_identify(FASTLIO2_ROS2-main) by extension 'python_setup_py'
[0.521s] Level 1:colcon.colcon_core.package_identification:_identify(FASTLIO2_ROS2-main/fastlio2) by extensions ['ignore', 'ignore_ament_install']
[0.523s] Level 1:colcon.colcon_core.package_identification:_identify(FASTLIO2_ROS2-main/fastlio2) by extension 'ignore'
[0.524s] Level 1:colcon.colcon_core.package_identification:_identify(FASTLIO2_ROS2-main/fastlio2) by extension 'ignore_ament_install'
[0.526s] Level 1:colcon.colcon_core.package_identification:_identify(FASTLIO2_ROS2-main/fastlio2) by extensions ['colcon_pkg']
[0.527s] Level 1:colcon.colcon_core.package_identification:_identify(FASTLIO2_ROS2-main/fastlio2) by extension 'colcon_pkg'
[0.529s] Level 1:colcon.colcon_core.package_identification:_identify(FASTLIO2_ROS2-main/fastlio2) by extensions ['colcon_meta']
[0.530s] Level 1:colcon.colcon_core.package_identification:_identify(FASTLIO2_ROS2-main/fastlio2) by extension 'colcon_meta'
[0.532s] Level 1:colcon.colcon_core.package_identification:_identify(FASTLIO2_ROS2-main/fastlio2) by extensions ['ros']
[0.534s] Level 1:colcon.colcon_core.package_identification:_identify(FASTLIO2_ROS2-main/fastlio2) by extension 'ros'
[0.551s] DEBUG:colcon.colcon_core.package_identification:Package 'FASTLIO2_ROS2-main/fastlio2' with type 'ros.ament_cmake' and name 'fastlio2'
[0.553s] Level 1:colcon.colcon_core.package_identification:_identify(FASTLIO2_ROS2-main/hba) by extensions ['ignore', 'ignore_ament_install']
[0.555s] Level 1:colcon.colcon_core.package_identification:_identify(FASTLIO2_ROS2-main/hba) by extension 'ignore'
[0.556s] Level 1:colcon.colcon_core.package_identification:_identify(FASTLIO2_ROS2-main/hba) by extension 'ignore_ament_install'
[0.558s] Level 1:colcon.colcon_core.package_identification:_identify(FASTLIO2_ROS2-main/hba) by extensions ['colcon_pkg']
[0.559s] Level 1:colcon.colcon_core.package_identification:_identify(FASTLIO2_ROS2-main/hba) by extension 'colcon_pkg'
[0.562s] Level 1:colcon.colcon_core.package_identification:_identify(FASTLIO2_ROS2-main/hba) by extensions ['colcon_meta']
[0.563s] Level 1:colcon.colcon_core.package_identification:_identify(FASTLIO2_ROS2-main/hba) by extension 'colcon_meta'
[0.565s] Level 1:colcon.colcon_core.package_identification:_identify(FASTLIO2_ROS2-main/hba) by extensions ['ros']
[0.567s] Level 1:colcon.colcon_core.package_identification:_identify(FASTLIO2_ROS2-main/hba) by extension 'ros'
[0.571s] DEBUG:colcon.colcon_core.package_identification:Package 'FASTLIO2_ROS2-main/hba' with type 'ros.ament_cmake' and name 'hba'
[0.573s] Level 1:colcon.colcon_core.package_identification:_identify(FASTLIO2_ROS2-main/interface) by extensions ['ignore', 'ignore_ament_install']
[0.575s] Level 1:colcon.colcon_core.package_identification:_identify(FASTLIO2_ROS2-main/interface) by extension 'ignore'
[0.576s] Level 1:colcon.colcon_core.package_identification:_identify(FASTLIO2_ROS2-main/interface) by extension 'ignore_ament_install'
[0.578s] Level 1:colcon.colcon_core.package_identification:_identify(FASTLIO2_ROS2-main/interface) by extensions ['colcon_pkg']
[0.580s] Level 1:colcon.colcon_core.package_identification:_identify(FASTLIO2_ROS2-main/interface) by extension 'colcon_pkg'
[0.582s] Level 1:colcon.colcon_core.package_identification:_identify(FASTLIO2_ROS2-main/interface) by extensions ['colcon_meta']
[0.583s] Level 1:colcon.colcon_core.package_identification:_identify(FASTLIO2_ROS2-main/interface) by extension 'colcon_meta'
[0.585s] Level 1:colcon.colcon_core.package_identification:_identify(FASTLIO2_ROS2-main/interface) by extensions ['ros']
[0.586s] Level 1:colcon.colcon_core.package_identification:_identify(FASTLIO2_ROS2-main/interface) by extension 'ros'
[0.589s] DEBUG:colcon.colcon_core.package_identification:Package 'FASTLIO2_ROS2-main/interface' with type 'ros.ament_cmake' and name 'interface'
[0.591s] Level 1:colcon.colcon_core.package_identification:_identify(FASTLIO2_ROS2-main/localizer) by extensions ['ignore', 'ignore_ament_install']
[0.593s] Level 1:colcon.colcon_core.package_identification:_identify(FASTLIO2_ROS2-main/localizer) by extension 'ignore'
[0.594s] Level 1:colcon.colcon_core.package_identification:_identify(FASTLIO2_ROS2-main/localizer) by extension 'ignore_ament_install'
[0.596s] Level 1:colcon.colcon_core.package_identification:_identify(FASTLIO2_ROS2-main/localizer) by extensions ['colcon_pkg']
[0.598s] Level 1:colcon.colcon_core.package_identification:_identify(FASTLIO2_ROS2-main/localizer) by extension 'colcon_pkg'
[0.600s] Level 1:colcon.colcon_core.package_identification:_identify(FASTLIO2_ROS2-main/localizer) by extensions ['colcon_meta']
[0.601s] Level 1:colcon.colcon_core.package_identification:_identify(FASTLIO2_ROS2-main/localizer) by extension 'colcon_meta'
[0.603s] Level 1:colcon.colcon_core.package_identification:_identify(FASTLIO2_ROS2-main/localizer) by extensions ['ros']
[0.605s] Level 1:colcon.colcon_core.package_identification:_identify(FASTLIO2_ROS2-main/localizer) by extension 'ros'
[0.614s] DEBUG:colcon.colcon_core.package_identification:Package 'FASTLIO2_ROS2-main/localizer' with type 'ros.ament_cmake' and name 'localizer'
[0.616s] Level 1:colcon.colcon_core.package_identification:_identify(FASTLIO2_ROS2-main/pgo) by extensions ['ignore', 'ignore_ament_install']
[0.618s] Level 1:colcon.colcon_core.package_identification:_identify(FASTLIO2_ROS2-main/pgo) by extension 'ignore'
[0.619s] Level 1:colcon.colcon_core.package_identification:_identify(FASTLIO2_ROS2-main/pgo) by extension 'ignore_ament_install'
[0.621s] Level 1:colcon.colcon_core.package_identification:_identify(FASTLIO2_ROS2-main/pgo) by extensions ['colcon_pkg']
[0.623s] Level 1:colcon.colcon_core.package_identification:_identify(FASTLIO2_ROS2-main/pgo) by extension 'colcon_pkg'
[0.625s] Level 1:colcon.colcon_core.package_identification:_identify(FASTLIO2_ROS2-main/pgo) by extensions ['colcon_meta']
[0.627s] Level 1:colcon.colcon_core.package_identification:_identify(FASTLIO2_ROS2-main/pgo) by extension 'colcon_meta'
[0.642s] Level 1:colcon.colcon_core.package_identification:_identify(FASTLIO2_ROS2-main/pgo) by extensions ['ros']
[0.644s] Level 1:colcon.colcon_core.package_identification:_identify(FASTLIO2_ROS2-main/pgo) by extension 'ros'
[0.658s] DEBUG:colcon.colcon_core.package_identification:Package 'FASTLIO2_ROS2-main/pgo' with type 'ros.ament_cmake' and name 'pgo'
[0.660s] Level 1:colcon.colcon_core.package_identification:_identify(SCAN-Planner-Ros2) by extensions ['ignore', 'ignore_ament_install']
[0.663s] Level 1:colcon.colcon_core.package_identification:_identify(SCAN-Planner-Ros2) by extension 'ignore'
[0.665s] Level 1:colcon.colcon_core.package_identification:_identify(SCAN-Planner-Ros2) by extension 'ignore_ament_install'
[0.666s] Level 1:colcon.colcon_core.package_identification:_identify(SCAN-Planner-Ros2) by extensions ['colcon_pkg']
[0.668s] Level 1:colcon.colcon_core.package_identification:_identify(SCAN-Planner-Ros2) by extension 'colcon_pkg'
[0.670s] Level 1:colcon.colcon_core.package_identification:_identify(SCAN-Planner-Ros2) by extensions ['colcon_meta']
[0.671s] Level 1:colcon.colcon_core.package_identification:_identify(SCAN-Planner-Ros2) by extension 'colcon_meta'
[0.673s] Level 1:colcon.colcon_core.package_identification:_identify(SCAN-Planner-Ros2) by extensions ['ros']
[0.674s] Level 1:colcon.colcon_core.package_identification:_identify(SCAN-Planner-Ros2) by extension 'ros'
[0.676s] Level 1:colcon.colcon_core.package_identification:_identify(SCAN-Planner-Ros2) by extensions ['cmake', 'python']
[0.679s] Level 1:colcon.colcon_core.package_identification:_identify(SCAN-Planner-Ros2) by extension 'cmake'
[0.681s] Level 1:colcon.colcon_core.package_identification:_identify(SCAN-Planner-Ros2) by extension 'python'
[0.683s] Level 1:colcon.colcon_core.package_identification:_identify(SCAN-Planner-Ros2) by extensions ['python_setup_py']
[0.685s] Level 1:colcon.colcon_core.package_identification:_identify(SCAN-Planner-Ros2) by extension 'python_setup_py'
[0.687s] Level 1:colcon.colcon_core.package_identification:_identify(SCAN-Planner-Ros2/assets) by extensions ['ignore', 'ignore_ament_install']
[0.689s] Level 1:colcon.colcon_core.package_identification:_identify(SCAN-Planner-Ros2/assets) by extension 'ignore'
[0.691s] Level 1:colcon.colcon_core.package_identification:_identify(SCAN-Planner-Ros2/assets) by extension 'ignore_ament_install'
[0.693s] Level 1:colcon.colcon_core.package_identification:_identify(SCAN-Planner-Ros2/assets) by extensions ['colcon_pkg']
[0.695s] Level 1:colcon.colcon_core.package_identification:_identify(SCAN-Planner-Ros2/assets) by extension 'colcon_pkg'
[0.698s] Level 1:colcon.colcon_core.package_identification:_identify(SCAN-Planner-Ros2/assets) by extensions ['colcon_meta']
[0.700s] Level 1:colcon.colcon_core.package_identification:_identify(SCAN-Planner-Ros2/assets) by extension 'colcon_meta'
[0.703s] Level 1:colcon.colcon_core.package_identification:_identify(SCAN-Planner-Ros2/assets) by extensions ['ros']
[0.705s] Level 1:colcon.colcon_core.package_identification:_identify(SCAN-Planner-Ros2/assets) by extension 'ros'
[0.706s] Level 1:colcon.colcon_core.package_identification:_identify(SCAN-Planner-Ros2/assets) by extensions ['cmake', 'python']
[0.708s] Level 1:colcon.colcon_core.package_identification:_identify(SCAN-Planner-Ros2/assets) by extension 'cmake'
[0.709s] Level 1:colcon.colcon_core.package_identification:_identify(SCAN-Planner-Ros2/assets) by extension 'python'
[0.711s] Level 1:colcon.colcon_core.package_identification:_identify(SCAN-Planner-Ros2/assets) by extensions ['python_setup_py']
[0.713s] Level 1:colcon.colcon_core.package_identification:_identify(SCAN-Planner-Ros2/assets) by extension 'python_setup_py'
[0.715s] Level 1:colcon.colcon_core.package_identification:_identify(SCAN-Planner-Ros2/assets/gif) by extensions ['ignore', 'ignore_ament_install']
[0.717s] Level 1:colcon.colcon_core.package_identification:_identify(SCAN-Planner-Ros2/assets/gif) by extension 'ignore'
[0.718s] Level 1:colcon.colcon_core.package_identification:_identify(SCAN-Planner-Ros2/assets/gif) by extension 'ignore_ament_install'
[0.720s] Level 1:colcon.colcon_core.package_identification:_identify(SCAN-Planner-Ros2/assets/gif) by extensions ['colcon_pkg']
[0.721s] Level 1:colcon.colcon_core.package_identification:_identify(SCAN-Planner-Ros2/assets/gif) by extension 'colcon_pkg'
[0.723s] Level 1:colcon.colcon_core.package_identification:_identify(SCAN-Planner-Ros2/assets/gif) by extensions ['colcon_meta']
[0.726s] Level 1:colcon.colcon_core.package_identification:_identify(SCAN-Planner-Ros2/assets/gif) by extension 'colcon_meta'
[0.728s] Level 1:colcon.colcon_core.package_identification:_identify(SCAN-Planner-Ros2/assets/gif) by extensions ['ros']
[0.731s] Level 1:colcon.colcon_core.package_identification:_identify(SCAN-Planner-Ros2/assets/gif) by extension 'ros'
[0.733s] Level 1:colcon.colcon_core.package_identification:_identify(SCAN-Planner-Ros2/assets/gif) by extensions ['cmake', 'python']
[0.735s] Level 1:colcon.colcon_core.package_identification:_identify(SCAN-Planner-Ros2/assets/gif) by extension 'cmake'
[0.737s] Level 1:colcon.colcon_core.package_identification:_identify(SCAN-Planner-Ros2/assets/gif) by extension 'python'
[0.738s] Level 1:colcon.colcon_core.package_identification:_identify(SCAN-Planner-Ros2/assets/gif) by extensions ['python_setup_py']
[0.740s] Level 1:colcon.colcon_core.package_identification:_identify(SCAN-Planner-Ros2/assets/gif) by extension 'python_setup_py'
[0.742s] Level 1:colcon.colcon_core.package_identification:_identify(SCAN-Planner-Ros2/assets/images) by extensions ['ignore', 'ignore_ament_install']
[0.744s] Level 1:colcon.colcon_core.package_identification:_identify(SCAN-Planner-Ros2/assets/images) by extension 'ignore'
[0.746s] Level 1:colcon.colcon_core.package_identification:_identify(SCAN-Planner-Ros2/assets/images) by extension 'ignore_ament_install'
[0.747s] Level 1:colcon.colcon_core.package_identification:_identify(SCAN-Planner-Ros2/assets/images) by extensions ['colcon_pkg']
[0.749s] Level 1:colcon.colcon_core.package_identification:_identify(SCAN-Planner-Ros2/assets/images) by extension 'colcon_pkg'
[0.750s] Level 1:colcon.colcon_core.package_identification:_identify(SCAN-Planner-Ros2/assets/images) by extensions ['colcon_meta']
[0.752s] Level 1:colcon.colcon_core.package_identification:_identify(SCAN-Planner-Ros2/assets/images) by extension 'colcon_meta'
[0.754s] Level 1:colcon.colcon_core.package_identification:_identify(SCAN-Planner-Ros2/assets/images) by extensions ['ros']
[0.755s] Level 1:colcon.colcon_core.package_identification:_identify(SCAN-Planner-Ros2/assets/images) by extension 'ros'
[0.757s] Level 1:colcon.colcon_core.package_identification:_identify(SCAN-Planner-Ros2/assets/images) by extensions ['cmake', 'python']
[0.759s] Level 1:colcon.colcon_core.package_identification:_identify(SCAN-Planner-Ros2/assets/images) by extension 'cmake'
[0.761s] Level 1:colcon.colcon_core.package_identification:_identify(SCAN-Planner-Ros2/assets/images) by extension 'python'
[0.763s] Level 1:colcon.colcon_core.package_identification:_identify(SCAN-Planner-Ros2/assets/images) by extensions ['python_setup_py']
[0.764s] Level 1:colcon.colcon_core.package_identification:_identify(SCAN-Planner-Ros2/assets/images) by extension 'python_setup_py'
[0.766s] Level 1:colcon.colcon_core.package_identification:_identify(SCAN-Planner-Ros2/build) by extensions ['ignore', 'ignore_ament_install']
[0.768s] Level 1:colcon.colcon_core.package_identification:_identify(SCAN-Planner-Ros2/build) by extension 'ignore'
[0.769s] Level 1:colcon.colcon_core.package_identification:_identify(SCAN-Planner-Ros2/build) ignored
[0.771s] Level 1:colcon.colcon_core.package_identification:_identify(SCAN-Planner-Ros2/install) by extensions ['ignore', 'ignore_ament_install']
[0.773s] Level 1:colcon.colcon_core.package_identification:_identify(SCAN-Planner-Ros2/install) by extension 'ignore'
[0.775s] Level 1:colcon.colcon_core.package_identification:_identify(SCAN-Planner-Ros2/install) ignored
[0.777s] Level 1:colcon.colcon_core.package_identification:_identify(SCAN-Planner-Ros2/log) by extensions ['ignore', 'ignore_ament_install']
[0.779s] Level 1:colcon.colcon_core.package_identification:_identify(SCAN-Planner-Ros2/log) by extension 'ignore'
[0.780s] Level 1:colcon.colcon_core.package_identification:_identify(SCAN-Planner-Ros2/log) ignored
[0.782s] Level 1:colcon.colcon_core.package_identification:_identify(SCAN-Planner-Ros2/src) by extensions ['ignore', 'ignore_ament_install']
[0.784s] Level 1:colcon.colcon_core.package_identification:_identify(SCAN-Planner-Ros2/src) by extension 'ignore'
[0.786s] Level 1:colcon.colcon_core.package_identification:_identify(SCAN-Planner-Ros2/src) by extension 'ignore_ament_install'
[0.788s] Level 1:colcon.colcon_core.package_identification:_identify(SCAN-Planner-Ros2/src) by extensions ['colcon_pkg']
[0.789s] Level 1:colcon.colcon_core.package_identification:_identify(SCAN-Planner-Ros2/src) by extension 'colcon_pkg'
[0.791s] Level 1:colcon.colcon_core.package_identification:_identify(SCAN-Planner-Ros2/src) by extensions ['colcon_meta']
[0.792s] Level 1:colcon.colcon_core.package_identification:_identify(SCAN-Planner-Ros2/src) by extension 'colcon_meta'
[0.794s] Level 1:colcon.colcon_core.package_identification:_identify(SCAN-Planner-Ros2/src) by extensions ['ros']
[0.795s] Level 1:colcon.colcon_core.package_identification:_identify(SCAN-Planner-Ros2/src) by extension 'ros'
[0.797s] Level 1:colcon.colcon_core.package_identification:_identify(SCAN-Planner-Ros2/src) by extensions ['cmake', 'python']
[0.799s] Level 1:colcon.colcon_core.package_identification:_identify(SCAN-Planner-Ros2/src) by extension 'cmake'
[0.800s] Level 1:colcon.colcon_core.package_identification:_identify(SCAN-Planner-Ros2/src) by extension 'python'
[0.802s] Level 1:colcon.colcon_core.package_identification:_identify(SCAN-Planner-Ros2/src) by extensions ['python_setup_py']
[0.803s] Level 1:colcon.colcon_core.package_identification:_identify(SCAN-Planner-Ros2/src) by extension 'python_setup_py'
[0.805s] Level 1:colcon.colcon_core.package_identification:_identify(SCAN-Planner-Ros2/src/planner) by extensions ['ignore', 'ignore_ament_install']
[0.807s] Level 1:colcon.colcon_core.package_identification:_identify(SCAN-Planner-Ros2/src/planner) by extension 'ignore'
[0.809s] Level 1:colcon.colcon_core.package_identification:_identify(SCAN-Planner-Ros2/src/planner) by extension 'ignore_ament_install'
[0.811s] Level 1:colcon.colcon_core.package_identification:_identify(SCAN-Planner-Ros2/src/planner) by extensions ['colcon_pkg']
[0.813s] Level 1:colcon.colcon_core.package_identification:_identify(SCAN-Planner-Ros2/src/planner) by extension 'colcon_pkg'
[0.814s] Level 1:colcon.colcon_core.package_identification:_identify(SCAN-Planner-Ros2/src/planner) by extensions ['colcon_meta']
[0.816s] Level 1:colcon.colcon_core.package_identification:_identify(SCAN-Planner-Ros2/src/planner) by extension 'colcon_meta'
[0.817s] Level 1:colcon.colcon_core.package_identification:_identify(SCAN-Planner-Ros2/src/planner) by extensions ['ros']
[0.819s] Level 1:colcon.colcon_core.package_identification:_identify(SCAN-Planner-Ros2/src/planner) by extension 'ros'
[0.821s] Level 1:colcon.colcon_core.package_identification:_identify(SCAN-Planner-Ros2/src/planner) by extensions ['cmake', 'python']
[0.822s] Level 1:colcon.colcon_core.package_identification:_identify(SCAN-Planner-Ros2/src/planner) by extension 'cmake'
[0.825s] Level 1:colcon.colcon_core.package_identification:_identify(SCAN-Planner-Ros2/src/planner) by extension 'python'
[0.827s] Level 1:colcon.colcon_core.package_identification:_identify(SCAN-Planner-Ros2/src/planner) by extensions ['python_setup_py']
[0.829s] Level 1:colcon.colcon_core.package_identification:_identify(SCAN-Planner-Ros2/src/planner) by extension 'python_setup_py'
[0.831s] Level 1:colcon.colcon_core.package_identification:_identify(SCAN-Planner-Ros2/src/planner/bspline_opt) by extensions ['ignore', 'ignore_ament_install']
[0.833s] Level 1:colcon.colcon_core.package_identification:_identify(SCAN-Planner-Ros2/src/planner/bspline_opt) by extension 'ignore'
[0.834s] Level 1:colcon.colcon_core.package_identification:_identify(SCAN-Planner-Ros2/src/planner/bspline_opt) by extension 'ignore_ament_install'
[0.836s] Level 1:colcon.colcon_core.package_identification:_identify(SCAN-Planner-Ros2/src/planner/bspline_opt) by extensions ['colcon_pkg']
[0.838s] Level 1:colcon.colcon_core.package_identification:_identify(SCAN-Planner-Ros2/src/planner/bspline_opt) by extension 'colcon_pkg'
[0.839s] Level 1:colcon.colcon_core.package_identification:_identify(SCAN-Planner-Ros2/src/planner/bspline_opt) by extensions ['colcon_meta']
[0.841s] Level 1:colcon.colcon_core.package_identification:_identify(SCAN-Planner-Ros2/src/planner/bspline_opt) by extension 'colcon_meta'
[0.843s] Level 1:colcon.colcon_core.package_identification:_identify(SCAN-Planner-Ros2/src/planner/bspline_opt) by extensions ['ros']
[0.845s] Level 1:colcon.colcon_core.package_identification:_identify(SCAN-Planner-Ros2/src/planner/bspline_opt) by extension 'ros'
[0.854s] DEBUG:colcon.colcon_core.package_identification:Package 'SCAN-Planner-Ros2/src/planner/bspline_opt' with type 'ros.ament_cmake' and name 'bspline_opt'
[0.857s] Level 1:colcon.colcon_core.package_identification:_identify(SCAN-Planner-Ros2/src/planner/path_searching) by extensions ['ignore', 'ignore_ament_install']
[0.859s] Level 1:colcon.colcon_core.package_identification:_identify(SCAN-Planner-Ros2/src/planner/path_searching) by extension 'ignore'
[0.861s] Level 1:colcon.colcon_core.package_identification:_identify(SCAN-Planner-Ros2/src/planner/path_searching) by extension 'ignore_ament_install'
[0.863s] Level 1:colcon.colcon_core.package_identification:_identify(SCAN-Planner-Ros2/src/planner/path_searching) by extensions ['colcon_pkg']
[0.864s] Level 1:colcon.colcon_core.package_identification:_identify(SCAN-Planner-Ros2/src/planner/path_searching) by extension 'colcon_pkg'
[0.867s] Level 1:colcon.colcon_core.package_identification:_identify(SCAN-Planner-Ros2/src/planner/path_searching) by extensions ['colcon_meta']
[0.869s] Level 1:colcon.colcon_core.package_identification:_identify(SCAN-Planner-Ros2/src/planner/path_searching) by extension 'colcon_meta'
[0.872s] Level 1:colcon.colcon_core.package_identification:_identify(SCAN-Planner-Ros2/src/planner/path_searching) by extensions ['ros']
[0.875s] Level 1:colcon.colcon_core.package_identification:_identify(SCAN-Planner-Ros2/src/planner/path_searching) by extension 'ros'
[0.881s] DEBUG:colcon.colcon_core.package_identification:Package 'SCAN-Planner-Ros2/src/planner/path_searching' with type 'ros.ament_cmake' and name 'path_searching'
[0.883s] Level 1:colcon.colcon_core.package_identification:_identify(SCAN-Planner-Ros2/src/planner/plan_env) by extensions ['ignore', 'ignore_ament_install']
[0.884s] Level 1:colcon.colcon_core.package_identification:_identify(SCAN-Planner-Ros2/src/planner/plan_env) by extension 'ignore'
[0.886s] Level 1:colcon.colcon_core.package_identification:_identify(SCAN-Planner-Ros2/src/planner/plan_env) by extension 'ignore_ament_install'
[0.888s] Level 1:colcon.colcon_core.package_identification:_identify(SCAN-Planner-Ros2/src/planner/plan_env) by extensions ['colcon_pkg']
[0.889s] Level 1:colcon.colcon_core.package_identification:_identify(SCAN-Planner-Ros2/src/planner/plan_env) by extension 'colcon_pkg'
[0.891s] Level 1:colcon.colcon_core.package_identification:_identify(SCAN-Planner-Ros2/src/planner/plan_env) by extensions ['colcon_meta']
[0.892s] Level 1:colcon.colcon_core.package_identification:_identify(SCAN-Planner-Ros2/src/planner/plan_env) by extension 'colcon_meta'
[0.894s] Level 1:colcon.colcon_core.package_identification:_identify(SCAN-Planner-Ros2/src/planner/plan_env) by extensions ['ros']
[0.896s] Level 1:colcon.colcon_core.package_identification:_identify(SCAN-Planner-Ros2/src/planner/plan_env) by extension 'ros'
[0.905s] DEBUG:colcon.colcon_core.package_identification:Package 'SCAN-Planner-Ros2/src/planner/plan_env' with type 'ros.ament_cmake' and name 'plan_env'
[0.907s] Level 1:colcon.colcon_core.package_identification:_identify(SCAN-Planner-Ros2/src/planner/plan_manage) by extensions ['ignore', 'ignore_ament_install']
[0.909s] Level 1:colcon.colcon_core.package_identification:_identify(SCAN-Planner-Ros2/src/planner/plan_manage) by extension 'ignore'
[0.911s] Level 1:colcon.colcon_core.package_identification:_identify(SCAN-Planner-Ros2/src/planner/plan_manage) by extension 'ignore_ament_install'
[0.914s] Level 1:colcon.colcon_core.package_identification:_identify(SCAN-Planner-Ros2/src/planner/plan_manage) by extensions ['colcon_pkg']
[0.917s] Level 1:colcon.colcon_core.package_identification:_identify(SCAN-Planner-Ros2/src/planner/plan_manage) by extension 'colcon_pkg'
[0.919s] Level 1:colcon.colcon_core.package_identification:_identify(SCAN-Planner-Ros2/src/planner/plan_manage) by extensions ['colcon_meta']
[0.921s] Level 1:colcon.colcon_core.package_identification:_identify(SCAN-Planner-Ros2/src/planner/plan_manage) by extension 'colcon_meta'
[0.923s] Level 1:colcon.colcon_core.package_identification:_identify(SCAN-Planner-Ros2/src/planner/plan_manage) by extensions ['ros']
[0.925s] Level 1:colcon.colcon_core.package_identification:_identify(SCAN-Planner-Ros2/src/planner/plan_manage) by extension 'ros'
[0.947s] DEBUG:colcon.colcon_core.package_identification:Package 'SCAN-Planner-Ros2/src/planner/plan_manage' with type 'ros.ament_cmake' and name 'scan_planner'
[0.949s] Level 1:colcon.colcon_core.package_identification:_identify(SCAN-Planner-Ros2/src/planner/scan_planner_msgs) by extensions ['ignore', 'ignore_ament_install']
[0.952s] Level 1:colcon.colcon_core.package_identification:_identify(SCAN-Planner-Ros2/src/planner/scan_planner_msgs) by extension 'ignore'
[0.954s] Level 1:colcon.colcon_core.package_identification:_identify(SCAN-Planner-Ros2/src/planner/scan_planner_msgs) by extension 'ignore_ament_install'
[0.955s] Level 1:colcon.colcon_core.package_identification:_identify(SCAN-Planner-Ros2/src/planner/scan_planner_msgs) by extensions ['colcon_pkg']
[0.957s] Level 1:colcon.colcon_core.package_identification:_identify(SCAN-Planner-Ros2/src/planner/scan_planner_msgs) by extension 'colcon_pkg'
[0.959s] Level 1:colcon.colcon_core.package_identification:_identify(SCAN-Planner-Ros2/src/planner/scan_planner_msgs) by extensions ['colcon_meta']
[0.960s] Level 1:colcon.colcon_core.package_identification:_identify(SCAN-Planner-Ros2/src/planner/scan_planner_msgs) by extension 'colcon_meta'
[0.962s] Level 1:colcon.colcon_core.package_identification:_identify(SCAN-Planner-Ros2/src/planner/scan_planner_msgs) by extensions ['ros']
[0.964s] Level 1:colcon.colcon_core.package_identification:_identify(SCAN-Planner-Ros2/src/planner/scan_planner_msgs) by extension 'ros'
[0.971s] DEBUG:colcon.colcon_core.package_identification:Package 'SCAN-Planner-Ros2/src/planner/scan_planner_msgs' with type 'ros.ament_cmake' and name 'scan_planner_msgs'
[0.973s] Level 1:colcon.colcon_core.package_identification:_identify(SCAN-Planner-Ros2/src/planner/traj_utils) by extensions ['ignore', 'ignore_ament_install']
[0.975s] Level 1:colcon.colcon_core.package_identification:_identify(SCAN-Planner-Ros2/src/planner/traj_utils) by extension 'ignore'
[0.978s] Level 1:colcon.colcon_core.package_identification:_identify(SCAN-Planner-Ros2/src/planner/traj_utils) by extension 'ignore_ament_install'
[0.980s] Level 1:colcon.colcon_core.package_identification:_identify(SCAN-Planner-Ros2/src/planner/traj_utils) by extensions ['colcon_pkg']
[0.982s] Level 1:colcon.colcon_core.package_identification:_identify(SCAN-Planner-Ros2/src/planner/traj_utils) by extension 'colcon_pkg'
[0.984s] Level 1:colcon.colcon_core.package_identification:_identify(SCAN-Planner-Ros2/src/planner/traj_utils) by extensions ['colcon_meta']
[0.987s] Level 1:colcon.colcon_core.package_identification:_identify(SCAN-Planner-Ros2/src/planner/traj_utils) by extension 'colcon_meta'
[0.989s] Level 1:colcon.colcon_core.package_identification:_identify(SCAN-Planner-Ros2/src/planner/traj_utils) by extensions ['ros']
[0.991s] Level 1:colcon.colcon_core.package_identification:_identify(SCAN-Planner-Ros2/src/planner/traj_utils) by extension 'ros'
[1.000s] DEBUG:colcon.colcon_core.package_identification:Package 'SCAN-Planner-Ros2/src/planner/traj_utils' with type 'ros.ament_cmake' and name 'traj_utils'
[1.003s] Level 1:colcon.colcon_core.package_identification:_identify(SCAN-Planner-Ros2/src/simulator) by extensions ['ignore', 'ignore_ament_install']
[1.005s] Level 1:colcon.colcon_core.package_identification:_identify(SCAN-Planner-Ros2/src/simulator) by extension 'ignore'
[1.007s] Level 1:colcon.colcon_core.package_identification:_identify(SCAN-Planner-Ros2/src/simulator) by extension 'ignore_ament_install'
[1.009s] Level 1:colcon.colcon_core.package_identification:_identify(SCAN-Planner-Ros2/src/simulator) by extensions ['colcon_pkg']
[1.011s] Level 1:colcon.colcon_core.package_identification:_identify(SCAN-Planner-Ros2/src/simulator) by extension 'colcon_pkg'
[1.013s] Level 1:colcon.colcon_core.package_identification:_identify(SCAN-Planner-Ros2/src/simulator) by extensions ['colcon_meta']
[1.015s] Level 1:colcon.colcon_core.package_identification:_identify(SCAN-Planner-Ros2/src/simulator) by extension 'colcon_meta'
[1.017s] Level 1:colcon.colcon_core.package_identification:_identify(SCAN-Planner-Ros2/src/simulator) by extensions ['ros']
[1.019s] Level 1:colcon.colcon_core.package_identification:_identify(SCAN-Planner-Ros2/src/simulator) by extension 'ros'
[1.021s] Level 1:colcon.colcon_core.package_identification:_identify(SCAN-Planner-Ros2/src/simulator) by extensions ['cmake', 'python']
[1.023s] Level 1:colcon.colcon_core.package_identification:_identify(SCAN-Planner-Ros2/src/simulator) by extension 'cmake'
[1.026s] Level 1:colcon.colcon_core.package_identification:_identify(SCAN-Planner-Ros2/src/simulator) by extension 'python'
[1.028s] Level 1:colcon.colcon_core.package_identification:_identify(SCAN-Planner-Ros2/src/simulator) by extensions ['python_setup_py']
[1.031s] Level 1:colcon.colcon_core.package_identification:_identify(SCAN-Planner-Ros2/src/simulator) by extension 'python_setup_py'
[1.034s] Level 1:colcon.colcon_core.package_identification:_identify(SCAN-Planner-Ros2/src/simulator/Utils) by extensions ['ignore', 'ignore_ament_install']
[1.036s] Level 1:colcon.colcon_core.package_identification:_identify(SCAN-Planner-Ros2/src/simulator/Utils) by extension 'ignore'
[1.038s] Level 1:colcon.colcon_core.package_identification:_identify(SCAN-Planner-Ros2/src/simulator/Utils) by extension 'ignore_ament_install'
[1.040s] Level 1:colcon.colcon_core.package_identification:_identify(SCAN-Planner-Ros2/src/simulator/Utils) by extensions ['colcon_pkg']
[1.042s] Level 1:colcon.colcon_core.package_identification:_identify(SCAN-Planner-Ros2/src/simulator/Utils) by extension 'colcon_pkg'
[1.043s] Level 1:colcon.colcon_core.package_identification:_identify(SCAN-Planner-Ros2/src/simulator/Utils) by extensions ['colcon_meta']
[1.045s] Level 1:colcon.colcon_core.package_identification:_identify(SCAN-Planner-Ros2/src/simulator/Utils) by extension 'colcon_meta'
[1.047s] Level 1:colcon.colcon_core.package_identification:_identify(SCAN-Planner-Ros2/src/simulator/Utils) by extensions ['ros']
[1.048s] Level 1:colcon.colcon_core.package_identification:_identify(SCAN-Planner-Ros2/src/simulator/Utils) by extension 'ros'
[1.050s] Level 1:colcon.colcon_core.package_identification:_identify(SCAN-Planner-Ros2/src/simulator/Utils) by extensions ['cmake', 'python']
[1.052s] Level 1:colcon.colcon_core.package_identification:_identify(SCAN-Planner-Ros2/src/simulator/Utils) by extension 'cmake'
[1.053s] Level 1:colcon.colcon_core.package_identification:_identify(SCAN-Planner-Ros2/src/simulator/Utils) by extension 'python'
[1.055s] Level 1:colcon.colcon_core.package_identification:_identify(SCAN-Planner-Ros2/src/simulator/Utils) by extensions ['python_setup_py']
[1.057s] Level 1:colcon.colcon_core.package_identification:_identify(SCAN-Planner-Ros2/src/simulator/Utils) by extension 'python_setup_py'
[1.059s] Level 1:colcon.colcon_core.package_identification:_identify(SCAN-Planner-Ros2/src/simulator/Utils/go2_description) by extensions ['ignore', 'ignore_ament_install']
[1.062s] Level 1:colcon.colcon_core.package_identification:_identify(SCAN-Planner-Ros2/src/simulator/Utils/go2_description) by extension 'ignore'
[1.064s] Level 1:colcon.colcon_core.package_identification:_identify(SCAN-Planner-Ros2/src/simulator/Utils/go2_description) by extension 'ignore_ament_install'
[1.066s] Level 1:colcon.colcon_core.package_identification:_identify(SCAN-Planner-Ros2/src/simulator/Utils/go2_description) by extensions ['colcon_pkg']
[1.068s] Level 1:colcon.colcon_core.package_identification:_identify(SCAN-Planner-Ros2/src/simulator/Utils/go2_description) by extension 'colcon_pkg'
[1.070s] Level 1:colcon.colcon_core.package_identification:_identify(SCAN-Planner-Ros2/src/simulator/Utils/go2_description) by extensions ['colcon_meta']
[1.072s] Level 1:colcon.colcon_core.package_identification:_identify(SCAN-Planner-Ros2/src/simulator/Utils/go2_description) by extension 'colcon_meta'
[1.077s] Level 1:colcon.colcon_core.package_identification:_identify(SCAN-Planner-Ros2/src/simulator/Utils/go2_description) by extensions ['ros']
[1.079s] Level 1:colcon.colcon_core.package_identification:_identify(SCAN-Planner-Ros2/src/simulator/Utils/go2_description) by extension 'ros'
[1.088s] DEBUG:colcon.colcon_core.package_identification:Package 'SCAN-Planner-Ros2/src/simulator/Utils/go2_description' with type 'ros.ament_cmake' and name 'go2_description'
[1.091s] Level 1:colcon.colcon_core.package_identification:_identify(SCAN-Planner-Ros2/src/simulator/Utils/odom_visualization) by extensions ['ignore', 'ignore_ament_install']
[1.095s] Level 1:colcon.colcon_core.package_identification:_identify(SCAN-Planner-Ros2/src/simulator/Utils/odom_visualization) by extension 'ignore'
[1.098s] Level 1:colcon.colcon_core.package_identification:_identify(SCAN-Planner-Ros2/src/simulator/Utils/odom_visualization) by extension 'ignore_ament_install'
[1.101s] Level 1:colcon.colcon_core.package_identification:_identify(SCAN-Planner-Ros2/src/simulator/Utils/odom_visualization) by extensions ['colcon_pkg']
[1.103s] Level 1:colcon.colcon_core.package_identification:_identify(SCAN-Planner-Ros2/src/simulator/Utils/odom_visualization) by extension 'colcon_pkg'
[1.106s] Level 1:colcon.colcon_core.package_identification:_identify(SCAN-Planner-Ros2/src/simulator/Utils/odom_visualization) by extensions ['colcon_meta']
[1.108s] Level 1:colcon.colcon_core.package_identification:_identify(SCAN-Planner-Ros2/src/simulator/Utils/odom_visualization) by extension 'colcon_meta'
[1.111s] Level 1:colcon.colcon_core.package_identification:_identify(SCAN-Planner-Ros2/src/simulator/Utils/odom_visualization) by extensions ['ros']
[1.112s] Level 1:colcon.colcon_core.package_identification:_identify(SCAN-Planner-Ros2/src/simulator/Utils/odom_visualization) by extension 'ros'
[1.120s] DEBUG:colcon.colcon_core.package_identification:Package 'SCAN-Planner-Ros2/src/simulator/Utils/odom_visualization' with type 'ros.ament_cmake' and name 'odom_visualization'
[1.122s] Level 1:colcon.colcon_core.package_identification:_identify(SCAN-Planner-Ros2/src/simulator/Utils/pose_utils) by extensions ['ignore', 'ignore_ament_install']
[1.124s] Level 1:colcon.colcon_core.package_identification:_identify(SCAN-Planner-Ros2/src/simulator/Utils/pose_utils) by extension 'ignore'
[1.126s] Level 1:colcon.colcon_core.package_identification:_identify(SCAN-Planner-Ros2/src/simulator/Utils/pose_utils) by extension 'ignore_ament_install'
[1.127s] Level 1:colcon.colcon_core.package_identification:_identify(SCAN-Planner-Ros2/src/simulator/Utils/pose_utils) by extensions ['colcon_pkg']
[1.129s] Level 1:colcon.colcon_core.package_identification:_identify(SCAN-Planner-Ros2/src/simulator/Utils/pose_utils) by extension 'colcon_pkg'
[1.131s] Level 1:colcon.colcon_core.package_identification:_identify(SCAN-Planner-Ros2/src/simulator/Utils/pose_utils) by extensions ['colcon_meta']
[1.132s] Level 1:colcon.colcon_core.package_identification:_identify(SCAN-Planner-Ros2/src/simulator/Utils/pose_utils) by extension 'colcon_meta'
[1.134s] Level 1:colcon.colcon_core.package_identification:_identify(SCAN-Planner-Ros2/src/simulator/Utils/pose_utils) by extensions ['ros']
[1.136s] Level 1:colcon.colcon_core.package_identification:_identify(SCAN-Planner-Ros2/src/simulator/Utils/pose_utils) by extension 'ros'
[1.140s] DEBUG:colcon.colcon_core.package_identification:Package 'SCAN-Planner-Ros2/src/simulator/Utils/pose_utils' with type 'ros.ament_cmake' and name 'pose_utils'
[1.142s] Level 1:colcon.colcon_core.package_identification:_identify(SCAN-Planner-Ros2/src/simulator/Utils/waypoint_generator) by extensions ['ignore', 'ignore_ament_install']
[1.144s] Level 1:colcon.colcon_core.package_identification:_identify(SCAN-Planner-Ros2/src/simulator/Utils/waypoint_generator) by extension 'ignore'
[1.145s] Level 1:colcon.colcon_core.package_identification:_identify(SCAN-Planner-Ros2/src/simulator/Utils/waypoint_generator) by extension 'ignore_ament_install'
[1.147s] Level 1:colcon.colcon_core.package_identification:_identify(SCAN-Planner-Ros2/src/simulator/Utils/waypoint_generator) by extensions ['colcon_pkg']
[1.148s] Level 1:colcon.colcon_core.package_identification:_identify(SCAN-Planner-Ros2/src/simulator/Utils/waypoint_generator) by extension 'colcon_pkg'
[1.150s] Level 1:colcon.colcon_core.package_identification:_identify(SCAN-Planner-Ros2/src/simulator/Utils/waypoint_generator) by extensions ['colcon_meta']
[1.152s] Level 1:colcon.colcon_core.package_identification:_identify(SCAN-Planner-Ros2/src/simulator/Utils/waypoint_generator) by extension 'colcon_meta'
[1.154s] Level 1:colcon.colcon_core.package_identification:_identify(SCAN-Planner-Ros2/src/simulator/Utils/waypoint_generator) by extensions ['ros']
[1.163s] Level 1:colcon.colcon_core.package_identification:_identify(SCAN-Planner-Ros2/src/simulator/Utils/waypoint_generator) by extension 'ros'
[1.171s] DEBUG:colcon.colcon_core.package_identification:Package 'SCAN-Planner-Ros2/src/simulator/Utils/waypoint_generator' with type 'ros.ament_cmake' and name 'waypoint_generator'
[1.173s] Level 1:colcon.colcon_core.package_identification:_identify(SCAN-Planner-Ros2/src/simulator/local_sensing) by extensions ['ignore', 'ignore_ament_install']
[1.175s] Level 1:colcon.colcon_core.package_identification:_identify(SCAN-Planner-Ros2/src/simulator/local_sensing) by extension 'ignore'
[1.177s] Level 1:colcon.colcon_core.package_identification:_identify(SCAN-Planner-Ros2/src/simulator/local_sensing) by extension 'ignore_ament_install'
[1.179s] Level 1:colcon.colcon_core.package_identification:_identify(SCAN-Planner-Ros2/src/simulator/local_sensing) by extensions ['colcon_pkg']
[1.181s] Level 1:colcon.colcon_core.package_identification:_identify(SCAN-Planner-Ros2/src/simulator/local_sensing) by extension 'colcon_pkg'
[1.184s] Level 1:colcon.colcon_core.package_identification:_identify(SCAN-Planner-Ros2/src/simulator/local_sensing) by extensions ['colcon_meta']
[1.187s] Level 1:colcon.colcon_core.package_identification:_identify(SCAN-Planner-Ros2/src/simulator/local_sensing) by extension 'colcon_meta'
[1.189s] Level 1:colcon.colcon_core.package_identification:_identify(SCAN-Planner-Ros2/src/simulator/local_sensing) by extensions ['ros']
[1.191s] Level 1:colcon.colcon_core.package_identification:_identify(SCAN-Planner-Ros2/src/simulator/local_sensing) by extension 'ros'
[1.199s] DEBUG:colcon.colcon_core.package_identification:Package 'SCAN-Planner-Ros2/src/simulator/local_sensing' with type 'ros.ament_cmake' and name 'local_sensing_node'
[1.201s] Level 1:colcon.colcon_core.package_identification:_identify(SCAN-Planner-Ros2/src/simulator/map_generator) by extensions ['ignore', 'ignore_ament_install']
[1.202s] Level 1:colcon.colcon_core.package_identification:_identify(SCAN-Planner-Ros2/src/simulator/map_generator) by extension 'ignore'
[1.204s] Level 1:colcon.colcon_core.package_identification:_identify(SCAN-Planner-Ros2/src/simulator/map_generator) by extension 'ignore_ament_install'
[1.206s] Level 1:colcon.colcon_core.package_identification:_identify(SCAN-Planner-Ros2/src/simulator/map_generator) by extensions ['colcon_pkg']
[1.207s] Level 1:colcon.colcon_core.package_identification:_identify(SCAN-Planner-Ros2/src/simulator/map_generator) by extension 'colcon_pkg'
[1.209s] Level 1:colcon.colcon_core.package_identification:_identify(SCAN-Planner-Ros2/src/simulator/map_generator) by extensions ['colcon_meta']
[1.211s] Level 1:colcon.colcon_core.package_identification:_identify(SCAN-Planner-Ros2/src/simulator/map_generator) by extension 'colcon_meta'
[1.213s] Level 1:colcon.colcon_core.package_identification:_identify(SCAN-Planner-Ros2/src/simulator/map_generator) by extensions ['ros']
[1.215s] Level 1:colcon.colcon_core.package_identification:_identify(SCAN-Planner-Ros2/src/simulator/map_generator) by extension 'ros'
[1.223s] DEBUG:colcon.colcon_core.package_identification:Package 'SCAN-Planner-Ros2/src/simulator/map_generator' with type 'ros.ament_cmake' and name 'map_generator'
[1.226s] Level 1:colcon.colcon_core.package_identification:_identify(SCAN-Planner-Ros2/src/simulator/mockamap) by extensions ['ignore', 'ignore_ament_install']
[1.228s] Level 1:colcon.colcon_core.package_identification:_identify(SCAN-Planner-Ros2/src/simulator/mockamap) by extension 'ignore'
[1.230s] Level 1:colcon.colcon_core.package_identification:_identify(SCAN-Planner-Ros2/src/simulator/mockamap) by extension 'ignore_ament_install'
[1.232s] Level 1:colcon.colcon_core.package_identification:_identify(SCAN-Planner-Ros2/src/simulator/mockamap) by extensions ['colcon_pkg']
[1.235s] Level 1:colcon.colcon_core.package_identification:_identify(SCAN-Planner-Ros2/src/simulator/mockamap) by extension 'colcon_pkg'
[1.237s] Level 1:colcon.colcon_core.package_identification:_identify(SCAN-Planner-Ros2/src/simulator/mockamap) by extensions ['colcon_meta']
[1.239s] Level 1:colcon.colcon_core.package_identification:_identify(SCAN-Planner-Ros2/src/simulator/mockamap) by extension 'colcon_meta'
[1.241s] Level 1:colcon.colcon_core.package_identification:_identify(SCAN-Planner-Ros2/src/simulator/mockamap) by extensions ['ros']
[1.243s] Level 1:colcon.colcon_core.package_identification:_identify(SCAN-Planner-Ros2/src/simulator/mockamap) by extension 'ros'
[1.257s] DEBUG:colcon.colcon_core.package_identification:Package 'SCAN-Planner-Ros2/src/simulator/mockamap' with type 'ros.ament_cmake' and name 'mockamap'
[1.260s] Level 1:colcon.colcon_core.package_identification:_identify(SCAN-Planner-Ros2/tools) by extensions ['ignore', 'ignore_ament_install']
[1.262s] Level 1:colcon.colcon_core.package_identification:_identify(SCAN-Planner-Ros2/tools) by extension 'ignore'
[1.264s] Level 1:colcon.colcon_core.package_identification:_identify(SCAN-Planner-Ros2/tools) by extension 'ignore_ament_install'
[1.267s] Level 1:colcon.colcon_core.package_identification:_identify(SCAN-Planner-Ros2/tools) by extensions ['colcon_pkg']
[1.269s] Level 1:colcon.colcon_core.package_identification:_identify(SCAN-Planner-Ros2/tools) by extension 'colcon_pkg'
[1.272s] Level 1:colcon.colcon_core.package_identification:_identify(SCAN-Planner-Ros2/tools) by extensions ['colcon_meta']
[1.275s] Level 1:colcon.colcon_core.package_identification:_identify(SCAN-Planner-Ros2/tools) by extension 'colcon_meta'
[1.277s] Level 1:colcon.colcon_core.package_identification:_identify(SCAN-Planner-Ros2/tools) by extensions ['ros']
[1.280s] Level 1:colcon.colcon_core.package_identification:_identify(SCAN-Planner-Ros2/tools) by extension 'ros'
[1.283s] Level 1:colcon.colcon_core.package_identification:_identify(SCAN-Planner-Ros2/tools) by extensions ['cmake', 'python']
[1.285s] Level 1:colcon.colcon_core.package_identification:_identify(SCAN-Planner-Ros2/tools) by extension 'cmake'
[1.288s] Level 1:colcon.colcon_core.package_identification:_identify(SCAN-Planner-Ros2/tools) by extension 'python'
[1.291s] Level 1:colcon.colcon_core.package_identification:_identify(SCAN-Planner-Ros2/tools) by extensions ['python_setup_py']
[1.293s] Level 1:colcon.colcon_core.package_identification:_identify(SCAN-Planner-Ros2/tools) by extension 'python_setup_py'
[1.297s] Level 1:colcon.colcon_core.package_identification:_identify(build) by extensions ['ignore', 'ignore_ament_install']
[1.300s] Level 1:colcon.colcon_core.package_identification:_identify(build) by extension 'ignore'
[1.303s] Level 1:colcon.colcon_core.package_identification:_identify(build) ignored
[1.306s] Level 1:colcon.colcon_core.package_identification:_identify(fast_lio2) by extensions ['ignore', 'ignore_ament_install']
[1.311s] Level 1:colcon.colcon_core.package_identification:_identify(fast_lio2) by extension 'ignore'
[1.314s] Level 1:colcon.colcon_core.package_identification:_identify(fast_lio2) by extension 'ignore_ament_install'
[1.317s] Level 1:colcon.colcon_core.package_identification:_identify(fast_lio2) by extensions ['colcon_pkg']
[1.320s] Level 1:colcon.colcon_core.package_identification:_identify(fast_lio2) by extension 'colcon_pkg'
[1.324s] Level 1:colcon.colcon_core.package_identification:_identify(fast_lio2) by extensions ['colcon_meta']
[1.327s] Level 1:colcon.colcon_core.package_identification:_identify(fast_lio2) by extension 'colcon_meta'
[1.331s] Level 1:colcon.colcon_core.package_identification:_identify(fast_lio2) by extensions ['ros']
[1.334s] Level 1:colcon.colcon_core.package_identification:_identify(fast_lio2) by extension 'ros'
[1.362s] DEBUG:colcon.colcon_core.package_identification:Package 'fast_lio2' with type 'ros.ament_cmake' and name 'fast_lio'
[1.366s] Level 1:colcon.colcon_core.package_identification:_identify(install) by extensions ['ignore', 'ignore_ament_install']
[1.370s] Level 1:colcon.colcon_core.package_identification:_identify(install) by extension 'ignore'
[1.373s] Level 1:colcon.colcon_core.package_identification:_identify(install) ignored
[1.376s] Level 1:colcon.colcon_core.package_identification:_identify(livox_ros_driver2) by extensions ['ignore', 'ignore_ament_install']
[1.379s] Level 1:colcon.colcon_core.package_identification:_identify(livox_ros_driver2) by extension 'ignore'
[1.382s] Level 1:colcon.colcon_core.package_identification:_identify(livox_ros_driver2) by extension 'ignore_ament_install'
[1.384s] Level 1:colcon.colcon_core.package_identification:_identify(livox_ros_driver2) by extensions ['colcon_pkg']
[1.388s] Level 1:colcon.colcon_core.package_identification:_identify(livox_ros_driver2) by extension 'colcon_pkg'
[1.391s] Level 1:colcon.colcon_core.package_identification:_identify(livox_ros_driver2) by extensions ['colcon_meta']
[1.394s] Level 1:colcon.colcon_core.package_identification:_identify(livox_ros_driver2) by extension 'colcon_meta'
[1.397s] Level 1:colcon.colcon_core.package_identification:_identify(livox_ros_driver2) by extensions ['ros']
[1.400s] Level 1:colcon.colcon_core.package_identification:_identify(livox_ros_driver2) by extension 'ros'
[1.415s] DEBUG:colcon.colcon_core.package_identification:Package 'livox_ros_driver2' with type 'ros.ament_cmake' and name 'livox_ros_driver2'
[1.417s] Level 1:colcon.colcon_core.package_identification:_identify(log) by extensions ['ignore', 'ignore_ament_install']
[1.420s] Level 1:colcon.colcon_core.package_identification:_identify(log) by extension 'ignore'
[1.422s] Level 1:colcon.colcon_core.package_identification:_identify(log) ignored
[1.425s] Level 1:colcon.colcon_core.package_identification:_identify(pcd2pgm-main) by extensions ['ignore', 'ignore_ament_install']
[1.428s] Level 1:colcon.colcon_core.package_identification:_identify(pcd2pgm-main) by extension 'ignore'
[1.431s] Level 1:colcon.colcon_core.package_identification:_identify(pcd2pgm-main) by extension 'ignore_ament_install'
[1.434s] Level 1:colcon.colcon_core.package_identification:_identify(pcd2pgm-main) by extensions ['colcon_pkg']
[1.437s] Level 1:colcon.colcon_core.package_identification:_identify(pcd2pgm-main) by extension 'colcon_pkg'
[1.441s] Level 1:colcon.colcon_core.package_identification:_identify(pcd2pgm-main) by extensions ['colcon_meta']
[1.445s] Level 1:colcon.colcon_core.package_identification:_identify(pcd2pgm-main) by extension 'colcon_meta'
[1.449s] Level 1:colcon.colcon_core.package_identification:_identify(pcd2pgm-main) by extensions ['ros']
[1.452s] Level 1:colcon.colcon_core.package_identification:_identify(pcd2pgm-main) by extension 'ros'
[1.475s] DEBUG:colcon.colcon_core.package_identification:Package 'pcd2pgm-main' with type 'ros.ament_cmake' and name 'pcd2pgm'
[1.478s] Level 1:colcon.colcon_core.package_identification:_identify(pcd_height) by extensions ['ignore', 'ignore_ament_install']
[1.481s] Level 1:colcon.colcon_core.package_identification:_identify(pcd_height) by extension 'ignore'
[1.484s] Level 1:colcon.colcon_core.package_identification:_identify(pcd_height) by extension 'ignore_ament_install'
[1.489s] Level 1:colcon.colcon_core.package_identification:_identify(pcd_height) by extensions ['colcon_pkg']
[1.492s] Level 1:colcon.colcon_core.package_identification:_identify(pcd_height) by extension 'colcon_pkg'
[1.495s] Level 1:colcon.colcon_core.package_identification:_identify(pcd_height) by extensions ['colcon_meta']
[1.498s] Level 1:colcon.colcon_core.package_identification:_identify(pcd_height) by extension 'colcon_meta'
[1.500s] Level 1:colcon.colcon_core.package_identification:_identify(pcd_height) by extensions ['ros']
[1.503s] Level 1:colcon.colcon_core.package_identification:_identify(pcd_height) by extension 'ros'
[1.505s] Level 1:colcon.colcon_core.package_identification:_identify(pcd_height) by extensions ['cmake', 'python']
[1.507s] Level 1:colcon.colcon_core.package_identification:_identify(pcd_height) by extension 'cmake'
[1.509s] Level 1:colcon.colcon_core.package_identification:_identify(pcd_height) by extension 'python'
[1.510s] Level 1:colcon.colcon_core.package_identification:_identify(pcd_height) by extensions ['python_setup_py']
[1.512s] Level 1:colcon.colcon_core.package_identification:_identify(pcd_height) by extension 'python_setup_py'
[1.514s] Level 1:colcon.colcon_core.package_identification:_identify(sensor_extrinsic) by extensions ['ignore', 'ignore_ament_install']
[1.516s] Level 1:colcon.colcon_core.package_identification:_identify(sensor_extrinsic) by extension 'ignore'
[1.518s] Level 1:colcon.colcon_core.package_identification:_identify(sensor_extrinsic) by extension 'ignore_ament_install'
[1.520s] Level 1:colcon.colcon_core.package_identification:_identify(sensor_extrinsic) by extensions ['colcon_pkg']
[1.521s] Level 1:colcon.colcon_core.package_identification:_identify(sensor_extrinsic) by extension 'colcon_pkg'
[1.523s] Level 1:colcon.colcon_core.package_identification:_identify(sensor_extrinsic) by extensions ['colcon_meta']
[1.524s] Level 1:colcon.colcon_core.package_identification:_identify(sensor_extrinsic) by extension 'colcon_meta'
[1.528s] Level 1:colcon.colcon_core.package_identification:_identify(sensor_extrinsic) by extensions ['ros']
[1.529s] Level 1:colcon.colcon_core.package_identification:_identify(sensor_extrinsic) by extension 'ros'
[1.539s] DEBUG:colcon.colcon_core.package_identification:Package 'sensor_extrinsic' with type 'ros.ament_cmake' and name 'sensor_extrinsic'
[1.542s] Level 1:colcon.colcon_core.package_identification:_identify(topic_bridge) by extensions ['ignore', 'ignore_ament_install']
[1.544s] Level 1:colcon.colcon_core.package_identification:_identify(topic_bridge) by extension 'ignore'
[1.546s] Level 1:colcon.colcon_core.package_identification:_identify(topic_bridge) by extension 'ignore_ament_install'
[1.547s] Level 1:colcon.colcon_core.package_identification:_identify(topic_bridge) by extensions ['colcon_pkg']
[1.549s] Level 1:colcon.colcon_core.package_identification:_identify(topic_bridge) by extension 'colcon_pkg'
[1.551s] Level 1:colcon.colcon_core.package_identification:_identify(topic_bridge) by extensions ['colcon_meta']
[1.552s] Level 1:colcon.colcon_core.package_identification:_identify(topic_bridge) by extension 'colcon_meta'
[1.554s] Level 1:colcon.colcon_core.package_identification:_identify(topic_bridge) by extensions ['ros']
[1.556s] Level 1:colcon.colcon_core.package_identification:_identify(topic_bridge) by extension 'ros'
[1.560s] DEBUG:colcon.colcon_core.package_identification:Package 'topic_bridge' with type 'ros.ament_cmake' and name 'topic_bridge'
[1.562s] Level 1:colcon.colcon_core.package_identification:_identify(trajectory_tracker) by extensions ['ignore', 'ignore_ament_install']
[1.565s] Level 1:colcon.colcon_core.package_identification:_identify(trajectory_tracker) by extension 'ignore'
[1.567s] Level 1:colcon.colcon_core.package_identification:_identify(trajectory_tracker) by extension 'ignore_ament_install'
[1.570s] Level 1:colcon.colcon_core.package_identification:_identify(trajectory_tracker) by extensions ['colcon_pkg']
[1.572s] Level 1:colcon.colcon_core.package_identification:_identify(trajectory_tracker) by extension 'colcon_pkg'
[1.575s] Level 1:colcon.colcon_core.package_identification:_identify(trajectory_tracker) by extensions ['colcon_meta']
[1.579s] Level 1:colcon.colcon_core.package_identification:_identify(trajectory_tracker) by extension 'colcon_meta'
[1.581s] Level 1:colcon.colcon_core.package_identification:_identify(trajectory_tracker) by extensions ['ros']
[1.583s] Level 1:colcon.colcon_core.package_identification:_identify(trajectory_tracker) by extension 'ros'
[1.589s] DEBUG:colcon.colcon_core.package_identification:Package 'trajectory_tracker' with type 'ros.ament_cmake' and name 'trajectory_tracker'
[1.591s] Level 1:colcon.colcon_core.package_discovery:discover_packages(recursive) using defaults
[1.594s] Level 1:colcon.colcon_core.package_discovery:discover_packages(ignore) discover
[1.596s] Level 1:colcon.colcon_core.package_discovery:discover_packages(ignore) using defaults
[1.597s] Level 1:colcon.colcon_core.package_discovery:discover_packages(path) discover
[1.599s] Level 1:colcon.colcon_core.package_discovery:discover_packages(path) using defaults
[1.729s] INFO:colcon.colcon_core.package_selection:Skipping not selected package 'go2_description' in 'SCAN-Planner-Ros2/src/simulator/Utils/go2_description'
[1.731s] INFO:colcon.colcon_core.package_selection:Skipping not selected package 'interface' in 'FASTLIO2_ROS2-main/interface'
[1.733s] INFO:colcon.colcon_core.package_selection:Skipping not selected package 'livox_ros_driver2' in 'livox_ros_driver2'
[1.735s] INFO:colcon.colcon_core.package_selection:Skipping not selected package 'local_sensing_node' in 'SCAN-Planner-Ros2/src/simulator/local_sensing'
[1.737s] INFO:colcon.colcon_core.package_selection:Skipping not selected package 'map_generator' in 'SCAN-Planner-Ros2/src/simulator/map_generator'
[1.738s] INFO:colcon.colcon_core.package_selection:Skipping not selected package 'mockamap' in 'SCAN-Planner-Ros2/src/simulator/mockamap'
[1.740s] INFO:colcon.colcon_core.package_selection:Skipping not selected package 'nav3d_octomap_ego_nav' in '3D-Nav-Dynamic-EGO'
[1.741s] INFO:colcon.colcon_core.package_selection:Skipping not selected package 'pcd2pgm' in 'pcd2pgm-main'
[1.743s] INFO:colcon.colcon_core.package_selection:Skipping not selected package 'plan_env' in 'SCAN-Planner-Ros2/src/planner/plan_env'
[1.744s] INFO:colcon.colcon_core.package_selection:Skipping not selected package 'pose_utils' in 'SCAN-Planner-Ros2/src/simulator/Utils/pose_utils'
[1.745s] INFO:colcon.colcon_core.package_selection:Skipping not selected package 'scan_planner_msgs' in 'SCAN-Planner-Ros2/src/planner/scan_planner_msgs'
[1.747s] INFO:colcon.colcon_core.package_selection:Skipping not selected package 'topic_bridge' in 'topic_bridge'
[1.748s] INFO:colcon.colcon_core.package_selection:Skipping not selected package 'trajectory_tracker' in 'trajectory_tracker'
[1.749s] INFO:colcon.colcon_core.package_selection:Skipping not selected package 'waypoint_generator' in 'SCAN-Planner-Ros2/src/simulator/Utils/waypoint_generator'
[1.751s] INFO:colcon.colcon_core.package_selection:Skipping not selected package 'fast_lio' in 'fast_lio2'
[1.752s] INFO:colcon.colcon_core.package_selection:Skipping not selected package 'fastlio2' in 'FASTLIO2_ROS2-main/fastlio2'
[1.754s] INFO:colcon.colcon_core.package_selection:Skipping not selected package 'hba' in 'FASTLIO2_ROS2-main/hba'
[1.755s] INFO:colcon.colcon_core.package_selection:Skipping not selected package 'localizer' in 'FASTLIO2_ROS2-main/localizer'
[1.756s] INFO:colcon.colcon_core.package_selection:Skipping not selected package 'odom_visualization' in 'SCAN-Planner-Ros2/src/simulator/Utils/odom_visualization'
[1.758s] INFO:colcon.colcon_core.package_selection:Skipping not selected package 'path_searching' in 'SCAN-Planner-Ros2/src/planner/path_searching'
[1.759s] INFO:colcon.colcon_core.package_selection:Skipping not selected package 'pgo' in 'FASTLIO2_ROS2-main/pgo'
[1.762s] INFO:colcon.colcon_core.package_selection:Skipping not selected package 'bspline_opt' in 'SCAN-Planner-Ros2/src/planner/bspline_opt'
[1.763s] INFO:colcon.colcon_core.package_selection:Skipping not selected package 'traj_utils' in 'SCAN-Planner-Ros2/src/planner/traj_utils'
[1.765s] INFO:colcon.colcon_core.package_selection:Skipping not selected package 'scan_planner' in 'SCAN-Planner-Ros2/src/planner/plan_manage'
[1.770s] Level 1:colcon.colcon_core.package_discovery:discover_packages(prefix_path) check parameters
[1.772s] Level 1:colcon.colcon_core.package_discovery:discover_packages(prefix_path) discover
[1.787s] DEBUG:colcon.colcon_installed_package_information.package_discovery:Found 355 installed packages in /opt/ros/humble
[1.801s] Level 1:colcon.colcon_core.package_discovery:discover_packages(prefix_path) using defaults
[1.887s] Level 5:colcon.colcon_core.verb:set package 'sensor_extrinsic' build argument 'cmake_args' from command line to 'None'
[1.890s] Level 5:colcon.colcon_core.verb:set package 'sensor_extrinsic' build argument 'cmake_target' from command line to 'None'
[1.892s] Level 5:colcon.colcon_core.verb:set package 'sensor_extrinsic' build argument 'cmake_target_skip_unavailable' from command line to 'False'
[1.893s] Level 5:colcon.colcon_core.verb:set package 'sensor_extrinsic' build argument 'cmake_clean_cache' from command line to 'False'
[1.895s] Level 5:colcon.colcon_core.verb:set package 'sensor_extrinsic' build argument 'cmake_clean_first' from command line to 'False'
[1.896s] Level 5:colcon.colcon_core.verb:set package 'sensor_extrinsic' build argument 'cmake_force_configure' from command line to 'False'
[1.898s] Level 5:colcon.colcon_core.verb:set package 'sensor_extrinsic' build argument 'ament_cmake_args' from command line to 'None'
[1.899s] Level 5:colcon.colcon_core.verb:set package 'sensor_extrinsic' build argument 'catkin_cmake_args' from command line to 'None'
[1.901s] Level 5:colcon.colcon_core.verb:set package 'sensor_extrinsic' build argument 'catkin_skip_building_tests' from command line to 'False'
[1.902s] DEBUG:colcon.colcon_core.verb:Building package 'sensor_extrinsic' with the following arguments: {'ament_cmake_args': None, 'build_base': '/root/nav/livox_ws/src/build/sensor_extrinsic', 'catkin_cmake_args': None, 'catkin_skip_building_tests': False, 'cmake_args': None, 'cmake_clean_cache': False, 'cmake_clean_first': False, 'cmake_force_configure': False, 'cmake_target': None, 'cmake_target_skip_unavailable': False, 'install_base': '/root/nav/livox_ws/src/install/sensor_extrinsic', 'merge_install': False, 'path': '/root/nav/livox_ws/src/sensor_extrinsic', 'symlink_install': False, 'test_result_base': None}
[1.904s] INFO:colcon.colcon_core.executor:Executing jobs using 'parallel' executor
[1.907s] DEBUG:colcon.colcon_parallel_executor.executor.parallel:run_until_complete
[1.909s] INFO:colcon.colcon_ros.task.ament_cmake.build:Building ROS package in '/root/nav/livox_ws/src/sensor_extrinsic' with build type 'ament_cmake'
[1.911s] INFO:colcon.colcon_cmake.task.cmake.build:Building CMake package in '/root/nav/livox_ws/src/sensor_extrinsic'
[1.917s] INFO:colcon.colcon_core.plugin_system:Skipping extension 'colcon_core.shell.bat': Not used on non-Windows systems
[1.920s] INFO:colcon.colcon_core.shell:Skip shell extension 'powershell' for command environment: Not usable outside of PowerShell
[1.923s] DEBUG:colcon.colcon_core.shell:Skip shell extension 'dsv' for command environment
[2.258s] DEBUG:colcon.colcon_core.event_handler.log_command:Invoking command in '/root/nav/livox_ws/src/build/sensor_extrinsic': CMAKE_PREFIX_PATH=/opt/ros/humble /usr/bin/cmake /root/nav/livox_ws/src/sensor_extrinsic -DCMAKE_INSTALL_PREFIX=/root/nav/livox_ws/src/install/sensor_extrinsic
[4.029s] Level 1:colcon.colcon_core.environment:create_environment_scripts_only(sensor_extrinsic)
[4.044s] Level 1:colcon.colcon_core.environment:checking '/root/nav/livox_ws/src/install/sensor_extrinsic' for CMake module files
[4.049s] Level 1:colcon.colcon_core.environment:checking '/root/nav/livox_ws/src/install/sensor_extrinsic' for CMake config files
[4.053s] Level 1:colcon.colcon_core.environment:checking '/root/nav/livox_ws/src/install/sensor_extrinsic/bin'
[4.054s] Level 1:colcon.colcon_core.environment:checking '/root/nav/livox_ws/src/install/sensor_extrinsic/lib/pkgconfig/sensor_extrinsic.pc'
[4.058s] Level 1:colcon.colcon_core.environment:checking '/root/nav/livox_ws/src/install/sensor_extrinsic/lib/python3.10/site-packages'
[4.063s] Level 1:colcon.colcon_core.environment:checking '/root/nav/livox_ws/src/install/sensor_extrinsic/bin'
[4.067s] INFO:colcon.colcon_core.shell:Creating package script '/root/nav/livox_ws/src/install/sensor_extrinsic/share/sensor_extrinsic/package.ps1'
[4.068s] DEBUG:colcon.colcon_core.event_handler.log_command:Invoked command in '/root/nav/livox_ws/src/build/sensor_extrinsic' returned '1': CMAKE_PREFIX_PATH=/opt/ros/humble /usr/bin/cmake /root/nav/livox_ws/src/sensor_extrinsic -DCMAKE_INSTALL_PREFIX=/root/nav/livox_ws/src/install/sensor_extrinsic
[4.162s] INFO:colcon.colcon_core.shell:Creating package descriptor '/root/nav/livox_ws/src/install/sensor_extrinsic/share/sensor_extrinsic/package.dsv'
[4.176s] INFO:colcon.colcon_core.shell:Creating package script '/root/nav/livox_ws/src/install/sensor_extrinsic/share/sensor_extrinsic/package.sh'
[4.279s] INFO:colcon.colcon_core.shell:Creating package script '/root/nav/livox_ws/src/install/sensor_extrinsic/share/sensor_extrinsic/package.bash'
[4.371s] INFO:colcon.colcon_core.shell:Creating package script '/root/nav/livox_ws/src/install/sensor_extrinsic/share/sensor_extrinsic/package.zsh'
[4.465s] Level 1:colcon.colcon_core.environment:create_file_with_runtime_dependencies(/root/nav/livox_ws/src/install/sensor_extrinsic/share/colcon-core/packages/sensor_extrinsic)
[4.488s] DEBUG:colcon.colcon_parallel_executor.executor.parallel:closing loop
[4.576s] DEBUG:colcon.colcon_parallel_executor.executor.parallel:loop closed
[4.578s] DEBUG:colcon.colcon_parallel_executor.executor.parallel:run_until_complete finished with '1'
[4.580s] DEBUG:colcon.colcon_core.event_reactor:joining thread
[4.624s] INFO:colcon.colcon_core.plugin_system:Skipping extension 'colcon_notification.desktop_notification.notify_send': Could not find 'notify-send'
[4.627s] INFO:colcon.colcon_core.plugin_system:Skipping extension 'colcon_notification.desktop_notification.terminal_notifier': Not used on non-Darwin systems
[4.629s] INFO:colcon.colcon_core.plugin_system:Skipping extension 'colcon_notification.desktop_notification.win32': Not used on non-Windows systems
[4.631s] INFO:colcon.colcon_notification.desktop_notification:Sending desktop notification using 'notify2'
[4.635s] DEBUG:colcon.colcon_notification.desktop_notification.notify2:Failed to initialize notify2: org.freedesktop.DBus.Error.ServiceUnknown: The name org.freedesktop.Notifications was not provided by any .service files
[4.637s] DEBUG:colcon.colcon_core.event_reactor:joined thread
[4.641s] INFO:colcon.colcon_core.shell:Creating prefix script '/root/nav/livox_ws/src/install/local_setup.ps1'
[4.738s] INFO:colcon.colcon_core.shell:Creating prefix util module '/root/nav/livox_ws/src/install/_local_setup_util_ps1.py'
[4.834s] INFO:colcon.colcon_core.shell:Creating prefix chain script '/root/nav/livox_ws/src/install/setup.ps1'
[4.929s] INFO:colcon.colcon_core.shell:Creating prefix script '/root/nav/livox_ws/src/install/local_setup.sh'
[5.032s] INFO:colcon.colcon_core.shell:Creating prefix util module '/root/nav/livox_ws/src/install/_local_setup_util_sh.py'
[5.134s] INFO:colcon.colcon_core.shell:Creating prefix chain script '/root/nav/livox_ws/src/install/setup.sh'
[5.233s] INFO:colcon.colcon_core.shell:Creating prefix script '/root/nav/livox_ws/src/install/local_setup.bash'
[5.325s] INFO:colcon.colcon_core.shell:Creating prefix chain script '/root/nav/livox_ws/src/install/setup.bash'
[5.434s] INFO:colcon.colcon_core.shell:Creating prefix script '/root/nav/livox_ws/src/install/local_setup.zsh'
[5.534s] INFO:colcon.colcon_core.shell:Creating prefix chain script '/root/nav/livox_ws/src/install/setup.zsh'
