-- Found ament_cmake: 1.3.12 (/opt/ros/humble/share/ament_cmake/cmake)
-- Found rclcpp: 16.0.17 (/opt/ros/humble/share/rclcpp/cmake)
-- Found rosidl_generator_c: 3.1.8 (/opt/ros/humble/share/rosidl_generator_c/cmake)
-- Found rosidl_adapter: 3.1.8 (/opt/ros/humble/share/rosidl_adapter/cmake)
-- Found rosidl_generator_cpp: 3.1.8 (/opt/ros/humble/share/rosidl_generator_cpp/cmake)
-- Using all available rosidl_typesupport_c: rosidl_typesupport_fastrtps_c;rosidl_typesupport_introspection_c
-- Using all available rosidl_typesupport_cpp: rosidl_typesupport_fastrtps_cpp;rosidl_typesupport_introspection_cpp
-- Found rmw_implementation_cmake: 6.1.2 (/opt/ros/humble/share/rmw_implementation_cmake/cmake)
-- Found rmw_fastrtps_cpp: 6.2.10 (/opt/ros/humble/share/rmw_fastrtps_cpp/cmake)
-- Using RMW implementation 'rmw_fastrtps_cpp' as default
-- Found nav_msgs: 4.9.0 (/opt/ros/humble/share/nav_msgs/cmake)
-- Found ament_lint_auto: 0.12.14 (/opt/ros/humble/share/ament_lint_auto/cmake)
-- Added test 'cppcheck' to perform static code analysis on C / C++ code
-- Configured cppcheck include dirs: 
-- Configured cppcheck exclude dirs and/or files: 
-- Added test 'lint_cmake' to check CMake code style
-- Added test 'uncrustify' to check C / C++ code style
-- Configured uncrustify additional arguments: 
-- Added test 'xmllint' to check XML markup files
-- Configuring done
-- Generating done
-- Build files have been written to: /root/nav/livox_ws/src/build/sensor_extrinsic
[ 50%] [32mBuilding CXX object CMakeFiles/lidar_extrinsic_publisher.dir/src/lidar_extrinsic_publisher.cpp.o[0m
[100%] [32m[1mLinking CXX executable lidar_extrinsic_publisher[0m
[100%] Built target lidar_extrinsic_publisher
-- Install configuration: ""
-- Installing: /root/nav/livox_ws/src/install/sensor_extrinsic/share/ament_index/resource_index/package_run_dependencies/sensor_extrinsic
-- Installing: /root/nav/livox_ws/src/install/sensor_extrinsic/share/ament_index/resource_index/parent_prefix_path/sensor_extrinsic
-- Installing: /root/nav/livox_ws/src/install/sensor_extrinsic/share/sensor_extrinsic/environment/ament_prefix_path.sh
-- Installing: /root/nav/livox_ws/src/install/sensor_extrinsic/share/sensor_extrinsic/environment/ament_prefix_path.dsv
-- Installing: /root/nav/livox_ws/src/install/sensor_extrinsic/share/sensor_extrinsic/environment/path.sh
-- Installing: /root/nav/livox_ws/src/install/sensor_extrinsic/share/sensor_extrinsic/environment/path.dsv
-- Installing: /root/nav/livox_ws/src/install/sensor_extrinsic/share/sensor_extrinsic/local_setup.bash
-- Installing: /root/nav/livox_ws/src/install/sensor_extrinsic/share/sensor_extrinsic/local_setup.sh
-- Installing: /root/nav/livox_ws/src/install/sensor_extrinsic/share/sensor_extrinsic/local_setup.zsh
-- Installing: /root/nav/livox_ws/src/install/sensor_extrinsic/share/sensor_extrinsic/local_setup.dsv
-- Installing: /root/nav/livox_ws/src/install/sensor_extrinsic/share/sensor_extrinsic/package.dsv
-- Installing: /root/nav/livox_ws/src/install/sensor_extrinsic/share/ament_index/resource_index/packages/sensor_extrinsic
-- Installing: /root/nav/livox_ws/src/install/sensor_extrinsic/share/sensor_extrinsic/cmake/sensor_extrinsicConfig.cmake
-- Installing: /root/nav/livox_ws/src/install/sensor_extrinsic/share/sensor_extrinsic/cmake/sensor_extrinsicConfig-version.cmake
-- Installing: /root/nav/livox_ws/src/install/sensor_extrinsic/share/sensor_extrinsic/package.xml
-- Installing: /root/nav/livox_ws/src/install/sensor_extrinsic/lib/sensor_extrinsic/lidar_extrinsic_publisher
-- Set runtime path of "/root/nav/livox_ws/src/install/sensor_extrinsic/lib/sensor_extrinsic/lidar_extrinsic_publisher" to ""
