[0.019s] Invoking command in '/root/nav/livox_ws/src/build/sensor_extrinsic': CMAKE_PREFIX_PATH=/opt/ros/humble /usr/bin/cmake /root/nav/livox_ws/src/sensor_extrinsic -DCMAKE_INSTALL_PREFIX=/root/nav/livox_ws/src/install/sensor_extrinsic
[0.030s] -- Found ament_cmake: 1.3.12 (/opt/ros/humble/share/ament_cmake/cmake)
[0.630s] -- Found rclcpp: 16.0.17 (/opt/ros/humble/share/rclcpp/cmake)
[0.641s] -- Found rosidl_generator_c: 3.1.8 (/opt/ros/humble/share/rosidl_generator_c/cmake)
[0.647s] -- Found rosidl_adapter: 3.1.8 (/opt/ros/humble/share/rosidl_adapter/cmake)
[0.654s] -- Found rosidl_generator_cpp: 3.1.8 (/opt/ros/humble/share/rosidl_generator_cpp/cmake)
[0.669s] -- Using all available rosidl_typesupport_c: rosidl_typesupport_fastrtps_c;rosidl_typesupport_introspection_c
[0.685s] -- Using all available rosidl_typesupport_cpp: rosidl_typesupport_fastrtps_cpp;rosidl_typesupport_introspection_cpp
[0.731s] -- Found rmw_implementation_cmake: 6.1.2 (/opt/ros/humble/share/rmw_implementation_cmake/cmake)
[0.739s] -- Found rmw_fastrtps_cpp: 6.2.10 (/opt/ros/humble/share/rmw_fastrtps_cpp/cmake)
[0.843s] -- Using RMW implementation 'rmw_fastrtps_cpp' as default
[0.919s] -- Found nav_msgs: 4.9.0 (/opt/ros/humble/share/nav_msgs/cmake)
[0.986s] -- Found ament_lint_auto: 0.12.14 (/opt/ros/humble/share/ament_lint_auto/cmake)
[1.860s] -- Added test 'cppcheck' to perform static code analysis on C / C++ code
[1.867s] -- Configured cppcheck include dirs: 
[1.961s] -- Configured cppcheck exclude dirs and/or files: 
[2.057s] -- Added test 'lint_cmake' to check CMake code style
[2.066s] -- Added test 'uncrustify' to check C / C++ code style
[2.241s] -- Configured uncrustify additional arguments: 
[2.250s] -- Added test 'xmllint' to check XML markup files
[2.258s] -- Configuring done
[2.462s] -- Generating done
[2.676s] -- Build files have been written to: /root/nav/livox_ws/src/build/sensor_extrinsic
[2.736s] Invoked command in '/root/nav/livox_ws/src/build/sensor_extrinsic' returned '0': CMAKE_PREFIX_PATH=/opt/ros/humble /usr/bin/cmake /root/nav/livox_ws/src/sensor_extrinsic -DCMAKE_INSTALL_PREFIX=/root/nav/livox_ws/src/install/sensor_extrinsic
[2.747s] Invoking command in '/root/nav/livox_ws/src/build/sensor_extrinsic': CMAKE_PREFIX_PATH=/opt/ros/humble /usr/bin/cmake --build /root/nav/livox_ws/src/build/sensor_extrinsic -- -j8 -l8
[2.886s] [ 50%] [32mBuilding CXX object CMakeFiles/lidar_extrinsic_publisher.dir/src/lidar_extrinsic_publisher.cpp.o[0m
[11.735s] [100%] [32m[1mLinking CXX executable lidar_extrinsic_publisher[0m
[13.120s] [100%] Built target lidar_extrinsic_publisher
[13.417s] Invoked command in '/root/nav/livox_ws/src/build/sensor_extrinsic' returned '0': CMAKE_PREFIX_PATH=/opt/ros/humble /usr/bin/cmake --build /root/nav/livox_ws/src/build/sensor_extrinsic -- -j8 -l8
[13.438s] Invoking command in '/root/nav/livox_ws/src/build/sensor_extrinsic': CMAKE_PREFIX_PATH=/opt/ros/humble /usr/bin/cmake --install /root/nav/livox_ws/src/build/sensor_extrinsic
[13.467s] -- Install configuration: ""
[13.476s] -- Installing: /root/nav/livox_ws/src/install/sensor_extrinsic/share/ament_index/resource_index/package_run_dependencies/sensor_extrinsic
[13.487s] -- Installing: /root/nav/livox_ws/src/install/sensor_extrinsic/share/ament_index/resource_index/parent_prefix_path/sensor_extrinsic
[13.500s] -- Installing: /root/nav/livox_ws/src/install/sensor_extrinsic/share/sensor_extrinsic/environment/ament_prefix_path.sh
[13.511s] -- Installing: /root/nav/livox_ws/src/install/sensor_extrinsic/share/sensor_extrinsic/environment/ament_prefix_path.dsv
[13.521s] -- Installing: /root/nav/livox_ws/src/install/sensor_extrinsic/share/sensor_extrinsic/environment/path.sh
[13.534s] -- Installing: /root/nav/livox_ws/src/install/sensor_extrinsic/share/sensor_extrinsic/environment/path.dsv
[13.542s] -- Installing: /root/nav/livox_ws/src/install/sensor_extrinsic/share/sensor_extrinsic/local_setup.bash
[13.553s] -- Installing: /root/nav/livox_ws/src/install/sensor_extrinsic/share/sensor_extrinsic/local_setup.sh
[13.565s] -- Installing: /root/nav/livox_ws/src/install/sensor_extrinsic/share/sensor_extrinsic/local_setup.zsh
[13.575s] -- Installing: /root/nav/livox_ws/src/install/sensor_extrinsic/share/sensor_extrinsic/local_setup.dsv
[13.591s] -- Installing: /root/nav/livox_ws/src/install/sensor_extrinsic/share/sensor_extrinsic/package.dsv
[13.607s] -- Installing: /root/nav/livox_ws/src/install/sensor_extrinsic/share/ament_index/resource_index/packages/sensor_extrinsic
[13.616s] -- Installing: /root/nav/livox_ws/src/install/sensor_extrinsic/share/sensor_extrinsic/cmake/sensor_extrinsicConfig.cmake
[13.628s] -- Installing: /root/nav/livox_ws/src/install/sensor_extrinsic/share/sensor_extrinsic/cmake/sensor_extrinsicConfig-version.cmake
[13.645s] -- Installing: /root/nav/livox_ws/src/install/sensor_extrinsic/share/sensor_extrinsic/package.xml
[13.665s] -- Installing: /root/nav/livox_ws/src/install/sensor_extrinsic/lib/sensor_extrinsic/lidar_extrinsic_publisher
[19.322s] -- Set runtime path of "/root/nav/livox_ws/src/install/sensor_extrinsic/lib/sensor_extrinsic/lidar_extrinsic_publisher" to ""
[19.341s] Invoked command in '/root/nav/livox_ws/src/build/sensor_extrinsic' returned '0': CMAKE_PREFIX_PATH=/opt/ros/humble /usr/bin/cmake --install /root/nav/livox_ws/src/build/sensor_extrinsic
