[0.693s] DEBUG:colcon:Command line arguments: ['/usr/bin/colcon', 'build', '--packages-select', 'sensor_extrinsic']
[0.695s] DEBUG:colcon:Parsed command line arguments: Namespace(log_base=None, log_level=None, verb_name='build', build_base='build', install_base='install', merge_install=False, symlink_install=False, test_result_base=None, continue_on_error=False, executor='parallel', parallel_workers=8, event_handlers=None, ignore_user_meta=False, metas=['./colcon.meta'], base_paths=['.'], packages_ignore=None, packages_ignore_regex=None, paths=None, packages_up_to=None, packages_up_to_regex=None, packages_above=None, packages_above_and_dependencies=None, packages_above_depth=None, packages_select_by_dep=None, packages_skip_by_dep=None, packages_skip_up_to=None, packages_select_build_failed=False, packages_skip_build_finished=False, packages_select_test_failures=False, packages_skip_test_passed=False, packages_select=['sensor_extrinsic'], packages_skip=None, packages_select_regex=None, packages_skip_regex=None, packages_start=None, packages_end=None, allow_overriding=[], cmake_args=None, cmake_target=None, cmake_target_skip_unavailable=False, cmake_clean_cache=False, cmake_clean_first=False, cmake_force_configure=False, ament_cmake_args=None, catkin_cmake_args=None, catkin_skip_building_tests=False, verb_parser=<colcon_defaults.argument_parser.defaults.DefaultArgumentsDecorator object at 0x7fb9efbca0>, verb_extension=<colcon_core.verb.build.BuildVerb object at 0x7fb9efb820>, main=<bound method BuildVerb.main of <colcon_core.verb.build.BuildVerb object at 0x7fb9efb820>>)
[1.178s] Level 1:colcon.colcon_core.package_discovery:discover_packages(colcon_meta) check parameters
[1.181s] Level 1:colcon.colcon_core.package_discovery:discover_packages(recursive) check parameters
[1.182s] Level 1:colcon.colcon_core.package_discovery:discover_packages(ignore) check parameters
[1.184s] Level 1:colcon.colcon_core.package_discovery:discover_packages(path) check parameters
[1.186s] Level 1:colcon.colcon_core.package_discovery:discover_packages(colcon_meta) discover
[1.188s] Level 1:colcon.colcon_core.package_discovery:discover_packages(recursive) discover
[1.190s] INFO:colcon.colcon_core.package_discovery:Crawling recursively for packages in '/root/nav/livox_ws/src'
[1.193s] Level 1:colcon.colcon_core.package_identification:_identify(.) by extensions ['ignore', 'ignore_ament_install']
[1.195s] Level 1:colcon.colcon_core.package_identification:_identify(.) by extension 'ignore'
[1.197s] Level 1:colcon.colcon_core.package_identification:_identify(.) by extension 'ignore_ament_install'
[1.198s] Level 1:colcon.colcon_core.package_identification:_identify(.) by extensions ['colcon_pkg']
[1.200s] Level 1:colcon.colcon_core.package_identification:_identify(.) by extension 'colcon_pkg'
[1.201s] Level 1:colcon.colcon_core.package_identification:_identify(.) by extensions ['colcon_meta']
[1.203s] Level 1:colcon.colcon_core.package_identification:_identify(.) by extension 'colcon_meta'
[1.205s] Level 1:colcon.colcon_core.package_identification:_identify(.) by extensions ['ros']
[1.206s] Level 1:colcon.colcon_core.package_identification:_identify(.) by extension 'ros'
[1.246s] Level 1:colcon.colcon_core.package_identification:_identify(.) by extensions ['cmake', 'python']
[1.248s] Level 1:colcon.colcon_core.package_identification:_identify(.) by extension 'cmake'
[1.251s] Level 1:colcon.colcon_core.package_identification:_identify(.) by extension 'python'
[1.253s] Level 1:colcon.colcon_core.package_identification:_identify(.) by extensions ['python_setup_py']
[1.255s] Level 1:colcon.colcon_core.package_identification:_identify(.) by extension 'python_setup_py'
[1.257s] Level 1:colcon.colcon_core.package_identification:_identify(3D-Nav-Dynamic-EGO) by extensions ['ignore', 'ignore_ament_install']
[1.260s] Level 1:colcon.colcon_core.package_identification:_identify(3D-Nav-Dynamic-EGO) by extension 'ignore'
[1.262s] Level 1:colcon.colcon_core.package_identification:_identify(3D-Nav-Dynamic-EGO) by extension 'ignore_ament_install'
[1.264s] Level 1:colcon.colcon_core.package_identification:_identify(3D-Nav-Dynamic-EGO) by extensions ['colcon_pkg']
[1.266s] Level 1:colcon.colcon_core.package_identification:_identify(3D-Nav-Dynamic-EGO) by extension 'colcon_pkg'
[1.267s] Level 1:colcon.colcon_core.package_identification:_identify(3D-Nav-Dynamic-EGO) by extensions ['colcon_meta']
[1.269s] Level 1:colcon.colcon_core.package_identification:_identify(3D-Nav-Dynamic-EGO) by extension 'colcon_meta'
[1.270s] Level 1:colcon.colcon_core.package_identification:_identify(3D-Nav-Dynamic-EGO) by extensions ['ros']
[1.272s] Level 1:colcon.colcon_core.package_identification:_identify(3D-Nav-Dynamic-EGO) by extension 'ros'
[1.273s] Level 1:colcon.colcon_core.package_identification:_identify(3D-Nav-Dynamic-EGO) by extensions ['cmake', 'python']
[1.274s] Level 1:colcon.colcon_core.package_identification:_identify(3D-Nav-Dynamic-EGO) by extension 'cmake'
[1.390s] Level 1:colcon.colcon_core.package_identification:_identify(3D-Nav-Dynamic-EGO) by extension 'python'
[1.393s] DEBUG:colcon.colcon_core.package_identification:Package '3D-Nav-Dynamic-EGO' with type 'cmake' and name 'nav3d_octomap_ego_nav'
[1.396s] Level 1:colcon.colcon_core.package_identification:_identify(FASTLIO2_ROS2-main) by extensions ['ignore', 'ignore_ament_install']
[1.398s] Level 1:colcon.colcon_core.package_identification:_identify(FASTLIO2_ROS2-main) by extension 'ignore'
[1.400s] Level 1:colcon.colcon_core.package_identification:_identify(FASTLIO2_ROS2-main) by extension 'ignore_ament_install'
[1.402s] Level 1:colcon.colcon_core.package_identification:_identify(FASTLIO2_ROS2-main) by extensions ['colcon_pkg']
[1.404s] Level 1:colcon.colcon_core.package_identification:_identify(FASTLIO2_ROS2-main) by extension 'colcon_pkg'
[1.406s] Level 1:colcon.colcon_core.package_identification:_identify(FASTLIO2_ROS2-main) by extensions ['colcon_meta']
[1.408s] Level 1:colcon.colcon_core.package_identification:_identify(FASTLIO2_ROS2-main) by extension 'colcon_meta'
[1.410s] Level 1:colcon.colcon_core.package_identification:_identify(FASTLIO2_ROS2-main) by extensions ['ros']
[1.411s] Level 1:colcon.colcon_core.package_identification:_identify(FASTLIO2_ROS2-main) by extension 'ros'
[1.413s] Level 1:colcon.colcon_core.package_identification:_identify(FASTLIO2_ROS2-main) by extensions ['cmake', 'python']
[1.414s] Level 1:colcon.colcon_core.package_identification:_identify(FASTLIO2_ROS2-main) by extension 'cmake'
[1.416s] Level 1:colcon.colcon_core.package_identification:_identify(FASTLIO2_ROS2-main) by extension 'python'
[1.417s] Level 1:colcon.colcon_core.package_identification:_identify(FASTLIO2_ROS2-main) by extensions ['python_setup_py']
[1.419s] Level 1:colcon.colcon_core.package_identification:_identify(FASTLIO2_ROS2-main) by extension 'python_setup_py'
[1.420s] Level 1:colcon.colcon_core.package_identification:_identify(FASTLIO2_ROS2-main/fastlio2) by extensions ['ignore', 'ignore_ament_install']
[1.422s] Level 1:colcon.colcon_core.package_identification:_identify(FASTLIO2_ROS2-main/fastlio2) by extension 'ignore'
[1.424s] Level 1:colcon.colcon_core.package_identification:_identify(FASTLIO2_ROS2-main/fastlio2) by extension 'ignore_ament_install'
[1.425s] Level 1:colcon.colcon_core.package_identification:_identify(FASTLIO2_ROS2-main/fastlio2) by extensions ['colcon_pkg']
[1.427s] Level 1:colcon.colcon_core.package_identification:_identify(FASTLIO2_ROS2-main/fastlio2) by extension 'colcon_pkg'
[1.428s] Level 1:colcon.colcon_core.package_identification:_identify(FASTLIO2_ROS2-main/fastlio2) by extensions ['colcon_meta']
[1.429s] Level 1:colcon.colcon_core.package_identification:_identify(FASTLIO2_ROS2-main/fastlio2) by extension 'colcon_meta'
[1.431s] Level 1:colcon.colcon_core.package_identification:_identify(FASTLIO2_ROS2-main/fastlio2) by extensions ['ros']
[1.432s] Level 1:colcon.colcon_core.package_identification:_identify(FASTLIO2_ROS2-main/fastlio2) by extension 'ros'
[1.443s] DEBUG:colcon.colcon_core.package_identification:Package 'FASTLIO2_ROS2-main/fastlio2' with type 'ros.ament_cmake' and name 'fastlio2'
[1.445s] Level 1:colcon.colcon_core.package_identification:_identify(FASTLIO2_ROS2-main/hba) by extensions ['ignore', 'ignore_ament_install']
[1.447s] Level 1:colcon.colcon_core.package_identification:_identify(FASTLIO2_ROS2-main/hba) by extension 'ignore'
[1.449s] Level 1:colcon.colcon_core.package_identification:_identify(FASTLIO2_ROS2-main/hba) by extension 'ignore_ament_install'
[1.451s] Level 1:colcon.colcon_core.package_identification:_identify(FASTLIO2_ROS2-main/hba) by extensions ['colcon_pkg']
[1.453s] Level 1:colcon.colcon_core.package_identification:_identify(FASTLIO2_ROS2-main/hba) by extension 'colcon_pkg'
[1.455s] Level 1:colcon.colcon_core.package_identification:_identify(FASTLIO2_ROS2-main/hba) by extensions ['colcon_meta']
[1.456s] Level 1:colcon.colcon_core.package_identification:_identify(FASTLIO2_ROS2-main/hba) by extension 'colcon_meta'
[1.458s] Level 1:colcon.colcon_core.package_identification:_identify(FASTLIO2_ROS2-main/hba) by extensions ['ros']
[1.460s] Level 1:colcon.colcon_core.package_identification:_identify(FASTLIO2_ROS2-main/hba) by extension 'ros'
[1.467s] DEBUG:colcon.colcon_core.package_identification:Package 'FASTLIO2_ROS2-main/hba' with type 'ros.ament_cmake' and name 'hba'
[1.468s] Level 1:colcon.colcon_core.package_identification:_identify(FASTLIO2_ROS2-main/interface) by extensions ['ignore', 'ignore_ament_install']
[1.470s] Level 1:colcon.colcon_core.package_identification:_identify(FASTLIO2_ROS2-main/interface) by extension 'ignore'
[1.472s] Level 1:colcon.colcon_core.package_identification:_identify(FASTLIO2_ROS2-main/interface) by extension 'ignore_ament_install'
[1.474s] Level 1:colcon.colcon_core.package_identification:_identify(FASTLIO2_ROS2-main/interface) by extensions ['colcon_pkg']
[1.475s] Level 1:colcon.colcon_core.package_identification:_identify(FASTLIO2_ROS2-main/interface) by extension 'colcon_pkg'
[1.477s] Level 1:colcon.colcon_core.package_identification:_identify(FASTLIO2_ROS2-main/interface) by extensions ['colcon_meta']
[1.479s] Level 1:colcon.colcon_core.package_identification:_identify(FASTLIO2_ROS2-main/interface) by extension 'colcon_meta'
[1.481s] Level 1:colcon.colcon_core.package_identification:_identify(FASTLIO2_ROS2-main/interface) by extensions ['ros']
[1.482s] Level 1:colcon.colcon_core.package_identification:_identify(FASTLIO2_ROS2-main/interface) by extension 'ros'
[1.488s] DEBUG:colcon.colcon_core.package_identification:Package 'FASTLIO2_ROS2-main/interface' with type 'ros.ament_cmake' and name 'interface'
[1.491s] Level 1:colcon.colcon_core.package_identification:_identify(FASTLIO2_ROS2-main/localizer) by extensions ['ignore', 'ignore_ament_install']
[1.493s] Level 1:colcon.colcon_core.package_identification:_identify(FASTLIO2_ROS2-main/localizer) by extension 'ignore'
[1.495s] Level 1:colcon.colcon_core.package_identification:_identify(FASTLIO2_ROS2-main/localizer) by extension 'ignore_ament_install'
[1.497s] Level 1:colcon.colcon_core.package_identification:_identify(FASTLIO2_ROS2-main/localizer) by extensions ['colcon_pkg']
[1.498s] Level 1:colcon.colcon_core.package_identification:_identify(FASTLIO2_ROS2-main/localizer) by extension 'colcon_pkg'
[1.500s] Level 1:colcon.colcon_core.package_identification:_identify(FASTLIO2_ROS2-main/localizer) by extensions ['colcon_meta']
[1.502s] Level 1:colcon.colcon_core.package_identification:_identify(FASTLIO2_ROS2-main/localizer) by extension 'colcon_meta'
[1.504s] Level 1:colcon.colcon_core.package_identification:_identify(FASTLIO2_ROS2-main/localizer) by extensions ['ros']
[1.506s] Level 1:colcon.colcon_core.package_identification:_identify(FASTLIO2_ROS2-main/localizer) by extension 'ros'
[1.518s] DEBUG:colcon.colcon_core.package_identification:Package 'FASTLIO2_ROS2-main/localizer' with type 'ros.ament_cmake' and name 'localizer'
[1.520s] Level 1:colcon.colcon_core.package_identification:_identify(FASTLIO2_ROS2-main/pgo) by extensions ['ignore', 'ignore_ament_install']
[1.522s] Level 1:colcon.colcon_core.package_identification:_identify(FASTLIO2_ROS2-main/pgo) by extension 'ignore'
[1.524s] Level 1:colcon.colcon_core.package_identification:_identify(FASTLIO2_ROS2-main/pgo) by extension 'ignore_ament_install'
[1.527s] Level 1:colcon.colcon_core.package_identification:_identify(FASTLIO2_ROS2-main/pgo) by extensions ['colcon_pkg']
[1.528s] Level 1:colcon.colcon_core.package_identification:_identify(FASTLIO2_ROS2-main/pgo) by extension 'colcon_pkg'
[1.530s] Level 1:colcon.colcon_core.package_identification:_identify(FASTLIO2_ROS2-main/pgo) by extensions ['colcon_meta']
[1.532s] Level 1:colcon.colcon_core.package_identification:_identify(FASTLIO2_ROS2-main/pgo) by extension 'colcon_meta'
[1.534s] Level 1:colcon.colcon_core.package_identification:_identify(FASTLIO2_ROS2-main/pgo) by extensions ['ros']
[1.536s] Level 1:colcon.colcon_core.package_identification:_identify(FASTLIO2_ROS2-main/pgo) by extension 'ros'
[1.550s] DEBUG:colcon.colcon_core.package_identification:Package 'FASTLIO2_ROS2-main/pgo' with type 'ros.ament_cmake' and name 'pgo'
[1.552s] Level 1:colcon.colcon_core.package_identification:_identify(SCAN-Planner-Ros2) by extensions ['ignore', 'ignore_ament_install']
[1.554s] Level 1:colcon.colcon_core.package_identification:_identify(SCAN-Planner-Ros2) by extension 'ignore'
[1.556s] Level 1:colcon.colcon_core.package_identification:_identify(SCAN-Planner-Ros2) by extension 'ignore_ament_install'
[1.558s] Level 1:colcon.colcon_core.package_identification:_identify(SCAN-Planner-Ros2) by extensions ['colcon_pkg']
[1.560s] Level 1:colcon.colcon_core.package_identification:_identify(SCAN-Planner-Ros2) by extension 'colcon_pkg'
[1.562s] Level 1:colcon.colcon_core.package_identification:_identify(SCAN-Planner-Ros2) by extensions ['colcon_meta']
[1.564s] Level 1:colcon.colcon_core.package_identification:_identify(SCAN-Planner-Ros2) by extension 'colcon_meta'
[1.566s] Level 1:colcon.colcon_core.package_identification:_identify(SCAN-Planner-Ros2) by extensions ['ros']
[1.568s] Level 1:colcon.colcon_core.package_identification:_identify(SCAN-Planner-Ros2) by extension 'ros'
[1.570s] Level 1:colcon.colcon_core.package_identification:_identify(SCAN-Planner-Ros2) by extensions ['cmake', 'python']
[1.572s] Level 1:colcon.colcon_core.package_identification:_identify(SCAN-Planner-Ros2) by extension 'cmake'
[1.575s] Level 1:colcon.colcon_core.package_identification:_identify(SCAN-Planner-Ros2) by extension 'python'
[1.578s] Level 1:colcon.colcon_core.package_identification:_identify(SCAN-Planner-Ros2) by extensions ['python_setup_py']
[1.580s] Level 1:colcon.colcon_core.package_identification:_identify(SCAN-Planner-Ros2) by extension 'python_setup_py'
[1.582s] Level 1:colcon.colcon_core.package_identification:_identify(SCAN-Planner-Ros2/assets) by extensions ['ignore', 'ignore_ament_install']
[1.584s] Level 1:colcon.colcon_core.package_identification:_identify(SCAN-Planner-Ros2/assets) by extension 'ignore'
[1.585s] Level 1:colcon.colcon_core.package_identification:_identify(SCAN-Planner-Ros2/assets) by extension 'ignore_ament_install'
[1.587s] Level 1:colcon.colcon_core.package_identification:_identify(SCAN-Planner-Ros2/assets) by extensions ['colcon_pkg']
[1.588s] Level 1:colcon.colcon_core.package_identification:_identify(SCAN-Planner-Ros2/assets) by extension 'colcon_pkg'
[1.591s] Level 1:colcon.colcon_core.package_identification:_identify(SCAN-Planner-Ros2/assets) by extensions ['colcon_meta']
[1.592s] Level 1:colcon.colcon_core.package_identification:_identify(SCAN-Planner-Ros2/assets) by extension 'colcon_meta'
[1.594s] Level 1:colcon.colcon_core.package_identification:_identify(SCAN-Planner-Ros2/assets) by extensions ['ros']
[1.596s] Level 1:colcon.colcon_core.package_identification:_identify(SCAN-Planner-Ros2/assets) by extension 'ros'
[1.598s] Level 1:colcon.colcon_core.package_identification:_identify(SCAN-Planner-Ros2/assets) by extensions ['cmake', 'python']
[1.600s] Level 1:colcon.colcon_core.package_identification:_identify(SCAN-Planner-Ros2/assets) by extension 'cmake'
[1.602s] Level 1:colcon.colcon_core.package_identification:_identify(SCAN-Planner-Ros2/assets) by extension 'python'
[1.604s] Level 1:colcon.colcon_core.package_identification:_identify(SCAN-Planner-Ros2/assets) by extensions ['python_setup_py']
[1.606s] Level 1:colcon.colcon_core.package_identification:_identify(SCAN-Planner-Ros2/assets) by extension 'python_setup_py'
[1.691s] Level 1:colcon.colcon_core.package_identification:_identify(SCAN-Planner-Ros2/assets/gif) by extensions ['ignore', 'ignore_ament_install']
[1.695s] Level 1:colcon.colcon_core.package_identification:_identify(SCAN-Planner-Ros2/assets/gif) by extension 'ignore'
[1.698s] Level 1:colcon.colcon_core.package_identification:_identify(SCAN-Planner-Ros2/assets/gif) by extension 'ignore_ament_install'
[1.702s] Level 1:colcon.colcon_core.package_identification:_identify(SCAN-Planner-Ros2/assets/gif) by extensions ['colcon_pkg']
[1.705s] Level 1:colcon.colcon_core.package_identification:_identify(SCAN-Planner-Ros2/assets/gif) by extension 'colcon_pkg'
[1.708s] Level 1:colcon.colcon_core.package_identification:_identify(SCAN-Planner-Ros2/assets/gif) by extensions ['colcon_meta']
[1.711s] Level 1:colcon.colcon_core.package_identification:_identify(SCAN-Planner-Ros2/assets/gif) by extension 'colcon_meta'
[1.713s] Level 1:colcon.colcon_core.package_identification:_identify(SCAN-Planner-Ros2/assets/gif) by extensions ['ros']
[1.716s] Level 1:colcon.colcon_core.package_identification:_identify(SCAN-Planner-Ros2/assets/gif) by extension 'ros'
[1.719s] Level 1:colcon.colcon_core.package_identification:_identify(SCAN-Planner-Ros2/assets/gif) by extensions ['cmake', 'python']
[1.721s] Level 1:colcon.colcon_core.package_identification:_identify(SCAN-Planner-Ros2/assets/gif) by extension 'cmake'
[1.723s] Level 1:colcon.colcon_core.package_identification:_identify(SCAN-Planner-Ros2/assets/gif) by extension 'python'
[1.724s] Level 1:colcon.colcon_core.package_identification:_identify(SCAN-Planner-Ros2/assets/gif) by extensions ['python_setup_py']
[1.726s] Level 1:colcon.colcon_core.package_identification:_identify(SCAN-Planner-Ros2/assets/gif) by extension 'python_setup_py'
[1.728s] Level 1:colcon.colcon_core.package_identification:_identify(SCAN-Planner-Ros2/assets/images) by extensions ['ignore', 'ignore_ament_install']
[1.730s] Level 1:colcon.colcon_core.package_identification:_identify(SCAN-Planner-Ros2/assets/images) by extension 'ignore'
[1.732s] Level 1:colcon.colcon_core.package_identification:_identify(SCAN-Planner-Ros2/assets/images) by extension 'ignore_ament_install'
[1.734s] Level 1:colcon.colcon_core.package_identification:_identify(SCAN-Planner-Ros2/assets/images) by extensions ['colcon_pkg']
[1.736s] Level 1:colcon.colcon_core.package_identification:_identify(SCAN-Planner-Ros2/assets/images) by extension 'colcon_pkg'
[1.738s] Level 1:colcon.colcon_core.package_identification:_identify(SCAN-Planner-Ros2/assets/images) by extensions ['colcon_meta']
[1.739s] Level 1:colcon.colcon_core.package_identification:_identify(SCAN-Planner-Ros2/assets/images) by extension 'colcon_meta'
[1.741s] Level 1:colcon.colcon_core.package_identification:_identify(SCAN-Planner-Ros2/assets/images) by extensions ['ros']
[1.742s] Level 1:colcon.colcon_core.package_identification:_identify(SCAN-Planner-Ros2/assets/images) by extension 'ros'
[1.744s] Level 1:colcon.colcon_core.package_identification:_identify(SCAN-Planner-Ros2/assets/images) by extensions ['cmake', 'python']
[1.746s] Level 1:colcon.colcon_core.package_identification:_identify(SCAN-Planner-Ros2/assets/images) by extension 'cmake'
[1.747s] Level 1:colcon.colcon_core.package_identification:_identify(SCAN-Planner-Ros2/assets/images) by extension 'python'
[1.749s] Level 1:colcon.colcon_core.package_identification:_identify(SCAN-Planner-Ros2/assets/images) by extensions ['python_setup_py']
[1.751s] Level 1:colcon.colcon_core.package_identification:_identify(SCAN-Planner-Ros2/assets/images) by extension 'python_setup_py'
[1.754s] Level 1:colcon.colcon_core.package_identification:_identify(SCAN-Planner-Ros2/build) by extensions ['ignore', 'ignore_ament_install']
[1.756s] Level 1:colcon.colcon_core.package_identification:_identify(SCAN-Planner-Ros2/build) by extension 'ignore'
[1.758s] Level 1:colcon.colcon_core.package_identification:_identify(SCAN-Planner-Ros2/build) ignored
[1.760s] Level 1:colcon.colcon_core.package_identification:_identify(SCAN-Planner-Ros2/install) by extensions ['ignore', 'ignore_ament_install']
[1.845s] Level 1:colcon.colcon_core.package_identification:_identify(SCAN-Planner-Ros2/install) by extension 'ignore'
[1.848s] Level 1:colcon.colcon_core.package_identification:_identify(SCAN-Planner-Ros2/install) ignored
[1.853s] Level 1:colcon.colcon_core.package_identification:_identify(SCAN-Planner-Ros2/log) by extensions ['ignore', 'ignore_ament_install']
[1.857s] Level 1:colcon.colcon_core.package_identification:_identify(SCAN-Planner-Ros2/log) by extension 'ignore'
[1.860s] Level 1:colcon.colcon_core.package_identification:_identify(SCAN-Planner-Ros2/log) ignored
[1.864s] Level 1:colcon.colcon_core.package_identification:_identify(SCAN-Planner-Ros2/src) by extensions ['ignore', 'ignore_ament_install']
[1.868s] Level 1:colcon.colcon_core.package_identification:_identify(SCAN-Planner-Ros2/src) by extension 'ignore'
[1.871s] Level 1:colcon.colcon_core.package_identification:_identify(SCAN-Planner-Ros2/src) by extension 'ignore_ament_install'
[1.875s] Level 1:colcon.colcon_core.package_identification:_identify(SCAN-Planner-Ros2/src) by extensions ['colcon_pkg']
[1.878s] Level 1:colcon.colcon_core.package_identification:_identify(SCAN-Planner-Ros2/src) by extension 'colcon_pkg'
[1.881s] Level 1:colcon.colcon_core.package_identification:_identify(SCAN-Planner-Ros2/src) by extensions ['colcon_meta']
[1.884s] Level 1:colcon.colcon_core.package_identification:_identify(SCAN-Planner-Ros2/src) by extension 'colcon_meta'
[1.891s] Level 1:colcon.colcon_core.package_identification:_identify(SCAN-Planner-Ros2/src) by extensions ['ros']
[1.893s] Level 1:colcon.colcon_core.package_identification:_identify(SCAN-Planner-Ros2/src) by extension 'ros'
[1.906s] Level 1:colcon.colcon_core.package_identification:_identify(SCAN-Planner-Ros2/src) by extensions ['cmake', 'python']
[1.908s] Level 1:colcon.colcon_core.package_identification:_identify(SCAN-Planner-Ros2/src) by extension 'cmake'
[1.915s] Level 1:colcon.colcon_core.package_identification:_identify(SCAN-Planner-Ros2/src) by extension 'python'
[1.917s] Level 1:colcon.colcon_core.package_identification:_identify(SCAN-Planner-Ros2/src) by extensions ['python_setup_py']
[1.919s] Level 1:colcon.colcon_core.package_identification:_identify(SCAN-Planner-Ros2/src) by extension 'python_setup_py'
[1.922s] Level 1:colcon.colcon_core.package_identification:_identify(SCAN-Planner-Ros2/src/planner) by extensions ['ignore', 'ignore_ament_install']
[1.924s] Level 1:colcon.colcon_core.package_identification:_identify(SCAN-Planner-Ros2/src/planner) by extension 'ignore'
[1.926s] Level 1:colcon.colcon_core.package_identification:_identify(SCAN-Planner-Ros2/src/planner) by extension 'ignore_ament_install'
[1.928s] Level 1:colcon.colcon_core.package_identification:_identify(SCAN-Planner-Ros2/src/planner) by extensions ['colcon_pkg']
[1.930s] Level 1:colcon.colcon_core.package_identification:_identify(SCAN-Planner-Ros2/src/planner) by extension 'colcon_pkg'
[1.931s] Level 1:colcon.colcon_core.package_identification:_identify(SCAN-Planner-Ros2/src/planner) by extensions ['colcon_meta']
[1.933s] Level 1:colcon.colcon_core.package_identification:_identify(SCAN-Planner-Ros2/src/planner) by extension 'colcon_meta'
[1.956s] Level 1:colcon.colcon_core.package_identification:_identify(SCAN-Planner-Ros2/src/planner) by extensions ['ros']
[1.958s] Level 1:colcon.colcon_core.package_identification:_identify(SCAN-Planner-Ros2/src/planner) by extension 'ros'
[1.961s] Level 1:colcon.colcon_core.package_identification:_identify(SCAN-Planner-Ros2/src/planner) by extensions ['cmake', 'python']
[1.962s] Level 1:colcon.colcon_core.package_identification:_identify(SCAN-Planner-Ros2/src/planner) by extension 'cmake'
[1.964s] Level 1:colcon.colcon_core.package_identification:_identify(SCAN-Planner-Ros2/src/planner) by extension 'python'
[1.966s] Level 1:colcon.colcon_core.package_identification:_identify(SCAN-Planner-Ros2/src/planner) by extensions ['python_setup_py']
[1.968s] Level 1:colcon.colcon_core.package_identification:_identify(SCAN-Planner-Ros2/src/planner) by extension 'python_setup_py'
[2.052s] Level 1:colcon.colcon_core.package_identification:_identify(SCAN-Planner-Ros2/src/planner/bspline_opt) by extensions ['ignore', 'ignore_ament_install']
[2.055s] Level 1:colcon.colcon_core.package_identification:_identify(SCAN-Planner-Ros2/src/planner/bspline_opt) by extension 'ignore'
[2.057s] Level 1:colcon.colcon_core.package_identification:_identify(SCAN-Planner-Ros2/src/planner/bspline_opt) by extension 'ignore_ament_install'
[2.059s] Level 1:colcon.colcon_core.package_identification:_identify(SCAN-Planner-Ros2/src/planner/bspline_opt) by extensions ['colcon_pkg']
[2.061s] Level 1:colcon.colcon_core.package_identification:_identify(SCAN-Planner-Ros2/src/planner/bspline_opt) by extension 'colcon_pkg'
[2.063s] Level 1:colcon.colcon_core.package_identification:_identify(SCAN-Planner-Ros2/src/planner/bspline_opt) by extensions ['colcon_meta']
[2.065s] Level 1:colcon.colcon_core.package_identification:_identify(SCAN-Planner-Ros2/src/planner/bspline_opt) by extension 'colcon_meta'
[2.069s] Level 1:colcon.colcon_core.package_identification:_identify(SCAN-Planner-Ros2/src/planner/bspline_opt) by extensions ['ros']
[2.072s] Level 1:colcon.colcon_core.package_identification:_identify(SCAN-Planner-Ros2/src/planner/bspline_opt) by extension 'ros'
[2.087s] DEBUG:colcon.colcon_core.package_identification:Package 'SCAN-Planner-Ros2/src/planner/bspline_opt' with type 'ros.ament_cmake' and name 'bspline_opt'
[2.091s] Level 1:colcon.colcon_core.package_identification:_identify(SCAN-Planner-Ros2/src/planner/path_searching) by extensions ['ignore', 'ignore_ament_install']
[2.094s] Level 1:colcon.colcon_core.package_identification:_identify(SCAN-Planner-Ros2/src/planner/path_searching) by extension 'ignore'
[2.099s] Level 1:colcon.colcon_core.package_identification:_identify(SCAN-Planner-Ros2/src/planner/path_searching) by extension 'ignore_ament_install'
[2.103s] Level 1:colcon.colcon_core.package_identification:_identify(SCAN-Planner-Ros2/src/planner/path_searching) by extensions ['colcon_pkg']
[2.106s] Level 1:colcon.colcon_core.package_identification:_identify(SCAN-Planner-Ros2/src/planner/path_searching) by extension 'colcon_pkg'
[2.110s] Level 1:colcon.colcon_core.package_identification:_identify(SCAN-Planner-Ros2/src/planner/path_searching) by extensions ['colcon_meta']
[2.113s] Level 1:colcon.colcon_core.package_identification:_identify(SCAN-Planner-Ros2/src/planner/path_searching) by extension 'colcon_meta'
[2.117s] Level 1:colcon.colcon_core.package_identification:_identify(SCAN-Planner-Ros2/src/planner/path_searching) by extensions ['ros']
[2.120s] Level 1:colcon.colcon_core.package_identification:_identify(SCAN-Planner-Ros2/src/planner/path_searching) by extension 'ros'
[2.137s] DEBUG:colcon.colcon_core.package_identification:Package 'SCAN-Planner-Ros2/src/planner/path_searching' with type 'ros.ament_cmake' and name 'path_searching'
[2.140s] Level 1:colcon.colcon_core.package_identification:_identify(SCAN-Planner-Ros2/src/planner/plan_env) by extensions ['ignore', 'ignore_ament_install']
[2.142s] Level 1:colcon.colcon_core.package_identification:_identify(SCAN-Planner-Ros2/src/planner/plan_env) by extension 'ignore'
[2.144s] Level 1:colcon.colcon_core.package_identification:_identify(SCAN-Planner-Ros2/src/planner/plan_env) by extension 'ignore_ament_install'
[2.146s] Level 1:colcon.colcon_core.package_identification:_identify(SCAN-Planner-Ros2/src/planner/plan_env) by extensions ['colcon_pkg']
[2.147s] Level 1:colcon.colcon_core.package_identification:_identify(SCAN-Planner-Ros2/src/planner/plan_env) by extension 'colcon_pkg'
[2.150s] Level 1:colcon.colcon_core.package_identification:_identify(SCAN-Planner-Ros2/src/planner/plan_env) by extensions ['colcon_meta']
[2.152s] Level 1:colcon.colcon_core.package_identification:_identify(SCAN-Planner-Ros2/src/planner/plan_env) by extension 'colcon_meta'
[2.155s] Level 1:colcon.colcon_core.package_identification:_identify(SCAN-Planner-Ros2/src/planner/plan_env) by extensions ['ros']
[2.158s] Level 1:colcon.colcon_core.package_identification:_identify(SCAN-Planner-Ros2/src/planner/plan_env) by extension 'ros'
[2.271s] DEBUG:colcon.colcon_core.package_identification:Package 'SCAN-Planner-Ros2/src/planner/plan_env' with type 'ros.ament_cmake' and name 'plan_env'
[2.276s] Level 1:colcon.colcon_core.package_identification:_identify(SCAN-Planner-Ros2/src/planner/plan_manage) by extensions ['ignore', 'ignore_ament_install']
[2.280s] Level 1:colcon.colcon_core.package_identification:_identify(SCAN-Planner-Ros2/src/planner/plan_manage) by extension 'ignore'
[2.282s] Level 1:colcon.colcon_core.package_identification:_identify(SCAN-Planner-Ros2/src/planner/plan_manage) by extension 'ignore_ament_install'
[2.284s] Level 1:colcon.colcon_core.package_identification:_identify(SCAN-Planner-Ros2/src/planner/plan_manage) by extensions ['colcon_pkg']
[2.286s] Level 1:colcon.colcon_core.package_identification:_identify(SCAN-Planner-Ros2/src/planner/plan_manage) by extension 'colcon_pkg'
[2.288s] Level 1:colcon.colcon_core.package_identification:_identify(SCAN-Planner-Ros2/src/planner/plan_manage) by extensions ['colcon_meta']
[2.289s] Level 1:colcon.colcon_core.package_identification:_identify(SCAN-Planner-Ros2/src/planner/plan_manage) by extension 'colcon_meta'
[2.291s] Level 1:colcon.colcon_core.package_identification:_identify(SCAN-Planner-Ros2/src/planner/plan_manage) by extensions ['ros']
[2.293s] Level 1:colcon.colcon_core.package_identification:_identify(SCAN-Planner-Ros2/src/planner/plan_manage) by extension 'ros'
[2.316s] DEBUG:colcon.colcon_core.package_identification:Package 'SCAN-Planner-Ros2/src/planner/plan_manage' with type 'ros.ament_cmake' and name 'scan_planner'
[2.319s] Level 1:colcon.colcon_core.package_identification:_identify(SCAN-Planner-Ros2/src/planner/scan_planner_msgs) by extensions ['ignore', 'ignore_ament_install']
[2.321s] Level 1:colcon.colcon_core.package_identification:_identify(SCAN-Planner-Ros2/src/planner/scan_planner_msgs) by extension 'ignore'
[2.324s] Level 1:colcon.colcon_core.package_identification:_identify(SCAN-Planner-Ros2/src/planner/scan_planner_msgs) by extension 'ignore_ament_install'
[2.327s] Level 1:colcon.colcon_core.package_identification:_identify(SCAN-Planner-Ros2/src/planner/scan_planner_msgs) by extensions ['colcon_pkg']
[2.329s] Level 1:colcon.colcon_core.package_identification:_identify(SCAN-Planner-Ros2/src/planner/scan_planner_msgs) by extension 'colcon_pkg'
[2.332s] Level 1:colcon.colcon_core.package_identification:_identify(SCAN-Planner-Ros2/src/planner/scan_planner_msgs) by extensions ['colcon_meta']
[2.334s] Level 1:colcon.colcon_core.package_identification:_identify(SCAN-Planner-Ros2/src/planner/scan_planner_msgs) by extension 'colcon_meta'
[2.337s] Level 1:colcon.colcon_core.package_identification:_identify(SCAN-Planner-Ros2/src/planner/scan_planner_msgs) by extensions ['ros']
[2.339s] Level 1:colcon.colcon_core.package_identification:_identify(SCAN-Planner-Ros2/src/planner/scan_planner_msgs) by extension 'ros'
[2.351s] DEBUG:colcon.colcon_core.package_identification:Package 'SCAN-Planner-Ros2/src/planner/scan_planner_msgs' with type 'ros.ament_cmake' and name 'scan_planner_msgs'
[2.354s] Level 1:colcon.colcon_core.package_identification:_identify(SCAN-Planner-Ros2/src/planner/traj_utils) by extensions ['ignore', 'ignore_ament_install']
[2.357s] Level 1:colcon.colcon_core.package_identification:_identify(SCAN-Planner-Ros2/src/planner/traj_utils) by extension 'ignore'
[2.360s] Level 1:colcon.colcon_core.package_identification:_identify(SCAN-Planner-Ros2/src/planner/traj_utils) by extension 'ignore_ament_install'
[2.363s] Level 1:colcon.colcon_core.package_identification:_identify(SCAN-Planner-Ros2/src/planner/traj_utils) by extensions ['colcon_pkg']
[2.366s] Level 1:colcon.colcon_core.package_identification:_identify(SCAN-Planner-Ros2/src/planner/traj_utils) by extension 'colcon_pkg'
[2.369s] Level 1:colcon.colcon_core.package_identification:_identify(SCAN-Planner-Ros2/src/planner/traj_utils) by extensions ['colcon_meta']
[2.372s] Level 1:colcon.colcon_core.package_identification:_identify(SCAN-Planner-Ros2/src/planner/traj_utils) by extension 'colcon_meta'
[2.454s] Level 1:colcon.colcon_core.package_identification:_identify(SCAN-Planner-Ros2/src/planner/traj_utils) by extensions ['ros']
[2.456s] Level 1:colcon.colcon_core.package_identification:_identify(SCAN-Planner-Ros2/src/planner/traj_utils) by extension 'ros'
[2.476s] DEBUG:colcon.colcon_core.package_identification:Package 'SCAN-Planner-Ros2/src/planner/traj_utils' with type 'ros.ament_cmake' and name 'traj_utils'
[2.480s] Level 1:colcon.colcon_core.package_identification:_identify(SCAN-Planner-Ros2/src/simulator) by extensions ['ignore', 'ignore_ament_install']
[2.483s] Level 1:colcon.colcon_core.package_identification:_identify(SCAN-Planner-Ros2/src/simulator) by extension 'ignore'
[2.485s] Level 1:colcon.colcon_core.package_identification:_identify(SCAN-Planner-Ros2/src/simulator) by extension 'ignore_ament_install'
[2.486s] Level 1:colcon.colcon_core.package_identification:_identify(SCAN-Planner-Ros2/src/simulator) by extensions ['colcon_pkg']
[2.488s] Level 1:colcon.colcon_core.package_identification:_identify(SCAN-Planner-Ros2/src/simulator) by extension 'colcon_pkg'
[2.489s] Level 1:colcon.colcon_core.package_identification:_identify(SCAN-Planner-Ros2/src/simulator) by extensions ['colcon_meta']
[2.491s] Level 1:colcon.colcon_core.package_identification:_identify(SCAN-Planner-Ros2/src/simulator) by extension 'colcon_meta'
[2.493s] Level 1:colcon.colcon_core.package_identification:_identify(SCAN-Planner-Ros2/src/simulator) by extensions ['ros']
[2.496s] Level 1:colcon.colcon_core.package_identification:_identify(SCAN-Planner-Ros2/src/simulator) by extension 'ros'
[2.501s] Level 1:colcon.colcon_core.package_identification:_identify(SCAN-Planner-Ros2/src/simulator) by extensions ['cmake', 'python']
[2.504s] Level 1:colcon.colcon_core.package_identification:_identify(SCAN-Planner-Ros2/src/simulator) by extension 'cmake'
[2.507s] Level 1:colcon.colcon_core.package_identification:_identify(SCAN-Planner-Ros2/src/simulator) by extension 'python'
[2.509s] Level 1:colcon.colcon_core.package_identification:_identify(SCAN-Planner-Ros2/src/simulator) by extensions ['python_setup_py']
[2.511s] Level 1:colcon.colcon_core.package_identification:_identify(SCAN-Planner-Ros2/src/simulator) by extension 'python_setup_py'
[2.513s] Level 1:colcon.colcon_core.package_identification:_identify(SCAN-Planner-Ros2/src/simulator/Utils) by extensions ['ignore', 'ignore_ament_install']
[2.515s] Level 1:colcon.colcon_core.package_identification:_identify(SCAN-Planner-Ros2/src/simulator/Utils) by extension 'ignore'
[2.517s] Level 1:colcon.colcon_core.package_identification:_identify(SCAN-Planner-Ros2/src/simulator/Utils) by extension 'ignore_ament_install'
[2.518s] Level 1:colcon.colcon_core.package_identification:_identify(SCAN-Planner-Ros2/src/simulator/Utils) by extensions ['colcon_pkg']
[2.520s] Level 1:colcon.colcon_core.package_identification:_identify(SCAN-Planner-Ros2/src/simulator/Utils) by extension 'colcon_pkg'
[2.521s] Level 1:colcon.colcon_core.package_identification:_identify(SCAN-Planner-Ros2/src/simulator/Utils) by extensions ['colcon_meta']
[2.523s] Level 1:colcon.colcon_core.package_identification:_identify(SCAN-Planner-Ros2/src/simulator/Utils) by extension 'colcon_meta'
[2.525s] Level 1:colcon.colcon_core.package_identification:_identify(SCAN-Planner-Ros2/src/simulator/Utils) by extensions ['ros']
[2.527s] Level 1:colcon.colcon_core.package_identification:_identify(SCAN-Planner-Ros2/src/simulator/Utils) by extension 'ros'
[2.531s] Level 1:colcon.colcon_core.package_identification:_identify(SCAN-Planner-Ros2/src/simulator/Utils) by extensions ['cmake', 'python']
[2.534s] Level 1:colcon.colcon_core.package_identification:_identify(SCAN-Planner-Ros2/src/simulator/Utils) by extension 'cmake'
[2.538s] Level 1:colcon.colcon_core.package_identification:_identify(SCAN-Planner-Ros2/src/simulator/Utils) by extension 'python'
[2.542s] Level 1:colcon.colcon_core.package_identification:_identify(SCAN-Planner-Ros2/src/simulator/Utils) by extensions ['python_setup_py']
[2.626s] Level 1:colcon.colcon_core.package_identification:_identify(SCAN-Planner-Ros2/src/simulator/Utils) by extension 'python_setup_py'
[2.631s] Level 1:colcon.colcon_core.package_identification:_identify(SCAN-Planner-Ros2/src/simulator/Utils/go2_description) by extensions ['ignore', 'ignore_ament_install']
[2.636s] Level 1:colcon.colcon_core.package_identification:_identify(SCAN-Planner-Ros2/src/simulator/Utils/go2_description) by extension 'ignore'
[2.639s] Level 1:colcon.colcon_core.package_identification:_identify(SCAN-Planner-Ros2/src/simulator/Utils/go2_description) by extension 'ignore_ament_install'
[2.643s] Level 1:colcon.colcon_core.package_identification:_identify(SCAN-Planner-Ros2/src/simulator/Utils/go2_description) by extensions ['colcon_pkg']
[2.646s] Level 1:colcon.colcon_core.package_identification:_identify(SCAN-Planner-Ros2/src/simulator/Utils/go2_description) by extension 'colcon_pkg'
[2.650s] Level 1:colcon.colcon_core.package_identification:_identify(SCAN-Planner-Ros2/src/simulator/Utils/go2_description) by extensions ['colcon_meta']
[2.653s] Level 1:colcon.colcon_core.package_identification:_identify(SCAN-Planner-Ros2/src/simulator/Utils/go2_description) by extension 'colcon_meta'
[2.657s] Level 1:colcon.colcon_core.package_identification:_identify(SCAN-Planner-Ros2/src/simulator/Utils/go2_description) by extensions ['ros']
[2.660s] Level 1:colcon.colcon_core.package_identification:_identify(SCAN-Planner-Ros2/src/simulator/Utils/go2_description) by extension 'ros'
[2.679s] DEBUG:colcon.colcon_core.package_identification:Package 'SCAN-Planner-Ros2/src/simulator/Utils/go2_description' with type 'ros.ament_cmake' and name 'go2_description'
[2.682s] Level 1:colcon.colcon_core.package_identification:_identify(SCAN-Planner-Ros2/src/simulator/Utils/odom_visualization) by extensions ['ignore', 'ignore_ament_install']
[2.684s] Level 1:colcon.colcon_core.package_identification:_identify(SCAN-Planner-Ros2/src/simulator/Utils/odom_visualization) by extension 'ignore'
[2.686s] Level 1:colcon.colcon_core.package_identification:_identify(SCAN-Planner-Ros2/src/simulator/Utils/odom_visualization) by extension 'ignore_ament_install'
[2.688s] Level 1:colcon.colcon_core.package_identification:_identify(SCAN-Planner-Ros2/src/simulator/Utils/odom_visualization) by extensions ['colcon_pkg']
[2.689s] Level 1:colcon.colcon_core.package_identification:_identify(SCAN-Planner-Ros2/src/simulator/Utils/odom_visualization) by extension 'colcon_pkg'
[2.691s] Level 1:colcon.colcon_core.package_identification:_identify(SCAN-Planner-Ros2/src/simulator/Utils/odom_visualization) by extensions ['colcon_meta']
[2.693s] Level 1:colcon.colcon_core.package_identification:_identify(SCAN-Planner-Ros2/src/simulator/Utils/odom_visualization) by extension 'colcon_meta'
[2.696s] Level 1:colcon.colcon_core.package_identification:_identify(SCAN-Planner-Ros2/src/simulator/Utils/odom_visualization) by extensions ['ros']
[2.699s] Level 1:colcon.colcon_core.package_identification:_identify(SCAN-Planner-Ros2/src/simulator/Utils/odom_visualization) by extension 'ros'
[2.710s] DEBUG:colcon.colcon_core.package_identification:Package 'SCAN-Planner-Ros2/src/simulator/Utils/odom_visualization' with type 'ros.ament_cmake' and name 'odom_visualization'
[2.712s] Level 1:colcon.colcon_core.package_identification:_identify(SCAN-Planner-Ros2/src/simulator/Utils/pose_utils) by extensions ['ignore', 'ignore_ament_install']
[2.714s] Level 1:colcon.colcon_core.package_identification:_identify(SCAN-Planner-Ros2/src/simulator/Utils/pose_utils) by extension 'ignore'
[2.717s] Level 1:colcon.colcon_core.package_identification:_identify(SCAN-Planner-Ros2/src/simulator/Utils/pose_utils) by extension 'ignore_ament_install'
[2.720s] Level 1:colcon.colcon_core.package_identification:_identify(SCAN-Planner-Ros2/src/simulator/Utils/pose_utils) by extensions ['colcon_pkg']
[2.723s] Level 1:colcon.colcon_core.package_identification:_identify(SCAN-Planner-Ros2/src/simulator/Utils/pose_utils) by extension 'colcon_pkg'
[2.725s] Level 1:colcon.colcon_core.package_identification:_identify(SCAN-Planner-Ros2/src/simulator/Utils/pose_utils) by extensions ['colcon_meta']
[2.809s] Level 1:colcon.colcon_core.package_identification:_identify(SCAN-Planner-Ros2/src/simulator/Utils/pose_utils) by extension 'colcon_meta'
[2.812s] Level 1:colcon.colcon_core.package_identification:_identify(SCAN-Planner-Ros2/src/simulator/Utils/pose_utils) by extensions ['ros']
[2.815s] Level 1:colcon.colcon_core.package_identification:_identify(SCAN-Planner-Ros2/src/simulator/Utils/pose_utils) by extension 'ros'
[2.830s] DEBUG:colcon.colcon_core.package_identification:Package 'SCAN-Planner-Ros2/src/simulator/Utils/pose_utils' with type 'ros.ament_cmake' and name 'pose_utils'
[2.835s] Level 1:colcon.colcon_core.package_identification:_identify(SCAN-Planner-Ros2/src/simulator/Utils/waypoint_generator) by extensions ['ignore', 'ignore_ament_install']
[2.839s] Level 1:colcon.colcon_core.package_identification:_identify(SCAN-Planner-Ros2/src/simulator/Utils/waypoint_generator) by extension 'ignore'
[2.843s] Level 1:colcon.colcon_core.package_identification:_identify(SCAN-Planner-Ros2/src/simulator/Utils/waypoint_generator) by extension 'ignore_ament_install'
[2.846s] Level 1:colcon.colcon_core.package_identification:_identify(SCAN-Planner-Ros2/src/simulator/Utils/waypoint_generator) by extensions ['colcon_pkg']
[2.849s] Level 1:colcon.colcon_core.package_identification:_identify(SCAN-Planner-Ros2/src/simulator/Utils/waypoint_generator) by extension 'colcon_pkg'
[2.853s] Level 1:colcon.colcon_core.package_identification:_identify(SCAN-Planner-Ros2/src/simulator/Utils/waypoint_generator) by extensions ['colcon_meta']
[2.856s] Level 1:colcon.colcon_core.package_identification:_identify(SCAN-Planner-Ros2/src/simulator/Utils/waypoint_generator) by extension 'colcon_meta'
[2.862s] Level 1:colcon.colcon_core.package_identification:_identify(SCAN-Planner-Ros2/src/simulator/Utils/waypoint_generator) by extensions ['ros']
[2.865s] Level 1:colcon.colcon_core.package_identification:_identify(SCAN-Planner-Ros2/src/simulator/Utils/waypoint_generator) by extension 'ros'
[2.871s] DEBUG:colcon.colcon_core.package_identification:Package 'SCAN-Planner-Ros2/src/simulator/Utils/waypoint_generator' with type 'ros.ament_cmake' and name 'waypoint_generator'
[2.874s] Level 1:colcon.colcon_core.package_identification:_identify(SCAN-Planner-Ros2/src/simulator/local_sensing) by extensions ['ignore', 'ignore_ament_install']
[2.875s] Level 1:colcon.colcon_core.package_identification:_identify(SCAN-Planner-Ros2/src/simulator/local_sensing) by extension 'ignore'
[2.878s] Level 1:colcon.colcon_core.package_identification:_identify(SCAN-Planner-Ros2/src/simulator/local_sensing) by extension 'ignore_ament_install'
[2.881s] Level 1:colcon.colcon_core.package_identification:_identify(SCAN-Planner-Ros2/src/simulator/local_sensing) by extensions ['colcon_pkg']
[2.885s] Level 1:colcon.colcon_core.package_identification:_identify(SCAN-Planner-Ros2/src/simulator/local_sensing) by extension 'colcon_pkg'
[2.888s] Level 1:colcon.colcon_core.package_identification:_identify(SCAN-Planner-Ros2/src/simulator/local_sensing) by extensions ['colcon_meta']
[2.890s] Level 1:colcon.colcon_core.package_identification:_identify(SCAN-Planner-Ros2/src/simulator/local_sensing) by extension 'colcon_meta'
[2.892s] Level 1:colcon.colcon_core.package_identification:_identify(SCAN-Planner-Ros2/src/simulator/local_sensing) by extensions ['ros']
[2.893s] Level 1:colcon.colcon_core.package_identification:_identify(SCAN-Planner-Ros2/src/simulator/local_sensing) by extension 'ros'
[2.902s] DEBUG:colcon.colcon_core.package_identification:Package 'SCAN-Planner-Ros2/src/simulator/local_sensing' with type 'ros.ament_cmake' and name 'local_sensing_node'
[2.904s] Level 1:colcon.colcon_core.package_identification:_identify(SCAN-Planner-Ros2/src/simulator/map_generator) by extensions ['ignore', 'ignore_ament_install']
[2.906s] Level 1:colcon.colcon_core.package_identification:_identify(SCAN-Planner-Ros2/src/simulator/map_generator) by extension 'ignore'
[2.908s] Level 1:colcon.colcon_core.package_identification:_identify(SCAN-Planner-Ros2/src/simulator/map_generator) by extension 'ignore_ament_install'
[2.993s] Level 1:colcon.colcon_core.package_identification:_identify(SCAN-Planner-Ros2/src/simulator/map_generator) by extensions ['colcon_pkg']
[2.996s] Level 1:colcon.colcon_core.package_identification:_identify(SCAN-Planner-Ros2/src/simulator/map_generator) by extension 'colcon_pkg'
[2.999s] Level 1:colcon.colcon_core.package_identification:_identify(SCAN-Planner-Ros2/src/simulator/map_generator) by extensions ['colcon_meta']
[3.002s] Level 1:colcon.colcon_core.package_identification:_identify(SCAN-Planner-Ros2/src/simulator/map_generator) by extension 'colcon_meta'
[3.006s] Level 1:colcon.colcon_core.package_identification:_identify(SCAN-Planner-Ros2/src/simulator/map_generator) by extensions ['ros']
[3.010s] Level 1:colcon.colcon_core.package_identification:_identify(SCAN-Planner-Ros2/src/simulator/map_generator) by extension 'ros'
[3.023s] DEBUG:colcon.colcon_core.package_identification:Package 'SCAN-Planner-Ros2/src/simulator/map_generator' with type 'ros.ament_cmake' and name 'map_generator'
[3.025s] Level 1:colcon.colcon_core.package_identification:_identify(SCAN-Planner-Ros2/src/simulator/mockamap) by extensions ['ignore', 'ignore_ament_install']
[3.028s] Level 1:colcon.colcon_core.package_identification:_identify(SCAN-Planner-Ros2/src/simulator/mockamap) by extension 'ignore'
[3.030s] Level 1:colcon.colcon_core.package_identification:_identify(SCAN-Planner-Ros2/src/simulator/mockamap) by extension 'ignore_ament_install'
[3.032s] Level 1:colcon.colcon_core.package_identification:_identify(SCAN-Planner-Ros2/src/simulator/mockamap) by extensions ['colcon_pkg']
[3.033s] Level 1:colcon.colcon_core.package_identification:_identify(SCAN-Planner-Ros2/src/simulator/mockamap) by extension 'colcon_pkg'
[3.035s] Level 1:colcon.colcon_core.package_identification:_identify(SCAN-Planner-Ros2/src/simulator/mockamap) by extensions ['colcon_meta']
[3.036s] Level 1:colcon.colcon_core.package_identification:_identify(SCAN-Planner-Ros2/src/simulator/mockamap) by extension 'colcon_meta'
[3.038s] Level 1:colcon.colcon_core.package_identification:_identify(SCAN-Planner-Ros2/src/simulator/mockamap) by extensions ['ros']
[3.039s] Level 1:colcon.colcon_core.package_identification:_identify(SCAN-Planner-Ros2/src/simulator/mockamap) by extension 'ros'
[3.047s] DEBUG:colcon.colcon_core.package_identification:Package 'SCAN-Planner-Ros2/src/simulator/mockamap' with type 'ros.ament_cmake' and name 'mockamap'
[3.049s] Level 1:colcon.colcon_core.package_identification:_identify(SCAN-Planner-Ros2/tools) by extensions ['ignore', 'ignore_ament_install']
[3.050s] Level 1:colcon.colcon_core.package_identification:_identify(SCAN-Planner-Ros2/tools) by extension 'ignore'
[3.052s] Level 1:colcon.colcon_core.package_identification:_identify(SCAN-Planner-Ros2/tools) by extension 'ignore_ament_install'
[3.054s] Level 1:colcon.colcon_core.package_identification:_identify(SCAN-Planner-Ros2/tools) by extensions ['colcon_pkg']
[3.056s] Level 1:colcon.colcon_core.package_identification:_identify(SCAN-Planner-Ros2/tools) by extension 'colcon_pkg'
[3.057s] Level 1:colcon.colcon_core.package_identification:_identify(SCAN-Planner-Ros2/tools) by extensions ['colcon_meta']
[3.059s] Level 1:colcon.colcon_core.package_identification:_identify(SCAN-Planner-Ros2/tools) by extension 'colcon_meta'
[3.061s] Level 1:colcon.colcon_core.package_identification:_identify(SCAN-Planner-Ros2/tools) by extensions ['ros']
[3.064s] Level 1:colcon.colcon_core.package_identification:_identify(SCAN-Planner-Ros2/tools) by extension 'ros'
[3.067s] Level 1:colcon.colcon_core.package_identification:_identify(SCAN-Planner-Ros2/tools) by extensions ['cmake', 'python']
[3.070s] Level 1:colcon.colcon_core.package_identification:_identify(SCAN-Planner-Ros2/tools) by extension 'cmake'
[3.071s] Level 1:colcon.colcon_core.package_identification:_identify(SCAN-Planner-Ros2/tools) by extension 'python'
[3.073s] Level 1:colcon.colcon_core.package_identification:_identify(SCAN-Planner-Ros2/tools) by extensions ['python_setup_py']
[3.158s] Level 1:colcon.colcon_core.package_identification:_identify(SCAN-Planner-Ros2/tools) by extension 'python_setup_py'
[3.163s] Level 1:colcon.colcon_core.package_identification:_identify(build) by extensions ['ignore', 'ignore_ament_install']
[3.167s] Level 1:colcon.colcon_core.package_identification:_identify(build) by extension 'ignore'
[3.171s] Level 1:colcon.colcon_core.package_identification:_identify(build) ignored
[3.176s] Level 1:colcon.colcon_core.package_identification:_identify(fast_lio2) by extensions ['ignore', 'ignore_ament_install']
[3.180s] Level 1:colcon.colcon_core.package_identification:_identify(fast_lio2) by extension 'ignore'
[3.183s] Level 1:colcon.colcon_core.package_identification:_identify(fast_lio2) by extension 'ignore_ament_install'
[3.187s] Level 1:colcon.colcon_core.package_identification:_identify(fast_lio2) by extensions ['colcon_pkg']
[3.191s] Level 1:colcon.colcon_core.package_identification:_identify(fast_lio2) by extension 'colcon_pkg'
[3.194s] Level 1:colcon.colcon_core.package_identification:_identify(fast_lio2) by extensions ['colcon_meta']
[3.198s] Level 1:colcon.colcon_core.package_identification:_identify(fast_lio2) by extension 'colcon_meta'
[3.202s] Level 1:colcon.colcon_core.package_identification:_identify(fast_lio2) by extensions ['ros']
[3.206s] Level 1:colcon.colcon_core.package_identification:_identify(fast_lio2) by extension 'ros'
[3.220s] DEBUG:colcon.colcon_core.package_identification:Package 'fast_lio2' with type 'ros.ament_cmake' and name 'fast_lio'
[3.222s] Level 1:colcon.colcon_core.package_identification:_identify(install) by extensions ['ignore', 'ignore_ament_install']
[3.224s] Level 1:colcon.colcon_core.package_identification:_identify(install) by extension 'ignore'
[3.225s] Level 1:colcon.colcon_core.package_identification:_identify(install) ignored
[3.227s] Level 1:colcon.colcon_core.package_identification:_identify(livox_ros_driver2) by extensions ['ignore', 'ignore_ament_install']
[3.229s] Level 1:colcon.colcon_core.package_identification:_identify(livox_ros_driver2) by extension 'ignore'
[3.231s] Level 1:colcon.colcon_core.package_identification:_identify(livox_ros_driver2) by extension 'ignore_ament_install'
[3.235s] Level 1:colcon.colcon_core.package_identification:_identify(livox_ros_driver2) by extensions ['colcon_pkg']
[3.238s] Level 1:colcon.colcon_core.package_identification:_identify(livox_ros_driver2) by extension 'colcon_pkg'
[3.241s] Level 1:colcon.colcon_core.package_identification:_identify(livox_ros_driver2) by extensions ['colcon_meta']
[3.245s] Level 1:colcon.colcon_core.package_identification:_identify(livox_ros_driver2) by extension 'colcon_meta'
[3.247s] Level 1:colcon.colcon_core.package_identification:_identify(livox_ros_driver2) by extensions ['ros']
[3.249s] Level 1:colcon.colcon_core.package_identification:_identify(livox_ros_driver2) by extension 'ros'
[3.258s] DEBUG:colcon.colcon_core.package_identification:Package 'livox_ros_driver2' with type 'ros.ament_cmake' and name 'livox_ros_driver2'
[3.260s] Level 1:colcon.colcon_core.package_identification:_identify(log) by extensions ['ignore', 'ignore_ament_install']
[3.262s] Level 1:colcon.colcon_core.package_identification:_identify(log) by extension 'ignore'
[3.265s] Level 1:colcon.colcon_core.package_identification:_identify(log) ignored
[3.274s] Level 1:colcon.colcon_core.package_identification:_identify(pcd2pgm-main) by extensions ['ignore', 'ignore_ament_install']
[3.277s] Level 1:colcon.colcon_core.package_identification:_identify(pcd2pgm-main) by extension 'ignore'
[3.280s] Level 1:colcon.colcon_core.package_identification:_identify(pcd2pgm-main) by extension 'ignore_ament_install'
[3.283s] Level 1:colcon.colcon_core.package_identification:_identify(pcd2pgm-main) by extensions ['colcon_pkg']
[3.286s] Level 1:colcon.colcon_core.package_identification:_identify(pcd2pgm-main) by extension 'colcon_pkg'
[3.289s] Level 1:colcon.colcon_core.package_identification:_identify(pcd2pgm-main) by extensions ['colcon_meta']
[3.292s] Level 1:colcon.colcon_core.package_identification:_identify(pcd2pgm-main) by extension 'colcon_meta'
[3.376s] Level 1:colcon.colcon_core.package_identification:_identify(pcd2pgm-main) by extensions ['ros']
[3.379s] Level 1:colcon.colcon_core.package_identification:_identify(pcd2pgm-main) by extension 'ros'
[3.401s] DEBUG:colcon.colcon_core.package_identification:Package 'pcd2pgm-main' with type 'ros.ament_cmake' and name 'pcd2pgm'
[3.406s] Level 1:colcon.colcon_core.package_identification:_identify(pcd_height) by extensions ['ignore', 'ignore_ament_install']
[3.410s] Level 1:colcon.colcon_core.package_identification:_identify(pcd_height) by extension 'ignore'
[3.414s] Level 1:colcon.colcon_core.package_identification:_identify(pcd_height) by extension 'ignore_ament_install'
[3.418s] Level 1:colcon.colcon_core.package_identification:_identify(pcd_height) by extensions ['colcon_pkg']
[3.421s] Level 1:colcon.colcon_core.package_identification:_identify(pcd_height) by extension 'colcon_pkg'
[3.425s] Level 1:colcon.colcon_core.package_identification:_identify(pcd_height) by extensions ['colcon_meta']
[3.429s] Level 1:colcon.colcon_core.package_identification:_identify(pcd_height) by extension 'colcon_meta'
[3.433s] Level 1:colcon.colcon_core.package_identification:_identify(pcd_height) by extensions ['ros']
[3.435s] Level 1:colcon.colcon_core.package_identification:_identify(pcd_height) by extension 'ros'
[3.437s] Level 1:colcon.colcon_core.package_identification:_identify(pcd_height) by extensions ['cmake', 'python']
[3.439s] Level 1:colcon.colcon_core.package_identification:_identify(pcd_height) by extension 'cmake'
[3.441s] Level 1:colcon.colcon_core.package_identification:_identify(pcd_height) by extension 'python'
[3.443s] Level 1:colcon.colcon_core.package_identification:_identify(pcd_height) by extensions ['python_setup_py']
[3.444s] Level 1:colcon.colcon_core.package_identification:_identify(pcd_height) by extension 'python_setup_py'
[3.446s] Level 1:colcon.colcon_core.package_identification:_identify(sensor_extrinsic) by extensions ['ignore', 'ignore_ament_install']
[3.448s] Level 1:colcon.colcon_core.package_identification:_identify(sensor_extrinsic) by extension 'ignore'
[3.450s] Level 1:colcon.colcon_core.package_identification:_identify(sensor_extrinsic) by extension 'ignore_ament_install'
[3.452s] Level 1:colcon.colcon_core.package_identification:_identify(sensor_extrinsic) by extensions ['colcon_pkg']
[3.454s] Level 1:colcon.colcon_core.package_identification:_identify(sensor_extrinsic) by extension 'colcon_pkg'
[3.458s] Level 1:colcon.colcon_core.package_identification:_identify(sensor_extrinsic) by extensions ['colcon_meta']
[3.461s] Level 1:colcon.colcon_core.package_identification:_identify(sensor_extrinsic) by extension 'colcon_meta'
[3.464s] Level 1:colcon.colcon_core.package_identification:_identify(sensor_extrinsic) by extensions ['ros']
[3.467s] Level 1:colcon.colcon_core.package_identification:_identify(sensor_extrinsic) by extension 'ros'
[3.475s] DEBUG:colcon.colcon_core.package_identification:Package 'sensor_extrinsic' with type 'ros.ament_cmake' and name 'sensor_extrinsic'
[3.477s] Level 1:colcon.colcon_core.package_identification:_identify(topic_bridge) by extensions ['ignore', 'ignore_ament_install']
[3.478s] Level 1:colcon.colcon_core.package_identification:_identify(topic_bridge) by extension 'ignore'
[3.480s] Level 1:colcon.colcon_core.package_identification:_identify(topic_bridge) by extension 'ignore_ament_install'
[3.482s] Level 1:colcon.colcon_core.package_identification:_identify(topic_bridge) by extensions ['colcon_pkg']
[3.484s] Level 1:colcon.colcon_core.package_identification:_identify(topic_bridge) by extension 'colcon_pkg'
[3.485s] Level 1:colcon.colcon_core.package_identification:_identify(topic_bridge) by extensions ['colcon_meta']
[3.487s] Level 1:colcon.colcon_core.package_identification:_identify(topic_bridge) by extension 'colcon_meta'
[3.489s] Level 1:colcon.colcon_core.package_identification:_identify(topic_bridge) by extensions ['ros']
[3.493s] Level 1:colcon.colcon_core.package_identification:_identify(topic_bridge) by extension 'ros'
[3.593s] DEBUG:colcon.colcon_core.package_identification:Package 'topic_bridge' with type 'ros.ament_cmake' and name 'topic_bridge'
[3.598s] Level 1:colcon.colcon_core.package_identification:_identify(trajectory_tracker) by extensions ['ignore', 'ignore_ament_install']
[3.602s] Level 1:colcon.colcon_core.package_identification:_identify(trajectory_tracker) by extension 'ignore'
[3.606s] Level 1:colcon.colcon_core.package_identification:_identify(trajectory_tracker) by extension 'ignore_ament_install'
[3.610s] Level 1:colcon.colcon_core.package_identification:_identify(trajectory_tracker) by extensions ['colcon_pkg']
[3.613s] Level 1:colcon.colcon_core.package_identification:_identify(trajectory_tracker) by extension 'colcon_pkg'
[3.617s] Level 1:colcon.colcon_core.package_identification:_identify(trajectory_tracker) by extensions ['colcon_meta']
[3.620s] Level 1:colcon.colcon_core.package_identification:_identify(trajectory_tracker) by extension 'colcon_meta'
[3.624s] Level 1:colcon.colcon_core.package_identification:_identify(trajectory_tracker) by extensions ['ros']
[3.627s] Level 1:colcon.colcon_core.package_identification:_identify(trajectory_tracker) by extension 'ros'
[3.639s] DEBUG:colcon.colcon_core.package_identification:Package 'trajectory_tracker' with type 'ros.ament_cmake' and name 'trajectory_tracker'
[3.641s] Level 1:colcon.colcon_core.package_discovery:discover_packages(recursive) using defaults
[3.643s] Level 1:colcon.colcon_core.package_discovery:discover_packages(ignore) discover
[3.645s] Level 1:colcon.colcon_core.package_discovery:discover_packages(ignore) using defaults
[3.647s] Level 1:colcon.colcon_core.package_discovery:discover_packages(path) discover
[3.649s] Level 1:colcon.colcon_core.package_discovery:discover_packages(path) using defaults
[3.851s] INFO:colcon.colcon_core.package_selection:Skipping not selected package 'go2_description' in 'SCAN-Planner-Ros2/src/simulator/Utils/go2_description'
[3.853s] INFO:colcon.colcon_core.package_selection:Skipping not selected package 'interface' in 'FASTLIO2_ROS2-main/interface'
[3.855s] INFO:colcon.colcon_core.package_selection:Skipping not selected package 'livox_ros_driver2' in 'livox_ros_driver2'
[3.857s] INFO:colcon.colcon_core.package_selection:Skipping not selected package 'local_sensing_node' in 'SCAN-Planner-Ros2/src/simulator/local_sensing'
[3.858s] INFO:colcon.colcon_core.package_selection:Skipping not selected package 'map_generator' in 'SCAN-Planner-Ros2/src/simulator/map_generator'
[3.860s] INFO:colcon.colcon_core.package_selection:Skipping not selected package 'mockamap' in 'SCAN-Planner-Ros2/src/simulator/mockamap'
[3.862s] INFO:colcon.colcon_core.package_selection:Skipping not selected package 'nav3d_octomap_ego_nav' in '3D-Nav-Dynamic-EGO'
[3.863s] INFO:colcon.colcon_core.package_selection:Skipping not selected package 'pcd2pgm' in 'pcd2pgm-main'
[3.865s] INFO:colcon.colcon_core.package_selection:Skipping not selected package 'plan_env' in 'SCAN-Planner-Ros2/src/planner/plan_env'
[3.867s] INFO:colcon.colcon_core.package_selection:Skipping not selected package 'pose_utils' in 'SCAN-Planner-Ros2/src/simulator/Utils/pose_utils'
[3.868s] INFO:colcon.colcon_core.package_selection:Skipping not selected package 'scan_planner_msgs' in 'SCAN-Planner-Ros2/src/planner/scan_planner_msgs'
[3.870s] INFO:colcon.colcon_core.package_selection:Skipping not selected package 'topic_bridge' in 'topic_bridge'
[3.872s] INFO:colcon.colcon_core.package_selection:Skipping not selected package 'trajectory_tracker' in 'trajectory_tracker'
[3.874s] INFO:colcon.colcon_core.package_selection:Skipping not selected package 'waypoint_generator' in 'SCAN-Planner-Ros2/src/simulator/Utils/waypoint_generator'
[3.875s] INFO:colcon.colcon_core.package_selection:Skipping not selected package 'fast_lio' in 'fast_lio2'
[3.877s] INFO:colcon.colcon_core.package_selection:Skipping not selected package 'fastlio2' in 'FASTLIO2_ROS2-main/fastlio2'
[3.879s] INFO:colcon.colcon_core.package_selection:Skipping not selected package 'hba' in 'FASTLIO2_ROS2-main/hba'
[3.881s] INFO:colcon.colcon_core.package_selection:Skipping not selected package 'localizer' in 'FASTLIO2_ROS2-main/localizer'
[3.883s] INFO:colcon.colcon_core.package_selection:Skipping not selected package 'odom_visualization' in 'SCAN-Planner-Ros2/src/simulator/Utils/odom_visualization'
[3.884s] INFO:colcon.colcon_core.package_selection:Skipping not selected package 'path_searching' in 'SCAN-Planner-Ros2/src/planner/path_searching'
[3.886s] INFO:colcon.colcon_core.package_selection:Skipping not selected package 'pgo' in 'FASTLIO2_ROS2-main/pgo'
[3.887s] INFO:colcon.colcon_core.package_selection:Skipping not selected package 'bspline_opt' in 'SCAN-Planner-Ros2/src/planner/bspline_opt'
[3.889s] INFO:colcon.colcon_core.package_selection:Skipping not selected package 'traj_utils' in 'SCAN-Planner-Ros2/src/planner/traj_utils'
[3.891s] INFO:colcon.colcon_core.package_selection:Skipping not selected package 'scan_planner' in 'SCAN-Planner-Ros2/src/planner/plan_manage'
[3.895s] Level 1:colcon.colcon_core.package_discovery:discover_packages(prefix_path) check parameters
[3.897s] Level 1:colcon.colcon_core.package_discovery:discover_packages(prefix_path) discover
[3.915s] DEBUG:colcon.colcon_installed_package_information.package_discovery:Found 355 installed packages in /opt/ros/humble
[3.929s] Level 1:colcon.colcon_core.package_discovery:discover_packages(prefix_path) using defaults
[4.038s] Level 5:colcon.colcon_core.verb:set package 'sensor_extrinsic' build argument 'cmake_args' from command line to 'None'
[4.040s] Level 5:colcon.colcon_core.verb:set package 'sensor_extrinsic' build argument 'cmake_target' from command line to 'None'
[4.042s] Level 5:colcon.colcon_core.verb:set package 'sensor_extrinsic' build argument 'cmake_target_skip_unavailable' from command line to 'False'
[4.044s] Level 5:colcon.colcon_core.verb:set package 'sensor_extrinsic' build argument 'cmake_clean_cache' from command line to 'False'
[4.045s] Level 5:colcon.colcon_core.verb:set package 'sensor_extrinsic' build argument 'cmake_clean_first' from command line to 'False'
[4.047s] Level 5:colcon.colcon_core.verb:set package 'sensor_extrinsic' build argument 'cmake_force_configure' from command line to 'False'
[4.048s] Level 5:colcon.colcon_core.verb:set package 'sensor_extrinsic' build argument 'ament_cmake_args' from command line to 'None'
[4.050s] Level 5:colcon.colcon_core.verb:set package 'sensor_extrinsic' build argument 'catkin_cmake_args' from command line to 'None'
[4.052s] Level 5:colcon.colcon_core.verb:set package 'sensor_extrinsic' build argument 'catkin_skip_building_tests' from command line to 'False'
[4.053s] DEBUG:colcon.colcon_core.verb:Building package 'sensor_extrinsic' with the following arguments: {'ament_cmake_args': None, 'build_base': '/root/nav/livox_ws/src/build/sensor_extrinsic', 'catkin_cmake_args': None, 'catkin_skip_building_tests': False, 'cmake_args': None, 'cmake_clean_cache': False, 'cmake_clean_first': False, 'cmake_force_configure': False, 'cmake_target': None, 'cmake_target_skip_unavailable': False, 'install_base': '/root/nav/livox_ws/src/install/sensor_extrinsic', 'merge_install': False, 'path': '/root/nav/livox_ws/src/sensor_extrinsic', 'symlink_install': False, 'test_result_base': None}
[4.056s] INFO:colcon.colcon_core.executor:Executing jobs using 'parallel' executor
[4.061s] DEBUG:colcon.colcon_parallel_executor.executor.parallel:run_until_complete
[4.064s] INFO:colcon.colcon_ros.task.ament_cmake.build:Building ROS package in '/root/nav/livox_ws/src/sensor_extrinsic' with build type 'ament_cmake'
[4.066s] INFO:colcon.colcon_cmake.task.cmake.build:Building CMake package in '/root/nav/livox_ws/src/sensor_extrinsic'
[4.089s] INFO:colcon.colcon_core.plugin_system:Skipping extension 'colcon_core.shell.bat': Not used on non-Windows systems
[4.091s] INFO:colcon.colcon_core.shell:Skip shell extension 'powershell' for command environment: Not usable outside of PowerShell
[4.094s] DEBUG:colcon.colcon_core.shell:Skip shell extension 'dsv' for command environment
[4.156s] DEBUG:colcon.colcon_core.event_handler.log_command:Invoking command in '/root/nav/livox_ws/src/build/sensor_extrinsic': CMAKE_PREFIX_PATH=/opt/ros/humble /usr/bin/cmake /root/nav/livox_ws/src/sensor_extrinsic -DCMAKE_INSTALL_PREFIX=/root/nav/livox_ws/src/install/sensor_extrinsic
[4.202s] Level 1:colcon.colcon_core.environment:create_environment_scripts_only(sensor_extrinsic)
[4.212s] DEBUG:colcon.colcon_core.event_handler.log_command:Invoked command in '/root/nav/livox_ws/src/build/sensor_extrinsic' returned '1': CMAKE_PREFIX_PATH=/opt/ros/humble /usr/bin/cmake /root/nav/livox_ws/src/sensor_extrinsic -DCMAKE_INSTALL_PREFIX=/root/nav/livox_ws/src/install/sensor_extrinsic
[4.227s] Level 1:colcon.colcon_core.environment:checking '/root/nav/livox_ws/src/install/sensor_extrinsic' for CMake module files
[4.230s] Level 1:colcon.colcon_core.environment:checking '/root/nav/livox_ws/src/install/sensor_extrinsic' for CMake config files
[4.233s] Level 1:colcon.colcon_core.environment:checking '/root/nav/livox_ws/src/install/sensor_extrinsic/bin'
[4.235s] Level 1:colcon.colcon_core.environment:checking '/root/nav/livox_ws/src/install/sensor_extrinsic/lib/pkgconfig/sensor_extrinsic.pc'
[4.238s] Level 1:colcon.colcon_core.environment:checking '/root/nav/livox_ws/src/install/sensor_extrinsic/lib/python3.10/site-packages'
[4.241s] Level 1:colcon.colcon_core.environment:checking '/root/nav/livox_ws/src/install/sensor_extrinsic/bin'
[4.244s] INFO:colcon.colcon_core.shell:Creating package script '/root/nav/livox_ws/src/install/sensor_extrinsic/share/sensor_extrinsic/package.ps1'
[4.260s] INFO:colcon.colcon_core.shell:Creating package descriptor '/root/nav/livox_ws/src/install/sensor_extrinsic/share/sensor_extrinsic/package.dsv'
[4.265s] INFO:colcon.colcon_core.shell:Creating package script '/root/nav/livox_ws/src/install/sensor_extrinsic/share/sensor_extrinsic/package.sh'
[4.280s] INFO:colcon.colcon_core.shell:Creating package script '/root/nav/livox_ws/src/install/sensor_extrinsic/share/sensor_extrinsic/package.bash'
[4.289s] INFO:colcon.colcon_core.shell:Creating package script '/root/nav/livox_ws/src/install/sensor_extrinsic/share/sensor_extrinsic/package.zsh'
[4.298s] Level 1:colcon.colcon_core.environment:create_file_with_runtime_dependencies(/root/nav/livox_ws/src/install/sensor_extrinsic/share/colcon-core/packages/sensor_extrinsic)
[4.318s] DEBUG:colcon.colcon_parallel_executor.executor.parallel:closing loop
[4.321s] DEBUG:colcon.colcon_parallel_executor.executor.parallel:loop closed
[4.323s] DEBUG:colcon.colcon_parallel_executor.executor.parallel:run_until_complete finished with '1'
[4.325s] DEBUG:colcon.colcon_core.event_reactor:joining thread
[4.384s] INFO:colcon.colcon_core.plugin_system:Skipping extension 'colcon_notification.desktop_notification.notify_send': Could not find 'notify-send'
[4.389s] INFO:colcon.colcon_core.plugin_system:Skipping extension 'colcon_notification.desktop_notification.terminal_notifier': Not used on non-Darwin systems
[4.391s] INFO:colcon.colcon_core.plugin_system:Skipping extension 'colcon_notification.desktop_notification.win32': Not used on non-Windows systems
[4.393s] INFO:colcon.colcon_notification.desktop_notification:Sending desktop notification using 'notify2'
[4.413s] DEBUG:colcon.colcon_notification.desktop_notification.notify2:Failed to initialize notify2: org.freedesktop.DBus.Error.ServiceUnknown: The name org.freedesktop.Notifications was not provided by any .service files
[4.415s] DEBUG:colcon.colcon_core.event_reactor:joined thread
[4.419s] INFO:colcon.colcon_core.shell:Creating prefix script '/root/nav/livox_ws/src/install/local_setup.ps1'
[4.435s] INFO:colcon.colcon_core.shell:Creating prefix util module '/root/nav/livox_ws/src/install/_local_setup_util_ps1.py'
[4.454s] INFO:colcon.colcon_core.shell:Creating prefix chain script '/root/nav/livox_ws/src/install/setup.ps1'
[4.476s] INFO:colcon.colcon_core.shell:Creating prefix script '/root/nav/livox_ws/src/install/local_setup.sh'
[4.491s] INFO:colcon.colcon_core.shell:Creating prefix util module '/root/nav/livox_ws/src/install/_local_setup_util_sh.py'
[4.500s] INFO:colcon.colcon_core.shell:Creating prefix chain script '/root/nav/livox_ws/src/install/setup.sh'
[4.519s] INFO:colcon.colcon_core.shell:Creating prefix script '/root/nav/livox_ws/src/install/local_setup.bash'
[4.530s] INFO:colcon.colcon_core.shell:Creating prefix chain script '/root/nav/livox_ws/src/install/setup.bash'
[4.539s] INFO:colcon.colcon_core.shell:Creating prefix script '/root/nav/livox_ws/src/install/local_setup.zsh'
[4.548s] INFO:colcon.colcon_core.shell:Creating prefix chain script '/root/nav/livox_ws/src/install/setup.zsh'
