[0.016s] Invoking command in '/root/nav/livox_ws/src/build/sensor_extrinsic': CMAKE_PREFIX_PATH=/opt/ros/humble /usr/bin/cmake /root/nav/livox_ws/src/sensor_extrinsic -DCMAKE_INSTALL_PREFIX=/root/nav/livox_ws/src/install/sensor_extrinsic
[0.033s] -- Found ament_cmake: 1.3.12 (/opt/ros/humble/share/ament_cmake/cmake)
[0.586s] -- Found rclcpp: 16.0.17 (/opt/ros/humble/share/rclcpp/cmake)
[0.747s] -- Found rosidl_generator_c: 3.1.8 (/opt/ros/humble/share/rosidl_generator_c/cmake)
[0.763s] -- Found rosidl_adapter: 3.1.8 (/opt/ros/humble/share/rosidl_adapter/cmake)
[0.808s] -- Found rosidl_generator_cpp: 3.1.8 (/opt/ros/humble/share/rosidl_generator_cpp/cmake)
[0.870s] -- Using all available rosidl_typesupport_c: rosidl_typesupport_fastrtps_c;rosidl_typesupport_introspection_c
[0.916s] -- Using all available rosidl_typesupport_cpp: rosidl_typesupport_fastrtps_cpp;rosidl_typesupport_introspection_cpp
[1.035s] -- Found rmw_implementation_cmake: 6.1.2 (/opt/ros/humble/share/rmw_implementation_cmake/cmake)
[1.042s] -- Found rmw_fastrtps_cpp: 6.2.10 (/opt/ros/humble/share/rmw_fastrtps_cpp/cmake)
[1.249s] -- Found OpenSSL: /usr/lib/aarch64-linux-gnu/libcrypto.so (found version "3.0.2")  
[1.320s] -- Found FastRTPS: /opt/ros/humble/include  
[1.395s] -- Using RMW implementation 'rmw_fastrtps_cpp' as default
[1.518s] -- Looking for pthread.h
[3.876s] -- Looking for pthread.h - found
[3.885s] -- Performing Test CMAKE_HAVE_LIBC_PTHREAD
[6.285s] -- Performing Test CMAKE_HAVE_LIBC_PTHREAD - Success
[6.293s] -- Found Threads: TRUE  
[6.527s] -- Found ament_lint_auto: 0.12.14 (/opt/ros/humble/share/ament_lint_auto/cmake)
[7.316s] -- Added test 'cppcheck' to perform static code analysis on C / C++ code
[7.330s] -- Configured cppcheck include dirs: 
[7.339s] -- Configured cppcheck exclude dirs and/or files: 
[7.434s] -- Added test 'lint_cmake' to check CMake code style
[7.451s] -- Added test 'uncrustify' to check C / C++ code style
[7.459s] -- Configured uncrustify additional arguments: 
[7.465s] -- Added test 'xmllint' to check XML markup files
[7.472s] [31mCMake Error at /opt/ros/humble/share/ament_cmake_target_dependencies/cmake/ament_target_dependencies.cmake:77 (message):
[7.479s]   ament_target_dependencies() the passed package name 'nav_msgs' was not
[7.486s]   found before
[7.493s] Call Stack (most recent call first):
[7.507s]   CMakeLists.txt:29 (ament_target_dependencies)
[7.515s] 
[7.522s] [0m
[7.531s] -- Configuring incomplete, errors occurred!
[7.541s] See also "/root/nav/livox_ws/src/build/sensor_extrinsic/CMakeFiles/CMakeOutput.log".
[7.552s] Invoked command in '/root/nav/livox_ws/src/build/sensor_extrinsic' returned '1': CMAKE_PREFIX_PATH=/opt/ros/humble /usr/bin/cmake /root/nav/livox_ws/src/sensor_extrinsic -DCMAKE_INSTALL_PREFIX=/root/nav/livox_ws/src/install/sensor_extrinsic
