[0.168s] DEBUG:colcon:Command line arguments: ['/usr/bin/colcon', 'build', '--packages-select', 'dog_control_bridge']
[0.170s] DEBUG:colcon:Parsed command line arguments: Namespace(log_base=None, log_level=None, verb_name='build', build_base='build', install_base='install', merge_install=False, symlink_install=False, test_result_base=None, continue_on_error=False, executor='parallel', parallel_workers=8, event_handlers=None, ignore_user_meta=False, metas=['./colcon.meta'], base_paths=['.'], packages_ignore=None, packages_ignore_regex=None, paths=None, packages_up_to=None, packages_up_to_regex=None, packages_above=None, packages_above_and_dependencies=None, packages_above_depth=None, packages_select_by_dep=None, packages_skip_by_dep=None, packages_skip_up_to=None, packages_select_build_failed=False, packages_skip_build_finished=False, packages_select_test_failures=False, packages_skip_test_passed=False, packages_select=['dog_control_bridge'], packages_skip=None, packages_select_regex=None, packages_skip_regex=None, packages_start=None, packages_end=None, allow_overriding=[], cmake_args=None, cmake_target=None, cmake_target_skip_unavailable=False, cmake_clean_cache=False, cmake_clean_first=False, cmake_force_configure=False, ament_cmake_args=None, catkin_cmake_args=None, catkin_skip_building_tests=False, verb_parser=<colcon_defaults.argument_parser.defaults.DefaultArgumentsDecorator object at 0x7f99e33790>, verb_extension=<colcon_core.verb.build.BuildVerb object at 0x7f99e33310>, main=<bound method BuildVerb.main of <colcon_core.verb.build.BuildVerb object at 0x7f99e33310>>)
[0.366s] Level 1:colcon.colcon_core.package_discovery:discover_packages(colcon_meta) check parameters
[0.369s] Level 1:colcon.colcon_core.package_discovery:discover_packages(recursive) check parameters
[0.370s] Level 1:colcon.colcon_core.package_discovery:discover_packages(ignore) check parameters
[0.372s] Level 1:colcon.colcon_core.package_discovery:discover_packages(path) check parameters
[0.373s] Level 1:colcon.colcon_core.package_discovery:discover_packages(colcon_meta) discover
[0.375s] Level 1:colcon.colcon_core.package_discovery:discover_packages(recursive) discover
[0.377s] INFO:colcon.colcon_core.package_discovery:Crawling recursively for packages in '/root/deepRoboticsl/deepcontrol'
[0.378s] Level 1:colcon.colcon_core.package_identification:_identify(.) by extensions ['ignore', 'ignore_ament_install']
[0.380s] Level 1:colcon.colcon_core.package_identification:_identify(.) by extension 'ignore'
[0.381s] Level 1:colcon.colcon_core.package_identification:_identify(.) by extension 'ignore_ament_install'
[0.383s] Level 1:colcon.colcon_core.package_identification:_identify(.) by extensions ['colcon_pkg']
[0.384s] Level 1:colcon.colcon_core.package_identification:_identify(.) by extension 'colcon_pkg'
[0.385s] Level 1:colcon.colcon_core.package_identification:_identify(.) by extensions ['colcon_meta']
[0.387s] Level 1:colcon.colcon_core.package_identification:_identify(.) by extension 'colcon_meta'
[0.389s] Level 1:colcon.colcon_core.package_identification:_identify(.) by extensions ['ros']
[0.390s] Level 1:colcon.colcon_core.package_identification:_identify(.) by extension 'ros'
[0.417s] DEBUG:colcon.colcon_core.package_identification:Package '.' with type 'ros.ament_cmake' and name 'dog_control_bridge'
[0.419s] Level 1:colcon.colcon_core.package_discovery:discover_packages(recursive) using defaults
[0.421s] Level 1:colcon.colcon_core.package_discovery:discover_packages(ignore) discover
[0.423s] Level 1:colcon.colcon_core.package_discovery:discover_packages(ignore) using defaults
[0.425s] Level 1:colcon.colcon_core.package_discovery:discover_packages(path) discover
[0.426s] Level 1:colcon.colcon_core.package_discovery:discover_packages(path) using defaults
[0.457s] Level 1:colcon.colcon_core.package_discovery:discover_packages(prefix_path) check parameters
[0.459s] Level 1:colcon.colcon_core.package_discovery:discover_packages(prefix_path) discover
[0.463s] DEBUG:colcon.colcon_installed_package_information.package_discovery:Found 1 installed packages in /root/deepRoboticsl/deepcontrol/install
[0.467s] DEBUG:colcon.colcon_installed_package_information.package_discovery:Found 329 installed packages in /opt/ros/humble
[0.471s] Level 1:colcon.colcon_core.package_discovery:discover_packages(prefix_path) using defaults
[0.573s] Level 5:colcon.colcon_core.verb:set package 'dog_control_bridge' build argument 'cmake_args' from command line to 'None'
[0.575s] Level 5:colcon.colcon_core.verb:set package 'dog_control_bridge' build argument 'cmake_target' from command line to 'None'
[0.577s] Level 5:colcon.colcon_core.verb:set package 'dog_control_bridge' build argument 'cmake_target_skip_unavailable' from command line to 'False'
[0.579s] Level 5:colcon.colcon_core.verb:set package 'dog_control_bridge' build argument 'cmake_clean_cache' from command line to 'False'
[0.580s] Level 5:colcon.colcon_core.verb:set package 'dog_control_bridge' build argument 'cmake_clean_first' from command line to 'False'
[0.582s] Level 5:colcon.colcon_core.verb:set package 'dog_control_bridge' build argument 'cmake_force_configure' from command line to 'False'
[0.584s] Level 5:colcon.colcon_core.verb:set package 'dog_control_bridge' build argument 'ament_cmake_args' from command line to 'None'
[0.586s] Level 5:colcon.colcon_core.verb:set package 'dog_control_bridge' build argument 'catkin_cmake_args' from command line to 'None'
[0.587s] Level 5:colcon.colcon_core.verb:set package 'dog_control_bridge' build argument 'catkin_skip_building_tests' from command line to 'False'
[0.589s] DEBUG:colcon.colcon_core.verb:Building package 'dog_control_bridge' with the following arguments: {'ament_cmake_args': None, 'build_base': '/root/deepRoboticsl/deepcontrol/build/dog_control_bridge', 'catkin_cmake_args': None, 'catkin_skip_building_tests': False, 'cmake_args': None, 'cmake_clean_cache': False, 'cmake_clean_first': False, 'cmake_force_configure': False, 'cmake_target': None, 'cmake_target_skip_unavailable': False, 'install_base': '/root/deepRoboticsl/deepcontrol/install/dog_control_bridge', 'merge_install': False, 'path': '/root/deepRoboticsl/deepcontrol', 'symlink_install': False, 'test_result_base': None}
[0.592s] INFO:colcon.colcon_core.executor:Executing jobs using 'parallel' executor
[0.597s] DEBUG:colcon.colcon_parallel_executor.executor.parallel:run_until_complete
[0.599s] INFO:colcon.colcon_ros.task.ament_cmake.build:Building ROS package in '/root/deepRoboticsl/deepcontrol' with build type 'ament_cmake'
[0.601s] INFO:colcon.colcon_cmake.task.cmake.build:Building CMake package in '/root/deepRoboticsl/deepcontrol'
[0.606s] INFO:colcon.colcon_core.plugin_system:Skipping extension 'colcon_core.shell.bat': Not used on non-Windows systems
[0.608s] INFO:colcon.colcon_core.shell:Skip shell extension 'powershell' for command environment: Not usable outside of PowerShell
[0.609s] DEBUG:colcon.colcon_core.shell:Skip shell extension 'dsv' for command environment
[0.937s] DEBUG:colcon.colcon_core.event_handler.log_command:Invoking command in '/root/deepRoboticsl/deepcontrol/build/dog_control_bridge': CMAKE_PREFIX_PATH=${CMAKE_PREFIX_PATH}:/opt/ros/humble /usr/bin/cmake --build /root/deepRoboticsl/deepcontrol/build/dog_control_bridge -- -j8 -l8
[41.988s] DEBUG:colcon.colcon_core.event_handler.log_command:Invoked command in '/root/deepRoboticsl/deepcontrol/build/dog_control_bridge' returned '0': CMAKE_PREFIX_PATH=${CMAKE_PREFIX_PATH}:/opt/ros/humble /usr/bin/cmake --build /root/deepRoboticsl/deepcontrol/build/dog_control_bridge -- -j8 -l8
[42.019s] DEBUG:colcon.colcon_core.event_handler.log_command:Invoking command in '/root/deepRoboticsl/deepcontrol/build/dog_control_bridge': CMAKE_PREFIX_PATH=${CMAKE_PREFIX_PATH}:/opt/ros/humble /usr/bin/cmake --install /root/deepRoboticsl/deepcontrol/build/dog_control_bridge
[44.696s] Level 1:colcon.colcon_core.environment:create_environment_scripts_only(dog_control_bridge)
[44.707s] Level 1:colcon.colcon_core.environment:checking '/root/deepRoboticsl/deepcontrol/install/dog_control_bridge' for CMake module files
[44.712s] Level 1:colcon.colcon_core.environment:checking '/root/deepRoboticsl/deepcontrol/install/dog_control_bridge' for CMake config files
[44.716s] Level 1:colcon.colcon_core.shell:create_environment_hook('dog_control_bridge', 'cmake_prefix_path')
[44.721s] INFO:colcon.colcon_core.shell:Creating environment hook '/root/deepRoboticsl/deepcontrol/install/dog_control_bridge/share/dog_control_bridge/hook/cmake_prefix_path.ps1'
[44.819s] INFO:colcon.colcon_core.shell:Creating environment descriptor '/root/deepRoboticsl/deepcontrol/install/dog_control_bridge/share/dog_control_bridge/hook/cmake_prefix_path.dsv'
[44.915s] INFO:colcon.colcon_core.shell:Creating environment hook '/root/deepRoboticsl/deepcontrol/install/dog_control_bridge/share/dog_control_bridge/hook/cmake_prefix_path.sh'
[45.013s] Level 1:colcon.colcon_core.environment:checking '/root/deepRoboticsl/deepcontrol/install/dog_control_bridge/lib'
[45.016s] Level 1:colcon.colcon_core.environment:checking '/root/deepRoboticsl/deepcontrol/install/dog_control_bridge/bin'
[45.019s] Level 1:colcon.colcon_core.environment:checking '/root/deepRoboticsl/deepcontrol/install/dog_control_bridge/lib/pkgconfig/dog_control_bridge.pc'
[45.027s] Level 1:colcon.colcon_core.environment:checking '/root/deepRoboticsl/deepcontrol/install/dog_control_bridge/lib/python3.10/site-packages'
[45.035s] Level 1:colcon.colcon_core.environment:checking '/root/deepRoboticsl/deepcontrol/install/dog_control_bridge/bin'
[45.040s] INFO:colcon.colcon_core.shell:Creating package script '/root/deepRoboticsl/deepcontrol/install/dog_control_bridge/share/dog_control_bridge/package.ps1'
[45.135s] INFO:colcon.colcon_core.shell:Creating package descriptor '/root/deepRoboticsl/deepcontrol/install/dog_control_bridge/share/dog_control_bridge/package.dsv'
[45.239s] INFO:colcon.colcon_core.shell:Creating package script '/root/deepRoboticsl/deepcontrol/install/dog_control_bridge/share/dog_control_bridge/package.sh'
[45.342s] INFO:colcon.colcon_core.shell:Creating package script '/root/deepRoboticsl/deepcontrol/install/dog_control_bridge/share/dog_control_bridge/package.bash'
[45.446s] INFO:colcon.colcon_core.shell:Creating package script '/root/deepRoboticsl/deepcontrol/install/dog_control_bridge/share/dog_control_bridge/package.zsh'
[45.542s] Level 1:colcon.colcon_core.environment:create_file_with_runtime_dependencies(/root/deepRoboticsl/deepcontrol/install/dog_control_bridge/share/colcon-core/packages/dog_control_bridge)
[45.566s] Level 1:colcon.colcon_core.environment:create_environment_scripts_only(dog_control_bridge)
[45.573s] Level 1:colcon.colcon_core.environment:checking '/root/deepRoboticsl/deepcontrol/install/dog_control_bridge' for CMake module files
[45.582s] Level 1:colcon.colcon_core.environment:checking '/root/deepRoboticsl/deepcontrol/install/dog_control_bridge' for CMake config files
[45.584s] Level 1:colcon.colcon_core.shell:create_environment_hook('dog_control_bridge', 'cmake_prefix_path')
[45.587s] INFO:colcon.colcon_core.shell:Creating environment hook '/root/deepRoboticsl/deepcontrol/install/dog_control_bridge/share/dog_control_bridge/hook/cmake_prefix_path.ps1'
[45.678s] INFO:colcon.colcon_core.shell:Creating environment descriptor '/root/deepRoboticsl/deepcontrol/install/dog_control_bridge/share/dog_control_bridge/hook/cmake_prefix_path.dsv'
[45.773s] DEBUG:colcon.colcon_core.event_handler.log_command:Invoked command in '/root/deepRoboticsl/deepcontrol/build/dog_control_bridge' returned '0': CMAKE_PREFIX_PATH=${CMAKE_PREFIX_PATH}:/opt/ros/humble /usr/bin/cmake --install /root/deepRoboticsl/deepcontrol/build/dog_control_bridge
[45.774s] INFO:colcon.colcon_core.shell:Creating environment hook '/root/deepRoboticsl/deepcontrol/install/dog_control_bridge/share/dog_control_bridge/hook/cmake_prefix_path.sh'
[45.867s] Level 1:colcon.colcon_core.environment:checking '/root/deepRoboticsl/deepcontrol/install/dog_control_bridge/lib'
[45.871s] Level 1:colcon.colcon_core.environment:checking '/root/deepRoboticsl/deepcontrol/install/dog_control_bridge/bin'
[45.872s] Level 1:colcon.colcon_core.environment:checking '/root/deepRoboticsl/deepcontrol/install/dog_control_bridge/lib/pkgconfig/dog_control_bridge.pc'
[45.875s] Level 1:colcon.colcon_core.environment:checking '/root/deepRoboticsl/deepcontrol/install/dog_control_bridge/lib/python3.10/site-packages'
[45.878s] Level 1:colcon.colcon_core.environment:checking '/root/deepRoboticsl/deepcontrol/install/dog_control_bridge/bin'
[45.882s] INFO:colcon.colcon_core.shell:Creating package script '/root/deepRoboticsl/deepcontrol/install/dog_control_bridge/share/dog_control_bridge/package.ps1'
[45.971s] INFO:colcon.colcon_core.shell:Creating package descriptor '/root/deepRoboticsl/deepcontrol/install/dog_control_bridge/share/dog_control_bridge/package.dsv'
[46.070s] INFO:colcon.colcon_core.shell:Creating package script '/root/deepRoboticsl/deepcontrol/install/dog_control_bridge/share/dog_control_bridge/package.sh'
[46.163s] INFO:colcon.colcon_core.shell:Creating package script '/root/deepRoboticsl/deepcontrol/install/dog_control_bridge/share/dog_control_bridge/package.bash'
[46.261s] INFO:colcon.colcon_core.shell:Creating package script '/root/deepRoboticsl/deepcontrol/install/dog_control_bridge/share/dog_control_bridge/package.zsh'
[46.355s] Level 1:colcon.colcon_core.environment:create_file_with_runtime_dependencies(/root/deepRoboticsl/deepcontrol/install/dog_control_bridge/share/colcon-core/packages/dog_control_bridge)
[46.446s] DEBUG:colcon.colcon_parallel_executor.executor.parallel:closing loop
[46.452s] DEBUG:colcon.colcon_parallel_executor.executor.parallel:loop closed
[46.457s] DEBUG:colcon.colcon_parallel_executor.executor.parallel:run_until_complete finished with '0'
[46.463s] DEBUG:colcon.colcon_core.event_reactor:joining thread
[46.597s] INFO:colcon.colcon_core.plugin_system:Skipping extension 'colcon_notification.desktop_notification.notify_send': Could not find 'notify-send'
[46.600s] INFO:colcon.colcon_core.plugin_system:Skipping extension 'colcon_notification.desktop_notification.terminal_notifier': Not used on non-Darwin systems
[46.602s] INFO:colcon.colcon_core.plugin_system:Skipping extension 'colcon_notification.desktop_notification.win32': Not used on non-Windows systems
[46.604s] INFO:colcon.colcon_notification.desktop_notification:Sending desktop notification using 'notify2'
[46.612s] DEBUG:colcon.colcon_notification.desktop_notification.notify2:Failed to initialize notify2: org.freedesktop.DBus.Error.ServiceUnknown: The name org.freedesktop.Notifications was not provided by any .service files
[46.614s] DEBUG:colcon.colcon_core.event_reactor:joined thread
[46.620s] INFO:colcon.colcon_core.shell:Creating prefix script '/root/deepRoboticsl/deepcontrol/install/local_setup.ps1'
[46.728s] INFO:colcon.colcon_core.shell:Creating prefix util module '/root/deepRoboticsl/deepcontrol/install/_local_setup_util_ps1.py'
[46.823s] INFO:colcon.colcon_core.shell:Creating prefix chain script '/root/deepRoboticsl/deepcontrol/install/setup.ps1'
[46.930s] INFO:colcon.colcon_core.shell:Creating prefix script '/root/deepRoboticsl/deepcontrol/install/local_setup.sh'
[47.019s] INFO:colcon.colcon_core.shell:Creating prefix util module '/root/deepRoboticsl/deepcontrol/install/_local_setup_util_sh.py'
[47.108s] INFO:colcon.colcon_core.shell:Creating prefix chain script '/root/deepRoboticsl/deepcontrol/install/setup.sh'
[47.200s] INFO:colcon.colcon_core.shell:Creating prefix script '/root/deepRoboticsl/deepcontrol/install/local_setup.bash'
[47.290s] INFO:colcon.colcon_core.shell:Creating prefix chain script '/root/deepRoboticsl/deepcontrol/install/setup.bash'
[47.391s] INFO:colcon.colcon_core.shell:Creating prefix script '/root/deepRoboticsl/deepcontrol/install/local_setup.zsh'
[47.487s] INFO:colcon.colcon_core.shell:Creating prefix chain script '/root/deepRoboticsl/deepcontrol/install/setup.zsh'
