[0.158s] DEBUG:colcon:Command line arguments: ['/usr/bin/colcon', 'build', '--packages-select', 'sensor_extrinsic']
[0.160s] DEBUG:colcon:Parsed command line arguments: Namespace(log_base=None, log_level=None, verb_name='build', build_base='build', install_base='install', merge_install=False, symlink_install=False, test_result_base=None, continue_on_error=False, executor='parallel', parallel_workers=8, event_handlers=None, ignore_user_meta=False, metas=['./colcon.meta'], base_paths=['.'], packages_ignore=None, packages_ignore_regex=None, paths=None, packages_up_to=None, packages_up_to_regex=None, packages_above=None, packages_above_and_dependencies=None, packages_above_depth=None, packages_select_by_dep=None, packages_skip_by_dep=None, packages_skip_up_to=None, packages_select_build_failed=False, packages_skip_build_finished=False, packages_select_test_failures=False, packages_skip_test_passed=False, packages_select=['sensor_extrinsic'], packages_skip=None, packages_select_regex=None, packages_skip_regex=None, packages_start=None, packages_end=None, allow_overriding=[], cmake_args=None, cmake_target=None, cmake_target_skip_unavailable=False, cmake_clean_cache=False, cmake_clean_first=False, cmake_force_configure=False, ament_cmake_args=None, catkin_cmake_args=None, catkin_skip_building_tests=False, verb_parser=<colcon_defaults.argument_parser.defaults.DefaultArgumentsDecorator object at 0x7f9f62bca0>, verb_extension=<colcon_core.verb.build.BuildVerb object at 0x7f9f62b820>, main=<bound method BuildVerb.main of <colcon_core.verb.build.BuildVerb object at 0x7f9f62b820>>)
[0.360s] Level 1:colcon.colcon_core.package_discovery:discover_packages(colcon_meta) check parameters
[0.362s] Level 1:colcon.colcon_core.package_discovery:discover_packages(recursive) check parameters
[0.363s] Level 1:colcon.colcon_core.package_discovery:discover_packages(ignore) check parameters
[0.365s] Level 1:colcon.colcon_core.package_discovery:discover_packages(path) check parameters
[0.366s] Level 1:colcon.colcon_core.package_discovery:discover_packages(colcon_meta) discover
[0.368s] Level 1:colcon.colcon_core.package_discovery:discover_packages(recursive) discover
[0.370s] INFO:colcon.colcon_core.package_discovery:Crawling recursively for packages in '/root/nav/livox_ws/src'
[0.371s] Level 1:colcon.colcon_core.package_identification:_identify(.) by extensions ['ignore', 'ignore_ament_install']
[0.373s] Level 1:colcon.colcon_core.package_identification:_identify(.) by extension 'ignore'
[0.375s] Level 1:colcon.colcon_core.package_identification:_identify(.) by extension 'ignore_ament_install'
[0.376s] Level 1:colcon.colcon_core.package_identification:_identify(.) by extensions ['colcon_pkg']
[0.378s] Level 1:colcon.colcon_core.package_identification:_identify(.) by extension 'colcon_pkg'
[0.379s] Level 1:colcon.colcon_core.package_identification:_identify(.) by extensions ['colcon_meta']
[0.380s] Level 1:colcon.colcon_core.package_identification:_identify(.) by extension 'colcon_meta'
[0.382s] Level 1:colcon.colcon_core.package_identification:_identify(.) by extensions ['ros']
[0.383s] Level 1:colcon.colcon_core.package_identification:_identify(.) by extension 'ros'
[0.406s] Level 1:colcon.colcon_core.package_identification:_identify(.) by extensions ['cmake', 'python']
[0.408s] Level 1:colcon.colcon_core.package_identification:_identify(.) by extension 'cmake'
[0.409s] Level 1:colcon.colcon_core.package_identification:_identify(.) by extension 'python'
[0.411s] Level 1:colcon.colcon_core.package_identification:_identify(.) by extensions ['python_setup_py']
[0.412s] Level 1:colcon.colcon_core.package_identification:_identify(.) by extension 'python_setup_py'
[0.414s] Level 1:colcon.colcon_core.package_identification:_identify(3D-Nav-Dynamic-EGO) by extensions ['ignore', 'ignore_ament_install']
[0.415s] Level 1:colcon.colcon_core.package_identification:_identify(3D-Nav-Dynamic-EGO) by extension 'ignore'
[0.417s] Level 1:colcon.colcon_core.package_identification:_identify(3D-Nav-Dynamic-EGO) by extension 'ignore_ament_install'
[0.419s] Level 1:colcon.colcon_core.package_identification:_identify(3D-Nav-Dynamic-EGO) by extensions ['colcon_pkg']
[0.420s] Level 1:colcon.colcon_core.package_identification:_identify(3D-Nav-Dynamic-EGO) by extension 'colcon_pkg'
[0.422s] Level 1:colcon.colcon_core.package_identification:_identify(3D-Nav-Dynamic-EGO) by extensions ['colcon_meta']
[0.423s] Level 1:colcon.colcon_core.package_identification:_identify(3D-Nav-Dynamic-EGO) by extension 'colcon_meta'
[0.425s] Level 1:colcon.colcon_core.package_identification:_identify(3D-Nav-Dynamic-EGO) by extensions ['ros']
[0.426s] Level 1:colcon.colcon_core.package_identification:_identify(3D-Nav-Dynamic-EGO) by extension 'ros'
[0.428s] Level 1:colcon.colcon_core.package_identification:_identify(3D-Nav-Dynamic-EGO) by extensions ['cmake', 'python']
[0.429s] Level 1:colcon.colcon_core.package_identification:_identify(3D-Nav-Dynamic-EGO) by extension 'cmake'
[0.478s] Level 1:colcon.colcon_core.package_identification:_identify(3D-Nav-Dynamic-EGO) by extension 'python'
[0.480s] DEBUG:colcon.colcon_core.package_identification:Package '3D-Nav-Dynamic-EGO' with type 'cmake' and name 'nav3d_octomap_ego_nav'
[0.482s] Level 1:colcon.colcon_core.package_identification:_identify(FASTLIO2_ROS2-main) by extensions ['ignore', 'ignore_ament_install']
[0.483s] Level 1:colcon.colcon_core.package_identification:_identify(FASTLIO2_ROS2-main) by extension 'ignore'
[0.485s] Level 1:colcon.colcon_core.package_identification:_identify(FASTLIO2_ROS2-main) by extension 'ignore_ament_install'
[0.487s] Level 1:colcon.colcon_core.package_identification:_identify(FASTLIO2_ROS2-main) by extensions ['colcon_pkg']
[0.488s] Level 1:colcon.colcon_core.package_identification:_identify(FASTLIO2_ROS2-main) by extension 'colcon_pkg'
[0.490s] Level 1:colcon.colcon_core.package_identification:_identify(FASTLIO2_ROS2-main) by extensions ['colcon_meta']
[0.492s] Level 1:colcon.colcon_core.package_identification:_identify(FASTLIO2_ROS2-main) by extension 'colcon_meta'
[0.493s] Level 1:colcon.colcon_core.package_identification:_identify(FASTLIO2_ROS2-main) by extensions ['ros']
[0.495s] Level 1:colcon.colcon_core.package_identification:_identify(FASTLIO2_ROS2-main) by extension 'ros'
[0.497s] Level 1:colcon.colcon_core.package_identification:_identify(FASTLIO2_ROS2-main) by extensions ['cmake', 'python']
[0.499s] Level 1:colcon.colcon_core.package_identification:_identify(FASTLIO2_ROS2-main) by extension 'cmake'
[0.501s] Level 1:colcon.colcon_core.package_identification:_identify(FASTLIO2_ROS2-main) by extension 'python'
[0.503s] Level 1:colcon.colcon_core.package_identification:_identify(FASTLIO2_ROS2-main) by extensions ['python_setup_py']
[0.505s] Level 1:colcon.colcon_core.package_identification:_identify(FASTLIO2_ROS2-main) by extension 'python_setup_py'
[0.507s] Level 1:colcon.colcon_core.package_identification:_identify(FASTLIO2_ROS2-main/fastlio2) by extensions ['ignore', 'ignore_ament_install']
[0.508s] Level 1:colcon.colcon_core.package_identification:_identify(FASTLIO2_ROS2-main/fastlio2) by extension 'ignore'
[0.510s] Level 1:colcon.colcon_core.package_identification:_identify(FASTLIO2_ROS2-main/fastlio2) by extension 'ignore_ament_install'
[0.512s] Level 1:colcon.colcon_core.package_identification:_identify(FASTLIO2_ROS2-main/fastlio2) by extensions ['colcon_pkg']
[0.513s] Level 1:colcon.colcon_core.package_identification:_identify(FASTLIO2_ROS2-main/fastlio2) by extension 'colcon_pkg'
[0.515s] Level 1:colcon.colcon_core.package_identification:_identify(FASTLIO2_ROS2-main/fastlio2) by extensions ['colcon_meta']
[0.517s] Level 1:colcon.colcon_core.package_identification:_identify(FASTLIO2_ROS2-main/fastlio2) by extension 'colcon_meta'
[0.519s] Level 1:colcon.colcon_core.package_identification:_identify(FASTLIO2_ROS2-main/fastlio2) by extensions ['ros']
[0.521s] Level 1:colcon.colcon_core.package_identification:_identify(FASTLIO2_ROS2-main/fastlio2) by extension 'ros'
[0.531s] DEBUG:colcon.colcon_core.package_identification:Package 'FASTLIO2_ROS2-main/fastlio2' with type 'ros.ament_cmake' and name 'fastlio2'
[0.533s] Level 1:colcon.colcon_core.package_identification:_identify(FASTLIO2_ROS2-main/hba) by extensions ['ignore', 'ignore_ament_install']
[0.536s] Level 1:colcon.colcon_core.package_identification:_identify(FASTLIO2_ROS2-main/hba) by extension 'ignore'
[0.538s] Level 1:colcon.colcon_core.package_identification:_identify(FASTLIO2_ROS2-main/hba) by extension 'ignore_ament_install'
[0.541s] Level 1:colcon.colcon_core.package_identification:_identify(FASTLIO2_ROS2-main/hba) by extensions ['colcon_pkg']
[0.543s] Level 1:colcon.colcon_core.package_identification:_identify(FASTLIO2_ROS2-main/hba) by extension 'colcon_pkg'
[0.545s] Level 1:colcon.colcon_core.package_identification:_identify(FASTLIO2_ROS2-main/hba) by extensions ['colcon_meta']
[0.547s] Level 1:colcon.colcon_core.package_identification:_identify(FASTLIO2_ROS2-main/hba) by extension 'colcon_meta'
[0.549s] Level 1:colcon.colcon_core.package_identification:_identify(FASTLIO2_ROS2-main/hba) by extensions ['ros']
[0.551s] Level 1:colcon.colcon_core.package_identification:_identify(FASTLIO2_ROS2-main/hba) by extension 'ros'
[0.555s] DEBUG:colcon.colcon_core.package_identification:Package 'FASTLIO2_ROS2-main/hba' with type 'ros.ament_cmake' and name 'hba'
[0.557s] Level 1:colcon.colcon_core.package_identification:_identify(FASTLIO2_ROS2-main/interface) by extensions ['ignore', 'ignore_ament_install']
[0.559s] Level 1:colcon.colcon_core.package_identification:_identify(FASTLIO2_ROS2-main/interface) by extension 'ignore'
[0.561s] Level 1:colcon.colcon_core.package_identification:_identify(FASTLIO2_ROS2-main/interface) by extension 'ignore_ament_install'
[0.563s] Level 1:colcon.colcon_core.package_identification:_identify(FASTLIO2_ROS2-main/interface) by extensions ['colcon_pkg']
[0.564s] Level 1:colcon.colcon_core.package_identification:_identify(FASTLIO2_ROS2-main/interface) by extension 'colcon_pkg'
[0.566s] Level 1:colcon.colcon_core.package_identification:_identify(FASTLIO2_ROS2-main/interface) by extensions ['colcon_meta']
[0.568s] Level 1:colcon.colcon_core.package_identification:_identify(FASTLIO2_ROS2-main/interface) by extension 'colcon_meta'
[0.570s] Level 1:colcon.colcon_core.package_identification:_identify(FASTLIO2_ROS2-main/interface) by extensions ['ros']
[0.571s] Level 1:colcon.colcon_core.package_identification:_identify(FASTLIO2_ROS2-main/interface) by extension 'ros'
[0.576s] DEBUG:colcon.colcon_core.package_identification:Package 'FASTLIO2_ROS2-main/interface' with type 'ros.ament_cmake' and name 'interface'
[0.578s] Level 1:colcon.colcon_core.package_identification:_identify(FASTLIO2_ROS2-main/localizer) by extensions ['ignore', 'ignore_ament_install']
[0.580s] Level 1:colcon.colcon_core.package_identification:_identify(FASTLIO2_ROS2-main/localizer) by extension 'ignore'
[0.582s] Level 1:colcon.colcon_core.package_identification:_identify(FASTLIO2_ROS2-main/localizer) by extension 'ignore_ament_install'
[0.584s] Level 1:colcon.colcon_core.package_identification:_identify(FASTLIO2_ROS2-main/localizer) by extensions ['colcon_pkg']
[0.586s] Level 1:colcon.colcon_core.package_identification:_identify(FASTLIO2_ROS2-main/localizer) by extension 'colcon_pkg'
[0.588s] Level 1:colcon.colcon_core.package_identification:_identify(FASTLIO2_ROS2-main/localizer) by extensions ['colcon_meta']
[0.589s] Level 1:colcon.colcon_core.package_identification:_identify(FASTLIO2_ROS2-main/localizer) by extension 'colcon_meta'
[0.591s] Level 1:colcon.colcon_core.package_identification:_identify(FASTLIO2_ROS2-main/localizer) by extensions ['ros']
[0.593s] Level 1:colcon.colcon_core.package_identification:_identify(FASTLIO2_ROS2-main/localizer) by extension 'ros'
[0.605s] DEBUG:colcon.colcon_core.package_identification:Package 'FASTLIO2_ROS2-main/localizer' with type 'ros.ament_cmake' and name 'localizer'
[0.607s] Level 1:colcon.colcon_core.package_identification:_identify(FASTLIO2_ROS2-main/pgo) by extensions ['ignore', 'ignore_ament_install']
[0.609s] Level 1:colcon.colcon_core.package_identification:_identify(FASTLIO2_ROS2-main/pgo) by extension 'ignore'
[0.612s] Level 1:colcon.colcon_core.package_identification:_identify(FASTLIO2_ROS2-main/pgo) by extension 'ignore_ament_install'
[0.614s] Level 1:colcon.colcon_core.package_identification:_identify(FASTLIO2_ROS2-main/pgo) by extensions ['colcon_pkg']
[0.616s] Level 1:colcon.colcon_core.package_identification:_identify(FASTLIO2_ROS2-main/pgo) by extension 'colcon_pkg'
[0.618s] Level 1:colcon.colcon_core.package_identification:_identify(FASTLIO2_ROS2-main/pgo) by extensions ['colcon_meta']
[0.620s] Level 1:colcon.colcon_core.package_identification:_identify(FASTLIO2_ROS2-main/pgo) by extension 'colcon_meta'
[0.622s] Level 1:colcon.colcon_core.package_identification:_identify(FASTLIO2_ROS2-main/pgo) by extensions ['ros']
[0.625s] Level 1:colcon.colcon_core.package_identification:_identify(FASTLIO2_ROS2-main/pgo) by extension 'ros'
[0.640s] DEBUG:colcon.colcon_core.package_identification:Package 'FASTLIO2_ROS2-main/pgo' with type 'ros.ament_cmake' and name 'pgo'
[0.642s] Level 1:colcon.colcon_core.package_identification:_identify(SCAN-Planner-Ros2) by extensions ['ignore', 'ignore_ament_install']
[0.644s] Level 1:colcon.colcon_core.package_identification:_identify(SCAN-Planner-Ros2) by extension 'ignore'
[0.647s] Level 1:colcon.colcon_core.package_identification:_identify(SCAN-Planner-Ros2) by extension 'ignore_ament_install'
[0.649s] Level 1:colcon.colcon_core.package_identification:_identify(SCAN-Planner-Ros2) by extensions ['colcon_pkg']
[0.650s] Level 1:colcon.colcon_core.package_identification:_identify(SCAN-Planner-Ros2) by extension 'colcon_pkg'
[0.653s] Level 1:colcon.colcon_core.package_identification:_identify(SCAN-Planner-Ros2) by extensions ['colcon_meta']
[0.655s] Level 1:colcon.colcon_core.package_identification:_identify(SCAN-Planner-Ros2) by extension 'colcon_meta'
[0.657s] Level 1:colcon.colcon_core.package_identification:_identify(SCAN-Planner-Ros2) by extensions ['ros']
[0.659s] Level 1:colcon.colcon_core.package_identification:_identify(SCAN-Planner-Ros2) by extension 'ros'
[0.662s] Level 1:colcon.colcon_core.package_identification:_identify(SCAN-Planner-Ros2) by extensions ['cmake', 'python']
[0.663s] Level 1:colcon.colcon_core.package_identification:_identify(SCAN-Planner-Ros2) by extension 'cmake'
[0.665s] Level 1:colcon.colcon_core.package_identification:_identify(SCAN-Planner-Ros2) by extension 'python'
[0.668s] Level 1:colcon.colcon_core.package_identification:_identify(SCAN-Planner-Ros2) by extensions ['python_setup_py']
[0.669s] Level 1:colcon.colcon_core.package_identification:_identify(SCAN-Planner-Ros2) by extension 'python_setup_py'
[0.671s] Level 1:colcon.colcon_core.package_identification:_identify(SCAN-Planner-Ros2/assets) by extensions ['ignore', 'ignore_ament_install']
[0.673s] Level 1:colcon.colcon_core.package_identification:_identify(SCAN-Planner-Ros2/assets) by extension 'ignore'
[0.675s] Level 1:colcon.colcon_core.package_identification:_identify(SCAN-Planner-Ros2/assets) by extension 'ignore_ament_install'
[0.676s] Level 1:colcon.colcon_core.package_identification:_identify(SCAN-Planner-Ros2/assets) by extensions ['colcon_pkg']
[0.678s] Level 1:colcon.colcon_core.package_identification:_identify(SCAN-Planner-Ros2/assets) by extension 'colcon_pkg'
[0.680s] Level 1:colcon.colcon_core.package_identification:_identify(SCAN-Planner-Ros2/assets) by extensions ['colcon_meta']
[0.682s] Level 1:colcon.colcon_core.package_identification:_identify(SCAN-Planner-Ros2/assets) by extension 'colcon_meta'
[0.684s] Level 1:colcon.colcon_core.package_identification:_identify(SCAN-Planner-Ros2/assets) by extensions ['ros']
[0.686s] Level 1:colcon.colcon_core.package_identification:_identify(SCAN-Planner-Ros2/assets) by extension 'ros'
[0.688s] Level 1:colcon.colcon_core.package_identification:_identify(SCAN-Planner-Ros2/assets) by extensions ['cmake', 'python']
[0.690s] Level 1:colcon.colcon_core.package_identification:_identify(SCAN-Planner-Ros2/assets) by extension 'cmake'
[0.692s] Level 1:colcon.colcon_core.package_identification:_identify(SCAN-Planner-Ros2/assets) by extension 'python'
[0.693s] Level 1:colcon.colcon_core.package_identification:_identify(SCAN-Planner-Ros2/assets) by extensions ['python_setup_py']
[0.695s] Level 1:colcon.colcon_core.package_identification:_identify(SCAN-Planner-Ros2/assets) by extension 'python_setup_py'
[0.697s] Level 1:colcon.colcon_core.package_identification:_identify(SCAN-Planner-Ros2/assets/gif) by extensions ['ignore', 'ignore_ament_install']
[0.700s] Level 1:colcon.colcon_core.package_identification:_identify(SCAN-Planner-Ros2/assets/gif) by extension 'ignore'
[0.701s] Level 1:colcon.colcon_core.package_identification:_identify(SCAN-Planner-Ros2/assets/gif) by extension 'ignore_ament_install'
[0.703s] Level 1:colcon.colcon_core.package_identification:_identify(SCAN-Planner-Ros2/assets/gif) by extensions ['colcon_pkg']
[0.705s] Level 1:colcon.colcon_core.package_identification:_identify(SCAN-Planner-Ros2/assets/gif) by extension 'colcon_pkg'
[0.706s] Level 1:colcon.colcon_core.package_identification:_identify(SCAN-Planner-Ros2/assets/gif) by extensions ['colcon_meta']
[0.708s] Level 1:colcon.colcon_core.package_identification:_identify(SCAN-Planner-Ros2/assets/gif) by extension 'colcon_meta'
[0.710s] Level 1:colcon.colcon_core.package_identification:_identify(SCAN-Planner-Ros2/assets/gif) by extensions ['ros']
[0.711s] Level 1:colcon.colcon_core.package_identification:_identify(SCAN-Planner-Ros2/assets/gif) by extension 'ros'
[0.713s] Level 1:colcon.colcon_core.package_identification:_identify(SCAN-Planner-Ros2/assets/gif) by extensions ['cmake', 'python']
[0.715s] Level 1:colcon.colcon_core.package_identification:_identify(SCAN-Planner-Ros2/assets/gif) by extension 'cmake'
[0.716s] Level 1:colcon.colcon_core.package_identification:_identify(SCAN-Planner-Ros2/assets/gif) by extension 'python'
[0.718s] Level 1:colcon.colcon_core.package_identification:_identify(SCAN-Planner-Ros2/assets/gif) by extensions ['python_setup_py']
[0.721s] Level 1:colcon.colcon_core.package_identification:_identify(SCAN-Planner-Ros2/assets/gif) by extension 'python_setup_py'
[0.725s] Level 1:colcon.colcon_core.package_identification:_identify(SCAN-Planner-Ros2/assets/images) by extensions ['ignore', 'ignore_ament_install']
[0.729s] Level 1:colcon.colcon_core.package_identification:_identify(SCAN-Planner-Ros2/assets/images) by extension 'ignore'
[0.732s] Level 1:colcon.colcon_core.package_identification:_identify(SCAN-Planner-Ros2/assets/images) by extension 'ignore_ament_install'
[0.735s] Level 1:colcon.colcon_core.package_identification:_identify(SCAN-Planner-Ros2/assets/images) by extensions ['colcon_pkg']
[0.738s] Level 1:colcon.colcon_core.package_identification:_identify(SCAN-Planner-Ros2/assets/images) by extension 'colcon_pkg'
[0.741s] Level 1:colcon.colcon_core.package_identification:_identify(SCAN-Planner-Ros2/assets/images) by extensions ['colcon_meta']
[0.744s] Level 1:colcon.colcon_core.package_identification:_identify(SCAN-Planner-Ros2/assets/images) by extension 'colcon_meta'
[0.748s] Level 1:colcon.colcon_core.package_identification:_identify(SCAN-Planner-Ros2/assets/images) by extensions ['ros']
[0.752s] Level 1:colcon.colcon_core.package_identification:_identify(SCAN-Planner-Ros2/assets/images) by extension 'ros'
[0.756s] Level 1:colcon.colcon_core.package_identification:_identify(SCAN-Planner-Ros2/assets/images) by extensions ['cmake', 'python']
[0.758s] Level 1:colcon.colcon_core.package_identification:_identify(SCAN-Planner-Ros2/assets/images) by extension 'cmake'
[0.761s] Level 1:colcon.colcon_core.package_identification:_identify(SCAN-Planner-Ros2/assets/images) by extension 'python'
[0.764s] Level 1:colcon.colcon_core.package_identification:_identify(SCAN-Planner-Ros2/assets/images) by extensions ['python_setup_py']
[0.766s] Level 1:colcon.colcon_core.package_identification:_identify(SCAN-Planner-Ros2/assets/images) by extension 'python_setup_py'
[0.768s] Level 1:colcon.colcon_core.package_identification:_identify(SCAN-Planner-Ros2/build) by extensions ['ignore', 'ignore_ament_install']
[0.770s] Level 1:colcon.colcon_core.package_identification:_identify(SCAN-Planner-Ros2/build) by extension 'ignore'
[0.772s] Level 1:colcon.colcon_core.package_identification:_identify(SCAN-Planner-Ros2/build) ignored
[0.788s] Level 1:colcon.colcon_core.package_identification:_identify(SCAN-Planner-Ros2/install) by extensions ['ignore', 'ignore_ament_install']
[0.793s] Level 1:colcon.colcon_core.package_identification:_identify(SCAN-Planner-Ros2/install) by extension 'ignore'
[0.797s] Level 1:colcon.colcon_core.package_identification:_identify(SCAN-Planner-Ros2/install) ignored
[0.801s] Level 1:colcon.colcon_core.package_identification:_identify(SCAN-Planner-Ros2/log) by extensions ['ignore', 'ignore_ament_install']
[0.804s] Level 1:colcon.colcon_core.package_identification:_identify(SCAN-Planner-Ros2/log) by extension 'ignore'
[0.805s] Level 1:colcon.colcon_core.package_identification:_identify(SCAN-Planner-Ros2/log) ignored
[0.808s] Level 1:colcon.colcon_core.package_identification:_identify(SCAN-Planner-Ros2/src) by extensions ['ignore', 'ignore_ament_install']
[0.809s] Level 1:colcon.colcon_core.package_identification:_identify(SCAN-Planner-Ros2/src) by extension 'ignore'
[0.811s] Level 1:colcon.colcon_core.package_identification:_identify(SCAN-Planner-Ros2/src) by extension 'ignore_ament_install'
[0.813s] Level 1:colcon.colcon_core.package_identification:_identify(SCAN-Planner-Ros2/src) by extensions ['colcon_pkg']
[0.814s] Level 1:colcon.colcon_core.package_identification:_identify(SCAN-Planner-Ros2/src) by extension 'colcon_pkg'
[0.816s] Level 1:colcon.colcon_core.package_identification:_identify(SCAN-Planner-Ros2/src) by extensions ['colcon_meta']
[0.818s] Level 1:colcon.colcon_core.package_identification:_identify(SCAN-Planner-Ros2/src) by extension 'colcon_meta'
[0.820s] Level 1:colcon.colcon_core.package_identification:_identify(SCAN-Planner-Ros2/src) by extensions ['ros']
[0.821s] Level 1:colcon.colcon_core.package_identification:_identify(SCAN-Planner-Ros2/src) by extension 'ros'
[0.823s] Level 1:colcon.colcon_core.package_identification:_identify(SCAN-Planner-Ros2/src) by extensions ['cmake', 'python']
[0.825s] Level 1:colcon.colcon_core.package_identification:_identify(SCAN-Planner-Ros2/src) by extension 'cmake'
[0.826s] Level 1:colcon.colcon_core.package_identification:_identify(SCAN-Planner-Ros2/src) by extension 'python'
[0.829s] Level 1:colcon.colcon_core.package_identification:_identify(SCAN-Planner-Ros2/src) by extensions ['python_setup_py']
[0.830s] Level 1:colcon.colcon_core.package_identification:_identify(SCAN-Planner-Ros2/src) by extension 'python_setup_py'
[0.832s] Level 1:colcon.colcon_core.package_identification:_identify(SCAN-Planner-Ros2/src/planner) by extensions ['ignore', 'ignore_ament_install']
[0.834s] Level 1:colcon.colcon_core.package_identification:_identify(SCAN-Planner-Ros2/src/planner) by extension 'ignore'
[0.838s] Level 1:colcon.colcon_core.package_identification:_identify(SCAN-Planner-Ros2/src/planner) by extension 'ignore_ament_install'
[0.842s] Level 1:colcon.colcon_core.package_identification:_identify(SCAN-Planner-Ros2/src/planner) by extensions ['colcon_pkg']
[0.845s] Level 1:colcon.colcon_core.package_identification:_identify(SCAN-Planner-Ros2/src/planner) by extension 'colcon_pkg'
[0.849s] Level 1:colcon.colcon_core.package_identification:_identify(SCAN-Planner-Ros2/src/planner) by extensions ['colcon_meta']
[0.852s] Level 1:colcon.colcon_core.package_identification:_identify(SCAN-Planner-Ros2/src/planner) by extension 'colcon_meta'
[0.855s] Level 1:colcon.colcon_core.package_identification:_identify(SCAN-Planner-Ros2/src/planner) by extensions ['ros']
[0.857s] Level 1:colcon.colcon_core.package_identification:_identify(SCAN-Planner-Ros2/src/planner) by extension 'ros'
[0.859s] Level 1:colcon.colcon_core.package_identification:_identify(SCAN-Planner-Ros2/src/planner) by extensions ['cmake', 'python']
[0.861s] Level 1:colcon.colcon_core.package_identification:_identify(SCAN-Planner-Ros2/src/planner) by extension 'cmake'
[0.863s] Level 1:colcon.colcon_core.package_identification:_identify(SCAN-Planner-Ros2/src/planner) by extension 'python'
[0.865s] Level 1:colcon.colcon_core.package_identification:_identify(SCAN-Planner-Ros2/src/planner) by extensions ['python_setup_py']
[0.867s] Level 1:colcon.colcon_core.package_identification:_identify(SCAN-Planner-Ros2/src/planner) by extension 'python_setup_py'
[0.869s] Level 1:colcon.colcon_core.package_identification:_identify(SCAN-Planner-Ros2/src/planner/bspline_opt) by extensions ['ignore', 'ignore_ament_install']
[0.871s] Level 1:colcon.colcon_core.package_identification:_identify(SCAN-Planner-Ros2/src/planner/bspline_opt) by extension 'ignore'
[0.872s] Level 1:colcon.colcon_core.package_identification:_identify(SCAN-Planner-Ros2/src/planner/bspline_opt) by extension 'ignore_ament_install'
[0.874s] Level 1:colcon.colcon_core.package_identification:_identify(SCAN-Planner-Ros2/src/planner/bspline_opt) by extensions ['colcon_pkg']
[0.875s] Level 1:colcon.colcon_core.package_identification:_identify(SCAN-Planner-Ros2/src/planner/bspline_opt) by extension 'colcon_pkg'
[0.877s] Level 1:colcon.colcon_core.package_identification:_identify(SCAN-Planner-Ros2/src/planner/bspline_opt) by extensions ['colcon_meta']
[0.879s] Level 1:colcon.colcon_core.package_identification:_identify(SCAN-Planner-Ros2/src/planner/bspline_opt) by extension 'colcon_meta'
[0.881s] Level 1:colcon.colcon_core.package_identification:_identify(SCAN-Planner-Ros2/src/planner/bspline_opt) by extensions ['ros']
[0.883s] Level 1:colcon.colcon_core.package_identification:_identify(SCAN-Planner-Ros2/src/planner/bspline_opt) by extension 'ros'
[0.890s] DEBUG:colcon.colcon_core.package_identification:Package 'SCAN-Planner-Ros2/src/planner/bspline_opt' with type 'ros.ament_cmake' and name 'bspline_opt'
[0.892s] Level 1:colcon.colcon_core.package_identification:_identify(SCAN-Planner-Ros2/src/planner/path_searching) by extensions ['ignore', 'ignore_ament_install']
[0.894s] Level 1:colcon.colcon_core.package_identification:_identify(SCAN-Planner-Ros2/src/planner/path_searching) by extension 'ignore'
[0.896s] Level 1:colcon.colcon_core.package_identification:_identify(SCAN-Planner-Ros2/src/planner/path_searching) by extension 'ignore_ament_install'
[0.898s] Level 1:colcon.colcon_core.package_identification:_identify(SCAN-Planner-Ros2/src/planner/path_searching) by extensions ['colcon_pkg']
[0.899s] Level 1:colcon.colcon_core.package_identification:_identify(SCAN-Planner-Ros2/src/planner/path_searching) by extension 'colcon_pkg'
[0.901s] Level 1:colcon.colcon_core.package_identification:_identify(SCAN-Planner-Ros2/src/planner/path_searching) by extensions ['colcon_meta']
[0.903s] Level 1:colcon.colcon_core.package_identification:_identify(SCAN-Planner-Ros2/src/planner/path_searching) by extension 'colcon_meta'
[0.905s] Level 1:colcon.colcon_core.package_identification:_identify(SCAN-Planner-Ros2/src/planner/path_searching) by extensions ['ros']
[0.907s] Level 1:colcon.colcon_core.package_identification:_identify(SCAN-Planner-Ros2/src/planner/path_searching) by extension 'ros'
[0.914s] DEBUG:colcon.colcon_core.package_identification:Package 'SCAN-Planner-Ros2/src/planner/path_searching' with type 'ros.ament_cmake' and name 'path_searching'
[0.917s] Level 1:colcon.colcon_core.package_identification:_identify(SCAN-Planner-Ros2/src/planner/plan_env) by extensions ['ignore', 'ignore_ament_install']
[0.920s] Level 1:colcon.colcon_core.package_identification:_identify(SCAN-Planner-Ros2/src/planner/plan_env) by extension 'ignore'
[0.922s] Level 1:colcon.colcon_core.package_identification:_identify(SCAN-Planner-Ros2/src/planner/plan_env) by extension 'ignore_ament_install'
[0.924s] Level 1:colcon.colcon_core.package_identification:_identify(SCAN-Planner-Ros2/src/planner/plan_env) by extensions ['colcon_pkg']
[0.926s] Level 1:colcon.colcon_core.package_identification:_identify(SCAN-Planner-Ros2/src/planner/plan_env) by extension 'colcon_pkg'
[0.927s] Level 1:colcon.colcon_core.package_identification:_identify(SCAN-Planner-Ros2/src/planner/plan_env) by extensions ['colcon_meta']
[0.929s] Level 1:colcon.colcon_core.package_identification:_identify(SCAN-Planner-Ros2/src/planner/plan_env) by extension 'colcon_meta'
[0.931s] Level 1:colcon.colcon_core.package_identification:_identify(SCAN-Planner-Ros2/src/planner/plan_env) by extensions ['ros']
[0.933s] Level 1:colcon.colcon_core.package_identification:_identify(SCAN-Planner-Ros2/src/planner/plan_env) by extension 'ros'
[0.943s] DEBUG:colcon.colcon_core.package_identification:Package 'SCAN-Planner-Ros2/src/planner/plan_env' with type 'ros.ament_cmake' and name 'plan_env'
[0.946s] Level 1:colcon.colcon_core.package_identification:_identify(SCAN-Planner-Ros2/src/planner/plan_manage) by extensions ['ignore', 'ignore_ament_install']
[0.948s] Level 1:colcon.colcon_core.package_identification:_identify(SCAN-Planner-Ros2/src/planner/plan_manage) by extension 'ignore'
[0.949s] Level 1:colcon.colcon_core.package_identification:_identify(SCAN-Planner-Ros2/src/planner/plan_manage) by extension 'ignore_ament_install'
[0.951s] Level 1:colcon.colcon_core.package_identification:_identify(SCAN-Planner-Ros2/src/planner/plan_manage) by extensions ['colcon_pkg']
[0.954s] Level 1:colcon.colcon_core.package_identification:_identify(SCAN-Planner-Ros2/src/planner/plan_manage) by extension 'colcon_pkg'
[0.955s] Level 1:colcon.colcon_core.package_identification:_identify(SCAN-Planner-Ros2/src/planner/plan_manage) by extensions ['colcon_meta']
[0.957s] Level 1:colcon.colcon_core.package_identification:_identify(SCAN-Planner-Ros2/src/planner/plan_manage) by extension 'colcon_meta'
[0.959s] Level 1:colcon.colcon_core.package_identification:_identify(SCAN-Planner-Ros2/src/planner/plan_manage) by extensions ['ros']
[0.961s] Level 1:colcon.colcon_core.package_identification:_identify(SCAN-Planner-Ros2/src/planner/plan_manage) by extension 'ros'
[0.977s] DEBUG:colcon.colcon_core.package_identification:Package 'SCAN-Planner-Ros2/src/planner/plan_manage' with type 'ros.ament_cmake' and name 'scan_planner'
[0.979s] Level 1:colcon.colcon_core.package_identification:_identify(SCAN-Planner-Ros2/src/planner/scan_planner_msgs) by extensions ['ignore', 'ignore_ament_install']
[0.981s] Level 1:colcon.colcon_core.package_identification:_identify(SCAN-Planner-Ros2/src/planner/scan_planner_msgs) by extension 'ignore'
[0.983s] Level 1:colcon.colcon_core.package_identification:_identify(SCAN-Planner-Ros2/src/planner/scan_planner_msgs) by extension 'ignore_ament_install'
[0.985s] Level 1:colcon.colcon_core.package_identification:_identify(SCAN-Planner-Ros2/src/planner/scan_planner_msgs) by extensions ['colcon_pkg']
[0.986s] Level 1:colcon.colcon_core.package_identification:_identify(SCAN-Planner-Ros2/src/planner/scan_planner_msgs) by extension 'colcon_pkg'
[0.988s] Level 1:colcon.colcon_core.package_identification:_identify(SCAN-Planner-Ros2/src/planner/scan_planner_msgs) by extensions ['colcon_meta']
[0.989s] Level 1:colcon.colcon_core.package_identification:_identify(SCAN-Planner-Ros2/src/planner/scan_planner_msgs) by extension 'colcon_meta'
[0.991s] Level 1:colcon.colcon_core.package_identification:_identify(SCAN-Planner-Ros2/src/planner/scan_planner_msgs) by extensions ['ros']
[0.992s] Level 1:colcon.colcon_core.package_identification:_identify(SCAN-Planner-Ros2/src/planner/scan_planner_msgs) by extension 'ros'
[0.998s] DEBUG:colcon.colcon_core.package_identification:Package 'SCAN-Planner-Ros2/src/planner/scan_planner_msgs' with type 'ros.ament_cmake' and name 'scan_planner_msgs'
[1.000s] Level 1:colcon.colcon_core.package_identification:_identify(SCAN-Planner-Ros2/src/planner/traj_utils) by extensions ['ignore', 'ignore_ament_install']
[1.002s] Level 1:colcon.colcon_core.package_identification:_identify(SCAN-Planner-Ros2/src/planner/traj_utils) by extension 'ignore'
[1.004s] Level 1:colcon.colcon_core.package_identification:_identify(SCAN-Planner-Ros2/src/planner/traj_utils) by extension 'ignore_ament_install'
[1.006s] Level 1:colcon.colcon_core.package_identification:_identify(SCAN-Planner-Ros2/src/planner/traj_utils) by extensions ['colcon_pkg']
[1.008s] Level 1:colcon.colcon_core.package_identification:_identify(SCAN-Planner-Ros2/src/planner/traj_utils) by extension 'colcon_pkg'
[1.010s] Level 1:colcon.colcon_core.package_identification:_identify(SCAN-Planner-Ros2/src/planner/traj_utils) by extensions ['colcon_meta']
[1.012s] Level 1:colcon.colcon_core.package_identification:_identify(SCAN-Planner-Ros2/src/planner/traj_utils) by extension 'colcon_meta'
[1.014s] Level 1:colcon.colcon_core.package_identification:_identify(SCAN-Planner-Ros2/src/planner/traj_utils) by extensions ['ros']
[1.016s] Level 1:colcon.colcon_core.package_identification:_identify(SCAN-Planner-Ros2/src/planner/traj_utils) by extension 'ros'
[1.025s] DEBUG:colcon.colcon_core.package_identification:Package 'SCAN-Planner-Ros2/src/planner/traj_utils' with type 'ros.ament_cmake' and name 'traj_utils'
[1.028s] Level 1:colcon.colcon_core.package_identification:_identify(SCAN-Planner-Ros2/src/simulator) by extensions ['ignore', 'ignore_ament_install']
[1.030s] Level 1:colcon.colcon_core.package_identification:_identify(SCAN-Planner-Ros2/src/simulator) by extension 'ignore'
[1.032s] Level 1:colcon.colcon_core.package_identification:_identify(SCAN-Planner-Ros2/src/simulator) by extension 'ignore_ament_install'
[1.034s] Level 1:colcon.colcon_core.package_identification:_identify(SCAN-Planner-Ros2/src/simulator) by extensions ['colcon_pkg']
[1.036s] Level 1:colcon.colcon_core.package_identification:_identify(SCAN-Planner-Ros2/src/simulator) by extension 'colcon_pkg'
[1.038s] Level 1:colcon.colcon_core.package_identification:_identify(SCAN-Planner-Ros2/src/simulator) by extensions ['colcon_meta']
[1.040s] Level 1:colcon.colcon_core.package_identification:_identify(SCAN-Planner-Ros2/src/simulator) by extension 'colcon_meta'
[1.042s] Level 1:colcon.colcon_core.package_identification:_identify(SCAN-Planner-Ros2/src/simulator) by extensions ['ros']
[1.044s] Level 1:colcon.colcon_core.package_identification:_identify(SCAN-Planner-Ros2/src/simulator) by extension 'ros'
[1.046s] Level 1:colcon.colcon_core.package_identification:_identify(SCAN-Planner-Ros2/src/simulator) by extensions ['cmake', 'python']
[1.048s] Level 1:colcon.colcon_core.package_identification:_identify(SCAN-Planner-Ros2/src/simulator) by extension 'cmake'
[1.050s] Level 1:colcon.colcon_core.package_identification:_identify(SCAN-Planner-Ros2/src/simulator) by extension 'python'
[1.052s] Level 1:colcon.colcon_core.package_identification:_identify(SCAN-Planner-Ros2/src/simulator) by extensions ['python_setup_py']
[1.054s] Level 1:colcon.colcon_core.package_identification:_identify(SCAN-Planner-Ros2/src/simulator) by extension 'python_setup_py'
[1.056s] Level 1:colcon.colcon_core.package_identification:_identify(SCAN-Planner-Ros2/src/simulator/Utils) by extensions ['ignore', 'ignore_ament_install']
[1.059s] Level 1:colcon.colcon_core.package_identification:_identify(SCAN-Planner-Ros2/src/simulator/Utils) by extension 'ignore'
[1.061s] Level 1:colcon.colcon_core.package_identification:_identify(SCAN-Planner-Ros2/src/simulator/Utils) by extension 'ignore_ament_install'
[1.063s] Level 1:colcon.colcon_core.package_identification:_identify(SCAN-Planner-Ros2/src/simulator/Utils) by extensions ['colcon_pkg']
[1.065s] Level 1:colcon.colcon_core.package_identification:_identify(SCAN-Planner-Ros2/src/simulator/Utils) by extension 'colcon_pkg'
[1.068s] Level 1:colcon.colcon_core.package_identification:_identify(SCAN-Planner-Ros2/src/simulator/Utils) by extensions ['colcon_meta']
[1.070s] Level 1:colcon.colcon_core.package_identification:_identify(SCAN-Planner-Ros2/src/simulator/Utils) by extension 'colcon_meta'
[1.073s] Level 1:colcon.colcon_core.package_identification:_identify(SCAN-Planner-Ros2/src/simulator/Utils) by extensions ['ros']
[1.075s] Level 1:colcon.colcon_core.package_identification:_identify(SCAN-Planner-Ros2/src/simulator/Utils) by extension 'ros'
[1.078s] Level 1:colcon.colcon_core.package_identification:_identify(SCAN-Planner-Ros2/src/simulator/Utils) by extensions ['cmake', 'python']
[1.079s] Level 1:colcon.colcon_core.package_identification:_identify(SCAN-Planner-Ros2/src/simulator/Utils) by extension 'cmake'
[1.081s] Level 1:colcon.colcon_core.package_identification:_identify(SCAN-Planner-Ros2/src/simulator/Utils) by extension 'python'
[1.084s] Level 1:colcon.colcon_core.package_identification:_identify(SCAN-Planner-Ros2/src/simulator/Utils) by extensions ['python_setup_py']
[1.086s] Level 1:colcon.colcon_core.package_identification:_identify(SCAN-Planner-Ros2/src/simulator/Utils) by extension 'python_setup_py'
[1.089s] Level 1:colcon.colcon_core.package_identification:_identify(SCAN-Planner-Ros2/src/simulator/Utils/go2_description) by extensions ['ignore', 'ignore_ament_install']
[1.092s] Level 1:colcon.colcon_core.package_identification:_identify(SCAN-Planner-Ros2/src/simulator/Utils/go2_description) by extension 'ignore'
[1.095s] Level 1:colcon.colcon_core.package_identification:_identify(SCAN-Planner-Ros2/src/simulator/Utils/go2_description) by extension 'ignore_ament_install'
[1.098s] Level 1:colcon.colcon_core.package_identification:_identify(SCAN-Planner-Ros2/src/simulator/Utils/go2_description) by extensions ['colcon_pkg']
[1.100s] Level 1:colcon.colcon_core.package_identification:_identify(SCAN-Planner-Ros2/src/simulator/Utils/go2_description) by extension 'colcon_pkg'
[1.103s] Level 1:colcon.colcon_core.package_identification:_identify(SCAN-Planner-Ros2/src/simulator/Utils/go2_description) by extensions ['colcon_meta']
[1.106s] Level 1:colcon.colcon_core.package_identification:_identify(SCAN-Planner-Ros2/src/simulator/Utils/go2_description) by extension 'colcon_meta'
[1.109s] Level 1:colcon.colcon_core.package_identification:_identify(SCAN-Planner-Ros2/src/simulator/Utils/go2_description) by extensions ['ros']
[1.111s] Level 1:colcon.colcon_core.package_identification:_identify(SCAN-Planner-Ros2/src/simulator/Utils/go2_description) by extension 'ros'
[1.124s] DEBUG:colcon.colcon_core.package_identification:Package 'SCAN-Planner-Ros2/src/simulator/Utils/go2_description' with type 'ros.ament_cmake' and name 'go2_description'
[1.128s] Level 1:colcon.colcon_core.package_identification:_identify(SCAN-Planner-Ros2/src/simulator/Utils/odom_visualization) by extensions ['ignore', 'ignore_ament_install']
[1.131s] Level 1:colcon.colcon_core.package_identification:_identify(SCAN-Planner-Ros2/src/simulator/Utils/odom_visualization) by extension 'ignore'
[1.133s] Level 1:colcon.colcon_core.package_identification:_identify(SCAN-Planner-Ros2/src/simulator/Utils/odom_visualization) by extension 'ignore_ament_install'
[1.137s] Level 1:colcon.colcon_core.package_identification:_identify(SCAN-Planner-Ros2/src/simulator/Utils/odom_visualization) by extensions ['colcon_pkg']
[1.140s] Level 1:colcon.colcon_core.package_identification:_identify(SCAN-Planner-Ros2/src/simulator/Utils/odom_visualization) by extension 'colcon_pkg'
[1.143s] Level 1:colcon.colcon_core.package_identification:_identify(SCAN-Planner-Ros2/src/simulator/Utils/odom_visualization) by extensions ['colcon_meta']
[1.145s] Level 1:colcon.colcon_core.package_identification:_identify(SCAN-Planner-Ros2/src/simulator/Utils/odom_visualization) by extension 'colcon_meta'
[1.149s] Level 1:colcon.colcon_core.package_identification:_identify(SCAN-Planner-Ros2/src/simulator/Utils/odom_visualization) by extensions ['ros']
[1.153s] Level 1:colcon.colcon_core.package_identification:_identify(SCAN-Planner-Ros2/src/simulator/Utils/odom_visualization) by extension 'ros'
[1.176s] DEBUG:colcon.colcon_core.package_identification:Package 'SCAN-Planner-Ros2/src/simulator/Utils/odom_visualization' with type 'ros.ament_cmake' and name 'odom_visualization'
[1.179s] Level 1:colcon.colcon_core.package_identification:_identify(SCAN-Planner-Ros2/src/simulator/Utils/pose_utils) by extensions ['ignore', 'ignore_ament_install']
[1.182s] Level 1:colcon.colcon_core.package_identification:_identify(SCAN-Planner-Ros2/src/simulator/Utils/pose_utils) by extension 'ignore'
[1.185s] Level 1:colcon.colcon_core.package_identification:_identify(SCAN-Planner-Ros2/src/simulator/Utils/pose_utils) by extension 'ignore_ament_install'
[1.188s] Level 1:colcon.colcon_core.package_identification:_identify(SCAN-Planner-Ros2/src/simulator/Utils/pose_utils) by extensions ['colcon_pkg']
[1.190s] Level 1:colcon.colcon_core.package_identification:_identify(SCAN-Planner-Ros2/src/simulator/Utils/pose_utils) by extension 'colcon_pkg'
[1.193s] Level 1:colcon.colcon_core.package_identification:_identify(SCAN-Planner-Ros2/src/simulator/Utils/pose_utils) by extensions ['colcon_meta']
[1.196s] Level 1:colcon.colcon_core.package_identification:_identify(SCAN-Planner-Ros2/src/simulator/Utils/pose_utils) by extension 'colcon_meta'
[1.200s] Level 1:colcon.colcon_core.package_identification:_identify(SCAN-Planner-Ros2/src/simulator/Utils/pose_utils) by extensions ['ros']
[1.203s] Level 1:colcon.colcon_core.package_identification:_identify(SCAN-Planner-Ros2/src/simulator/Utils/pose_utils) by extension 'ros'
[1.216s] DEBUG:colcon.colcon_core.package_identification:Package 'SCAN-Planner-Ros2/src/simulator/Utils/pose_utils' with type 'ros.ament_cmake' and name 'pose_utils'
[1.220s] Level 1:colcon.colcon_core.package_identification:_identify(SCAN-Planner-Ros2/src/simulator/Utils/waypoint_generator) by extensions ['ignore', 'ignore_ament_install']
[1.224s] Level 1:colcon.colcon_core.package_identification:_identify(SCAN-Planner-Ros2/src/simulator/Utils/waypoint_generator) by extension 'ignore'
[1.228s] Level 1:colcon.colcon_core.package_identification:_identify(SCAN-Planner-Ros2/src/simulator/Utils/waypoint_generator) by extension 'ignore_ament_install'
[1.231s] Level 1:colcon.colcon_core.package_identification:_identify(SCAN-Planner-Ros2/src/simulator/Utils/waypoint_generator) by extensions ['colcon_pkg']
[1.234s] Level 1:colcon.colcon_core.package_identification:_identify(SCAN-Planner-Ros2/src/simulator/Utils/waypoint_generator) by extension 'colcon_pkg'
[1.237s] Level 1:colcon.colcon_core.package_identification:_identify(SCAN-Planner-Ros2/src/simulator/Utils/waypoint_generator) by extensions ['colcon_meta']
[1.239s] Level 1:colcon.colcon_core.package_identification:_identify(SCAN-Planner-Ros2/src/simulator/Utils/waypoint_generator) by extension 'colcon_meta'
[1.242s] Level 1:colcon.colcon_core.package_identification:_identify(SCAN-Planner-Ros2/src/simulator/Utils/waypoint_generator) by extensions ['ros']
[1.244s] Level 1:colcon.colcon_core.package_identification:_identify(SCAN-Planner-Ros2/src/simulator/Utils/waypoint_generator) by extension 'ros'
[1.251s] DEBUG:colcon.colcon_core.package_identification:Package 'SCAN-Planner-Ros2/src/simulator/Utils/waypoint_generator' with type 'ros.ament_cmake' and name 'waypoint_generator'
[1.253s] Level 1:colcon.colcon_core.package_identification:_identify(SCAN-Planner-Ros2/src/simulator/local_sensing) by extensions ['ignore', 'ignore_ament_install']
[1.257s] Level 1:colcon.colcon_core.package_identification:_identify(SCAN-Planner-Ros2/src/simulator/local_sensing) by extension 'ignore'
[1.260s] Level 1:colcon.colcon_core.package_identification:_identify(SCAN-Planner-Ros2/src/simulator/local_sensing) by extension 'ignore_ament_install'
[1.262s] Level 1:colcon.colcon_core.package_identification:_identify(SCAN-Planner-Ros2/src/simulator/local_sensing) by extensions ['colcon_pkg']
[1.265s] Level 1:colcon.colcon_core.package_identification:_identify(SCAN-Planner-Ros2/src/simulator/local_sensing) by extension 'colcon_pkg'
[1.267s] Level 1:colcon.colcon_core.package_identification:_identify(SCAN-Planner-Ros2/src/simulator/local_sensing) by extensions ['colcon_meta']
[1.269s] Level 1:colcon.colcon_core.package_identification:_identify(SCAN-Planner-Ros2/src/simulator/local_sensing) by extension 'colcon_meta'
[1.271s] Level 1:colcon.colcon_core.package_identification:_identify(SCAN-Planner-Ros2/src/simulator/local_sensing) by extensions ['ros']
[1.272s] Level 1:colcon.colcon_core.package_identification:_identify(SCAN-Planner-Ros2/src/simulator/local_sensing) by extension 'ros'
[1.280s] DEBUG:colcon.colcon_core.package_identification:Package 'SCAN-Planner-Ros2/src/simulator/local_sensing' with type 'ros.ament_cmake' and name 'local_sensing_node'
[1.282s] Level 1:colcon.colcon_core.package_identification:_identify(SCAN-Planner-Ros2/src/simulator/map_generator) by extensions ['ignore', 'ignore_ament_install']
[1.284s] Level 1:colcon.colcon_core.package_identification:_identify(SCAN-Planner-Ros2/src/simulator/map_generator) by extension 'ignore'
[1.286s] Level 1:colcon.colcon_core.package_identification:_identify(SCAN-Planner-Ros2/src/simulator/map_generator) by extension 'ignore_ament_install'
[1.288s] Level 1:colcon.colcon_core.package_identification:_identify(SCAN-Planner-Ros2/src/simulator/map_generator) by extensions ['colcon_pkg']
[1.290s] Level 1:colcon.colcon_core.package_identification:_identify(SCAN-Planner-Ros2/src/simulator/map_generator) by extension 'colcon_pkg'
[1.292s] Level 1:colcon.colcon_core.package_identification:_identify(SCAN-Planner-Ros2/src/simulator/map_generator) by extensions ['colcon_meta']
[1.294s] Level 1:colcon.colcon_core.package_identification:_identify(SCAN-Planner-Ros2/src/simulator/map_generator) by extension 'colcon_meta'
[1.298s] Level 1:colcon.colcon_core.package_identification:_identify(SCAN-Planner-Ros2/src/simulator/map_generator) by extensions ['ros']
[1.301s] Level 1:colcon.colcon_core.package_identification:_identify(SCAN-Planner-Ros2/src/simulator/map_generator) by extension 'ros'
[1.310s] DEBUG:colcon.colcon_core.package_identification:Package 'SCAN-Planner-Ros2/src/simulator/map_generator' with type 'ros.ament_cmake' and name 'map_generator'
[1.312s] Level 1:colcon.colcon_core.package_identification:_identify(SCAN-Planner-Ros2/src/simulator/mockamap) by extensions ['ignore', 'ignore_ament_install']
[1.314s] Level 1:colcon.colcon_core.package_identification:_identify(SCAN-Planner-Ros2/src/simulator/mockamap) by extension 'ignore'
[1.315s] Level 1:colcon.colcon_core.package_identification:_identify(SCAN-Planner-Ros2/src/simulator/mockamap) by extension 'ignore_ament_install'
[1.318s] Level 1:colcon.colcon_core.package_identification:_identify(SCAN-Planner-Ros2/src/simulator/mockamap) by extensions ['colcon_pkg']
[1.320s] Level 1:colcon.colcon_core.package_identification:_identify(SCAN-Planner-Ros2/src/simulator/mockamap) by extension 'colcon_pkg'
[1.322s] Level 1:colcon.colcon_core.package_identification:_identify(SCAN-Planner-Ros2/src/simulator/mockamap) by extensions ['colcon_meta']
[1.324s] Level 1:colcon.colcon_core.package_identification:_identify(SCAN-Planner-Ros2/src/simulator/mockamap) by extension 'colcon_meta'
[1.327s] Level 1:colcon.colcon_core.package_identification:_identify(SCAN-Planner-Ros2/src/simulator/mockamap) by extensions ['ros']
[1.329s] Level 1:colcon.colcon_core.package_identification:_identify(SCAN-Planner-Ros2/src/simulator/mockamap) by extension 'ros'
[1.336s] DEBUG:colcon.colcon_core.package_identification:Package 'SCAN-Planner-Ros2/src/simulator/mockamap' with type 'ros.ament_cmake' and name 'mockamap'
[1.338s] Level 1:colcon.colcon_core.package_identification:_identify(SCAN-Planner-Ros2/tools) by extensions ['ignore', 'ignore_ament_install']
[1.340s] Level 1:colcon.colcon_core.package_identification:_identify(SCAN-Planner-Ros2/tools) by extension 'ignore'
[1.342s] Level 1:colcon.colcon_core.package_identification:_identify(SCAN-Planner-Ros2/tools) by extension 'ignore_ament_install'
[1.344s] Level 1:colcon.colcon_core.package_identification:_identify(SCAN-Planner-Ros2/tools) by extensions ['colcon_pkg']
[1.346s] Level 1:colcon.colcon_core.package_identification:_identify(SCAN-Planner-Ros2/tools) by extension 'colcon_pkg'
[1.348s] Level 1:colcon.colcon_core.package_identification:_identify(SCAN-Planner-Ros2/tools) by extensions ['colcon_meta']
[1.350s] Level 1:colcon.colcon_core.package_identification:_identify(SCAN-Planner-Ros2/tools) by extension 'colcon_meta'
[1.352s] Level 1:colcon.colcon_core.package_identification:_identify(SCAN-Planner-Ros2/tools) by extensions ['ros']
[1.354s] Level 1:colcon.colcon_core.package_identification:_identify(SCAN-Planner-Ros2/tools) by extension 'ros'
[1.356s] Level 1:colcon.colcon_core.package_identification:_identify(SCAN-Planner-Ros2/tools) by extensions ['cmake', 'python']
[1.358s] Level 1:colcon.colcon_core.package_identification:_identify(SCAN-Planner-Ros2/tools) by extension 'cmake'
[1.361s] Level 1:colcon.colcon_core.package_identification:_identify(SCAN-Planner-Ros2/tools) by extension 'python'
[1.364s] Level 1:colcon.colcon_core.package_identification:_identify(SCAN-Planner-Ros2/tools) by extensions ['python_setup_py']
[1.366s] Level 1:colcon.colcon_core.package_identification:_identify(SCAN-Planner-Ros2/tools) by extension 'python_setup_py'
[1.370s] Level 1:colcon.colcon_core.package_identification:_identify(build) by extensions ['ignore', 'ignore_ament_install']
[1.373s] Level 1:colcon.colcon_core.package_identification:_identify(build) by extension 'ignore'
[1.376s] Level 1:colcon.colcon_core.package_identification:_identify(build) ignored
[1.379s] Level 1:colcon.colcon_core.package_identification:_identify(fast_lio2) by extensions ['ignore', 'ignore_ament_install']
[1.382s] Level 1:colcon.colcon_core.package_identification:_identify(fast_lio2) by extension 'ignore'
[1.385s] Level 1:colcon.colcon_core.package_identification:_identify(fast_lio2) by extension 'ignore_ament_install'
[1.388s] Level 1:colcon.colcon_core.package_identification:_identify(fast_lio2) by extensions ['colcon_pkg']
[1.391s] Level 1:colcon.colcon_core.package_identification:_identify(fast_lio2) by extension 'colcon_pkg'
[1.393s] Level 1:colcon.colcon_core.package_identification:_identify(fast_lio2) by extensions ['colcon_meta']
[1.396s] Level 1:colcon.colcon_core.package_identification:_identify(fast_lio2) by extension 'colcon_meta'
[1.398s] Level 1:colcon.colcon_core.package_identification:_identify(fast_lio2) by extensions ['ros']
[1.401s] Level 1:colcon.colcon_core.package_identification:_identify(fast_lio2) by extension 'ros'
[1.423s] DEBUG:colcon.colcon_core.package_identification:Package 'fast_lio2' with type 'ros.ament_cmake' and name 'fast_lio'
[1.426s] Level 1:colcon.colcon_core.package_identification:_identify(install) by extensions ['ignore', 'ignore_ament_install']
[1.428s] Level 1:colcon.colcon_core.package_identification:_identify(install) by extension 'ignore'
[1.430s] Level 1:colcon.colcon_core.package_identification:_identify(install) ignored
[1.432s] Level 1:colcon.colcon_core.package_identification:_identify(livox_ros_driver2) by extensions ['ignore', 'ignore_ament_install']
[1.434s] Level 1:colcon.colcon_core.package_identification:_identify(livox_ros_driver2) by extension 'ignore'
[1.443s] Level 1:colcon.colcon_core.package_identification:_identify(livox_ros_driver2) by extension 'ignore_ament_install'
[1.446s] Level 1:colcon.colcon_core.package_identification:_identify(livox_ros_driver2) by extensions ['colcon_pkg']
[1.448s] Level 1:colcon.colcon_core.package_identification:_identify(livox_ros_driver2) by extension 'colcon_pkg'
[1.450s] Level 1:colcon.colcon_core.package_identification:_identify(livox_ros_driver2) by extensions ['colcon_meta']
[1.451s] Level 1:colcon.colcon_core.package_identification:_identify(livox_ros_driver2) by extension 'colcon_meta'
[1.453s] Level 1:colcon.colcon_core.package_identification:_identify(livox_ros_driver2) by extensions ['ros']
[1.455s] Level 1:colcon.colcon_core.package_identification:_identify(livox_ros_driver2) by extension 'ros'
[1.463s] DEBUG:colcon.colcon_core.package_identification:Package 'livox_ros_driver2' with type 'ros.ament_cmake' and name 'livox_ros_driver2'
[1.465s] Level 1:colcon.colcon_core.package_identification:_identify(log) by extensions ['ignore', 'ignore_ament_install']
[1.467s] Level 1:colcon.colcon_core.package_identification:_identify(log) by extension 'ignore'
[1.469s] Level 1:colcon.colcon_core.package_identification:_identify(log) ignored
[1.470s] Level 1:colcon.colcon_core.package_identification:_identify(pcd2pgm-main) by extensions ['ignore', 'ignore_ament_install']
[1.472s] Level 1:colcon.colcon_core.package_identification:_identify(pcd2pgm-main) by extension 'ignore'
[1.474s] Level 1:colcon.colcon_core.package_identification:_identify(pcd2pgm-main) by extension 'ignore_ament_install'
[1.476s] Level 1:colcon.colcon_core.package_identification:_identify(pcd2pgm-main) by extensions ['colcon_pkg']
[1.477s] Level 1:colcon.colcon_core.package_identification:_identify(pcd2pgm-main) by extension 'colcon_pkg'
[1.479s] Level 1:colcon.colcon_core.package_identification:_identify(pcd2pgm-main) by extensions ['colcon_meta']
[1.482s] Level 1:colcon.colcon_core.package_identification:_identify(pcd2pgm-main) by extension 'colcon_meta'
[1.483s] Level 1:colcon.colcon_core.package_identification:_identify(pcd2pgm-main) by extensions ['ros']
[1.486s] Level 1:colcon.colcon_core.package_identification:_identify(pcd2pgm-main) by extension 'ros'
[1.502s] DEBUG:colcon.colcon_core.package_identification:Package 'pcd2pgm-main' with type 'ros.ament_cmake' and name 'pcd2pgm'
[1.504s] Level 1:colcon.colcon_core.package_identification:_identify(pcd_height) by extensions ['ignore', 'ignore_ament_install']
[1.506s] Level 1:colcon.colcon_core.package_identification:_identify(pcd_height) by extension 'ignore'
[1.508s] Level 1:colcon.colcon_core.package_identification:_identify(pcd_height) by extension 'ignore_ament_install'
[1.511s] Level 1:colcon.colcon_core.package_identification:_identify(pcd_height) by extensions ['colcon_pkg']
[1.513s] Level 1:colcon.colcon_core.package_identification:_identify(pcd_height) by extension 'colcon_pkg'
[1.516s] Level 1:colcon.colcon_core.package_identification:_identify(pcd_height) by extensions ['colcon_meta']
[1.519s] Level 1:colcon.colcon_core.package_identification:_identify(pcd_height) by extension 'colcon_meta'
[1.522s] Level 1:colcon.colcon_core.package_identification:_identify(pcd_height) by extensions ['ros']
[1.524s] Level 1:colcon.colcon_core.package_identification:_identify(pcd_height) by extension 'ros'
[1.528s] Level 1:colcon.colcon_core.package_identification:_identify(pcd_height) by extensions ['cmake', 'python']
[1.530s] Level 1:colcon.colcon_core.package_identification:_identify(pcd_height) by extension 'cmake'
[1.532s] Level 1:colcon.colcon_core.package_identification:_identify(pcd_height) by extension 'python'
[1.535s] Level 1:colcon.colcon_core.package_identification:_identify(pcd_height) by extensions ['python_setup_py']
[1.557s] Level 1:colcon.colcon_core.package_identification:_identify(pcd_height) by extension 'python_setup_py'
[1.561s] Level 1:colcon.colcon_core.package_identification:_identify(sensor_extrinsic) by extensions ['ignore', 'ignore_ament_install']
[1.565s] Level 1:colcon.colcon_core.package_identification:_identify(sensor_extrinsic) by extension 'ignore'
[1.568s] Level 1:colcon.colcon_core.package_identification:_identify(sensor_extrinsic) by extension 'ignore_ament_install'
[1.571s] Level 1:colcon.colcon_core.package_identification:_identify(sensor_extrinsic) by extensions ['colcon_pkg']
[1.573s] Level 1:colcon.colcon_core.package_identification:_identify(sensor_extrinsic) by extension 'colcon_pkg'
[1.575s] Level 1:colcon.colcon_core.package_identification:_identify(sensor_extrinsic) by extensions ['colcon_meta']
[1.577s] Level 1:colcon.colcon_core.package_identification:_identify(sensor_extrinsic) by extension 'colcon_meta'
[1.578s] Level 1:colcon.colcon_core.package_identification:_identify(sensor_extrinsic) by extensions ['ros']
[1.580s] Level 1:colcon.colcon_core.package_identification:_identify(sensor_extrinsic) by extension 'ros'
[1.587s] DEBUG:colcon.colcon_core.package_identification:Package 'sensor_extrinsic' with type 'ros.ament_cmake' and name 'sensor_extrinsic'
[1.589s] Level 1:colcon.colcon_core.package_identification:_identify(topic_bridge) by extensions ['ignore', 'ignore_ament_install']
[1.592s] Level 1:colcon.colcon_core.package_identification:_identify(topic_bridge) by extension 'ignore'
[1.594s] Level 1:colcon.colcon_core.package_identification:_identify(topic_bridge) by extension 'ignore_ament_install'
[1.596s] Level 1:colcon.colcon_core.package_identification:_identify(topic_bridge) by extensions ['colcon_pkg']
[1.598s] Level 1:colcon.colcon_core.package_identification:_identify(topic_bridge) by extension 'colcon_pkg'
[1.600s] Level 1:colcon.colcon_core.package_identification:_identify(topic_bridge) by extensions ['colcon_meta']
[1.602s] Level 1:colcon.colcon_core.package_identification:_identify(topic_bridge) by extension 'colcon_meta'
[1.603s] Level 1:colcon.colcon_core.package_identification:_identify(topic_bridge) by extensions ['ros']
[1.605s] Level 1:colcon.colcon_core.package_identification:_identify(topic_bridge) by extension 'ros'
[1.613s] DEBUG:colcon.colcon_core.package_identification:Package 'topic_bridge' with type 'ros.ament_cmake' and name 'topic_bridge'
[1.616s] Level 1:colcon.colcon_core.package_identification:_identify(trajectory_tracker) by extensions ['ignore', 'ignore_ament_install']
[1.618s] Level 1:colcon.colcon_core.package_identification:_identify(trajectory_tracker) by extension 'ignore'
[1.620s] Level 1:colcon.colcon_core.package_identification:_identify(trajectory_tracker) by extension 'ignore_ament_install'
[1.622s] Level 1:colcon.colcon_core.package_identification:_identify(trajectory_tracker) by extensions ['colcon_pkg']
[1.624s] Level 1:colcon.colcon_core.package_identification:_identify(trajectory_tracker) by extension 'colcon_pkg'
[1.626s] Level 1:colcon.colcon_core.package_identification:_identify(trajectory_tracker) by extensions ['colcon_meta']
[1.627s] Level 1:colcon.colcon_core.package_identification:_identify(trajectory_tracker) by extension 'colcon_meta'
[1.629s] Level 1:colcon.colcon_core.package_identification:_identify(trajectory_tracker) by extensions ['ros']
[1.630s] Level 1:colcon.colcon_core.package_identification:_identify(trajectory_tracker) by extension 'ros'
[1.637s] DEBUG:colcon.colcon_core.package_identification:Package 'trajectory_tracker' with type 'ros.ament_cmake' and name 'trajectory_tracker'
[1.639s] Level 1:colcon.colcon_core.package_discovery:discover_packages(recursive) using defaults
[1.641s] Level 1:colcon.colcon_core.package_discovery:discover_packages(ignore) discover
[1.642s] Level 1:colcon.colcon_core.package_discovery:discover_packages(ignore) using defaults
[1.644s] Level 1:colcon.colcon_core.package_discovery:discover_packages(path) discover
[1.645s] Level 1:colcon.colcon_core.package_discovery:discover_packages(path) using defaults
[1.759s] INFO:colcon.colcon_core.package_selection:Skipping not selected package 'go2_description' in 'SCAN-Planner-Ros2/src/simulator/Utils/go2_description'
[1.761s] INFO:colcon.colcon_core.package_selection:Skipping not selected package 'interface' in 'FASTLIO2_ROS2-main/interface'
[1.763s] INFO:colcon.colcon_core.package_selection:Skipping not selected package 'livox_ros_driver2' in 'livox_ros_driver2'
[1.765s] INFO:colcon.colcon_core.package_selection:Skipping not selected package 'local_sensing_node' in 'SCAN-Planner-Ros2/src/simulator/local_sensing'
[1.766s] INFO:colcon.colcon_core.package_selection:Skipping not selected package 'map_generator' in 'SCAN-Planner-Ros2/src/simulator/map_generator'
[1.768s] INFO:colcon.colcon_core.package_selection:Skipping not selected package 'mockamap' in 'SCAN-Planner-Ros2/src/simulator/mockamap'
[1.769s] INFO:colcon.colcon_core.package_selection:Skipping not selected package 'nav3d_octomap_ego_nav' in '3D-Nav-Dynamic-EGO'
[1.771s] INFO:colcon.colcon_core.package_selection:Skipping not selected package 'pcd2pgm' in 'pcd2pgm-main'
[1.772s] INFO:colcon.colcon_core.package_selection:Skipping not selected package 'plan_env' in 'SCAN-Planner-Ros2/src/planner/plan_env'
[1.774s] INFO:colcon.colcon_core.package_selection:Skipping not selected package 'pose_utils' in 'SCAN-Planner-Ros2/src/simulator/Utils/pose_utils'
[1.775s] INFO:colcon.colcon_core.package_selection:Skipping not selected package 'scan_planner_msgs' in 'SCAN-Planner-Ros2/src/planner/scan_planner_msgs'
[1.776s] INFO:colcon.colcon_core.package_selection:Skipping not selected package 'topic_bridge' in 'topic_bridge'
[1.777s] INFO:colcon.colcon_core.package_selection:Skipping not selected package 'trajectory_tracker' in 'trajectory_tracker'
[1.779s] INFO:colcon.colcon_core.package_selection:Skipping not selected package 'waypoint_generator' in 'SCAN-Planner-Ros2/src/simulator/Utils/waypoint_generator'
[1.780s] INFO:colcon.colcon_core.package_selection:Skipping not selected package 'fast_lio' in 'fast_lio2'
[1.781s] INFO:colcon.colcon_core.package_selection:Skipping not selected package 'fastlio2' in 'FASTLIO2_ROS2-main/fastlio2'
[1.783s] INFO:colcon.colcon_core.package_selection:Skipping not selected package 'hba' in 'FASTLIO2_ROS2-main/hba'
[1.784s] INFO:colcon.colcon_core.package_selection:Skipping not selected package 'localizer' in 'FASTLIO2_ROS2-main/localizer'
[1.786s] INFO:colcon.colcon_core.package_selection:Skipping not selected package 'odom_visualization' in 'SCAN-Planner-Ros2/src/simulator/Utils/odom_visualization'
[1.787s] INFO:colcon.colcon_core.package_selection:Skipping not selected package 'path_searching' in 'SCAN-Planner-Ros2/src/planner/path_searching'
[1.789s] INFO:colcon.colcon_core.package_selection:Skipping not selected package 'pgo' in 'FASTLIO2_ROS2-main/pgo'
[1.790s] INFO:colcon.colcon_core.package_selection:Skipping not selected package 'bspline_opt' in 'SCAN-Planner-Ros2/src/planner/bspline_opt'
[1.791s] INFO:colcon.colcon_core.package_selection:Skipping not selected package 'traj_utils' in 'SCAN-Planner-Ros2/src/planner/traj_utils'
[1.793s] INFO:colcon.colcon_core.package_selection:Skipping not selected package 'scan_planner' in 'SCAN-Planner-Ros2/src/planner/plan_manage'
[1.796s] Level 1:colcon.colcon_core.package_discovery:discover_packages(prefix_path) check parameters
[1.797s] Level 1:colcon.colcon_core.package_discovery:discover_packages(prefix_path) discover
[1.804s] DEBUG:colcon.colcon_installed_package_information.package_discovery:Found 355 installed packages in /opt/ros/humble
[1.808s] Level 1:colcon.colcon_core.package_discovery:discover_packages(prefix_path) using defaults
[1.891s] Level 5:colcon.colcon_core.verb:set package 'sensor_extrinsic' build argument 'cmake_args' from command line to 'None'
[1.893s] Level 5:colcon.colcon_core.verb:set package 'sensor_extrinsic' build argument 'cmake_target' from command line to 'None'
[1.894s] Level 5:colcon.colcon_core.verb:set package 'sensor_extrinsic' build argument 'cmake_target_skip_unavailable' from command line to 'False'
[1.896s] Level 5:colcon.colcon_core.verb:set package 'sensor_extrinsic' build argument 'cmake_clean_cache' from command line to 'False'
[1.897s] Level 5:colcon.colcon_core.verb:set package 'sensor_extrinsic' build argument 'cmake_clean_first' from command line to 'False'
[1.898s] Level 5:colcon.colcon_core.verb:set package 'sensor_extrinsic' build argument 'cmake_force_configure' from command line to 'False'
[1.900s] Level 5:colcon.colcon_core.verb:set package 'sensor_extrinsic' build argument 'ament_cmake_args' from command line to 'None'
[1.901s] Level 5:colcon.colcon_core.verb:set package 'sensor_extrinsic' build argument 'catkin_cmake_args' from command line to 'None'
[1.903s] Level 5:colcon.colcon_core.verb:set package 'sensor_extrinsic' build argument 'catkin_skip_building_tests' from command line to 'False'
[1.904s] DEBUG:colcon.colcon_core.verb:Building package 'sensor_extrinsic' with the following arguments: {'ament_cmake_args': None, 'build_base': '/root/nav/livox_ws/src/build/sensor_extrinsic', 'catkin_cmake_args': None, 'catkin_skip_building_tests': False, 'cmake_args': None, 'cmake_clean_cache': False, 'cmake_clean_first': False, 'cmake_force_configure': False, 'cmake_target': None, 'cmake_target_skip_unavailable': False, 'install_base': '/root/nav/livox_ws/src/install/sensor_extrinsic', 'merge_install': False, 'path': '/root/nav/livox_ws/src/sensor_extrinsic', 'symlink_install': False, 'test_result_base': None}
[1.906s] INFO:colcon.colcon_core.executor:Executing jobs using 'parallel' executor
[1.910s] DEBUG:colcon.colcon_parallel_executor.executor.parallel:run_until_complete
[1.912s] INFO:colcon.colcon_ros.task.ament_cmake.build:Building ROS package in '/root/nav/livox_ws/src/sensor_extrinsic' with build type 'ament_cmake'
[1.914s] INFO:colcon.colcon_cmake.task.cmake.build:Building CMake package in '/root/nav/livox_ws/src/sensor_extrinsic'
[1.921s] INFO:colcon.colcon_core.plugin_system:Skipping extension 'colcon_core.shell.bat': Not used on non-Windows systems
[1.925s] INFO:colcon.colcon_core.shell:Skip shell extension 'powershell' for command environment: Not usable outside of PowerShell
[1.927s] DEBUG:colcon.colcon_core.shell:Skip shell extension 'dsv' for command environment
[2.193s] DEBUG:colcon.colcon_core.event_handler.log_command:Invoking command in '/root/nav/livox_ws/src/build/sensor_extrinsic': CMAKE_PREFIX_PATH=/opt/ros/humble /usr/bin/cmake /root/nav/livox_ws/src/sensor_extrinsic -DCMAKE_INSTALL_PREFIX=/root/nav/livox_ws/src/install/sensor_extrinsic
[2.218s] Level 1:colcon.colcon_core.environment:create_environment_scripts_only(sensor_extrinsic)
[2.232s] Level 1:colcon.colcon_core.environment:checking '/root/nav/livox_ws/src/install/sensor_extrinsic' for CMake module files
[2.236s] Level 1:colcon.colcon_core.environment:checking '/root/nav/livox_ws/src/install/sensor_extrinsic' for CMake config files
[2.240s] Level 1:colcon.colcon_core.environment:checking '/root/nav/livox_ws/src/install/sensor_extrinsic/bin'
[2.242s] Level 1:colcon.colcon_core.environment:checking '/root/nav/livox_ws/src/install/sensor_extrinsic/lib/pkgconfig/sensor_extrinsic.pc'
[2.244s] DEBUG:colcon.colcon_core.event_handler.log_command:Invoked command in '/root/nav/livox_ws/src/build/sensor_extrinsic' returned '1': CMAKE_PREFIX_PATH=/opt/ros/humble /usr/bin/cmake /root/nav/livox_ws/src/sensor_extrinsic -DCMAKE_INSTALL_PREFIX=/root/nav/livox_ws/src/install/sensor_extrinsic
[2.245s] Level 1:colcon.colcon_core.environment:checking '/root/nav/livox_ws/src/install/sensor_extrinsic/lib/python3.10/site-packages'
[2.250s] Level 1:colcon.colcon_core.environment:checking '/root/nav/livox_ws/src/install/sensor_extrinsic/bin'
[2.253s] INFO:colcon.colcon_core.shell:Creating package script '/root/nav/livox_ws/src/install/sensor_extrinsic/share/sensor_extrinsic/package.ps1'
[2.347s] INFO:colcon.colcon_core.shell:Creating package descriptor '/root/nav/livox_ws/src/install/sensor_extrinsic/share/sensor_extrinsic/package.dsv'
[2.359s] INFO:colcon.colcon_core.shell:Creating package script '/root/nav/livox_ws/src/install/sensor_extrinsic/share/sensor_extrinsic/package.sh'
[2.458s] INFO:colcon.colcon_core.shell:Creating package script '/root/nav/livox_ws/src/install/sensor_extrinsic/share/sensor_extrinsic/package.bash'
[2.567s] INFO:colcon.colcon_core.shell:Creating package script '/root/nav/livox_ws/src/install/sensor_extrinsic/share/sensor_extrinsic/package.zsh'
[2.661s] Level 1:colcon.colcon_core.environment:create_file_with_runtime_dependencies(/root/nav/livox_ws/src/install/sensor_extrinsic/share/colcon-core/packages/sensor_extrinsic)
[2.679s] DEBUG:colcon.colcon_parallel_executor.executor.parallel:closing loop
[2.766s] DEBUG:colcon.colcon_parallel_executor.executor.parallel:loop closed
[2.770s] DEBUG:colcon.colcon_parallel_executor.executor.parallel:run_until_complete finished with '1'
[2.773s] DEBUG:colcon.colcon_core.event_reactor:joining thread
[2.805s] INFO:colcon.colcon_core.plugin_system:Skipping extension 'colcon_notification.desktop_notification.notify_send': Could not find 'notify-send'
[2.816s] INFO:colcon.colcon_core.plugin_system:Skipping extension 'colcon_notification.desktop_notification.terminal_notifier': Not used on non-Darwin systems
[2.818s] INFO:colcon.colcon_core.plugin_system:Skipping extension 'colcon_notification.desktop_notification.win32': Not used on non-Windows systems
[2.821s] INFO:colcon.colcon_notification.desktop_notification:Sending desktop notification using 'notify2'
[2.826s] DEBUG:colcon.colcon_notification.desktop_notification.notify2:Failed to initialize notify2: org.freedesktop.DBus.Error.ServiceUnknown: The name org.freedesktop.Notifications was not provided by any .service files
[2.830s] DEBUG:colcon.colcon_core.event_reactor:joined thread
[2.833s] INFO:colcon.colcon_core.shell:Creating prefix script '/root/nav/livox_ws/src/install/local_setup.ps1'
[2.929s] INFO:colcon.colcon_core.shell:Creating prefix util module '/root/nav/livox_ws/src/install/_local_setup_util_ps1.py'
[3.026s] INFO:colcon.colcon_core.shell:Creating prefix chain script '/root/nav/livox_ws/src/install/setup.ps1'
[3.133s] INFO:colcon.colcon_core.shell:Creating prefix script '/root/nav/livox_ws/src/install/local_setup.sh'
[3.305s] INFO:colcon.colcon_core.shell:Creating prefix util module '/root/nav/livox_ws/src/install/_local_setup_util_sh.py'
[3.407s] INFO:colcon.colcon_core.shell:Creating prefix chain script '/root/nav/livox_ws/src/install/setup.sh'
[3.510s] INFO:colcon.colcon_core.shell:Creating prefix script '/root/nav/livox_ws/src/install/local_setup.bash'
[3.612s] INFO:colcon.colcon_core.shell:Creating prefix chain script '/root/nav/livox_ws/src/install/setup.bash'
[3.704s] INFO:colcon.colcon_core.shell:Creating prefix script '/root/nav/livox_ws/src/install/local_setup.zsh'
[3.796s] INFO:colcon.colcon_core.shell:Creating prefix chain script '/root/nav/livox_ws/src/install/setup.zsh'
