[0.326s] Invoking command in '/root/deepRoboticsl/deepcontrol/build/dog_control_bridge': CMAKE_PREFIX_PATH=${CMAKE_PREFIX_PATH}:/opt/ros/humble /usr/bin/cmake --build /root/deepRoboticsl/deepcontrol/build/dog_control_bridge -- -j8 -l8
[0.447s] [35m[1mConsolidate compiler generated dependencies of target dog_control_bridge[0m
[4.364s] [ 50%] [32mBuilding CXX object CMakeFiles/dog_control_bridge.dir/src/dog_control_bridge.cpp.o[0m
[9.270s] In file included from [01m[K/opt/ros/humble/include/rclcpp/rclcpp/subscription_base.hpp:32[m[K,
[9.277s]                  from [01m[K/opt/ros/humble/include/rclcpp/rclcpp/callback_group.hpp:29[m[K,
[9.284s]                  from [01m[K/opt/ros/humble/include/rclcpp/rclcpp/any_executable.hpp:20[m[K,
[9.291s]                  from [01m[K/opt/ros/humble/include/rclcpp/rclcpp/memory_strategy.hpp:25[m[K,
[9.299s]                  from [01m[K/opt/ros/humble/include/rclcpp/rclcpp/memory_strategies.hpp:18[m[K,
[9.306s]                  from [01m[K/opt/ros/humble/include/rclcpp/rclcpp/executor_options.hpp:20[m[K,
[9.312s]                  from [01m[K/opt/ros/humble/include/rclcpp/rclcpp/executor.hpp:37[m[K,
[9.318s]                  from [01m[K/opt/ros/humble/include/rclcpp/rclcpp/executors/multi_threaded_executor.hpp:25[m[K,
[9.324s]                  from [01m[K/opt/ros/humble/include/rclcpp/rclcpp/executors.hpp:21[m[K,
[9.331s]                  from [01m[K/opt/ros/humble/include/rclcpp/rclcpp/rclcpp.hpp:155[m[K,
[9.337s]                  from [01m[K/root/deepRoboticsl/deepcontrol/src/dog_control_bridge.cpp:24[m[K:
[9.345s] /opt/ros/humble/include/rclcpp/rclcpp/any_subscription_callback.hpp: In instantiation of ‘[01m[Krclcpp::AnySubscriptionCallback<MessageT, AllocatorT> rclcpp::AnySubscriptionCallback<MessageT, AllocatorT>::set(CallbackT) [with CallbackT = std::_Bind<void (DogControlBridgeNode::*(DogControlBridgeNode*, std::_Placeholder<1>))(std::shared_ptr<geometry_msgs::msg::Twist_<std::allocator<void> > >)>; MessageT = geometry_msgs::msg::Twist_<std::allocator<void> >; AllocatorT = std::allocator<void>][m[K’:
[9.352s] [01m[K/opt/ros/humble/include/rclcpp/rclcpp/subscription_factory.hpp:94:32:[m[K   required from ‘[01m[Krclcpp::SubscriptionFactory rclcpp::create_subscription_factory(CallbackT&&, const rclcpp::SubscriptionOptionsWithAllocator<AllocatorT>&, typename MessageMemoryStrategyT::SharedPtr, std::shared_ptr<rclcpp::topic_statistics::SubscriptionTopicStatistics<ROSMessageType> >) [with MessageT = geometry_msgs::msg::Twist_<std::allocator<void> >; CallbackT = std::_Bind<void (DogControlBridgeNode::*(DogControlBridgeNode*, std::_Placeholder<1>))(std::shared_ptr<geometry_msgs::msg::Twist_<std::allocator<void> > >)>; AllocatorT = std::allocator<void>; SubscriptionT = rclcpp::Subscription<geometry_msgs::msg::Twist_<std::allocator<void> > >; MessageMemoryStrategyT = rclcpp::message_memory_strategy::MessageMemoryStrategy<geometry_msgs::msg::Twist_<std::allocator<void> >, std::allocator<void> >; ROSMessageType = geometry_msgs::msg::Twist_<std::allocator<void> >; typename MessageMemoryStrategyT::SharedPtr = std::shared_ptr<rclcpp::message_memory_strategy::MessageMemoryStrategy<geometry_msgs::msg::Twist_<std::allocator<void> >, std::allocator<void> > >][m[K’
[9.360s] [01m[K/opt/ros/humble/include/rclcpp/rclcpp/create_subscription.hpp:122:63:[m[K   required from ‘[01m[Kstd::shared_ptr<ROSMessageT> rclcpp::detail::create_subscription(NodeParametersT&, NodeTopicsT&, const string&, const rclcpp::QoS&, CallbackT&&, const rclcpp::SubscriptionOptionsWithAllocator<AllocatorT>&, typename MessageMemoryStrategyT::SharedPtr) [with MessageT = geometry_msgs::msg::Twist_<std::allocator<void> >; CallbackT = std::_Bind<void (DogControlBridgeNode::*(DogControlBridgeNode*, std::_Placeholder<1>))(std::shared_ptr<geometry_msgs::msg::Twist_<std::allocator<void> > >)>; AllocatorT = std::allocator<void>; SubscriptionT = rclcpp::Subscription<geometry_msgs::msg::Twist_<std::allocator<void> > >; MessageMemoryStrategyT = rclcpp::message_memory_strategy::MessageMemoryStrategy<geometry_msgs::msg::Twist_<std::allocator<void> >, std::allocator<void> >; NodeParametersT = rclcpp::Node; NodeTopicsT = rclcpp::Node; ROSMessageType = geometry_msgs::msg::Twist_<std::allocator<void> >; std::string = std::__cxx11::basic_string<char>; typename MessageMemoryStrategyT::SharedPtr = std::shared_ptr<rclcpp::message_memory_strategy::MessageMemoryStrategy<geometry_msgs::msg::Twist_<std::allocator<void> >, std::allocator<void> > >][m[K’
[9.368s] [01m[K/opt/ros/humble/include/rclcpp/rclcpp/create_subscription.hpp:191:76:[m[K   required from ‘[01m[Kstd::shared_ptr<ROSMessageT> rclcpp::create_subscription(NodeT&, const string&, const rclcpp::QoS&, CallbackT&&, const rclcpp::SubscriptionOptionsWithAllocator<AllocatorT>&, typename MessageMemoryStrategyT::SharedPtr) [with MessageT = geometry_msgs::msg::Twist_<std::allocator<void> >; CallbackT = std::_Bind<void (DogControlBridgeNode::*(DogControlBridgeNode*, std::_Placeholder<1>))(std::shared_ptr<geometry_msgs::msg::Twist_<std::allocator<void> > >)>; AllocatorT = std::allocator<void>; SubscriptionT = rclcpp::Subscription<geometry_msgs::msg::Twist_<std::allocator<void> > >; MessageMemoryStrategyT = rclcpp::message_memory_strategy::MessageMemoryStrategy<geometry_msgs::msg::Twist_<std::allocator<void> >, std::allocator<void> >; NodeT = rclcpp::Node; std::string = std::__cxx11::basic_string<char>; typename MessageMemoryStrategyT::SharedPtr = std::shared_ptr<rclcpp::message_memory_strategy::MessageMemoryStrategy<geometry_msgs::msg::Twist_<std::allocator<void> >, std::allocator<void> > >][m[K’
[9.374s] [01m[K/opt/ros/humble/include/rclcpp/rclcpp/node_impl.hpp:99:47:[m[K   required from ‘[01m[Kstd::shared_ptr<ROSMessageT> rclcpp::Node::create_subscription(const string&, const rclcpp::QoS&, CallbackT&&, const rclcpp::SubscriptionOptionsWithAllocator<AllocatorT>&, typename MessageMemoryStrategyT::SharedPtr) [with MessageT = geometry_msgs::msg::Twist_<std::allocator<void> >; CallbackT = std::_Bind<void (DogControlBridgeNode::*(DogControlBridgeNode*, std::_Placeholder<1>))(std::shared_ptr<geometry_msgs::msg::Twist_<std::allocator<void> > >)>; AllocatorT = std::allocator<void>; SubscriptionT = rclcpp::Subscription<geometry_msgs::msg::Twist_<std::allocator<void> > >; MessageMemoryStrategyT = rclcpp::message_memory_strategy::MessageMemoryStrategy<geometry_msgs::msg::Twist_<std::allocator<void> >, std::allocator<void> >; std::string = std::__cxx11::basic_string<char>; typename MessageMemoryStrategyT::SharedPtr = std::shared_ptr<rclcpp::message_memory_strategy::MessageMemoryStrategy<geometry_msgs::msg::Twist_<std::allocator<void> >, std::allocator<void> > >][m[K’
[9.381s] [01m[K/root/deepRoboticsl/deepcontrol/src/dog_control_bridge.cpp:545:77:[m[K   required from here
[9.387s] [01m[K/opt/ros/humble/include/rclcpp/rclcpp/any_subscription_callback.hpp:391:21:[m[K [01;35m[Kwarning: [m[K‘[01m[Kvoid rclcpp::AnySubscriptionCallback<MessageT, AllocatorT>::set_deprecated(std::function<void(std::shared_ptr<_Yp>)>) [with SetT = geometry_msgs::msg::Twist_<std::allocator<void> >; MessageT = geometry_msgs::msg::Twist_<std::allocator<void> >; AllocatorT = std::allocator<void>][m[K’ is deprecated: use 'void(std::shared_ptr<const MessageT>)' instead [[01;35m[K]8;;https://gcc.gnu.org/onlinedocs/gcc/Warning-Options.html#index-Wdeprecated-declarations-Wdeprecated-declarations]8;;[m[K]
[9.393s]   391 |       [01;35m[Kset_deprecated(static_cast<typename scbth::callback_type>(callback))[m[K;
[9.400s]       |       [01;35m[K~~~~~~~~~~~~~~^~~~~~~~~~~~~~~~~~~~~~~~~~~~~~~~~~~~~~~~~~~~~~~~~~~~~~[m[K
[9.407s] [01m[K/opt/ros/humble/include/rclcpp/rclcpp/any_subscription_callback.hpp:408:3:[m[K [01;36m[Knote: [m[Kdeclared here
[9.414s]   408 |   [01;36m[Kset_deprecated[m[K(std::function<void(std::shared_ptr<SetT>)> callback)
[9.421s]       |   [01;36m[K^~~~~~~~~~~~~~[m[K
[9.427s] /opt/ros/humble/include/rclcpp/rclcpp/any_subscription_callback.hpp: In instantiation of ‘[01m[Krclcpp::AnySubscriptionCallback<MessageT, AllocatorT> rclcpp::AnySubscriptionCallback<MessageT, AllocatorT>::set(CallbackT) [with CallbackT = std::_Bind<void (DogControlBridgeNode::*(DogControlBridgeNode*, std::_Placeholder<1>))(std::shared_ptr<std_msgs::msg::String_<std::allocator<void> > >)>; MessageT = std_msgs::msg::String_<std::allocator<void> >; AllocatorT = std::allocator<void>][m[K’:
[9.435s] [01m[K/opt/ros/humble/include/rclcpp/rclcpp/subscription_factory.hpp:94:32:[m[K   required from ‘[01m[Krclcpp::SubscriptionFactory rclcpp::create_subscription_factory(CallbackT&&, const rclcpp::SubscriptionOptionsWithAllocator<AllocatorT>&, typename MessageMemoryStrategyT::SharedPtr, std::shared_ptr<rclcpp::topic_statistics::SubscriptionTopicStatistics<ROSMessageType> >) [with MessageT = std_msgs::msg::String_<std::allocator<void> >; CallbackT = std::_Bind<void (DogControlBridgeNode::*(DogControlBridgeNode*, std::_Placeholder<1>))(std::shared_ptr<std_msgs::msg::String_<std::allocator<void> > >)>; AllocatorT = std::allocator<void>; SubscriptionT = rclcpp::Subscription<std_msgs::msg::String_<std::allocator<void> > >; MessageMemoryStrategyT = rclcpp::message_memory_strategy::MessageMemoryStrategy<std_msgs::msg::String_<std::allocator<void> >, std::allocator<void> >; ROSMessageType = std_msgs::msg::String_<std::allocator<void> >; typename MessageMemoryStrategyT::SharedPtr = std::shared_ptr<rclcpp::message_memory_strategy::MessageMemoryStrategy<std_msgs::msg::String_<std::allocator<void> >, std::allocator<void> > >][m[K’
[9.442s] [01m[K/opt/ros/humble/include/rclcpp/rclcpp/create_subscription.hpp:122:63:[m[K   required from ‘[01m[Kstd::shared_ptr<ROSMessageT> rclcpp::detail::create_subscription(NodeParametersT&, NodeTopicsT&, const string&, const rclcpp::QoS&, CallbackT&&, const rclcpp::SubscriptionOptionsWithAllocator<AllocatorT>&, typename MessageMemoryStrategyT::SharedPtr) [with MessageT = std_msgs::msg::String_<std::allocator<void> >; CallbackT = std::_Bind<void (DogControlBridgeNode::*(DogControlBridgeNode*, std::_Placeholder<1>))(std::shared_ptr<std_msgs::msg::String_<std::allocator<void> > >)>; AllocatorT = std::allocator<void>; SubscriptionT = rclcpp::Subscription<std_msgs::msg::String_<std::allocator<void> > >; MessageMemoryStrategyT = rclcpp::message_memory_strategy::MessageMemoryStrategy<std_msgs::msg::String_<std::allocator<void> >, std::allocator<void> >; NodeParametersT = rclcpp::Node; NodeTopicsT = rclcpp::Node; ROSMessageType = std_msgs::msg::String_<std::allocator<void> >; std::string = std::__cxx11::basic_string<char>; typename MessageMemoryStrategyT::SharedPtr = std::shared_ptr<rclcpp::message_memory_strategy::MessageMemoryStrategy<std_msgs::msg::String_<std::allocator<void> >, std::allocator<void> > >][m[K’
[9.451s] [01m[K/opt/ros/humble/include/rclcpp/rclcpp/create_subscription.hpp:191:76:[m[K   required from ‘[01m[Kstd::shared_ptr<ROSMessageT> rclcpp::create_subscription(NodeT&, const string&, const rclcpp::QoS&, CallbackT&&, const rclcpp::SubscriptionOptionsWithAllocator<AllocatorT>&, typename MessageMemoryStrategyT::SharedPtr) [with MessageT = std_msgs::msg::String_<std::allocator<void> >; CallbackT = std::_Bind<void (DogControlBridgeNode::*(DogControlBridgeNode*, std::_Placeholder<1>))(std::shared_ptr<std_msgs::msg::String_<std::allocator<void> > >)>; AllocatorT = std::allocator<void>; SubscriptionT = rclcpp::Subscription<std_msgs::msg::String_<std::allocator<void> > >; MessageMemoryStrategyT = rclcpp::message_memory_strategy::MessageMemoryStrategy<std_msgs::msg::String_<std::allocator<void> >, std::allocator<void> >; NodeT = rclcpp::Node; std::string = std::__cxx11::basic_string<char>; typename MessageMemoryStrategyT::SharedPtr = std::shared_ptr<rclcpp::message_memory_strategy::MessageMemoryStrategy<std_msgs::msg::String_<std::allocator<void> >, std::allocator<void> > >][m[K’
[9.459s] [01m[K/opt/ros/humble/include/rclcpp/rclcpp/node_impl.hpp:99:47:[m[K   required from ‘[01m[Kstd::shared_ptr<ROSMessageT> rclcpp::Node::create_subscription(const string&, const rclcpp::QoS&, CallbackT&&, const rclcpp::SubscriptionOptionsWithAllocator<AllocatorT>&, typename MessageMemoryStrategyT::SharedPtr) [with MessageT = std_msgs::msg::String_<std::allocator<void> >; CallbackT = std::_Bind<void (DogControlBridgeNode::*(DogControlBridgeNode*, std::_Placeholder<1>))(std::shared_ptr<std_msgs::msg::String_<std::allocator<void> > >)>; AllocatorT = std::allocator<void>; SubscriptionT = rclcpp::Subscription<std_msgs::msg::String_<std::allocator<void> > >; MessageMemoryStrategyT = rclcpp::message_memory_strategy::MessageMemoryStrategy<std_msgs::msg::String_<std::allocator<void> >, std::allocator<void> >; std::string = std::__cxx11::basic_string<char>; typename MessageMemoryStrategyT::SharedPtr = std::shared_ptr<rclcpp::message_memory_strategy::MessageMemoryStrategy<std_msgs::msg::String_<std::allocator<void> >, std::allocator<void> > >][m[K’
[9.467s] [01m[K/root/deepRoboticsl/deepcontrol/src/dog_control_bridge.cpp:550:73:[m[K   required from here
[9.473s] [01m[K/opt/ros/humble/include/rclcpp/rclcpp/any_subscription_callback.hpp:391:21:[m[K [01;35m[Kwarning: [m[K‘[01m[Kvoid rclcpp::AnySubscriptionCallback<MessageT, AllocatorT>::set_deprecated(std::function<void(std::shared_ptr<_Yp>)>) [with SetT = std_msgs::msg::String_<std::allocator<void> >; MessageT = std_msgs::msg::String_<std::allocator<void> >; AllocatorT = std::allocator<void>][m[K’ is deprecated: use 'void(std::shared_ptr<const MessageT>)' instead [[01;35m[K]8;;https://gcc.gnu.org/onlinedocs/gcc/Warning-Options.html#index-Wdeprecated-declarations-Wdeprecated-declarations]8;;[m[K]
[9.480s]   391 |       [01;35m[Kset_deprecated(static_cast<typename scbth::callback_type>(callback))[m[K;
[9.487s]       |       [01;35m[K~~~~~~~~~~~~~~^~~~~~~~~~~~~~~~~~~~~~~~~~~~~~~~~~~~~~~~~~~~~~~~~~~~~~[m[K
[9.493s] [01m[K/opt/ros/humble/include/rclcpp/rclcpp/any_subscription_callback.hpp:408:3:[m[K [01;36m[Knote: [m[Kdeclared here
[9.500s]   408 |   [01;36m[Kset_deprecated[m[K(std::function<void(std::shared_ptr<SetT>)> callback)
[9.507s]       |   [01;36m[K^~~~~~~~~~~~~~[m[K
[28.601s] [100%] [32m[1mLinking CXX executable dog_control_bridge[0m
[40.703s] [100%] Built target dog_control_bridge
[41.065s] Invoked command in '/root/deepRoboticsl/deepcontrol/build/dog_control_bridge' returned '0': CMAKE_PREFIX_PATH=${CMAKE_PREFIX_PATH}:/opt/ros/humble /usr/bin/cmake --build /root/deepRoboticsl/deepcontrol/build/dog_control_bridge -- -j8 -l8
[41.088s] Invoking command in '/root/deepRoboticsl/deepcontrol/build/dog_control_bridge': CMAKE_PREFIX_PATH=${CMAKE_PREFIX_PATH}:/opt/ros/humble /usr/bin/cmake --install /root/deepRoboticsl/deepcontrol/build/dog_control_bridge
[41.101s] -- Install configuration: ""
[41.110s] -- Installing: /root/deepRoboticsl/deepcontrol/install/dog_control_bridge/lib/dog_control_bridge/dog_control_bridge
[142.431s] -- Set runtime path of "/root/deepRoboticsl/deepcontrol/install/dog_control_bridge/lib/dog_control_bridge/dog_control_bridge" to ""
[142.442s] -- Up-to-date: /root/deepRoboticsl/deepcontrol/install/dog_control_bridge/share/ament_index/resource_index/package_run_dependencies/dog_control_bridge
[142.453s] -- Up-to-date: /root/deepRoboticsl/deepcontrol/install/dog_control_bridge/share/ament_index/resource_index/parent_prefix_path/dog_control_bridge
[142.545s] -- Up-to-date: /root/deepRoboticsl/deepcontrol/install/dog_control_bridge/share/dog_control_bridge/environment/ament_prefix_path.sh
[142.553s] -- Up-to-date: /root/deepRoboticsl/deepcontrol/install/dog_control_bridge/share/dog_control_bridge/environment/ament_prefix_path.dsv
[142.562s] -- Up-to-date: /root/deepRoboticsl/deepcontrol/install/dog_control_bridge/share/dog_control_bridge/environment/path.sh
[142.572s] -- Up-to-date: /root/deepRoboticsl/deepcontrol/install/dog_control_bridge/share/dog_control_bridge/environment/path.dsv
[142.578s] -- Up-to-date: /root/deepRoboticsl/deepcontrol/install/dog_control_bridge/share/dog_control_bridge/local_setup.bash
[142.594s] -- Up-to-date: /root/deepRoboticsl/deepcontrol/install/dog_control_bridge/share/dog_control_bridge/local_setup.sh
[142.775s] -- Up-to-date: /root/deepRoboticsl/deepcontrol/install/dog_control_bridge/share/dog_control_bridge/local_setup.zsh
[142.865s] -- Up-to-date: /root/deepRoboticsl/deepcontrol/install/dog_control_bridge/share/dog_control_bridge/local_setup.dsv
[142.874s] -- Installing: /root/deepRoboticsl/deepcontrol/install/dog_control_bridge/share/dog_control_bridge/package.dsv
[142.893s] -- Up-to-date: /root/deepRoboticsl/deepcontrol/install/dog_control_bridge/share/ament_index/resource_index/packages/dog_control_bridge
[142.987s] -- Up-to-date: /root/deepRoboticsl/deepcontrol/install/dog_control_bridge/share/dog_control_bridge/cmake/dog_control_bridgeConfig.cmake
[143.089s] -- Up-to-date: /root/deepRoboticsl/deepcontrol/install/dog_control_bridge/share/dog_control_bridge/cmake/dog_control_bridgeConfig-version.cmake
[143.190s] -- Up-to-date: /root/deepRoboticsl/deepcontrol/install/dog_control_bridge/share/dog_control_bridge/package.xml
[143.289s] Invoked command in '/root/deepRoboticsl/deepcontrol/build/dog_control_bridge' returned '0': CMAKE_PREFIX_PATH=${CMAKE_PREFIX_PATH}:/opt/ros/humble /usr/bin/cmake --install /root/deepRoboticsl/deepcontrol/build/dog_control_bridge
