[0.321s] Invoking command in '/root/deepRoboticsl/deepcontrol/build/dog_control_bridge': CMAKE_PREFIX_PATH=${CMAKE_PREFIX_PATH}:/opt/ros/humble /usr/bin/cmake --build /root/deepRoboticsl/deepcontrol/build/dog_control_bridge -- -j8 -l8
[0.483s] [35m[1mConsolidate compiler generated dependencies of target dog_control_bridge[0m
[4.608s] [100%] Built target dog_control_bridge
[4.915s] Invoked command in '/root/deepRoboticsl/deepcontrol/build/dog_control_bridge' returned '0': CMAKE_PREFIX_PATH=${CMAKE_PREFIX_PATH}:/opt/ros/humble /usr/bin/cmake --build /root/deepRoboticsl/deepcontrol/build/dog_control_bridge -- -j8 -l8
[4.938s] Invoking command in '/root/deepRoboticsl/deepcontrol/build/dog_control_bridge': CMAKE_PREFIX_PATH=${CMAKE_PREFIX_PATH}:/opt/ros/humble /usr/bin/cmake --install /root/deepRoboticsl/deepcontrol/build/dog_control_bridge
[5.036s] -- Install configuration: ""
[5.051s] -- Up-to-date: /root/deepRoboticsl/deepcontrol/install/dog_control_bridge/lib/dog_control_bridge/dog_control_bridge
[5.139s] -- Up-to-date: /root/deepRoboticsl/deepcontrol/install/dog_control_bridge/share/ament_index/resource_index/package_run_dependencies/dog_control_bridge
[5.149s] -- Up-to-date: /root/deepRoboticsl/deepcontrol/install/dog_control_bridge/share/ament_index/resource_index/parent_prefix_path/dog_control_bridge
[5.157s] -- Up-to-date: /root/deepRoboticsl/deepcontrol/install/dog_control_bridge/share/dog_control_bridge/environment/ament_prefix_path.sh
[5.167s] -- Up-to-date: /root/deepRoboticsl/deepcontrol/install/dog_control_bridge/share/dog_control_bridge/environment/ament_prefix_path.dsv
[5.175s] -- Up-to-date: /root/deepRoboticsl/deepcontrol/install/dog_control_bridge/share/dog_control_bridge/environment/path.sh
[5.265s] -- Up-to-date: /root/deepRoboticsl/deepcontrol/install/dog_control_bridge/share/dog_control_bridge/environment/path.dsv
[5.360s] -- Up-to-date: /root/deepRoboticsl/deepcontrol/install/dog_control_bridge/share/dog_control_bridge/local_setup.bash
[5.368s] -- Up-to-date: /root/deepRoboticsl/deepcontrol/install/dog_control_bridge/share/dog_control_bridge/local_setup.sh
[5.393s] -- Up-to-date: /root/deepRoboticsl/deepcontrol/install/dog_control_bridge/share/dog_control_bridge/local_setup.zsh
[5.483s] -- Up-to-date: /root/deepRoboticsl/deepcontrol/install/dog_control_bridge/share/dog_control_bridge/local_setup.dsv
[5.582s] -- Installing: /root/deepRoboticsl/deepcontrol/install/dog_control_bridge/share/dog_control_bridge/package.dsv
[5.605s] -- Up-to-date: /root/deepRoboticsl/deepcontrol/install/dog_control_bridge/share/ament_index/resource_index/packages/dog_control_bridge
[5.706s] -- Up-to-date: /root/deepRoboticsl/deepcontrol/install/dog_control_bridge/share/dog_control_bridge/cmake/dog_control_bridgeConfig.cmake
[5.809s] -- Up-to-date: /root/deepRoboticsl/deepcontrol/install/dog_control_bridge/share/dog_control_bridge/cmake/dog_control_bridgeConfig-version.cmake
[5.820s] -- Up-to-date: /root/deepRoboticsl/deepcontrol/install/dog_control_bridge/share/dog_control_bridge/package.xml
[5.912s] Invoked command in '/root/deepRoboticsl/deepcontrol/build/dog_control_bridge' returned '0': CMAKE_PREFIX_PATH=${CMAKE_PREFIX_PATH}:/opt/ros/humble /usr/bin/cmake --install /root/deepRoboticsl/deepcontrol/build/dog_control_bridge
