[0.166s] DEBUG:colcon:Command line arguments: ['/usr/bin/colcon', 'build', '--packages-select', 'dog_control_bridge']
[0.169s] DEBUG:colcon:Parsed command line arguments: Namespace(log_base=None, log_level=None, verb_name='build', build_base='build', install_base='install', merge_install=False, symlink_install=False, test_result_base=None, continue_on_error=False, executor='parallel', parallel_workers=8, event_handlers=None, ignore_user_meta=False, metas=['./colcon.meta'], base_paths=['.'], packages_ignore=None, packages_ignore_regex=None, paths=None, packages_up_to=None, packages_up_to_regex=None, packages_above=None, packages_above_and_dependencies=None, packages_above_depth=None, packages_select_by_dep=None, packages_skip_by_dep=None, packages_skip_up_to=None, packages_select_build_failed=False, packages_skip_build_finished=False, packages_select_test_failures=False, packages_skip_test_passed=False, packages_select=['dog_control_bridge'], packages_skip=None, packages_select_regex=None, packages_skip_regex=None, packages_start=None, packages_end=None, allow_overriding=[], cmake_args=None, cmake_target=None, cmake_target_skip_unavailable=False, cmake_clean_cache=False, cmake_clean_first=False, cmake_force_configure=False, ament_cmake_args=None, catkin_cmake_args=None, catkin_skip_building_tests=False, verb_parser=<colcon_defaults.argument_parser.defaults.DefaultArgumentsDecorator object at 0x7f88293790>, verb_extension=<colcon_core.verb.build.BuildVerb object at 0x7f88293310>, main=<bound method BuildVerb.main of <colcon_core.verb.build.BuildVerb object at 0x7f88293310>>)
[0.365s] Level 1:colcon.colcon_core.package_discovery:discover_packages(colcon_meta) check parameters
[0.367s] Level 1:colcon.colcon_core.package_discovery:discover_packages(recursive) check parameters
[0.369s] Level 1:colcon.colcon_core.package_discovery:discover_packages(ignore) check parameters
[0.370s] Level 1:colcon.colcon_core.package_discovery:discover_packages(path) check parameters
[0.372s] Level 1:colcon.colcon_core.package_discovery:discover_packages(colcon_meta) discover
[0.373s] Level 1:colcon.colcon_core.package_discovery:discover_packages(recursive) discover
[0.375s] INFO:colcon.colcon_core.package_discovery:Crawling recursively for packages in '/root/deepRoboticsl/deepcontrol'
[0.376s] Level 1:colcon.colcon_core.package_identification:_identify(.) by extensions ['ignore', 'ignore_ament_install']
[0.378s] Level 1:colcon.colcon_core.package_identification:_identify(.) by extension 'ignore'
[0.379s] Level 1:colcon.colcon_core.package_identification:_identify(.) by extension 'ignore_ament_install'
[0.380s] Level 1:colcon.colcon_core.package_identification:_identify(.) by extensions ['colcon_pkg']
[0.381s] Level 1:colcon.colcon_core.package_identification:_identify(.) by extension 'colcon_pkg'
[0.383s] Level 1:colcon.colcon_core.package_identification:_identify(.) by extensions ['colcon_meta']
[0.384s] Level 1:colcon.colcon_core.package_identification:_identify(.) by extension 'colcon_meta'
[0.385s] Level 1:colcon.colcon_core.package_identification:_identify(.) by extensions ['ros']
[0.386s] Level 1:colcon.colcon_core.package_identification:_identify(.) by extension 'ros'
[0.411s] DEBUG:colcon.colcon_core.package_identification:Package '.' with type 'ros.ament_cmake' and name 'dog_control_bridge'
[0.413s] Level 1:colcon.colcon_core.package_discovery:discover_packages(recursive) using defaults
[0.414s] Level 1:colcon.colcon_core.package_discovery:discover_packages(ignore) discover
[0.416s] Level 1:colcon.colcon_core.package_discovery:discover_packages(ignore) using defaults
[0.417s] Level 1:colcon.colcon_core.package_discovery:discover_packages(path) discover
[0.419s] Level 1:colcon.colcon_core.package_discovery:discover_packages(path) using defaults
[0.450s] Level 1:colcon.colcon_core.package_discovery:discover_packages(prefix_path) check parameters
[0.451s] Level 1:colcon.colcon_core.package_discovery:discover_packages(prefix_path) discover
[0.455s] DEBUG:colcon.colcon_installed_package_information.package_discovery:Found 1 installed packages in /root/deepRoboticsl/deepcontrol/install
[0.459s] DEBUG:colcon.colcon_installed_package_information.package_discovery:Found 329 installed packages in /opt/ros/humble
[0.462s] Level 1:colcon.colcon_core.package_discovery:discover_packages(prefix_path) using defaults
[0.564s] Level 5:colcon.colcon_core.verb:set package 'dog_control_bridge' build argument 'cmake_args' from command line to 'None'
[0.565s] Level 5:colcon.colcon_core.verb:set package 'dog_control_bridge' build argument 'cmake_target' from command line to 'None'
[0.567s] Level 5:colcon.colcon_core.verb:set package 'dog_control_bridge' build argument 'cmake_target_skip_unavailable' from command line to 'False'
[0.568s] Level 5:colcon.colcon_core.verb:set package 'dog_control_bridge' build argument 'cmake_clean_cache' from command line to 'False'
[0.569s] Level 5:colcon.colcon_core.verb:set package 'dog_control_bridge' build argument 'cmake_clean_first' from command line to 'False'
[0.570s] Level 5:colcon.colcon_core.verb:set package 'dog_control_bridge' build argument 'cmake_force_configure' from command line to 'False'
[0.572s] Level 5:colcon.colcon_core.verb:set package 'dog_control_bridge' build argument 'ament_cmake_args' from command line to 'None'
[0.573s] Level 5:colcon.colcon_core.verb:set package 'dog_control_bridge' build argument 'catkin_cmake_args' from command line to 'None'
[0.574s] Level 5:colcon.colcon_core.verb:set package 'dog_control_bridge' build argument 'catkin_skip_building_tests' from command line to 'False'
[0.575s] DEBUG:colcon.colcon_core.verb:Building package 'dog_control_bridge' with the following arguments: {'ament_cmake_args': None, 'build_base': '/root/deepRoboticsl/deepcontrol/build/dog_control_bridge', 'catkin_cmake_args': None, 'catkin_skip_building_tests': False, 'cmake_args': None, 'cmake_clean_cache': False, 'cmake_clean_first': False, 'cmake_force_configure': False, 'cmake_target': None, 'cmake_target_skip_unavailable': False, 'install_base': '/root/deepRoboticsl/deepcontrol/install/dog_control_bridge', 'merge_install': False, 'path': '/root/deepRoboticsl/deepcontrol', 'symlink_install': False, 'test_result_base': None}
[0.577s] INFO:colcon.colcon_core.executor:Executing jobs using 'parallel' executor
[0.583s] DEBUG:colcon.colcon_parallel_executor.executor.parallel:run_until_complete
[0.585s] INFO:colcon.colcon_ros.task.ament_cmake.build:Building ROS package in '/root/deepRoboticsl/deepcontrol' with build type 'ament_cmake'
[0.587s] INFO:colcon.colcon_cmake.task.cmake.build:Building CMake package in '/root/deepRoboticsl/deepcontrol'
[0.591s] INFO:colcon.colcon_core.plugin_system:Skipping extension 'colcon_core.shell.bat': Not used on non-Windows systems
[0.592s] INFO:colcon.colcon_core.shell:Skip shell extension 'powershell' for command environment: Not usable outside of PowerShell
[0.594s] DEBUG:colcon.colcon_core.shell:Skip shell extension 'dsv' for command environment
[0.816s] DEBUG:colcon.colcon_core.event_handler.log_command:Invoking command in '/root/deepRoboticsl/deepcontrol/build/dog_control_bridge': CMAKE_PREFIX_PATH=${CMAKE_PREFIX_PATH}:/opt/ros/humble /usr/bin/cmake --build /root/deepRoboticsl/deepcontrol/build/dog_control_bridge -- -j8 -l8
[42.188s] DEBUG:colcon.colcon_core.event_handler.log_command:Invoked command in '/root/deepRoboticsl/deepcontrol/build/dog_control_bridge' returned '0': CMAKE_PREFIX_PATH=${CMAKE_PREFIX_PATH}:/opt/ros/humble /usr/bin/cmake --build /root/deepRoboticsl/deepcontrol/build/dog_control_bridge -- -j8 -l8
[42.222s] DEBUG:colcon.colcon_core.event_handler.log_command:Invoking command in '/root/deepRoboticsl/deepcontrol/build/dog_control_bridge': CMAKE_PREFIX_PATH=${CMAKE_PREFIX_PATH}:/opt/ros/humble /usr/bin/cmake --install /root/deepRoboticsl/deepcontrol/build/dog_control_bridge
[60.922s] Level 1:colcon.colcon_core.environment:create_environment_scripts_only(dog_control_bridge)
[60.953s] Level 1:colcon.colcon_core.environment:checking '/root/deepRoboticsl/deepcontrol/install/dog_control_bridge' for CMake module files
[60.959s] Level 1:colcon.colcon_core.environment:checking '/root/deepRoboticsl/deepcontrol/install/dog_control_bridge' for CMake config files
[60.963s] Level 1:colcon.colcon_core.shell:create_environment_hook('dog_control_bridge', 'cmake_prefix_path')
[60.966s] INFO:colcon.colcon_core.shell:Creating environment hook '/root/deepRoboticsl/deepcontrol/install/dog_control_bridge/share/dog_control_bridge/hook/cmake_prefix_path.ps1'
[61.058s] INFO:colcon.colcon_core.shell:Creating environment descriptor '/root/deepRoboticsl/deepcontrol/install/dog_control_bridge/share/dog_control_bridge/hook/cmake_prefix_path.dsv'
[61.066s] INFO:colcon.colcon_core.shell:Creating environment hook '/root/deepRoboticsl/deepcontrol/install/dog_control_bridge/share/dog_control_bridge/hook/cmake_prefix_path.sh'
[61.158s] Level 1:colcon.colcon_core.environment:checking '/root/deepRoboticsl/deepcontrol/install/dog_control_bridge/lib'
[61.160s] Level 1:colcon.colcon_core.environment:checking '/root/deepRoboticsl/deepcontrol/install/dog_control_bridge/bin'
[61.163s] Level 1:colcon.colcon_core.environment:checking '/root/deepRoboticsl/deepcontrol/install/dog_control_bridge/lib/pkgconfig/dog_control_bridge.pc'
[61.166s] Level 1:colcon.colcon_core.environment:checking '/root/deepRoboticsl/deepcontrol/install/dog_control_bridge/lib/python3.10/site-packages'
[61.169s] Level 1:colcon.colcon_core.environment:checking '/root/deepRoboticsl/deepcontrol/install/dog_control_bridge/bin'
[61.172s] INFO:colcon.colcon_core.shell:Creating package script '/root/deepRoboticsl/deepcontrol/install/dog_control_bridge/share/dog_control_bridge/package.ps1'
[61.275s] INFO:colcon.colcon_core.shell:Creating package descriptor '/root/deepRoboticsl/deepcontrol/install/dog_control_bridge/share/dog_control_bridge/package.dsv'
[61.375s] INFO:colcon.colcon_core.shell:Creating package script '/root/deepRoboticsl/deepcontrol/install/dog_control_bridge/share/dog_control_bridge/package.sh'
[61.485s] INFO:colcon.colcon_core.shell:Creating package script '/root/deepRoboticsl/deepcontrol/install/dog_control_bridge/share/dog_control_bridge/package.bash'
[61.594s] INFO:colcon.colcon_core.shell:Creating package script '/root/deepRoboticsl/deepcontrol/install/dog_control_bridge/share/dog_control_bridge/package.zsh'
[61.703s] Level 1:colcon.colcon_core.environment:create_file_with_runtime_dependencies(/root/deepRoboticsl/deepcontrol/install/dog_control_bridge/share/colcon-core/packages/dog_control_bridge)
[61.712s] DEBUG:colcon.colcon_core.event_handler.log_command:Invoked command in '/root/deepRoboticsl/deepcontrol/build/dog_control_bridge' returned '0': CMAKE_PREFIX_PATH=${CMAKE_PREFIX_PATH}:/opt/ros/humble /usr/bin/cmake --install /root/deepRoboticsl/deepcontrol/build/dog_control_bridge
[61.805s] Level 1:colcon.colcon_core.environment:create_environment_scripts_only(dog_control_bridge)
[61.812s] Level 1:colcon.colcon_core.environment:checking '/root/deepRoboticsl/deepcontrol/install/dog_control_bridge' for CMake module files
[61.819s] Level 1:colcon.colcon_core.environment:checking '/root/deepRoboticsl/deepcontrol/install/dog_control_bridge' for CMake config files
[61.821s] Level 1:colcon.colcon_core.shell:create_environment_hook('dog_control_bridge', 'cmake_prefix_path')
[61.823s] INFO:colcon.colcon_core.shell:Creating environment hook '/root/deepRoboticsl/deepcontrol/install/dog_control_bridge/share/dog_control_bridge/hook/cmake_prefix_path.ps1'
[61.916s] INFO:colcon.colcon_core.shell:Creating environment descriptor '/root/deepRoboticsl/deepcontrol/install/dog_control_bridge/share/dog_control_bridge/hook/cmake_prefix_path.dsv'
[62.011s] INFO:colcon.colcon_core.shell:Creating environment hook '/root/deepRoboticsl/deepcontrol/install/dog_control_bridge/share/dog_control_bridge/hook/cmake_prefix_path.sh'
[62.109s] Level 1:colcon.colcon_core.environment:checking '/root/deepRoboticsl/deepcontrol/install/dog_control_bridge/lib'
[62.112s] Level 1:colcon.colcon_core.environment:checking '/root/deepRoboticsl/deepcontrol/install/dog_control_bridge/bin'
[62.116s] Level 1:colcon.colcon_core.environment:checking '/root/deepRoboticsl/deepcontrol/install/dog_control_bridge/lib/pkgconfig/dog_control_bridge.pc'
[62.122s] Level 1:colcon.colcon_core.environment:checking '/root/deepRoboticsl/deepcontrol/install/dog_control_bridge/lib/python3.10/site-packages'
[62.127s] Level 1:colcon.colcon_core.environment:checking '/root/deepRoboticsl/deepcontrol/install/dog_control_bridge/bin'
[62.131s] INFO:colcon.colcon_core.shell:Creating package script '/root/deepRoboticsl/deepcontrol/install/dog_control_bridge/share/dog_control_bridge/package.ps1'
[62.223s] INFO:colcon.colcon_core.shell:Creating package descriptor '/root/deepRoboticsl/deepcontrol/install/dog_control_bridge/share/dog_control_bridge/package.dsv'
[62.319s] INFO:colcon.colcon_core.shell:Creating package script '/root/deepRoboticsl/deepcontrol/install/dog_control_bridge/share/dog_control_bridge/package.sh'
[62.413s] INFO:colcon.colcon_core.shell:Creating package script '/root/deepRoboticsl/deepcontrol/install/dog_control_bridge/share/dog_control_bridge/package.bash'
[62.508s] INFO:colcon.colcon_core.shell:Creating package script '/root/deepRoboticsl/deepcontrol/install/dog_control_bridge/share/dog_control_bridge/package.zsh'
[62.607s] Level 1:colcon.colcon_core.environment:create_file_with_runtime_dependencies(/root/deepRoboticsl/deepcontrol/install/dog_control_bridge/share/colcon-core/packages/dog_control_bridge)
[62.700s] DEBUG:colcon.colcon_parallel_executor.executor.parallel:closing loop
[62.703s] DEBUG:colcon.colcon_parallel_executor.executor.parallel:loop closed
[62.706s] DEBUG:colcon.colcon_parallel_executor.executor.parallel:run_until_complete finished with '0'
[62.791s] DEBUG:colcon.colcon_core.event_reactor:joining thread
[62.823s] INFO:colcon.colcon_core.plugin_system:Skipping extension 'colcon_notification.desktop_notification.notify_send': Could not find 'notify-send'
[62.825s] INFO:colcon.colcon_core.plugin_system:Skipping extension 'colcon_notification.desktop_notification.terminal_notifier': Not used on non-Darwin systems
[62.837s] INFO:colcon.colcon_core.plugin_system:Skipping extension 'colcon_notification.desktop_notification.win32': Not used on non-Windows systems
[62.839s] INFO:colcon.colcon_notification.desktop_notification:Sending desktop notification using 'notify2'
[62.845s] DEBUG:colcon.colcon_notification.desktop_notification.notify2:Failed to initialize notify2: org.freedesktop.DBus.Error.ServiceUnknown: The name org.freedesktop.Notifications was not provided by any .service files
[62.847s] DEBUG:colcon.colcon_core.event_reactor:joined thread
[62.850s] INFO:colcon.colcon_core.shell:Creating prefix script '/root/deepRoboticsl/deepcontrol/install/local_setup.ps1'
[62.944s] INFO:colcon.colcon_core.shell:Creating prefix util module '/root/deepRoboticsl/deepcontrol/install/_local_setup_util_ps1.py'
[63.064s] INFO:colcon.colcon_core.shell:Creating prefix chain script '/root/deepRoboticsl/deepcontrol/install/setup.ps1'
[63.174s] INFO:colcon.colcon_core.shell:Creating prefix script '/root/deepRoboticsl/deepcontrol/install/local_setup.sh'
[63.275s] INFO:colcon.colcon_core.shell:Creating prefix util module '/root/deepRoboticsl/deepcontrol/install/_local_setup_util_sh.py'
[63.376s] INFO:colcon.colcon_core.shell:Creating prefix chain script '/root/deepRoboticsl/deepcontrol/install/setup.sh'
[63.484s] INFO:colcon.colcon_core.shell:Creating prefix script '/root/deepRoboticsl/deepcontrol/install/local_setup.bash'
[63.583s] INFO:colcon.colcon_core.shell:Creating prefix chain script '/root/deepRoboticsl/deepcontrol/install/setup.bash'
[63.687s] INFO:colcon.colcon_core.shell:Creating prefix script '/root/deepRoboticsl/deepcontrol/install/local_setup.zsh'
[63.784s] INFO:colcon.colcon_core.shell:Creating prefix chain script '/root/deepRoboticsl/deepcontrol/install/setup.zsh'
