[0.414s] DEBUG:colcon:Command line arguments: ['/usr/bin/colcon', 'build', '--packages-select', 'dog_control_bridge']
[0.416s] DEBUG:colcon:Parsed command line arguments: Namespace(log_base=None, log_level=None, verb_name='build', build_base='build', install_base='install', merge_install=False, symlink_install=False, test_result_base=None, continue_on_error=False, executor='parallel', parallel_workers=8, event_handlers=None, ignore_user_meta=False, metas=['./colcon.meta'], base_paths=['.'], packages_ignore=None, packages_ignore_regex=None, paths=None, packages_up_to=None, packages_up_to_regex=None, packages_above=None, packages_above_and_dependencies=None, packages_above_depth=None, packages_select_by_dep=None, packages_skip_by_dep=None, packages_skip_up_to=None, packages_select_build_failed=False, packages_skip_build_finished=False, packages_select_test_failures=False, packages_skip_test_passed=False, packages_select=['dog_control_bridge'], packages_skip=None, packages_select_regex=None, packages_skip_regex=None, packages_start=None, packages_end=None, allow_overriding=[], cmake_args=None, cmake_target=None, cmake_target_skip_unavailable=False, cmake_clean_cache=False, cmake_clean_first=False, cmake_force_configure=False, ament_cmake_args=None, catkin_cmake_args=None, catkin_skip_building_tests=False, verb_parser=<colcon_defaults.argument_parser.defaults.DefaultArgumentsDecorator object at 0x7fb5253790>, verb_extension=<colcon_core.verb.build.BuildVerb object at 0x7fb5253310>, main=<bound method BuildVerb.main of <colcon_core.verb.build.BuildVerb object at 0x7fb5253310>>)
[0.911s] Level 1:colcon.colcon_core.package_discovery:discover_packages(colcon_meta) check parameters
[0.913s] Level 1:colcon.colcon_core.package_discovery:discover_packages(recursive) check parameters
[0.915s] Level 1:colcon.colcon_core.package_discovery:discover_packages(ignore) check parameters
[0.917s] Level 1:colcon.colcon_core.package_discovery:discover_packages(path) check parameters
[0.919s] Level 1:colcon.colcon_core.package_discovery:discover_packages(colcon_meta) discover
[0.920s] Level 1:colcon.colcon_core.package_discovery:discover_packages(recursive) discover
[0.922s] INFO:colcon.colcon_core.package_discovery:Crawling recursively for packages in '/root/deepRoboticsl/deepcontrol'
[0.924s] Level 1:colcon.colcon_core.package_identification:_identify(.) by extensions ['ignore', 'ignore_ament_install']
[0.926s] Level 1:colcon.colcon_core.package_identification:_identify(.) by extension 'ignore'
[0.928s] Level 1:colcon.colcon_core.package_identification:_identify(.) by extension 'ignore_ament_install'
[0.929s] Level 1:colcon.colcon_core.package_identification:_identify(.) by extensions ['colcon_pkg']
[0.931s] Level 1:colcon.colcon_core.package_identification:_identify(.) by extension 'colcon_pkg'
[0.933s] Level 1:colcon.colcon_core.package_identification:_identify(.) by extensions ['colcon_meta']
[0.934s] Level 1:colcon.colcon_core.package_identification:_identify(.) by extension 'colcon_meta'
[0.936s] Level 1:colcon.colcon_core.package_identification:_identify(.) by extensions ['ros']
[0.938s] Level 1:colcon.colcon_core.package_identification:_identify(.) by extension 'ros'
[0.987s] DEBUG:colcon.colcon_core.package_identification:Package '.' with type 'ros.ament_cmake' and name 'dog_control_bridge'
[0.989s] Level 1:colcon.colcon_core.package_discovery:discover_packages(recursive) using defaults
[0.991s] Level 1:colcon.colcon_core.package_discovery:discover_packages(ignore) discover
[0.993s] Level 1:colcon.colcon_core.package_discovery:discover_packages(ignore) using defaults
[0.994s] Level 1:colcon.colcon_core.package_discovery:discover_packages(path) discover
[0.996s] Level 1:colcon.colcon_core.package_discovery:discover_packages(path) using defaults
[1.069s] Level 1:colcon.colcon_core.package_discovery:discover_packages(prefix_path) check parameters
[1.071s] Level 1:colcon.colcon_core.package_discovery:discover_packages(prefix_path) discover
[1.079s] DEBUG:colcon.colcon_installed_package_information.package_discovery:Found 1 installed packages in /root/deepRoboticsl/deepcontrol/install
[1.084s] DEBUG:colcon.colcon_installed_package_information.package_discovery:Found 329 installed packages in /opt/ros/humble
[1.090s] Level 1:colcon.colcon_core.package_discovery:discover_packages(prefix_path) using defaults
[1.213s] Level 5:colcon.colcon_core.verb:set package 'dog_control_bridge' build argument 'cmake_args' from command line to 'None'
[1.227s] Level 5:colcon.colcon_core.verb:set package 'dog_control_bridge' build argument 'cmake_target' from command line to 'None'
[1.228s] Level 5:colcon.colcon_core.verb:set package 'dog_control_bridge' build argument 'cmake_target_skip_unavailable' from command line to 'False'
[1.230s] Level 5:colcon.colcon_core.verb:set package 'dog_control_bridge' build argument 'cmake_clean_cache' from command line to 'False'
[1.232s] Level 5:colcon.colcon_core.verb:set package 'dog_control_bridge' build argument 'cmake_clean_first' from command line to 'False'
[1.235s] Level 5:colcon.colcon_core.verb:set package 'dog_control_bridge' build argument 'cmake_force_configure' from command line to 'False'
[1.237s] Level 5:colcon.colcon_core.verb:set package 'dog_control_bridge' build argument 'ament_cmake_args' from command line to 'None'
[1.239s] Level 5:colcon.colcon_core.verb:set package 'dog_control_bridge' build argument 'catkin_cmake_args' from command line to 'None'
[1.240s] Level 5:colcon.colcon_core.verb:set package 'dog_control_bridge' build argument 'catkin_skip_building_tests' from command line to 'False'
[1.242s] DEBUG:colcon.colcon_core.verb:Building package 'dog_control_bridge' with the following arguments: {'ament_cmake_args': None, 'build_base': '/root/deepRoboticsl/deepcontrol/build/dog_control_bridge', 'catkin_cmake_args': None, 'catkin_skip_building_tests': False, 'cmake_args': None, 'cmake_clean_cache': False, 'cmake_clean_first': False, 'cmake_force_configure': False, 'cmake_target': None, 'cmake_target_skip_unavailable': False, 'install_base': '/root/deepRoboticsl/deepcontrol/install/dog_control_bridge', 'merge_install': False, 'path': '/root/deepRoboticsl/deepcontrol', 'symlink_install': False, 'test_result_base': None}
[1.244s] INFO:colcon.colcon_core.executor:Executing jobs using 'parallel' executor
[1.247s] DEBUG:colcon.colcon_parallel_executor.executor.parallel:run_until_complete
[1.250s] INFO:colcon.colcon_ros.task.ament_cmake.build:Building ROS package in '/root/deepRoboticsl/deepcontrol' with build type 'ament_cmake'
[1.252s] INFO:colcon.colcon_cmake.task.cmake.build:Building CMake package in '/root/deepRoboticsl/deepcontrol'
[1.263s] INFO:colcon.colcon_core.plugin_system:Skipping extension 'colcon_core.shell.bat': Not used on non-Windows systems
[1.264s] INFO:colcon.colcon_core.shell:Skip shell extension 'powershell' for command environment: Not usable outside of PowerShell
[1.266s] DEBUG:colcon.colcon_core.shell:Skip shell extension 'dsv' for command environment
[1.498s] DEBUG:colcon.colcon_core.event_handler.log_command:Invoking command in '/root/deepRoboticsl/deepcontrol/build/dog_control_bridge': CMAKE_PREFIX_PATH=${CMAKE_PREFIX_PATH}:/opt/ros/humble /usr/bin/cmake --build /root/deepRoboticsl/deepcontrol/build/dog_control_bridge -- -j8 -l8
[43.166s] DEBUG:colcon.colcon_core.event_handler.log_command:Invoked command in '/root/deepRoboticsl/deepcontrol/build/dog_control_bridge' returned '0': CMAKE_PREFIX_PATH=${CMAKE_PREFIX_PATH}:/opt/ros/humble /usr/bin/cmake --build /root/deepRoboticsl/deepcontrol/build/dog_control_bridge -- -j8 -l8
[43.200s] DEBUG:colcon.colcon_core.event_handler.log_command:Invoking command in '/root/deepRoboticsl/deepcontrol/build/dog_control_bridge': CMAKE_PREFIX_PATH=${CMAKE_PREFIX_PATH}:/opt/ros/humble /usr/bin/cmake --install /root/deepRoboticsl/deepcontrol/build/dog_control_bridge
[120.888s] Level 1:colcon.colcon_core.environment:create_environment_scripts_only(dog_control_bridge)
[120.916s] Level 1:colcon.colcon_core.environment:checking '/root/deepRoboticsl/deepcontrol/install/dog_control_bridge' for CMake module files
[120.921s] Level 1:colcon.colcon_core.environment:checking '/root/deepRoboticsl/deepcontrol/install/dog_control_bridge' for CMake config files
[120.923s] Level 1:colcon.colcon_core.shell:create_environment_hook('dog_control_bridge', 'cmake_prefix_path')
[120.926s] INFO:colcon.colcon_core.shell:Creating environment hook '/root/deepRoboticsl/deepcontrol/install/dog_control_bridge/share/dog_control_bridge/hook/cmake_prefix_path.ps1'
[121.017s] INFO:colcon.colcon_core.shell:Creating environment descriptor '/root/deepRoboticsl/deepcontrol/install/dog_control_bridge/share/dog_control_bridge/hook/cmake_prefix_path.dsv'
[121.030s] INFO:colcon.colcon_core.shell:Creating environment hook '/root/deepRoboticsl/deepcontrol/install/dog_control_bridge/share/dog_control_bridge/hook/cmake_prefix_path.sh'
[121.136s] Level 1:colcon.colcon_core.environment:checking '/root/deepRoboticsl/deepcontrol/install/dog_control_bridge/lib'
[121.141s] Level 1:colcon.colcon_core.environment:checking '/root/deepRoboticsl/deepcontrol/install/dog_control_bridge/bin'
[121.145s] Level 1:colcon.colcon_core.environment:checking '/root/deepRoboticsl/deepcontrol/install/dog_control_bridge/lib/pkgconfig/dog_control_bridge.pc'
[121.148s] Level 1:colcon.colcon_core.environment:checking '/root/deepRoboticsl/deepcontrol/install/dog_control_bridge/lib/python3.10/site-packages'
[121.151s] Level 1:colcon.colcon_core.environment:checking '/root/deepRoboticsl/deepcontrol/install/dog_control_bridge/bin'
[121.154s] INFO:colcon.colcon_core.shell:Creating package script '/root/deepRoboticsl/deepcontrol/install/dog_control_bridge/share/dog_control_bridge/package.ps1'
[121.255s] INFO:colcon.colcon_core.shell:Creating package descriptor '/root/deepRoboticsl/deepcontrol/install/dog_control_bridge/share/dog_control_bridge/package.dsv'
[121.353s] INFO:colcon.colcon_core.shell:Creating package script '/root/deepRoboticsl/deepcontrol/install/dog_control_bridge/share/dog_control_bridge/package.sh'
[121.461s] INFO:colcon.colcon_core.shell:Creating package script '/root/deepRoboticsl/deepcontrol/install/dog_control_bridge/share/dog_control_bridge/package.bash'
[121.571s] INFO:colcon.colcon_core.shell:Creating package script '/root/deepRoboticsl/deepcontrol/install/dog_control_bridge/share/dog_control_bridge/package.zsh'
[121.681s] Level 1:colcon.colcon_core.environment:create_file_with_runtime_dependencies(/root/deepRoboticsl/deepcontrol/install/dog_control_bridge/share/colcon-core/packages/dog_control_bridge)
[121.686s] DEBUG:colcon.colcon_core.event_handler.log_command:Invoked command in '/root/deepRoboticsl/deepcontrol/build/dog_control_bridge' returned '0': CMAKE_PREFIX_PATH=${CMAKE_PREFIX_PATH}:/opt/ros/humble /usr/bin/cmake --install /root/deepRoboticsl/deepcontrol/build/dog_control_bridge
[121.773s] Level 1:colcon.colcon_core.environment:create_environment_scripts_only(dog_control_bridge)
[121.779s] Level 1:colcon.colcon_core.environment:checking '/root/deepRoboticsl/deepcontrol/install/dog_control_bridge' for CMake module files
[121.790s] Level 1:colcon.colcon_core.environment:checking '/root/deepRoboticsl/deepcontrol/install/dog_control_bridge' for CMake config files
[121.794s] Level 1:colcon.colcon_core.shell:create_environment_hook('dog_control_bridge', 'cmake_prefix_path')
[121.799s] INFO:colcon.colcon_core.shell:Creating environment hook '/root/deepRoboticsl/deepcontrol/install/dog_control_bridge/share/dog_control_bridge/hook/cmake_prefix_path.ps1'
[121.891s] INFO:colcon.colcon_core.shell:Creating environment descriptor '/root/deepRoboticsl/deepcontrol/install/dog_control_bridge/share/dog_control_bridge/hook/cmake_prefix_path.dsv'
[121.985s] INFO:colcon.colcon_core.shell:Creating environment hook '/root/deepRoboticsl/deepcontrol/install/dog_control_bridge/share/dog_control_bridge/hook/cmake_prefix_path.sh'
[122.080s] Level 1:colcon.colcon_core.environment:checking '/root/deepRoboticsl/deepcontrol/install/dog_control_bridge/lib'
[122.082s] Level 1:colcon.colcon_core.environment:checking '/root/deepRoboticsl/deepcontrol/install/dog_control_bridge/bin'
[122.083s] Level 1:colcon.colcon_core.environment:checking '/root/deepRoboticsl/deepcontrol/install/dog_control_bridge/lib/pkgconfig/dog_control_bridge.pc'
[122.090s] Level 1:colcon.colcon_core.environment:checking '/root/deepRoboticsl/deepcontrol/install/dog_control_bridge/lib/python3.10/site-packages'
[122.099s] Level 1:colcon.colcon_core.environment:checking '/root/deepRoboticsl/deepcontrol/install/dog_control_bridge/bin'
[122.107s] INFO:colcon.colcon_core.shell:Creating package script '/root/deepRoboticsl/deepcontrol/install/dog_control_bridge/share/dog_control_bridge/package.ps1'
[122.198s] INFO:colcon.colcon_core.shell:Creating package descriptor '/root/deepRoboticsl/deepcontrol/install/dog_control_bridge/share/dog_control_bridge/package.dsv'
[122.294s] INFO:colcon.colcon_core.shell:Creating package script '/root/deepRoboticsl/deepcontrol/install/dog_control_bridge/share/dog_control_bridge/package.sh'
[122.383s] INFO:colcon.colcon_core.shell:Creating package script '/root/deepRoboticsl/deepcontrol/install/dog_control_bridge/share/dog_control_bridge/package.bash'
[122.473s] INFO:colcon.colcon_core.shell:Creating package script '/root/deepRoboticsl/deepcontrol/install/dog_control_bridge/share/dog_control_bridge/package.zsh'
[122.568s] Level 1:colcon.colcon_core.environment:create_file_with_runtime_dependencies(/root/deepRoboticsl/deepcontrol/install/dog_control_bridge/share/colcon-core/packages/dog_control_bridge)
[122.656s] DEBUG:colcon.colcon_parallel_executor.executor.parallel:closing loop
[122.660s] DEBUG:colcon.colcon_parallel_executor.executor.parallel:loop closed
[122.662s] DEBUG:colcon.colcon_parallel_executor.executor.parallel:run_until_complete finished with '0'
[122.748s] DEBUG:colcon.colcon_core.event_reactor:joining thread
[122.803s] INFO:colcon.colcon_core.plugin_system:Skipping extension 'colcon_notification.desktop_notification.notify_send': Could not find 'notify-send'
[122.806s] INFO:colcon.colcon_core.plugin_system:Skipping extension 'colcon_notification.desktop_notification.terminal_notifier': Not used on non-Darwin systems
[122.807s] INFO:colcon.colcon_core.plugin_system:Skipping extension 'colcon_notification.desktop_notification.win32': Not used on non-Windows systems
[122.809s] INFO:colcon.colcon_notification.desktop_notification:Sending desktop notification using 'notify2'
[122.830s] DEBUG:colcon.colcon_notification.desktop_notification.notify2:Failed to initialize notify2: org.freedesktop.DBus.Error.ServiceUnknown: The name org.freedesktop.Notifications was not provided by any .service files
[122.833s] DEBUG:colcon.colcon_core.event_reactor:joined thread
[122.836s] INFO:colcon.colcon_core.shell:Creating prefix script '/root/deepRoboticsl/deepcontrol/install/local_setup.ps1'
[122.933s] INFO:colcon.colcon_core.shell:Creating prefix util module '/root/deepRoboticsl/deepcontrol/install/_local_setup_util_ps1.py'
[123.048s] INFO:colcon.colcon_core.shell:Creating prefix chain script '/root/deepRoboticsl/deepcontrol/install/setup.ps1'
[123.148s] INFO:colcon.colcon_core.shell:Creating prefix script '/root/deepRoboticsl/deepcontrol/install/local_setup.sh'
[123.240s] INFO:colcon.colcon_core.shell:Creating prefix util module '/root/deepRoboticsl/deepcontrol/install/_local_setup_util_sh.py'
[123.347s] INFO:colcon.colcon_core.shell:Creating prefix chain script '/root/deepRoboticsl/deepcontrol/install/setup.sh'
[123.440s] INFO:colcon.colcon_core.shell:Creating prefix script '/root/deepRoboticsl/deepcontrol/install/local_setup.bash'
[123.531s] INFO:colcon.colcon_core.shell:Creating prefix chain script '/root/deepRoboticsl/deepcontrol/install/setup.bash'
[123.635s] INFO:colcon.colcon_core.shell:Creating prefix script '/root/deepRoboticsl/deepcontrol/install/local_setup.zsh'
[123.732s] INFO:colcon.colcon_core.shell:Creating prefix chain script '/root/deepRoboticsl/deepcontrol/install/setup.zsh'
