[0.189s] DEBUG:colcon:Command line arguments: ['/usr/bin/colcon', 'build', '--paths', 'ros2_bridge/nav3d_ros2_bridge', '--packages-select', 'nav3d_ros2_bridge']
[0.191s] DEBUG:colcon:Parsed command line arguments: Namespace(log_base=None, log_level=None, verb_name='build', build_base='build', install_base='install', merge_install=False, symlink_install=False, test_result_base=None, continue_on_error=False, executor='parallel', parallel_workers=8, event_handlers=None, ignore_user_meta=False, metas=['./colcon.meta'], base_paths=['.'], packages_ignore=None, packages_ignore_regex=None, paths=['/root/nav/livox_ws/src/3D-Nav-Dynamic-EGO/ros2_bridge/nav3d_ros2_bridge'], packages_up_to=None, packages_up_to_regex=None, packages_above=None, packages_above_and_dependencies=None, packages_above_depth=None, packages_select_by_dep=None, packages_skip_by_dep=None, packages_skip_up_to=None, packages_select_build_failed=False, packages_skip_build_finished=False, packages_select_test_failures=False, packages_skip_test_passed=False, packages_select=['nav3d_ros2_bridge'], packages_skip=None, packages_select_regex=None, packages_skip_regex=None, packages_start=None, packages_end=None, allow_overriding=[], cmake_args=None, cmake_target=None, cmake_target_skip_unavailable=False, cmake_clean_cache=False, cmake_clean_first=False, cmake_force_configure=False, ament_cmake_args=None, catkin_cmake_args=None, catkin_skip_building_tests=False, verb_parser=<colcon_defaults.argument_parser.defaults.DefaultArgumentsDecorator object at 0x7fba720490>, verb_extension=<colcon_core.verb.build.BuildVerb object at 0x7fba6f3fd0>, main=<bound method BuildVerb.main of <colcon_core.verb.build.BuildVerb object at 0x7fba6f3fd0>>)
[0.434s] Level 1:colcon.colcon_core.package_discovery:discover_packages(colcon_meta) check parameters
[0.438s] Level 1:colcon.colcon_core.package_discovery:discover_packages(recursive) check parameters
[0.440s] Level 1:colcon.colcon_core.package_discovery:discover_packages(ignore) check parameters
[0.441s] Level 1:colcon.colcon_core.package_discovery:discover_packages(path) check parameters
[0.443s] Level 1:colcon.colcon_core.package_discovery:discover_packages(path) discover
[0.445s] Level 1:colcon.colcon_core.package_discovery:PathPackageDiscovery.discover(['/root/nav/livox_ws/src/3D-Nav-Dynamic-EGO/ros2_bridge/nav3d_ros2_bridge'])
[0.448s] Level 1:colcon.colcon_core.package_identification:_identify(/root/nav/livox_ws/src/3D-Nav-Dynamic-EGO/ros2_bridge/nav3d_ros2_bridge) by extensions ['ignore', 'ignore_ament_install']
[0.451s] Level 1:colcon.colcon_core.package_identification:_identify(/root/nav/livox_ws/src/3D-Nav-Dynamic-EGO/ros2_bridge/nav3d_ros2_bridge) by extension 'ignore'
[0.453s] Level 1:colcon.colcon_core.package_identification:_identify(/root/nav/livox_ws/src/3D-Nav-Dynamic-EGO/ros2_bridge/nav3d_ros2_bridge) by extension 'ignore_ament_install'
[0.455s] Level 1:colcon.colcon_core.package_identification:_identify(/root/nav/livox_ws/src/3D-Nav-Dynamic-EGO/ros2_bridge/nav3d_ros2_bridge) by extensions ['colcon_pkg']
[0.457s] Level 1:colcon.colcon_core.package_identification:_identify(/root/nav/livox_ws/src/3D-Nav-Dynamic-EGO/ros2_bridge/nav3d_ros2_bridge) by extension 'colcon_pkg'
[0.458s] Level 1:colcon.colcon_core.package_identification:_identify(/root/nav/livox_ws/src/3D-Nav-Dynamic-EGO/ros2_bridge/nav3d_ros2_bridge) by extensions ['colcon_meta']
[0.460s] Level 1:colcon.colcon_core.package_identification:_identify(/root/nav/livox_ws/src/3D-Nav-Dynamic-EGO/ros2_bridge/nav3d_ros2_bridge) by extension 'colcon_meta'
[0.462s] Level 1:colcon.colcon_core.package_identification:_identify(/root/nav/livox_ws/src/3D-Nav-Dynamic-EGO/ros2_bridge/nav3d_ros2_bridge) by extensions ['ros']
[0.463s] Level 1:colcon.colcon_core.package_identification:_identify(/root/nav/livox_ws/src/3D-Nav-Dynamic-EGO/ros2_bridge/nav3d_ros2_bridge) by extension 'ros'
[0.497s] DEBUG:colcon.colcon_core.package_identification:Package '/root/nav/livox_ws/src/3D-Nav-Dynamic-EGO/ros2_bridge/nav3d_ros2_bridge' with type 'ros.ament_cmake' and name 'nav3d_ros2_bridge'
[0.499s] Level 1:colcon.colcon_core.package_discovery:discover_packages(path) using defaults
[0.540s] Level 1:colcon.colcon_core.package_discovery:discover_packages(prefix_path) check parameters
[0.542s] Level 1:colcon.colcon_core.package_discovery:discover_packages(prefix_path) discover
[0.548s] DEBUG:colcon.colcon_installed_package_information.package_discovery:Found 1 installed packages in /root/nav/livox_ws/src/3D-Nav-Dynamic-EGO/install
[0.551s] DEBUG:colcon.colcon_installed_package_information.package_discovery:Found 10 installed packages in /root/nav/livox_ws/install
[0.555s] DEBUG:colcon.colcon_installed_package_information.package_discovery:Found 332 installed packages in /opt/ros/humble
[0.559s] Level 1:colcon.colcon_core.package_discovery:discover_packages(prefix_path) using defaults
[0.663s] Level 5:colcon.colcon_core.verb:set package 'nav3d_ros2_bridge' build argument 'cmake_args' from command line to 'None'
[0.665s] Level 5:colcon.colcon_core.verb:set package 'nav3d_ros2_bridge' build argument 'cmake_target' from command line to 'None'
[0.667s] Level 5:colcon.colcon_core.verb:set package 'nav3d_ros2_bridge' build argument 'cmake_target_skip_unavailable' from command line to 'False'
[0.669s] Level 5:colcon.colcon_core.verb:set package 'nav3d_ros2_bridge' build argument 'cmake_clean_cache' from command line to 'False'
[0.670s] Level 5:colcon.colcon_core.verb:set package 'nav3d_ros2_bridge' build argument 'cmake_clean_first' from command line to 'False'
[0.672s] Level 5:colcon.colcon_core.verb:set package 'nav3d_ros2_bridge' build argument 'cmake_force_configure' from command line to 'False'
[0.674s] Level 5:colcon.colcon_core.verb:set package 'nav3d_ros2_bridge' build argument 'ament_cmake_args' from command line to 'None'
[0.675s] Level 5:colcon.colcon_core.verb:set package 'nav3d_ros2_bridge' build argument 'catkin_cmake_args' from command line to 'None'
[0.677s] Level 5:colcon.colcon_core.verb:set package 'nav3d_ros2_bridge' build argument 'catkin_skip_building_tests' from command line to 'False'
[0.679s] DEBUG:colcon.colcon_core.verb:Building package 'nav3d_ros2_bridge' with the following arguments: {'ament_cmake_args': None, 'build_base': '/root/nav/livox_ws/src/3D-Nav-Dynamic-EGO/build/nav3d_ros2_bridge', 'catkin_cmake_args': None, 'catkin_skip_building_tests': False, 'cmake_args': None, 'cmake_clean_cache': False, 'cmake_clean_first': False, 'cmake_force_configure': False, 'cmake_target': None, 'cmake_target_skip_unavailable': False, 'install_base': '/root/nav/livox_ws/src/3D-Nav-Dynamic-EGO/install/nav3d_ros2_bridge', 'merge_install': False, 'path': '/root/nav/livox_ws/src/3D-Nav-Dynamic-EGO/ros2_bridge/nav3d_ros2_bridge', 'symlink_install': False, 'test_result_base': None}
[0.681s] INFO:colcon.colcon_core.executor:Executing jobs using 'parallel' executor
[0.686s] DEBUG:colcon.colcon_parallel_executor.executor.parallel:run_until_complete
[0.689s] INFO:colcon.colcon_ros.task.ament_cmake.build:Building ROS package in '/root/nav/livox_ws/src/3D-Nav-Dynamic-EGO/ros2_bridge/nav3d_ros2_bridge' with build type 'ament_cmake'
[0.692s] INFO:colcon.colcon_cmake.task.cmake.build:Building CMake package in '/root/nav/livox_ws/src/3D-Nav-Dynamic-EGO/ros2_bridge/nav3d_ros2_bridge'
[0.698s] INFO:colcon.colcon_core.plugin_system:Skipping extension 'colcon_core.shell.bat': Not used on non-Windows systems
[0.700s] INFO:colcon.colcon_core.shell:Skip shell extension 'powershell' for command environment: Not usable outside of PowerShell
[0.702s] DEBUG:colcon.colcon_core.shell:Skip shell extension 'dsv' for command environment
[1.019s] DEBUG:colcon.colcon_core.event_handler.log_command:Invoking command in '/root/nav/livox_ws/src/3D-Nav-Dynamic-EGO/build/nav3d_ros2_bridge': CMAKE_PREFIX_PATH=${CMAKE_PREFIX_PATH}:/opt/ros/humble /usr/bin/cmake --build /root/nav/livox_ws/src/3D-Nav-Dynamic-EGO/build/nav3d_ros2_bridge -- -j8 -l8
[4.168s] DEBUG:colcon.colcon_core.event_handler.log_command:Invoked command in '/root/nav/livox_ws/src/3D-Nav-Dynamic-EGO/build/nav3d_ros2_bridge' returned '0': CMAKE_PREFIX_PATH=${CMAKE_PREFIX_PATH}:/opt/ros/humble /usr/bin/cmake --build /root/nav/livox_ws/src/3D-Nav-Dynamic-EGO/build/nav3d_ros2_bridge -- -j8 -l8
[4.191s] DEBUG:colcon.colcon_core.event_handler.log_command:Invoking command in '/root/nav/livox_ws/src/3D-Nav-Dynamic-EGO/build/nav3d_ros2_bridge': CMAKE_PREFIX_PATH=${CMAKE_PREFIX_PATH}:/opt/ros/humble /usr/bin/cmake --install /root/nav/livox_ws/src/3D-Nav-Dynamic-EGO/build/nav3d_ros2_bridge
[4.793s] Level 1:colcon.colcon_core.environment:create_environment_scripts_only(nav3d_ros2_bridge)
[4.807s] Level 1:colcon.colcon_core.environment:checking '/root/nav/livox_ws/src/3D-Nav-Dynamic-EGO/install/nav3d_ros2_bridge' for CMake module files
[4.813s] Level 1:colcon.colcon_core.environment:checking '/root/nav/livox_ws/src/3D-Nav-Dynamic-EGO/install/nav3d_ros2_bridge' for CMake config files
[4.815s] Level 1:colcon.colcon_core.shell:create_environment_hook('nav3d_ros2_bridge', 'cmake_prefix_path')
[4.819s] INFO:colcon.colcon_core.shell:Creating environment hook '/root/nav/livox_ws/src/3D-Nav-Dynamic-EGO/install/nav3d_ros2_bridge/share/nav3d_ros2_bridge/hook/cmake_prefix_path.ps1'
[4.912s] INFO:colcon.colcon_core.shell:Creating environment descriptor '/root/nav/livox_ws/src/3D-Nav-Dynamic-EGO/install/nav3d_ros2_bridge/share/nav3d_ros2_bridge/hook/cmake_prefix_path.dsv'
[5.004s] INFO:colcon.colcon_core.shell:Creating environment hook '/root/nav/livox_ws/src/3D-Nav-Dynamic-EGO/install/nav3d_ros2_bridge/share/nav3d_ros2_bridge/hook/cmake_prefix_path.sh'
[5.097s] Level 1:colcon.colcon_core.environment:checking '/root/nav/livox_ws/src/3D-Nav-Dynamic-EGO/install/nav3d_ros2_bridge/lib'
[5.101s] Level 1:colcon.colcon_core.environment:checking '/root/nav/livox_ws/src/3D-Nav-Dynamic-EGO/install/nav3d_ros2_bridge/bin'
[5.103s] Level 1:colcon.colcon_core.environment:checking '/root/nav/livox_ws/src/3D-Nav-Dynamic-EGO/install/nav3d_ros2_bridge/lib/pkgconfig/nav3d_ros2_bridge.pc'
[5.106s] Level 1:colcon.colcon_core.environment:checking '/root/nav/livox_ws/src/3D-Nav-Dynamic-EGO/install/nav3d_ros2_bridge/lib/python3.10/site-packages'
[5.109s] Level 1:colcon.colcon_core.environment:checking '/root/nav/livox_ws/src/3D-Nav-Dynamic-EGO/install/nav3d_ros2_bridge/bin'
[5.111s] INFO:colcon.colcon_core.shell:Creating package script '/root/nav/livox_ws/src/3D-Nav-Dynamic-EGO/install/nav3d_ros2_bridge/share/nav3d_ros2_bridge/package.ps1'
[5.205s] INFO:colcon.colcon_core.shell:Creating package descriptor '/root/nav/livox_ws/src/3D-Nav-Dynamic-EGO/install/nav3d_ros2_bridge/share/nav3d_ros2_bridge/package.dsv'
[5.297s] INFO:colcon.colcon_core.shell:Creating package script '/root/nav/livox_ws/src/3D-Nav-Dynamic-EGO/install/nav3d_ros2_bridge/share/nav3d_ros2_bridge/package.sh'
[5.392s] INFO:colcon.colcon_core.shell:Creating package script '/root/nav/livox_ws/src/3D-Nav-Dynamic-EGO/install/nav3d_ros2_bridge/share/nav3d_ros2_bridge/package.bash'
[5.485s] INFO:colcon.colcon_core.shell:Creating package script '/root/nav/livox_ws/src/3D-Nav-Dynamic-EGO/install/nav3d_ros2_bridge/share/nav3d_ros2_bridge/package.zsh'
[5.576s] Level 1:colcon.colcon_core.environment:create_file_with_runtime_dependencies(/root/nav/livox_ws/src/3D-Nav-Dynamic-EGO/install/nav3d_ros2_bridge/share/colcon-core/packages/nav3d_ros2_bridge)
[5.670s] Level 1:colcon.colcon_core.environment:create_environment_scripts_only(nav3d_ros2_bridge)
[5.672s] Level 1:colcon.colcon_core.environment:checking '/root/nav/livox_ws/src/3D-Nav-Dynamic-EGO/install/nav3d_ros2_bridge' for CMake module files
[5.675s] Level 1:colcon.colcon_core.environment:checking '/root/nav/livox_ws/src/3D-Nav-Dynamic-EGO/install/nav3d_ros2_bridge' for CMake config files
[5.677s] Level 1:colcon.colcon_core.shell:create_environment_hook('nav3d_ros2_bridge', 'cmake_prefix_path')
[5.680s] INFO:colcon.colcon_core.shell:Creating environment hook '/root/nav/livox_ws/src/3D-Nav-Dynamic-EGO/install/nav3d_ros2_bridge/share/nav3d_ros2_bridge/hook/cmake_prefix_path.ps1'
[5.769s] INFO:colcon.colcon_core.shell:Creating environment descriptor '/root/nav/livox_ws/src/3D-Nav-Dynamic-EGO/install/nav3d_ros2_bridge/share/nav3d_ros2_bridge/hook/cmake_prefix_path.dsv'
[5.858s] INFO:colcon.colcon_core.shell:Creating environment hook '/root/nav/livox_ws/src/3D-Nav-Dynamic-EGO/install/nav3d_ros2_bridge/share/nav3d_ros2_bridge/hook/cmake_prefix_path.sh'
[5.951s] Level 1:colcon.colcon_core.environment:checking '/root/nav/livox_ws/src/3D-Nav-Dynamic-EGO/install/nav3d_ros2_bridge/lib'
[5.953s] Level 1:colcon.colcon_core.environment:checking '/root/nav/livox_ws/src/3D-Nav-Dynamic-EGO/install/nav3d_ros2_bridge/bin'
[5.956s] Level 1:colcon.colcon_core.environment:checking '/root/nav/livox_ws/src/3D-Nav-Dynamic-EGO/install/nav3d_ros2_bridge/lib/pkgconfig/nav3d_ros2_bridge.pc'
[5.959s] Level 1:colcon.colcon_core.environment:checking '/root/nav/livox_ws/src/3D-Nav-Dynamic-EGO/install/nav3d_ros2_bridge/lib/python3.10/site-packages'
[5.964s] Level 1:colcon.colcon_core.environment:checking '/root/nav/livox_ws/src/3D-Nav-Dynamic-EGO/install/nav3d_ros2_bridge/bin'
[5.968s] INFO:colcon.colcon_core.shell:Creating package script '/root/nav/livox_ws/src/3D-Nav-Dynamic-EGO/install/nav3d_ros2_bridge/share/nav3d_ros2_bridge/package.ps1'
[6.061s] INFO:colcon.colcon_core.shell:Creating package descriptor '/root/nav/livox_ws/src/3D-Nav-Dynamic-EGO/install/nav3d_ros2_bridge/share/nav3d_ros2_bridge/package.dsv'
[6.154s] INFO:colcon.colcon_core.shell:Creating package script '/root/nav/livox_ws/src/3D-Nav-Dynamic-EGO/install/nav3d_ros2_bridge/share/nav3d_ros2_bridge/package.sh'
[6.168s] DEBUG:colcon.colcon_core.event_handler.log_command:Invoked command in '/root/nav/livox_ws/src/3D-Nav-Dynamic-EGO/build/nav3d_ros2_bridge' returned '0': CMAKE_PREFIX_PATH=${CMAKE_PREFIX_PATH}:/opt/ros/humble /usr/bin/cmake --install /root/nav/livox_ws/src/3D-Nav-Dynamic-EGO/build/nav3d_ros2_bridge
[6.258s] INFO:colcon.colcon_core.shell:Creating package script '/root/nav/livox_ws/src/3D-Nav-Dynamic-EGO/install/nav3d_ros2_bridge/share/nav3d_ros2_bridge/package.bash'
[6.349s] INFO:colcon.colcon_core.shell:Creating package script '/root/nav/livox_ws/src/3D-Nav-Dynamic-EGO/install/nav3d_ros2_bridge/share/nav3d_ros2_bridge/package.zsh'
[6.439s] Level 1:colcon.colcon_core.environment:create_file_with_runtime_dependencies(/root/nav/livox_ws/src/3D-Nav-Dynamic-EGO/install/nav3d_ros2_bridge/share/colcon-core/packages/nav3d_ros2_bridge)
[6.528s] DEBUG:colcon.colcon_parallel_executor.executor.parallel:closing loop
[6.535s] DEBUG:colcon.colcon_parallel_executor.executor.parallel:loop closed
[6.619s] DEBUG:colcon.colcon_parallel_executor.executor.parallel:run_until_complete finished with '0'
[6.621s] DEBUG:colcon.colcon_core.event_reactor:joining thread
[6.660s] INFO:colcon.colcon_core.plugin_system:Skipping extension 'colcon_notification.desktop_notification.notify_send': Could not find 'notify-send'
[6.662s] INFO:colcon.colcon_core.plugin_system:Skipping extension 'colcon_notification.desktop_notification.terminal_notifier': Not used on non-Darwin systems
[6.665s] INFO:colcon.colcon_core.plugin_system:Skipping extension 'colcon_notification.desktop_notification.win32': Not used on non-Windows systems
[6.667s] INFO:colcon.colcon_notification.desktop_notification:Sending desktop notification using 'notify2'
[6.672s] DEBUG:colcon.colcon_notification.desktop_notification.notify2:Failed to initialize notify2: org.freedesktop.DBus.Error.ServiceUnknown: The name org.freedesktop.Notifications was not provided by any .service files
[6.674s] DEBUG:colcon.colcon_core.event_reactor:joined thread
[6.678s] INFO:colcon.colcon_core.shell:Creating prefix script '/root/nav/livox_ws/src/3D-Nav-Dynamic-EGO/install/local_setup.ps1'
[6.775s] INFO:colcon.colcon_core.shell:Creating prefix util module '/root/nav/livox_ws/src/3D-Nav-Dynamic-EGO/install/_local_setup_util_ps1.py'
[6.873s] INFO:colcon.colcon_core.shell:Creating prefix chain script '/root/nav/livox_ws/src/3D-Nav-Dynamic-EGO/install/setup.ps1'
[6.974s] INFO:colcon.colcon_core.shell:Creating prefix script '/root/nav/livox_ws/src/3D-Nav-Dynamic-EGO/install/local_setup.sh'
[7.067s] INFO:colcon.colcon_core.shell:Creating prefix util module '/root/nav/livox_ws/src/3D-Nav-Dynamic-EGO/install/_local_setup_util_sh.py'
[7.160s] INFO:colcon.colcon_core.shell:Creating prefix chain script '/root/nav/livox_ws/src/3D-Nav-Dynamic-EGO/install/setup.sh'
[7.264s] INFO:colcon.colcon_core.shell:Creating prefix script '/root/nav/livox_ws/src/3D-Nav-Dynamic-EGO/install/local_setup.bash'
[7.357s] INFO:colcon.colcon_core.shell:Creating prefix chain script '/root/nav/livox_ws/src/3D-Nav-Dynamic-EGO/install/setup.bash'
[7.463s] INFO:colcon.colcon_core.shell:Creating prefix script '/root/nav/livox_ws/src/3D-Nav-Dynamic-EGO/install/local_setup.zsh'
[7.555s] INFO:colcon.colcon_core.shell:Creating prefix chain script '/root/nav/livox_ws/src/3D-Nav-Dynamic-EGO/install/setup.zsh'
