[0.156s] DEBUG:colcon:Command line arguments: ['/usr/bin/colcon', 'build', '--packages-select', 'sensor_extrinsic']
[0.157s] DEBUG:colcon:Parsed command line arguments: Namespace(log_base=None, log_level=None, verb_name='build', build_base='build', install_base='install', merge_install=False, symlink_install=False, test_result_base=None, continue_on_error=False, executor='parallel', parallel_workers=8, event_handlers=None, ignore_user_meta=False, metas=['./colcon.meta'], base_paths=['.'], packages_ignore=None, packages_ignore_regex=None, paths=None, packages_up_to=None, packages_up_to_regex=None, packages_above=None, packages_above_and_dependencies=None, packages_above_depth=None, packages_select_by_dep=None, packages_skip_by_dep=None, packages_skip_up_to=None, packages_select_build_failed=False, packages_skip_build_finished=False, packages_select_test_failures=False, packages_skip_test_passed=False, packages_select=['sensor_extrinsic'], packages_skip=None, packages_select_regex=None, packages_skip_regex=None, packages_start=None, packages_end=None, allow_overriding=[], cmake_args=None, cmake_target=None, cmake_target_skip_unavailable=False, cmake_clean_cache=False, cmake_clean_first=False, cmake_force_configure=False, ament_cmake_args=None, catkin_cmake_args=None, catkin_skip_building_tests=False, verb_parser=<colcon_defaults.argument_parser.defaults.DefaultArgumentsDecorator object at 0x7fa638bca0>, verb_extension=<colcon_core.verb.build.BuildVerb object at 0x7fa638b820>, main=<bound method BuildVerb.main of <colcon_core.verb.build.BuildVerb object at 0x7fa638b820>>)
[0.358s] Level 1:colcon.colcon_core.package_discovery:discover_packages(colcon_meta) check parameters
[0.360s] Level 1:colcon.colcon_core.package_discovery:discover_packages(recursive) check parameters
[0.361s] Level 1:colcon.colcon_core.package_discovery:discover_packages(ignore) check parameters
[0.362s] Level 1:colcon.colcon_core.package_discovery:discover_packages(path) check parameters
[0.364s] Level 1:colcon.colcon_core.package_discovery:discover_packages(colcon_meta) discover
[0.365s] Level 1:colcon.colcon_core.package_discovery:discover_packages(recursive) discover
[0.367s] INFO:colcon.colcon_core.package_discovery:Crawling recursively for packages in '/root/nav/livox_ws/src'
[0.368s] Level 1:colcon.colcon_core.package_identification:_identify(.) by extensions ['ignore', 'ignore_ament_install']
[0.370s] Level 1:colcon.colcon_core.package_identification:_identify(.) by extension 'ignore'
[0.372s] Level 1:colcon.colcon_core.package_identification:_identify(.) by extension 'ignore_ament_install'
[0.373s] Level 1:colcon.colcon_core.package_identification:_identify(.) by extensions ['colcon_pkg']
[0.374s] Level 1:colcon.colcon_core.package_identification:_identify(.) by extension 'colcon_pkg'
[0.376s] Level 1:colcon.colcon_core.package_identification:_identify(.) by extensions ['colcon_meta']
[0.377s] Level 1:colcon.colcon_core.package_identification:_identify(.) by extension 'colcon_meta'
[0.378s] Level 1:colcon.colcon_core.package_identification:_identify(.) by extensions ['ros']
[0.380s] Level 1:colcon.colcon_core.package_identification:_identify(.) by extension 'ros'
[0.404s] Level 1:colcon.colcon_core.package_identification:_identify(.) by extensions ['cmake', 'python']
[0.406s] Level 1:colcon.colcon_core.package_identification:_identify(.) by extension 'cmake'
[0.407s] Level 1:colcon.colcon_core.package_identification:_identify(.) by extension 'python'
[0.409s] Level 1:colcon.colcon_core.package_identification:_identify(.) by extensions ['python_setup_py']
[0.410s] Level 1:colcon.colcon_core.package_identification:_identify(.) by extension 'python_setup_py'
[0.412s] Level 1:colcon.colcon_core.package_identification:_identify(3D-Nav-Dynamic-EGO) by extensions ['ignore', 'ignore_ament_install']
[0.413s] Level 1:colcon.colcon_core.package_identification:_identify(3D-Nav-Dynamic-EGO) by extension 'ignore'
[0.415s] Level 1:colcon.colcon_core.package_identification:_identify(3D-Nav-Dynamic-EGO) by extension 'ignore_ament_install'
[0.416s] Level 1:colcon.colcon_core.package_identification:_identify(3D-Nav-Dynamic-EGO) by extensions ['colcon_pkg']
[0.418s] Level 1:colcon.colcon_core.package_identification:_identify(3D-Nav-Dynamic-EGO) by extension 'colcon_pkg'
[0.420s] Level 1:colcon.colcon_core.package_identification:_identify(3D-Nav-Dynamic-EGO) by extensions ['colcon_meta']
[0.421s] Level 1:colcon.colcon_core.package_identification:_identify(3D-Nav-Dynamic-EGO) by extension 'colcon_meta'
[0.423s] Level 1:colcon.colcon_core.package_identification:_identify(3D-Nav-Dynamic-EGO) by extensions ['ros']
[0.424s] Level 1:colcon.colcon_core.package_identification:_identify(3D-Nav-Dynamic-EGO) by extension 'ros'
[0.426s] Level 1:colcon.colcon_core.package_identification:_identify(3D-Nav-Dynamic-EGO) by extensions ['cmake', 'python']
[0.428s] Level 1:colcon.colcon_core.package_identification:_identify(3D-Nav-Dynamic-EGO) by extension 'cmake'
[0.483s] Level 1:colcon.colcon_core.package_identification:_identify(3D-Nav-Dynamic-EGO) by extension 'python'
[0.485s] DEBUG:colcon.colcon_core.package_identification:Package '3D-Nav-Dynamic-EGO' with type 'cmake' and name 'nav3d_octomap_ego_nav'
[0.488s] Level 1:colcon.colcon_core.package_identification:_identify(FASTLIO2_ROS2-main) by extensions ['ignore', 'ignore_ament_install']
[0.490s] Level 1:colcon.colcon_core.package_identification:_identify(FASTLIO2_ROS2-main) by extension 'ignore'
[0.492s] Level 1:colcon.colcon_core.package_identification:_identify(FASTLIO2_ROS2-main) by extension 'ignore_ament_install'
[0.493s] Level 1:colcon.colcon_core.package_identification:_identify(FASTLIO2_ROS2-main) by extensions ['colcon_pkg']
[0.494s] Level 1:colcon.colcon_core.package_identification:_identify(FASTLIO2_ROS2-main) by extension 'colcon_pkg'
[0.496s] Level 1:colcon.colcon_core.package_identification:_identify(FASTLIO2_ROS2-main) by extensions ['colcon_meta']
[0.497s] Level 1:colcon.colcon_core.package_identification:_identify(FASTLIO2_ROS2-main) by extension 'colcon_meta'
[0.499s] Level 1:colcon.colcon_core.package_identification:_identify(FASTLIO2_ROS2-main) by extensions ['ros']
[0.500s] Level 1:colcon.colcon_core.package_identification:_identify(FASTLIO2_ROS2-main) by extension 'ros'
[0.501s] Level 1:colcon.colcon_core.package_identification:_identify(FASTLIO2_ROS2-main) by extensions ['cmake', 'python']
[0.503s] Level 1:colcon.colcon_core.package_identification:_identify(FASTLIO2_ROS2-main) by extension 'cmake'
[0.504s] Level 1:colcon.colcon_core.package_identification:_identify(FASTLIO2_ROS2-main) by extension 'python'
[0.506s] Level 1:colcon.colcon_core.package_identification:_identify(FASTLIO2_ROS2-main) by extensions ['python_setup_py']
[0.507s] Level 1:colcon.colcon_core.package_identification:_identify(FASTLIO2_ROS2-main) by extension 'python_setup_py'
[0.509s] Level 1:colcon.colcon_core.package_identification:_identify(FASTLIO2_ROS2-main/fastlio2) by extensions ['ignore', 'ignore_ament_install']
[0.511s] Level 1:colcon.colcon_core.package_identification:_identify(FASTLIO2_ROS2-main/fastlio2) by extension 'ignore'
[0.512s] Level 1:colcon.colcon_core.package_identification:_identify(FASTLIO2_ROS2-main/fastlio2) by extension 'ignore_ament_install'
[0.514s] Level 1:colcon.colcon_core.package_identification:_identify(FASTLIO2_ROS2-main/fastlio2) by extensions ['colcon_pkg']
[0.516s] Level 1:colcon.colcon_core.package_identification:_identify(FASTLIO2_ROS2-main/fastlio2) by extension 'colcon_pkg'
[0.517s] Level 1:colcon.colcon_core.package_identification:_identify(FASTLIO2_ROS2-main/fastlio2) by extensions ['colcon_meta']
[0.519s] Level 1:colcon.colcon_core.package_identification:_identify(FASTLIO2_ROS2-main/fastlio2) by extension 'colcon_meta'
[0.520s] Level 1:colcon.colcon_core.package_identification:_identify(FASTLIO2_ROS2-main/fastlio2) by extensions ['ros']
[0.522s] Level 1:colcon.colcon_core.package_identification:_identify(FASTLIO2_ROS2-main/fastlio2) by extension 'ros'
[0.531s] DEBUG:colcon.colcon_core.package_identification:Package 'FASTLIO2_ROS2-main/fastlio2' with type 'ros.ament_cmake' and name 'fastlio2'
[0.533s] Level 1:colcon.colcon_core.package_identification:_identify(FASTLIO2_ROS2-main/hba) by extensions ['ignore', 'ignore_ament_install']
[0.535s] Level 1:colcon.colcon_core.package_identification:_identify(FASTLIO2_ROS2-main/hba) by extension 'ignore'
[0.537s] Level 1:colcon.colcon_core.package_identification:_identify(FASTLIO2_ROS2-main/hba) by extension 'ignore_ament_install'
[0.538s] Level 1:colcon.colcon_core.package_identification:_identify(FASTLIO2_ROS2-main/hba) by extensions ['colcon_pkg']
[0.540s] Level 1:colcon.colcon_core.package_identification:_identify(FASTLIO2_ROS2-main/hba) by extension 'colcon_pkg'
[0.541s] Level 1:colcon.colcon_core.package_identification:_identify(FASTLIO2_ROS2-main/hba) by extensions ['colcon_meta']
[0.543s] Level 1:colcon.colcon_core.package_identification:_identify(FASTLIO2_ROS2-main/hba) by extension 'colcon_meta'
[0.545s] Level 1:colcon.colcon_core.package_identification:_identify(FASTLIO2_ROS2-main/hba) by extensions ['ros']
[0.546s] Level 1:colcon.colcon_core.package_identification:_identify(FASTLIO2_ROS2-main/hba) by extension 'ros'
[0.549s] DEBUG:colcon.colcon_core.package_identification:Package 'FASTLIO2_ROS2-main/hba' with type 'ros.ament_cmake' and name 'hba'
[0.551s] Level 1:colcon.colcon_core.package_identification:_identify(FASTLIO2_ROS2-main/interface) by extensions ['ignore', 'ignore_ament_install']
[0.552s] Level 1:colcon.colcon_core.package_identification:_identify(FASTLIO2_ROS2-main/interface) by extension 'ignore'
[0.554s] Level 1:colcon.colcon_core.package_identification:_identify(FASTLIO2_ROS2-main/interface) by extension 'ignore_ament_install'
[0.557s] Level 1:colcon.colcon_core.package_identification:_identify(FASTLIO2_ROS2-main/interface) by extensions ['colcon_pkg']
[0.559s] Level 1:colcon.colcon_core.package_identification:_identify(FASTLIO2_ROS2-main/interface) by extension 'colcon_pkg'
[0.561s] Level 1:colcon.colcon_core.package_identification:_identify(FASTLIO2_ROS2-main/interface) by extensions ['colcon_meta']
[0.563s] Level 1:colcon.colcon_core.package_identification:_identify(FASTLIO2_ROS2-main/interface) by extension 'colcon_meta'
[0.565s] Level 1:colcon.colcon_core.package_identification:_identify(FASTLIO2_ROS2-main/interface) by extensions ['ros']
[0.567s] Level 1:colcon.colcon_core.package_identification:_identify(FASTLIO2_ROS2-main/interface) by extension 'ros'
[0.572s] DEBUG:colcon.colcon_core.package_identification:Package 'FASTLIO2_ROS2-main/interface' with type 'ros.ament_cmake' and name 'interface'
[0.575s] Level 1:colcon.colcon_core.package_identification:_identify(FASTLIO2_ROS2-main/localizer) by extensions ['ignore', 'ignore_ament_install']
[0.577s] Level 1:colcon.colcon_core.package_identification:_identify(FASTLIO2_ROS2-main/localizer) by extension 'ignore'
[0.579s] Level 1:colcon.colcon_core.package_identification:_identify(FASTLIO2_ROS2-main/localizer) by extension 'ignore_ament_install'
[0.581s] Level 1:colcon.colcon_core.package_identification:_identify(FASTLIO2_ROS2-main/localizer) by extensions ['colcon_pkg']
[0.583s] Level 1:colcon.colcon_core.package_identification:_identify(FASTLIO2_ROS2-main/localizer) by extension 'colcon_pkg'
[0.585s] Level 1:colcon.colcon_core.package_identification:_identify(FASTLIO2_ROS2-main/localizer) by extensions ['colcon_meta']
[0.587s] Level 1:colcon.colcon_core.package_identification:_identify(FASTLIO2_ROS2-main/localizer) by extension 'colcon_meta'
[0.589s] Level 1:colcon.colcon_core.package_identification:_identify(FASTLIO2_ROS2-main/localizer) by extensions ['ros']
[0.590s] Level 1:colcon.colcon_core.package_identification:_identify(FASTLIO2_ROS2-main/localizer) by extension 'ros'
[0.597s] DEBUG:colcon.colcon_core.package_identification:Package 'FASTLIO2_ROS2-main/localizer' with type 'ros.ament_cmake' and name 'localizer'
[0.599s] Level 1:colcon.colcon_core.package_identification:_identify(FASTLIO2_ROS2-main/pgo) by extensions ['ignore', 'ignore_ament_install']
[0.601s] Level 1:colcon.colcon_core.package_identification:_identify(FASTLIO2_ROS2-main/pgo) by extension 'ignore'
[0.603s] Level 1:colcon.colcon_core.package_identification:_identify(FASTLIO2_ROS2-main/pgo) by extension 'ignore_ament_install'
[0.604s] Level 1:colcon.colcon_core.package_identification:_identify(FASTLIO2_ROS2-main/pgo) by extensions ['colcon_pkg']
[0.606s] Level 1:colcon.colcon_core.package_identification:_identify(FASTLIO2_ROS2-main/pgo) by extension 'colcon_pkg'
[0.607s] Level 1:colcon.colcon_core.package_identification:_identify(FASTLIO2_ROS2-main/pgo) by extensions ['colcon_meta']
[0.609s] Level 1:colcon.colcon_core.package_identification:_identify(FASTLIO2_ROS2-main/pgo) by extension 'colcon_meta'
[0.611s] Level 1:colcon.colcon_core.package_identification:_identify(FASTLIO2_ROS2-main/pgo) by extensions ['ros']
[0.613s] Level 1:colcon.colcon_core.package_identification:_identify(FASTLIO2_ROS2-main/pgo) by extension 'ros'
[0.626s] DEBUG:colcon.colcon_core.package_identification:Package 'FASTLIO2_ROS2-main/pgo' with type 'ros.ament_cmake' and name 'pgo'
[0.628s] Level 1:colcon.colcon_core.package_identification:_identify(SCAN-Planner-Ros2) by extensions ['ignore', 'ignore_ament_install']
[0.630s] Level 1:colcon.colcon_core.package_identification:_identify(SCAN-Planner-Ros2) by extension 'ignore'
[0.632s] Level 1:colcon.colcon_core.package_identification:_identify(SCAN-Planner-Ros2) by extension 'ignore_ament_install'
[0.635s] Level 1:colcon.colcon_core.package_identification:_identify(SCAN-Planner-Ros2) by extensions ['colcon_pkg']
[0.636s] Level 1:colcon.colcon_core.package_identification:_identify(SCAN-Planner-Ros2) by extension 'colcon_pkg'
[0.638s] Level 1:colcon.colcon_core.package_identification:_identify(SCAN-Planner-Ros2) by extensions ['colcon_meta']
[0.640s] Level 1:colcon.colcon_core.package_identification:_identify(SCAN-Planner-Ros2) by extension 'colcon_meta'
[0.642s] Level 1:colcon.colcon_core.package_identification:_identify(SCAN-Planner-Ros2) by extensions ['ros']
[0.644s] Level 1:colcon.colcon_core.package_identification:_identify(SCAN-Planner-Ros2) by extension 'ros'
[0.646s] Level 1:colcon.colcon_core.package_identification:_identify(SCAN-Planner-Ros2) by extensions ['cmake', 'python']
[0.648s] Level 1:colcon.colcon_core.package_identification:_identify(SCAN-Planner-Ros2) by extension 'cmake'
[0.650s] Level 1:colcon.colcon_core.package_identification:_identify(SCAN-Planner-Ros2) by extension 'python'
[0.652s] Level 1:colcon.colcon_core.package_identification:_identify(SCAN-Planner-Ros2) by extensions ['python_setup_py']
[0.653s] Level 1:colcon.colcon_core.package_identification:_identify(SCAN-Planner-Ros2) by extension 'python_setup_py'
[0.655s] Level 1:colcon.colcon_core.package_identification:_identify(SCAN-Planner-Ros2/assets) by extensions ['ignore', 'ignore_ament_install']
[0.657s] Level 1:colcon.colcon_core.package_identification:_identify(SCAN-Planner-Ros2/assets) by extension 'ignore'
[0.659s] Level 1:colcon.colcon_core.package_identification:_identify(SCAN-Planner-Ros2/assets) by extension 'ignore_ament_install'
[0.660s] Level 1:colcon.colcon_core.package_identification:_identify(SCAN-Planner-Ros2/assets) by extensions ['colcon_pkg']
[0.662s] Level 1:colcon.colcon_core.package_identification:_identify(SCAN-Planner-Ros2/assets) by extension 'colcon_pkg'
[0.664s] Level 1:colcon.colcon_core.package_identification:_identify(SCAN-Planner-Ros2/assets) by extensions ['colcon_meta']
[0.665s] Level 1:colcon.colcon_core.package_identification:_identify(SCAN-Planner-Ros2/assets) by extension 'colcon_meta'
[0.667s] Level 1:colcon.colcon_core.package_identification:_identify(SCAN-Planner-Ros2/assets) by extensions ['ros']
[0.669s] Level 1:colcon.colcon_core.package_identification:_identify(SCAN-Planner-Ros2/assets) by extension 'ros'
[0.671s] Level 1:colcon.colcon_core.package_identification:_identify(SCAN-Planner-Ros2/assets) by extensions ['cmake', 'python']
[0.673s] Level 1:colcon.colcon_core.package_identification:_identify(SCAN-Planner-Ros2/assets) by extension 'cmake'
[0.674s] Level 1:colcon.colcon_core.package_identification:_identify(SCAN-Planner-Ros2/assets) by extension 'python'
[0.676s] Level 1:colcon.colcon_core.package_identification:_identify(SCAN-Planner-Ros2/assets) by extensions ['python_setup_py']
[0.678s] Level 1:colcon.colcon_core.package_identification:_identify(SCAN-Planner-Ros2/assets) by extension 'python_setup_py'
[0.680s] Level 1:colcon.colcon_core.package_identification:_identify(SCAN-Planner-Ros2/assets/gif) by extensions ['ignore', 'ignore_ament_install']
[0.682s] Level 1:colcon.colcon_core.package_identification:_identify(SCAN-Planner-Ros2/assets/gif) by extension 'ignore'
[0.684s] Level 1:colcon.colcon_core.package_identification:_identify(SCAN-Planner-Ros2/assets/gif) by extension 'ignore_ament_install'
[0.686s] Level 1:colcon.colcon_core.package_identification:_identify(SCAN-Planner-Ros2/assets/gif) by extensions ['colcon_pkg']
[0.688s] Level 1:colcon.colcon_core.package_identification:_identify(SCAN-Planner-Ros2/assets/gif) by extension 'colcon_pkg'
[0.690s] Level 1:colcon.colcon_core.package_identification:_identify(SCAN-Planner-Ros2/assets/gif) by extensions ['colcon_meta']
[0.691s] Level 1:colcon.colcon_core.package_identification:_identify(SCAN-Planner-Ros2/assets/gif) by extension 'colcon_meta'
[0.693s] Level 1:colcon.colcon_core.package_identification:_identify(SCAN-Planner-Ros2/assets/gif) by extensions ['ros']
[0.695s] Level 1:colcon.colcon_core.package_identification:_identify(SCAN-Planner-Ros2/assets/gif) by extension 'ros'
[0.697s] Level 1:colcon.colcon_core.package_identification:_identify(SCAN-Planner-Ros2/assets/gif) by extensions ['cmake', 'python']
[0.699s] Level 1:colcon.colcon_core.package_identification:_identify(SCAN-Planner-Ros2/assets/gif) by extension 'cmake'
[0.700s] Level 1:colcon.colcon_core.package_identification:_identify(SCAN-Planner-Ros2/assets/gif) by extension 'python'
[0.702s] Level 1:colcon.colcon_core.package_identification:_identify(SCAN-Planner-Ros2/assets/gif) by extensions ['python_setup_py']
[0.704s] Level 1:colcon.colcon_core.package_identification:_identify(SCAN-Planner-Ros2/assets/gif) by extension 'python_setup_py'
[0.706s] Level 1:colcon.colcon_core.package_identification:_identify(SCAN-Planner-Ros2/assets/images) by extensions ['ignore', 'ignore_ament_install']
[0.708s] Level 1:colcon.colcon_core.package_identification:_identify(SCAN-Planner-Ros2/assets/images) by extension 'ignore'
[0.710s] Level 1:colcon.colcon_core.package_identification:_identify(SCAN-Planner-Ros2/assets/images) by extension 'ignore_ament_install'
[0.712s] Level 1:colcon.colcon_core.package_identification:_identify(SCAN-Planner-Ros2/assets/images) by extensions ['colcon_pkg']
[0.714s] Level 1:colcon.colcon_core.package_identification:_identify(SCAN-Planner-Ros2/assets/images) by extension 'colcon_pkg'
[0.715s] Level 1:colcon.colcon_core.package_identification:_identify(SCAN-Planner-Ros2/assets/images) by extensions ['colcon_meta']
[0.717s] Level 1:colcon.colcon_core.package_identification:_identify(SCAN-Planner-Ros2/assets/images) by extension 'colcon_meta'
[0.718s] Level 1:colcon.colcon_core.package_identification:_identify(SCAN-Planner-Ros2/assets/images) by extensions ['ros']
[0.720s] Level 1:colcon.colcon_core.package_identification:_identify(SCAN-Planner-Ros2/assets/images) by extension 'ros'
[0.721s] Level 1:colcon.colcon_core.package_identification:_identify(SCAN-Planner-Ros2/assets/images) by extensions ['cmake', 'python']
[0.723s] Level 1:colcon.colcon_core.package_identification:_identify(SCAN-Planner-Ros2/assets/images) by extension 'cmake'
[0.725s] Level 1:colcon.colcon_core.package_identification:_identify(SCAN-Planner-Ros2/assets/images) by extension 'python'
[0.727s] Level 1:colcon.colcon_core.package_identification:_identify(SCAN-Planner-Ros2/assets/images) by extensions ['python_setup_py']
[0.729s] Level 1:colcon.colcon_core.package_identification:_identify(SCAN-Planner-Ros2/assets/images) by extension 'python_setup_py'
[0.732s] Level 1:colcon.colcon_core.package_identification:_identify(SCAN-Planner-Ros2/build) by extensions ['ignore', 'ignore_ament_install']
[0.733s] Level 1:colcon.colcon_core.package_identification:_identify(SCAN-Planner-Ros2/build) by extension 'ignore'
[0.735s] Level 1:colcon.colcon_core.package_identification:_identify(SCAN-Planner-Ros2/build) ignored
[0.737s] Level 1:colcon.colcon_core.package_identification:_identify(SCAN-Planner-Ros2/install) by extensions ['ignore', 'ignore_ament_install']
[0.739s] Level 1:colcon.colcon_core.package_identification:_identify(SCAN-Planner-Ros2/install) by extension 'ignore'
[0.740s] Level 1:colcon.colcon_core.package_identification:_identify(SCAN-Planner-Ros2/install) ignored
[0.742s] Level 1:colcon.colcon_core.package_identification:_identify(SCAN-Planner-Ros2/log) by extensions ['ignore', 'ignore_ament_install']
[0.744s] Level 1:colcon.colcon_core.package_identification:_identify(SCAN-Planner-Ros2/log) by extension 'ignore'
[0.746s] Level 1:colcon.colcon_core.package_identification:_identify(SCAN-Planner-Ros2/log) ignored
[0.748s] Level 1:colcon.colcon_core.package_identification:_identify(SCAN-Planner-Ros2/src) by extensions ['ignore', 'ignore_ament_install']
[0.750s] Level 1:colcon.colcon_core.package_identification:_identify(SCAN-Planner-Ros2/src) by extension 'ignore'
[0.752s] Level 1:colcon.colcon_core.package_identification:_identify(SCAN-Planner-Ros2/src) by extension 'ignore_ament_install'
[0.754s] Level 1:colcon.colcon_core.package_identification:_identify(SCAN-Planner-Ros2/src) by extensions ['colcon_pkg']
[0.755s] Level 1:colcon.colcon_core.package_identification:_identify(SCAN-Planner-Ros2/src) by extension 'colcon_pkg'
[0.757s] Level 1:colcon.colcon_core.package_identification:_identify(SCAN-Planner-Ros2/src) by extensions ['colcon_meta']
[0.759s] Level 1:colcon.colcon_core.package_identification:_identify(SCAN-Planner-Ros2/src) by extension 'colcon_meta'
[0.761s] Level 1:colcon.colcon_core.package_identification:_identify(SCAN-Planner-Ros2/src) by extensions ['ros']
[0.771s] Level 1:colcon.colcon_core.package_identification:_identify(SCAN-Planner-Ros2/src) by extension 'ros'
[0.774s] Level 1:colcon.colcon_core.package_identification:_identify(SCAN-Planner-Ros2/src) by extensions ['cmake', 'python']
[0.776s] Level 1:colcon.colcon_core.package_identification:_identify(SCAN-Planner-Ros2/src) by extension 'cmake'
[0.779s] Level 1:colcon.colcon_core.package_identification:_identify(SCAN-Planner-Ros2/src) by extension 'python'
[0.781s] Level 1:colcon.colcon_core.package_identification:_identify(SCAN-Planner-Ros2/src) by extensions ['python_setup_py']
[0.783s] Level 1:colcon.colcon_core.package_identification:_identify(SCAN-Planner-Ros2/src) by extension 'python_setup_py'
[0.785s] Level 1:colcon.colcon_core.package_identification:_identify(SCAN-Planner-Ros2/src/planner) by extensions ['ignore', 'ignore_ament_install']
[0.787s] Level 1:colcon.colcon_core.package_identification:_identify(SCAN-Planner-Ros2/src/planner) by extension 'ignore'
[0.789s] Level 1:colcon.colcon_core.package_identification:_identify(SCAN-Planner-Ros2/src/planner) by extension 'ignore_ament_install'
[0.791s] Level 1:colcon.colcon_core.package_identification:_identify(SCAN-Planner-Ros2/src/planner) by extensions ['colcon_pkg']
[0.792s] Level 1:colcon.colcon_core.package_identification:_identify(SCAN-Planner-Ros2/src/planner) by extension 'colcon_pkg'
[0.794s] Level 1:colcon.colcon_core.package_identification:_identify(SCAN-Planner-Ros2/src/planner) by extensions ['colcon_meta']
[0.795s] Level 1:colcon.colcon_core.package_identification:_identify(SCAN-Planner-Ros2/src/planner) by extension 'colcon_meta'
[0.797s] Level 1:colcon.colcon_core.package_identification:_identify(SCAN-Planner-Ros2/src/planner) by extensions ['ros']
[0.798s] Level 1:colcon.colcon_core.package_identification:_identify(SCAN-Planner-Ros2/src/planner) by extension 'ros'
[0.800s] Level 1:colcon.colcon_core.package_identification:_identify(SCAN-Planner-Ros2/src/planner) by extensions ['cmake', 'python']
[0.802s] Level 1:colcon.colcon_core.package_identification:_identify(SCAN-Planner-Ros2/src/planner) by extension 'cmake'
[0.804s] Level 1:colcon.colcon_core.package_identification:_identify(SCAN-Planner-Ros2/src/planner) by extension 'python'
[0.806s] Level 1:colcon.colcon_core.package_identification:_identify(SCAN-Planner-Ros2/src/planner) by extensions ['python_setup_py']
[0.808s] Level 1:colcon.colcon_core.package_identification:_identify(SCAN-Planner-Ros2/src/planner) by extension 'python_setup_py'
[0.810s] Level 1:colcon.colcon_core.package_identification:_identify(SCAN-Planner-Ros2/src/planner/bspline_opt) by extensions ['ignore', 'ignore_ament_install']
[0.812s] Level 1:colcon.colcon_core.package_identification:_identify(SCAN-Planner-Ros2/src/planner/bspline_opt) by extension 'ignore'
[0.814s] Level 1:colcon.colcon_core.package_identification:_identify(SCAN-Planner-Ros2/src/planner/bspline_opt) by extension 'ignore_ament_install'
[0.815s] Level 1:colcon.colcon_core.package_identification:_identify(SCAN-Planner-Ros2/src/planner/bspline_opt) by extensions ['colcon_pkg']
[0.817s] Level 1:colcon.colcon_core.package_identification:_identify(SCAN-Planner-Ros2/src/planner/bspline_opt) by extension 'colcon_pkg'
[0.819s] Level 1:colcon.colcon_core.package_identification:_identify(SCAN-Planner-Ros2/src/planner/bspline_opt) by extensions ['colcon_meta']
[0.820s] Level 1:colcon.colcon_core.package_identification:_identify(SCAN-Planner-Ros2/src/planner/bspline_opt) by extension 'colcon_meta'
[0.822s] Level 1:colcon.colcon_core.package_identification:_identify(SCAN-Planner-Ros2/src/planner/bspline_opt) by extensions ['ros']
[0.824s] Level 1:colcon.colcon_core.package_identification:_identify(SCAN-Planner-Ros2/src/planner/bspline_opt) by extension 'ros'
[0.831s] DEBUG:colcon.colcon_core.package_identification:Package 'SCAN-Planner-Ros2/src/planner/bspline_opt' with type 'ros.ament_cmake' and name 'bspline_opt'
[0.833s] Level 1:colcon.colcon_core.package_identification:_identify(SCAN-Planner-Ros2/src/planner/path_searching) by extensions ['ignore', 'ignore_ament_install']
[0.835s] Level 1:colcon.colcon_core.package_identification:_identify(SCAN-Planner-Ros2/src/planner/path_searching) by extension 'ignore'
[0.836s] Level 1:colcon.colcon_core.package_identification:_identify(SCAN-Planner-Ros2/src/planner/path_searching) by extension 'ignore_ament_install'
[0.838s] Level 1:colcon.colcon_core.package_identification:_identify(SCAN-Planner-Ros2/src/planner/path_searching) by extensions ['colcon_pkg']
[0.839s] Level 1:colcon.colcon_core.package_identification:_identify(SCAN-Planner-Ros2/src/planner/path_searching) by extension 'colcon_pkg'
[0.841s] Level 1:colcon.colcon_core.package_identification:_identify(SCAN-Planner-Ros2/src/planner/path_searching) by extensions ['colcon_meta']
[0.843s] Level 1:colcon.colcon_core.package_identification:_identify(SCAN-Planner-Ros2/src/planner/path_searching) by extension 'colcon_meta'
[0.845s] Level 1:colcon.colcon_core.package_identification:_identify(SCAN-Planner-Ros2/src/planner/path_searching) by extensions ['ros']
[0.847s] Level 1:colcon.colcon_core.package_identification:_identify(SCAN-Planner-Ros2/src/planner/path_searching) by extension 'ros'
[0.853s] DEBUG:colcon.colcon_core.package_identification:Package 'SCAN-Planner-Ros2/src/planner/path_searching' with type 'ros.ament_cmake' and name 'path_searching'
[0.857s] Level 1:colcon.colcon_core.package_identification:_identify(SCAN-Planner-Ros2/src/planner/plan_env) by extensions ['ignore', 'ignore_ament_install']
[0.860s] Level 1:colcon.colcon_core.package_identification:_identify(SCAN-Planner-Ros2/src/planner/plan_env) by extension 'ignore'
[0.863s] Level 1:colcon.colcon_core.package_identification:_identify(SCAN-Planner-Ros2/src/planner/plan_env) by extension 'ignore_ament_install'
[0.865s] Level 1:colcon.colcon_core.package_identification:_identify(SCAN-Planner-Ros2/src/planner/plan_env) by extensions ['colcon_pkg']
[0.868s] Level 1:colcon.colcon_core.package_identification:_identify(SCAN-Planner-Ros2/src/planner/plan_env) by extension 'colcon_pkg'
[0.871s] Level 1:colcon.colcon_core.package_identification:_identify(SCAN-Planner-Ros2/src/planner/plan_env) by extensions ['colcon_meta']
[0.873s] Level 1:colcon.colcon_core.package_identification:_identify(SCAN-Planner-Ros2/src/planner/plan_env) by extension 'colcon_meta'
[0.876s] Level 1:colcon.colcon_core.package_identification:_identify(SCAN-Planner-Ros2/src/planner/plan_env) by extensions ['ros']
[0.879s] Level 1:colcon.colcon_core.package_identification:_identify(SCAN-Planner-Ros2/src/planner/plan_env) by extension 'ros'
[0.899s] DEBUG:colcon.colcon_core.package_identification:Package 'SCAN-Planner-Ros2/src/planner/plan_env' with type 'ros.ament_cmake' and name 'plan_env'
[0.902s] Level 1:colcon.colcon_core.package_identification:_identify(SCAN-Planner-Ros2/src/planner/plan_manage) by extensions ['ignore', 'ignore_ament_install']
[0.915s] Level 1:colcon.colcon_core.package_identification:_identify(SCAN-Planner-Ros2/src/planner/plan_manage) by extension 'ignore'
[0.918s] Level 1:colcon.colcon_core.package_identification:_identify(SCAN-Planner-Ros2/src/planner/plan_manage) by extension 'ignore_ament_install'
[0.920s] Level 1:colcon.colcon_core.package_identification:_identify(SCAN-Planner-Ros2/src/planner/plan_manage) by extensions ['colcon_pkg']
[0.922s] Level 1:colcon.colcon_core.package_identification:_identify(SCAN-Planner-Ros2/src/planner/plan_manage) by extension 'colcon_pkg'
[0.923s] Level 1:colcon.colcon_core.package_identification:_identify(SCAN-Planner-Ros2/src/planner/plan_manage) by extensions ['colcon_meta']
[0.925s] Level 1:colcon.colcon_core.package_identification:_identify(SCAN-Planner-Ros2/src/planner/plan_manage) by extension 'colcon_meta'
[0.927s] Level 1:colcon.colcon_core.package_identification:_identify(SCAN-Planner-Ros2/src/planner/plan_manage) by extensions ['ros']
[0.929s] Level 1:colcon.colcon_core.package_identification:_identify(SCAN-Planner-Ros2/src/planner/plan_manage) by extension 'ros'
[0.950s] DEBUG:colcon.colcon_core.package_identification:Package 'SCAN-Planner-Ros2/src/planner/plan_manage' with type 'ros.ament_cmake' and name 'scan_planner'
[0.953s] Level 1:colcon.colcon_core.package_identification:_identify(SCAN-Planner-Ros2/src/planner/scan_planner_msgs) by extensions ['ignore', 'ignore_ament_install']
[0.955s] Level 1:colcon.colcon_core.package_identification:_identify(SCAN-Planner-Ros2/src/planner/scan_planner_msgs) by extension 'ignore'
[0.957s] Level 1:colcon.colcon_core.package_identification:_identify(SCAN-Planner-Ros2/src/planner/scan_planner_msgs) by extension 'ignore_ament_install'
[0.959s] Level 1:colcon.colcon_core.package_identification:_identify(SCAN-Planner-Ros2/src/planner/scan_planner_msgs) by extensions ['colcon_pkg']
[0.960s] Level 1:colcon.colcon_core.package_identification:_identify(SCAN-Planner-Ros2/src/planner/scan_planner_msgs) by extension 'colcon_pkg'
[0.962s] Level 1:colcon.colcon_core.package_identification:_identify(SCAN-Planner-Ros2/src/planner/scan_planner_msgs) by extensions ['colcon_meta']
[0.964s] Level 1:colcon.colcon_core.package_identification:_identify(SCAN-Planner-Ros2/src/planner/scan_planner_msgs) by extension 'colcon_meta'
[0.966s] Level 1:colcon.colcon_core.package_identification:_identify(SCAN-Planner-Ros2/src/planner/scan_planner_msgs) by extensions ['ros']
[0.968s] Level 1:colcon.colcon_core.package_identification:_identify(SCAN-Planner-Ros2/src/planner/scan_planner_msgs) by extension 'ros'
[0.975s] DEBUG:colcon.colcon_core.package_identification:Package 'SCAN-Planner-Ros2/src/planner/scan_planner_msgs' with type 'ros.ament_cmake' and name 'scan_planner_msgs'
[0.977s] Level 1:colcon.colcon_core.package_identification:_identify(SCAN-Planner-Ros2/src/planner/traj_utils) by extensions ['ignore', 'ignore_ament_install']
[0.980s] Level 1:colcon.colcon_core.package_identification:_identify(SCAN-Planner-Ros2/src/planner/traj_utils) by extension 'ignore'
[0.982s] Level 1:colcon.colcon_core.package_identification:_identify(SCAN-Planner-Ros2/src/planner/traj_utils) by extension 'ignore_ament_install'
[0.983s] Level 1:colcon.colcon_core.package_identification:_identify(SCAN-Planner-Ros2/src/planner/traj_utils) by extensions ['colcon_pkg']
[0.985s] Level 1:colcon.colcon_core.package_identification:_identify(SCAN-Planner-Ros2/src/planner/traj_utils) by extension 'colcon_pkg'
[0.987s] Level 1:colcon.colcon_core.package_identification:_identify(SCAN-Planner-Ros2/src/planner/traj_utils) by extensions ['colcon_meta']
[0.989s] Level 1:colcon.colcon_core.package_identification:_identify(SCAN-Planner-Ros2/src/planner/traj_utils) by extension 'colcon_meta'
[0.991s] Level 1:colcon.colcon_core.package_identification:_identify(SCAN-Planner-Ros2/src/planner/traj_utils) by extensions ['ros']
[0.993s] Level 1:colcon.colcon_core.package_identification:_identify(SCAN-Planner-Ros2/src/planner/traj_utils) by extension 'ros'
[1.002s] DEBUG:colcon.colcon_core.package_identification:Package 'SCAN-Planner-Ros2/src/planner/traj_utils' with type 'ros.ament_cmake' and name 'traj_utils'
[1.004s] Level 1:colcon.colcon_core.package_identification:_identify(SCAN-Planner-Ros2/src/simulator) by extensions ['ignore', 'ignore_ament_install']
[1.006s] Level 1:colcon.colcon_core.package_identification:_identify(SCAN-Planner-Ros2/src/simulator) by extension 'ignore'
[1.009s] Level 1:colcon.colcon_core.package_identification:_identify(SCAN-Planner-Ros2/src/simulator) by extension 'ignore_ament_install'
[1.011s] Level 1:colcon.colcon_core.package_identification:_identify(SCAN-Planner-Ros2/src/simulator) by extensions ['colcon_pkg']
[1.013s] Level 1:colcon.colcon_core.package_identification:_identify(SCAN-Planner-Ros2/src/simulator) by extension 'colcon_pkg'
[1.015s] Level 1:colcon.colcon_core.package_identification:_identify(SCAN-Planner-Ros2/src/simulator) by extensions ['colcon_meta']
[1.017s] Level 1:colcon.colcon_core.package_identification:_identify(SCAN-Planner-Ros2/src/simulator) by extension 'colcon_meta'
[1.019s] Level 1:colcon.colcon_core.package_identification:_identify(SCAN-Planner-Ros2/src/simulator) by extensions ['ros']
[1.021s] Level 1:colcon.colcon_core.package_identification:_identify(SCAN-Planner-Ros2/src/simulator) by extension 'ros'
[1.023s] Level 1:colcon.colcon_core.package_identification:_identify(SCAN-Planner-Ros2/src/simulator) by extensions ['cmake', 'python']
[1.025s] Level 1:colcon.colcon_core.package_identification:_identify(SCAN-Planner-Ros2/src/simulator) by extension 'cmake'
[1.027s] Level 1:colcon.colcon_core.package_identification:_identify(SCAN-Planner-Ros2/src/simulator) by extension 'python'
[1.029s] Level 1:colcon.colcon_core.package_identification:_identify(SCAN-Planner-Ros2/src/simulator) by extensions ['python_setup_py']
[1.032s] Level 1:colcon.colcon_core.package_identification:_identify(SCAN-Planner-Ros2/src/simulator) by extension 'python_setup_py'
[1.035s] Level 1:colcon.colcon_core.package_identification:_identify(SCAN-Planner-Ros2/src/simulator/Utils) by extensions ['ignore', 'ignore_ament_install']
[1.038s] Level 1:colcon.colcon_core.package_identification:_identify(SCAN-Planner-Ros2/src/simulator/Utils) by extension 'ignore'
[1.040s] Level 1:colcon.colcon_core.package_identification:_identify(SCAN-Planner-Ros2/src/simulator/Utils) by extension 'ignore_ament_install'
[1.042s] Level 1:colcon.colcon_core.package_identification:_identify(SCAN-Planner-Ros2/src/simulator/Utils) by extensions ['colcon_pkg']
[1.044s] Level 1:colcon.colcon_core.package_identification:_identify(SCAN-Planner-Ros2/src/simulator/Utils) by extension 'colcon_pkg'
[1.045s] Level 1:colcon.colcon_core.package_identification:_identify(SCAN-Planner-Ros2/src/simulator/Utils) by extensions ['colcon_meta']
[1.047s] Level 1:colcon.colcon_core.package_identification:_identify(SCAN-Planner-Ros2/src/simulator/Utils) by extension 'colcon_meta'
[1.049s] Level 1:colcon.colcon_core.package_identification:_identify(SCAN-Planner-Ros2/src/simulator/Utils) by extensions ['ros']
[1.051s] Level 1:colcon.colcon_core.package_identification:_identify(SCAN-Planner-Ros2/src/simulator/Utils) by extension 'ros'
[1.052s] Level 1:colcon.colcon_core.package_identification:_identify(SCAN-Planner-Ros2/src/simulator/Utils) by extensions ['cmake', 'python']
[1.054s] Level 1:colcon.colcon_core.package_identification:_identify(SCAN-Planner-Ros2/src/simulator/Utils) by extension 'cmake'
[1.055s] Level 1:colcon.colcon_core.package_identification:_identify(SCAN-Planner-Ros2/src/simulator/Utils) by extension 'python'
[1.058s] Level 1:colcon.colcon_core.package_identification:_identify(SCAN-Planner-Ros2/src/simulator/Utils) by extensions ['python_setup_py']
[1.143s] Level 1:colcon.colcon_core.package_identification:_identify(SCAN-Planner-Ros2/src/simulator/Utils) by extension 'python_setup_py'
[1.146s] Level 1:colcon.colcon_core.package_identification:_identify(SCAN-Planner-Ros2/src/simulator/Utils/go2_description) by extensions ['ignore', 'ignore_ament_install']
[1.150s] Level 1:colcon.colcon_core.package_identification:_identify(SCAN-Planner-Ros2/src/simulator/Utils/go2_description) by extension 'ignore'
[1.151s] Level 1:colcon.colcon_core.package_identification:_identify(SCAN-Planner-Ros2/src/simulator/Utils/go2_description) by extension 'ignore_ament_install'
[1.153s] Level 1:colcon.colcon_core.package_identification:_identify(SCAN-Planner-Ros2/src/simulator/Utils/go2_description) by extensions ['colcon_pkg']
[1.155s] Level 1:colcon.colcon_core.package_identification:_identify(SCAN-Planner-Ros2/src/simulator/Utils/go2_description) by extension 'colcon_pkg'
[1.156s] Level 1:colcon.colcon_core.package_identification:_identify(SCAN-Planner-Ros2/src/simulator/Utils/go2_description) by extensions ['colcon_meta']
[1.158s] Level 1:colcon.colcon_core.package_identification:_identify(SCAN-Planner-Ros2/src/simulator/Utils/go2_description) by extension 'colcon_meta'
[1.160s] Level 1:colcon.colcon_core.package_identification:_identify(SCAN-Planner-Ros2/src/simulator/Utils/go2_description) by extensions ['ros']
[1.161s] Level 1:colcon.colcon_core.package_identification:_identify(SCAN-Planner-Ros2/src/simulator/Utils/go2_description) by extension 'ros'
[1.171s] DEBUG:colcon.colcon_core.package_identification:Package 'SCAN-Planner-Ros2/src/simulator/Utils/go2_description' with type 'ros.ament_cmake' and name 'go2_description'
[1.175s] Level 1:colcon.colcon_core.package_identification:_identify(SCAN-Planner-Ros2/src/simulator/Utils/odom_visualization) by extensions ['ignore', 'ignore_ament_install']
[1.179s] Level 1:colcon.colcon_core.package_identification:_identify(SCAN-Planner-Ros2/src/simulator/Utils/odom_visualization) by extension 'ignore'
[1.181s] Level 1:colcon.colcon_core.package_identification:_identify(SCAN-Planner-Ros2/src/simulator/Utils/odom_visualization) by extension 'ignore_ament_install'
[1.184s] Level 1:colcon.colcon_core.package_identification:_identify(SCAN-Planner-Ros2/src/simulator/Utils/odom_visualization) by extensions ['colcon_pkg']
[1.189s] Level 1:colcon.colcon_core.package_identification:_identify(SCAN-Planner-Ros2/src/simulator/Utils/odom_visualization) by extension 'colcon_pkg'
[1.191s] Level 1:colcon.colcon_core.package_identification:_identify(SCAN-Planner-Ros2/src/simulator/Utils/odom_visualization) by extensions ['colcon_meta']
[1.193s] Level 1:colcon.colcon_core.package_identification:_identify(SCAN-Planner-Ros2/src/simulator/Utils/odom_visualization) by extension 'colcon_meta'
[1.195s] Level 1:colcon.colcon_core.package_identification:_identify(SCAN-Planner-Ros2/src/simulator/Utils/odom_visualization) by extensions ['ros']
[1.196s] Level 1:colcon.colcon_core.package_identification:_identify(SCAN-Planner-Ros2/src/simulator/Utils/odom_visualization) by extension 'ros'
[1.204s] DEBUG:colcon.colcon_core.package_identification:Package 'SCAN-Planner-Ros2/src/simulator/Utils/odom_visualization' with type 'ros.ament_cmake' and name 'odom_visualization'
[1.207s] Level 1:colcon.colcon_core.package_identification:_identify(SCAN-Planner-Ros2/src/simulator/Utils/pose_utils) by extensions ['ignore', 'ignore_ament_install']
[1.209s] Level 1:colcon.colcon_core.package_identification:_identify(SCAN-Planner-Ros2/src/simulator/Utils/pose_utils) by extension 'ignore'
[1.212s] Level 1:colcon.colcon_core.package_identification:_identify(SCAN-Planner-Ros2/src/simulator/Utils/pose_utils) by extension 'ignore_ament_install'
[1.215s] Level 1:colcon.colcon_core.package_identification:_identify(SCAN-Planner-Ros2/src/simulator/Utils/pose_utils) by extensions ['colcon_pkg']
[1.217s] Level 1:colcon.colcon_core.package_identification:_identify(SCAN-Planner-Ros2/src/simulator/Utils/pose_utils) by extension 'colcon_pkg'
[1.220s] Level 1:colcon.colcon_core.package_identification:_identify(SCAN-Planner-Ros2/src/simulator/Utils/pose_utils) by extensions ['colcon_meta']
[1.304s] Level 1:colcon.colcon_core.package_identification:_identify(SCAN-Planner-Ros2/src/simulator/Utils/pose_utils) by extension 'colcon_meta'
[1.306s] Level 1:colcon.colcon_core.package_identification:_identify(SCAN-Planner-Ros2/src/simulator/Utils/pose_utils) by extensions ['ros']
[1.308s] Level 1:colcon.colcon_core.package_identification:_identify(SCAN-Planner-Ros2/src/simulator/Utils/pose_utils) by extension 'ros'
[1.323s] DEBUG:colcon.colcon_core.package_identification:Package 'SCAN-Planner-Ros2/src/simulator/Utils/pose_utils' with type 'ros.ament_cmake' and name 'pose_utils'
[1.327s] Level 1:colcon.colcon_core.package_identification:_identify(SCAN-Planner-Ros2/src/simulator/Utils/waypoint_generator) by extensions ['ignore', 'ignore_ament_install']
[1.331s] Level 1:colcon.colcon_core.package_identification:_identify(SCAN-Planner-Ros2/src/simulator/Utils/waypoint_generator) by extension 'ignore'
[1.335s] Level 1:colcon.colcon_core.package_identification:_identify(SCAN-Planner-Ros2/src/simulator/Utils/waypoint_generator) by extension 'ignore_ament_install'
[1.338s] Level 1:colcon.colcon_core.package_identification:_identify(SCAN-Planner-Ros2/src/simulator/Utils/waypoint_generator) by extensions ['colcon_pkg']
[1.341s] Level 1:colcon.colcon_core.package_identification:_identify(SCAN-Planner-Ros2/src/simulator/Utils/waypoint_generator) by extension 'colcon_pkg'
[1.344s] Level 1:colcon.colcon_core.package_identification:_identify(SCAN-Planner-Ros2/src/simulator/Utils/waypoint_generator) by extensions ['colcon_meta']
[1.348s] Level 1:colcon.colcon_core.package_identification:_identify(SCAN-Planner-Ros2/src/simulator/Utils/waypoint_generator) by extension 'colcon_meta'
[1.353s] Level 1:colcon.colcon_core.package_identification:_identify(SCAN-Planner-Ros2/src/simulator/Utils/waypoint_generator) by extensions ['ros']
[1.356s] Level 1:colcon.colcon_core.package_identification:_identify(SCAN-Planner-Ros2/src/simulator/Utils/waypoint_generator) by extension 'ros'
[1.363s] DEBUG:colcon.colcon_core.package_identification:Package 'SCAN-Planner-Ros2/src/simulator/Utils/waypoint_generator' with type 'ros.ament_cmake' and name 'waypoint_generator'
[1.365s] Level 1:colcon.colcon_core.package_identification:_identify(SCAN-Planner-Ros2/src/simulator/local_sensing) by extensions ['ignore', 'ignore_ament_install']
[1.367s] Level 1:colcon.colcon_core.package_identification:_identify(SCAN-Planner-Ros2/src/simulator/local_sensing) by extension 'ignore'
[1.369s] Level 1:colcon.colcon_core.package_identification:_identify(SCAN-Planner-Ros2/src/simulator/local_sensing) by extension 'ignore_ament_install'
[1.372s] Level 1:colcon.colcon_core.package_identification:_identify(SCAN-Planner-Ros2/src/simulator/local_sensing) by extensions ['colcon_pkg']
[1.375s] Level 1:colcon.colcon_core.package_identification:_identify(SCAN-Planner-Ros2/src/simulator/local_sensing) by extension 'colcon_pkg'
[1.378s] Level 1:colcon.colcon_core.package_identification:_identify(SCAN-Planner-Ros2/src/simulator/local_sensing) by extensions ['colcon_meta']
[1.381s] Level 1:colcon.colcon_core.package_identification:_identify(SCAN-Planner-Ros2/src/simulator/local_sensing) by extension 'colcon_meta'
[1.383s] Level 1:colcon.colcon_core.package_identification:_identify(SCAN-Planner-Ros2/src/simulator/local_sensing) by extensions ['ros']
[1.384s] Level 1:colcon.colcon_core.package_identification:_identify(SCAN-Planner-Ros2/src/simulator/local_sensing) by extension 'ros'
[1.393s] DEBUG:colcon.colcon_core.package_identification:Package 'SCAN-Planner-Ros2/src/simulator/local_sensing' with type 'ros.ament_cmake' and name 'local_sensing_node'
[1.395s] Level 1:colcon.colcon_core.package_identification:_identify(SCAN-Planner-Ros2/src/simulator/map_generator) by extensions ['ignore', 'ignore_ament_install']
[1.396s] Level 1:colcon.colcon_core.package_identification:_identify(SCAN-Planner-Ros2/src/simulator/map_generator) by extension 'ignore'
[1.398s] Level 1:colcon.colcon_core.package_identification:_identify(SCAN-Planner-Ros2/src/simulator/map_generator) by extension 'ignore_ament_install'
[1.482s] Level 1:colcon.colcon_core.package_identification:_identify(SCAN-Planner-Ros2/src/simulator/map_generator) by extensions ['colcon_pkg']
[1.485s] Level 1:colcon.colcon_core.package_identification:_identify(SCAN-Planner-Ros2/src/simulator/map_generator) by extension 'colcon_pkg'
[1.487s] Level 1:colcon.colcon_core.package_identification:_identify(SCAN-Planner-Ros2/src/simulator/map_generator) by extensions ['colcon_meta']
[1.490s] Level 1:colcon.colcon_core.package_identification:_identify(SCAN-Planner-Ros2/src/simulator/map_generator) by extension 'colcon_meta'
[1.494s] Level 1:colcon.colcon_core.package_identification:_identify(SCAN-Planner-Ros2/src/simulator/map_generator) by extensions ['ros']
[1.497s] Level 1:colcon.colcon_core.package_identification:_identify(SCAN-Planner-Ros2/src/simulator/map_generator) by extension 'ros'
[1.511s] DEBUG:colcon.colcon_core.package_identification:Package 'SCAN-Planner-Ros2/src/simulator/map_generator' with type 'ros.ament_cmake' and name 'map_generator'
[1.515s] Level 1:colcon.colcon_core.package_identification:_identify(SCAN-Planner-Ros2/src/simulator/mockamap) by extensions ['ignore', 'ignore_ament_install']
[1.518s] Level 1:colcon.colcon_core.package_identification:_identify(SCAN-Planner-Ros2/src/simulator/mockamap) by extension 'ignore'
[1.521s] Level 1:colcon.colcon_core.package_identification:_identify(SCAN-Planner-Ros2/src/simulator/mockamap) by extension 'ignore_ament_install'
[1.525s] Level 1:colcon.colcon_core.package_identification:_identify(SCAN-Planner-Ros2/src/simulator/mockamap) by extensions ['colcon_pkg']
[1.528s] Level 1:colcon.colcon_core.package_identification:_identify(SCAN-Planner-Ros2/src/simulator/mockamap) by extension 'colcon_pkg'
[1.532s] Level 1:colcon.colcon_core.package_identification:_identify(SCAN-Planner-Ros2/src/simulator/mockamap) by extensions ['colcon_meta']
[1.535s] Level 1:colcon.colcon_core.package_identification:_identify(SCAN-Planner-Ros2/src/simulator/mockamap) by extension 'colcon_meta'
[1.539s] Level 1:colcon.colcon_core.package_identification:_identify(SCAN-Planner-Ros2/src/simulator/mockamap) by extensions ['ros']
[1.543s] Level 1:colcon.colcon_core.package_identification:_identify(SCAN-Planner-Ros2/src/simulator/mockamap) by extension 'ros'
[1.550s] DEBUG:colcon.colcon_core.package_identification:Package 'SCAN-Planner-Ros2/src/simulator/mockamap' with type 'ros.ament_cmake' and name 'mockamap'
[1.552s] Level 1:colcon.colcon_core.package_identification:_identify(SCAN-Planner-Ros2/tools) by extensions ['ignore', 'ignore_ament_install']
[1.554s] Level 1:colcon.colcon_core.package_identification:_identify(SCAN-Planner-Ros2/tools) by extension 'ignore'
[1.556s] Level 1:colcon.colcon_core.package_identification:_identify(SCAN-Planner-Ros2/tools) by extension 'ignore_ament_install'
[1.559s] Level 1:colcon.colcon_core.package_identification:_identify(SCAN-Planner-Ros2/tools) by extensions ['colcon_pkg']
[1.561s] Level 1:colcon.colcon_core.package_identification:_identify(SCAN-Planner-Ros2/tools) by extension 'colcon_pkg'
[1.563s] Level 1:colcon.colcon_core.package_identification:_identify(SCAN-Planner-Ros2/tools) by extensions ['colcon_meta']
[1.566s] Level 1:colcon.colcon_core.package_identification:_identify(SCAN-Planner-Ros2/tools) by extension 'colcon_meta'
[1.567s] Level 1:colcon.colcon_core.package_identification:_identify(SCAN-Planner-Ros2/tools) by extensions ['ros']
[1.569s] Level 1:colcon.colcon_core.package_identification:_identify(SCAN-Planner-Ros2/tools) by extension 'ros'
[1.570s] Level 1:colcon.colcon_core.package_identification:_identify(SCAN-Planner-Ros2/tools) by extensions ['cmake', 'python']
[1.572s] Level 1:colcon.colcon_core.package_identification:_identify(SCAN-Planner-Ros2/tools) by extension 'cmake'
[1.573s] Level 1:colcon.colcon_core.package_identification:_identify(SCAN-Planner-Ros2/tools) by extension 'python'
[1.575s] Level 1:colcon.colcon_core.package_identification:_identify(SCAN-Planner-Ros2/tools) by extensions ['python_setup_py']
[1.660s] Level 1:colcon.colcon_core.package_identification:_identify(SCAN-Planner-Ros2/tools) by extension 'python_setup_py'
[1.663s] Level 1:colcon.colcon_core.package_identification:_identify(build) by extensions ['ignore', 'ignore_ament_install']
[1.666s] Level 1:colcon.colcon_core.package_identification:_identify(build) by extension 'ignore'
[1.669s] Level 1:colcon.colcon_core.package_identification:_identify(build) ignored
[1.673s] Level 1:colcon.colcon_core.package_identification:_identify(fast_lio2) by extensions ['ignore', 'ignore_ament_install']
[1.677s] Level 1:colcon.colcon_core.package_identification:_identify(fast_lio2) by extension 'ignore'
[1.679s] Level 1:colcon.colcon_core.package_identification:_identify(fast_lio2) by extension 'ignore_ament_install'
[1.681s] Level 1:colcon.colcon_core.package_identification:_identify(fast_lio2) by extensions ['colcon_pkg']
[1.682s] Level 1:colcon.colcon_core.package_identification:_identify(fast_lio2) by extension 'colcon_pkg'
[1.684s] Level 1:colcon.colcon_core.package_identification:_identify(fast_lio2) by extensions ['colcon_meta']
[1.686s] Level 1:colcon.colcon_core.package_identification:_identify(fast_lio2) by extension 'colcon_meta'
[1.687s] Level 1:colcon.colcon_core.package_identification:_identify(fast_lio2) by extensions ['ros']
[1.689s] Level 1:colcon.colcon_core.package_identification:_identify(fast_lio2) by extension 'ros'
[1.698s] DEBUG:colcon.colcon_core.package_identification:Package 'fast_lio2' with type 'ros.ament_cmake' and name 'fast_lio'
[1.699s] Level 1:colcon.colcon_core.package_identification:_identify(install) by extensions ['ignore', 'ignore_ament_install']
[1.701s] Level 1:colcon.colcon_core.package_identification:_identify(install) by extension 'ignore'
[1.703s] Level 1:colcon.colcon_core.package_identification:_identify(install) ignored
[1.705s] Level 1:colcon.colcon_core.package_identification:_identify(livox_ros_driver2) by extensions ['ignore', 'ignore_ament_install']
[1.707s] Level 1:colcon.colcon_core.package_identification:_identify(livox_ros_driver2) by extension 'ignore'
[1.708s] Level 1:colcon.colcon_core.package_identification:_identify(livox_ros_driver2) by extension 'ignore_ament_install'
[1.710s] Level 1:colcon.colcon_core.package_identification:_identify(livox_ros_driver2) by extensions ['colcon_pkg']
[1.712s] Level 1:colcon.colcon_core.package_identification:_identify(livox_ros_driver2) by extension 'colcon_pkg'
[1.715s] Level 1:colcon.colcon_core.package_identification:_identify(livox_ros_driver2) by extensions ['colcon_meta']
[1.717s] Level 1:colcon.colcon_core.package_identification:_identify(livox_ros_driver2) by extension 'colcon_meta'
[1.720s] Level 1:colcon.colcon_core.package_identification:_identify(livox_ros_driver2) by extensions ['ros']
[1.723s] Level 1:colcon.colcon_core.package_identification:_identify(livox_ros_driver2) by extension 'ros'
[1.734s] DEBUG:colcon.colcon_core.package_identification:Package 'livox_ros_driver2' with type 'ros.ament_cmake' and name 'livox_ros_driver2'
[1.735s] Level 1:colcon.colcon_core.package_identification:_identify(log) by extensions ['ignore', 'ignore_ament_install']
[1.737s] Level 1:colcon.colcon_core.package_identification:_identify(log) by extension 'ignore'
[1.739s] Level 1:colcon.colcon_core.package_identification:_identify(log) ignored
[1.742s] Level 1:colcon.colcon_core.package_identification:_identify(pcd2pgm-main) by extensions ['ignore', 'ignore_ament_install']
[1.751s] Level 1:colcon.colcon_core.package_identification:_identify(pcd2pgm-main) by extension 'ignore'
[1.753s] Level 1:colcon.colcon_core.package_identification:_identify(pcd2pgm-main) by extension 'ignore_ament_install'
[1.756s] Level 1:colcon.colcon_core.package_identification:_identify(pcd2pgm-main) by extensions ['colcon_pkg']
[1.759s] Level 1:colcon.colcon_core.package_identification:_identify(pcd2pgm-main) by extension 'colcon_pkg'
[1.762s] Level 1:colcon.colcon_core.package_identification:_identify(pcd2pgm-main) by extensions ['colcon_meta']
[1.765s] Level 1:colcon.colcon_core.package_identification:_identify(pcd2pgm-main) by extension 'colcon_meta'
[1.768s] Level 1:colcon.colcon_core.package_identification:_identify(pcd2pgm-main) by extensions ['ros']
[1.770s] Level 1:colcon.colcon_core.package_identification:_identify(pcd2pgm-main) by extension 'ros'
[1.786s] DEBUG:colcon.colcon_core.package_identification:Package 'pcd2pgm-main' with type 'ros.ament_cmake' and name 'pcd2pgm'
[1.789s] Level 1:colcon.colcon_core.package_identification:_identify(pcd_height) by extensions ['ignore', 'ignore_ament_install']
[1.791s] Level 1:colcon.colcon_core.package_identification:_identify(pcd_height) by extension 'ignore'
[1.793s] Level 1:colcon.colcon_core.package_identification:_identify(pcd_height) by extension 'ignore_ament_install'
[1.795s] Level 1:colcon.colcon_core.package_identification:_identify(pcd_height) by extensions ['colcon_pkg']
[1.798s] Level 1:colcon.colcon_core.package_identification:_identify(pcd_height) by extension 'colcon_pkg'
[1.800s] Level 1:colcon.colcon_core.package_identification:_identify(pcd_height) by extensions ['colcon_meta']
[1.803s] Level 1:colcon.colcon_core.package_identification:_identify(pcd_height) by extension 'colcon_meta'
[1.806s] Level 1:colcon.colcon_core.package_identification:_identify(pcd_height) by extensions ['ros']
[1.808s] Level 1:colcon.colcon_core.package_identification:_identify(pcd_height) by extension 'ros'
[1.812s] Level 1:colcon.colcon_core.package_identification:_identify(pcd_height) by extensions ['cmake', 'python']
[1.815s] Level 1:colcon.colcon_core.package_identification:_identify(pcd_height) by extension 'cmake'
[1.819s] Level 1:colcon.colcon_core.package_identification:_identify(pcd_height) by extension 'python'
[1.822s] Level 1:colcon.colcon_core.package_identification:_identify(pcd_height) by extensions ['python_setup_py']
[1.825s] Level 1:colcon.colcon_core.package_identification:_identify(pcd_height) by extension 'python_setup_py'
[1.829s] Level 1:colcon.colcon_core.package_identification:_identify(sensor_extrinsic) by extensions ['ignore', 'ignore_ament_install']
[1.832s] Level 1:colcon.colcon_core.package_identification:_identify(sensor_extrinsic) by extension 'ignore'
[1.834s] Level 1:colcon.colcon_core.package_identification:_identify(sensor_extrinsic) by extension 'ignore_ament_install'
[1.836s] Level 1:colcon.colcon_core.package_identification:_identify(sensor_extrinsic) by extensions ['colcon_pkg']
[1.838s] Level 1:colcon.colcon_core.package_identification:_identify(sensor_extrinsic) by extension 'colcon_pkg'
[1.840s] Level 1:colcon.colcon_core.package_identification:_identify(sensor_extrinsic) by extensions ['colcon_meta']
[1.842s] Level 1:colcon.colcon_core.package_identification:_identify(sensor_extrinsic) by extension 'colcon_meta'
[1.844s] Level 1:colcon.colcon_core.package_identification:_identify(sensor_extrinsic) by extensions ['ros']
[1.845s] Level 1:colcon.colcon_core.package_identification:_identify(sensor_extrinsic) by extension 'ros'
[1.849s] DEBUG:colcon.colcon_core.package_identification:Package 'sensor_extrinsic' with type 'ros.ament_cmake' and name 'sensor_extrinsic'
[1.851s] Level 1:colcon.colcon_core.package_identification:_identify(topic_bridge) by extensions ['ignore', 'ignore_ament_install']
[1.853s] Level 1:colcon.colcon_core.package_identification:_identify(topic_bridge) by extension 'ignore'
[1.854s] Level 1:colcon.colcon_core.package_identification:_identify(topic_bridge) by extension 'ignore_ament_install'
[1.856s] Level 1:colcon.colcon_core.package_identification:_identify(topic_bridge) by extensions ['colcon_pkg']
[1.858s] Level 1:colcon.colcon_core.package_identification:_identify(topic_bridge) by extension 'colcon_pkg'
[1.859s] Level 1:colcon.colcon_core.package_identification:_identify(topic_bridge) by extensions ['colcon_meta']
[1.861s] Level 1:colcon.colcon_core.package_identification:_identify(topic_bridge) by extension 'colcon_meta'
[1.863s] Level 1:colcon.colcon_core.package_identification:_identify(topic_bridge) by extensions ['ros']
[1.865s] Level 1:colcon.colcon_core.package_identification:_identify(topic_bridge) by extension 'ros'
[1.870s] DEBUG:colcon.colcon_core.package_identification:Package 'topic_bridge' with type 'ros.ament_cmake' and name 'topic_bridge'
[1.871s] Level 1:colcon.colcon_core.package_identification:_identify(trajectory_tracker) by extensions ['ignore', 'ignore_ament_install']
[1.873s] Level 1:colcon.colcon_core.package_identification:_identify(trajectory_tracker) by extension 'ignore'
[1.875s] Level 1:colcon.colcon_core.package_identification:_identify(trajectory_tracker) by extension 'ignore_ament_install'
[1.877s] Level 1:colcon.colcon_core.package_identification:_identify(trajectory_tracker) by extensions ['colcon_pkg']
[1.879s] Level 1:colcon.colcon_core.package_identification:_identify(trajectory_tracker) by extension 'colcon_pkg'
[1.881s] Level 1:colcon.colcon_core.package_identification:_identify(trajectory_tracker) by extensions ['colcon_meta']
[1.883s] Level 1:colcon.colcon_core.package_identification:_identify(trajectory_tracker) by extension 'colcon_meta'
[1.885s] Level 1:colcon.colcon_core.package_identification:_identify(trajectory_tracker) by extensions ['ros']
[1.886s] Level 1:colcon.colcon_core.package_identification:_identify(trajectory_tracker) by extension 'ros'
[1.893s] DEBUG:colcon.colcon_core.package_identification:Package 'trajectory_tracker' with type 'ros.ament_cmake' and name 'trajectory_tracker'
[1.894s] Level 1:colcon.colcon_core.package_discovery:discover_packages(recursive) using defaults
[1.896s] Level 1:colcon.colcon_core.package_discovery:discover_packages(ignore) discover
[1.898s] Level 1:colcon.colcon_core.package_discovery:discover_packages(ignore) using defaults
[1.900s] Level 1:colcon.colcon_core.package_discovery:discover_packages(path) discover
[1.901s] Level 1:colcon.colcon_core.package_discovery:discover_packages(path) using defaults
[2.024s] INFO:colcon.colcon_core.package_selection:Skipping not selected package 'go2_description' in 'SCAN-Planner-Ros2/src/simulator/Utils/go2_description'
[2.032s] INFO:colcon.colcon_core.package_selection:Skipping not selected package 'interface' in 'FASTLIO2_ROS2-main/interface'
[2.033s] INFO:colcon.colcon_core.package_selection:Skipping not selected package 'livox_ros_driver2' in 'livox_ros_driver2'
[2.035s] INFO:colcon.colcon_core.package_selection:Skipping not selected package 'local_sensing_node' in 'SCAN-Planner-Ros2/src/simulator/local_sensing'
[2.037s] INFO:colcon.colcon_core.package_selection:Skipping not selected package 'map_generator' in 'SCAN-Planner-Ros2/src/simulator/map_generator'
[2.038s] INFO:colcon.colcon_core.package_selection:Skipping not selected package 'mockamap' in 'SCAN-Planner-Ros2/src/simulator/mockamap'
[2.040s] INFO:colcon.colcon_core.package_selection:Skipping not selected package 'nav3d_octomap_ego_nav' in '3D-Nav-Dynamic-EGO'
[2.041s] INFO:colcon.colcon_core.package_selection:Skipping not selected package 'pcd2pgm' in 'pcd2pgm-main'
[2.043s] INFO:colcon.colcon_core.package_selection:Skipping not selected package 'plan_env' in 'SCAN-Planner-Ros2/src/planner/plan_env'
[2.045s] INFO:colcon.colcon_core.package_selection:Skipping not selected package 'pose_utils' in 'SCAN-Planner-Ros2/src/simulator/Utils/pose_utils'
[2.046s] INFO:colcon.colcon_core.package_selection:Skipping not selected package 'scan_planner_msgs' in 'SCAN-Planner-Ros2/src/planner/scan_planner_msgs'
[2.048s] INFO:colcon.colcon_core.package_selection:Skipping not selected package 'topic_bridge' in 'topic_bridge'
[2.050s] INFO:colcon.colcon_core.package_selection:Skipping not selected package 'trajectory_tracker' in 'trajectory_tracker'
[2.052s] INFO:colcon.colcon_core.package_selection:Skipping not selected package 'waypoint_generator' in 'SCAN-Planner-Ros2/src/simulator/Utils/waypoint_generator'
[2.053s] INFO:colcon.colcon_core.package_selection:Skipping not selected package 'fast_lio' in 'fast_lio2'
[2.055s] INFO:colcon.colcon_core.package_selection:Skipping not selected package 'fastlio2' in 'FASTLIO2_ROS2-main/fastlio2'
[2.057s] INFO:colcon.colcon_core.package_selection:Skipping not selected package 'hba' in 'FASTLIO2_ROS2-main/hba'
[2.058s] INFO:colcon.colcon_core.package_selection:Skipping not selected package 'localizer' in 'FASTLIO2_ROS2-main/localizer'
[2.060s] INFO:colcon.colcon_core.package_selection:Skipping not selected package 'odom_visualization' in 'SCAN-Planner-Ros2/src/simulator/Utils/odom_visualization'
[2.061s] INFO:colcon.colcon_core.package_selection:Skipping not selected package 'path_searching' in 'SCAN-Planner-Ros2/src/planner/path_searching'
[2.063s] INFO:colcon.colcon_core.package_selection:Skipping not selected package 'pgo' in 'FASTLIO2_ROS2-main/pgo'
[2.064s] INFO:colcon.colcon_core.package_selection:Skipping not selected package 'bspline_opt' in 'SCAN-Planner-Ros2/src/planner/bspline_opt'
[2.066s] INFO:colcon.colcon_core.package_selection:Skipping not selected package 'traj_utils' in 'SCAN-Planner-Ros2/src/planner/traj_utils'
[2.067s] INFO:colcon.colcon_core.package_selection:Skipping not selected package 'scan_planner' in 'SCAN-Planner-Ros2/src/planner/plan_manage'
[2.071s] Level 1:colcon.colcon_core.package_discovery:discover_packages(prefix_path) check parameters
[2.073s] Level 1:colcon.colcon_core.package_discovery:discover_packages(prefix_path) discover
[2.086s] DEBUG:colcon.colcon_installed_package_information.package_discovery:Found 355 installed packages in /opt/ros/humble
[2.092s] Level 1:colcon.colcon_core.package_discovery:discover_packages(prefix_path) using defaults
[2.183s] Level 5:colcon.colcon_core.verb:set package 'sensor_extrinsic' build argument 'cmake_args' from command line to 'None'
[2.185s] Level 5:colcon.colcon_core.verb:set package 'sensor_extrinsic' build argument 'cmake_target' from command line to 'None'
[2.187s] Level 5:colcon.colcon_core.verb:set package 'sensor_extrinsic' build argument 'cmake_target_skip_unavailable' from command line to 'False'
[2.189s] Level 5:colcon.colcon_core.verb:set package 'sensor_extrinsic' build argument 'cmake_clean_cache' from command line to 'False'
[2.191s] Level 5:colcon.colcon_core.verb:set package 'sensor_extrinsic' build argument 'cmake_clean_first' from command line to 'False'
[2.192s] Level 5:colcon.colcon_core.verb:set package 'sensor_extrinsic' build argument 'cmake_force_configure' from command line to 'False'
[2.194s] Level 5:colcon.colcon_core.verb:set package 'sensor_extrinsic' build argument 'ament_cmake_args' from command line to 'None'
[2.196s] Level 5:colcon.colcon_core.verb:set package 'sensor_extrinsic' build argument 'catkin_cmake_args' from command line to 'None'
[2.198s] Level 5:colcon.colcon_core.verb:set package 'sensor_extrinsic' build argument 'catkin_skip_building_tests' from command line to 'False'
[2.199s] DEBUG:colcon.colcon_core.verb:Building package 'sensor_extrinsic' with the following arguments: {'ament_cmake_args': None, 'build_base': '/root/nav/livox_ws/src/build/sensor_extrinsic', 'catkin_cmake_args': None, 'catkin_skip_building_tests': False, 'cmake_args': None, 'cmake_clean_cache': False, 'cmake_clean_first': False, 'cmake_force_configure': False, 'cmake_target': None, 'cmake_target_skip_unavailable': False, 'install_base': '/root/nav/livox_ws/src/install/sensor_extrinsic', 'merge_install': False, 'path': '/root/nav/livox_ws/src/sensor_extrinsic', 'symlink_install': False, 'test_result_base': None}
[2.201s] INFO:colcon.colcon_core.executor:Executing jobs using 'parallel' executor
[2.205s] DEBUG:colcon.colcon_parallel_executor.executor.parallel:run_until_complete
[2.207s] INFO:colcon.colcon_ros.task.ament_cmake.build:Building ROS package in '/root/nav/livox_ws/src/sensor_extrinsic' with build type 'ament_cmake'
[2.208s] INFO:colcon.colcon_cmake.task.cmake.build:Building CMake package in '/root/nav/livox_ws/src/sensor_extrinsic'
[2.215s] INFO:colcon.colcon_core.plugin_system:Skipping extension 'colcon_core.shell.bat': Not used on non-Windows systems
[2.217s] INFO:colcon.colcon_core.shell:Skip shell extension 'powershell' for command environment: Not usable outside of PowerShell
[2.220s] DEBUG:colcon.colcon_core.shell:Skip shell extension 'dsv' for command environment
[2.467s] DEBUG:colcon.colcon_core.event_handler.log_command:Invoking command in '/root/nav/livox_ws/src/build/sensor_extrinsic': CMAKE_PREFIX_PATH=/opt/ros/humble /usr/bin/cmake /root/nav/livox_ws/src/sensor_extrinsic -DCMAKE_INSTALL_PREFIX=/root/nav/livox_ws/src/install/sensor_extrinsic
[10.513s] DEBUG:colcon.colcon_core.event_handler.log_command:Invoked command in '/root/nav/livox_ws/src/build/sensor_extrinsic' returned '1': CMAKE_PREFIX_PATH=/opt/ros/humble /usr/bin/cmake /root/nav/livox_ws/src/sensor_extrinsic -DCMAKE_INSTALL_PREFIX=/root/nav/livox_ws/src/install/sensor_extrinsic
[10.517s] Level 1:colcon.colcon_core.environment:create_environment_scripts_only(sensor_extrinsic)
[10.531s] Level 1:colcon.colcon_core.environment:checking '/root/nav/livox_ws/src/install/sensor_extrinsic' for CMake module files
[10.534s] Level 1:colcon.colcon_core.environment:checking '/root/nav/livox_ws/src/install/sensor_extrinsic' for CMake config files
[10.546s] Level 1:colcon.colcon_core.environment:checking '/root/nav/livox_ws/src/install/sensor_extrinsic/bin'
[10.548s] Level 1:colcon.colcon_core.environment:checking '/root/nav/livox_ws/src/install/sensor_extrinsic/lib/pkgconfig/sensor_extrinsic.pc'
[10.551s] Level 1:colcon.colcon_core.environment:checking '/root/nav/livox_ws/src/install/sensor_extrinsic/lib/python3.10/site-packages'
[10.554s] Level 1:colcon.colcon_core.environment:checking '/root/nav/livox_ws/src/install/sensor_extrinsic/bin'
[10.557s] INFO:colcon.colcon_core.shell:Creating package script '/root/nav/livox_ws/src/install/sensor_extrinsic/share/sensor_extrinsic/package.ps1'
[10.651s] INFO:colcon.colcon_core.shell:Creating package descriptor '/root/nav/livox_ws/src/install/sensor_extrinsic/share/sensor_extrinsic/package.dsv'
[10.657s] INFO:colcon.colcon_core.shell:Creating package script '/root/nav/livox_ws/src/install/sensor_extrinsic/share/sensor_extrinsic/package.sh'
[10.747s] INFO:colcon.colcon_core.shell:Creating package script '/root/nav/livox_ws/src/install/sensor_extrinsic/share/sensor_extrinsic/package.bash'
[10.847s] INFO:colcon.colcon_core.shell:Creating package script '/root/nav/livox_ws/src/install/sensor_extrinsic/share/sensor_extrinsic/package.zsh'
[10.939s] Level 1:colcon.colcon_core.environment:create_file_with_runtime_dependencies(/root/nav/livox_ws/src/install/sensor_extrinsic/share/colcon-core/packages/sensor_extrinsic)
[10.954s] DEBUG:colcon.colcon_parallel_executor.executor.parallel:closing loop
[11.036s] DEBUG:colcon.colcon_parallel_executor.executor.parallel:loop closed
[11.038s] DEBUG:colcon.colcon_parallel_executor.executor.parallel:run_until_complete finished with '1'
[11.040s] DEBUG:colcon.colcon_core.event_reactor:joining thread
[11.072s] INFO:colcon.colcon_core.plugin_system:Skipping extension 'colcon_notification.desktop_notification.notify_send': Could not find 'notify-send'
[11.074s] INFO:colcon.colcon_core.plugin_system:Skipping extension 'colcon_notification.desktop_notification.terminal_notifier': Not used on non-Darwin systems
[11.076s] INFO:colcon.colcon_core.plugin_system:Skipping extension 'colcon_notification.desktop_notification.win32': Not used on non-Windows systems
[11.078s] INFO:colcon.colcon_notification.desktop_notification:Sending desktop notification using 'notify2'
[11.082s] DEBUG:colcon.colcon_notification.desktop_notification.notify2:Failed to initialize notify2: org.freedesktop.DBus.Error.ServiceUnknown: The name org.freedesktop.Notifications was not provided by any .service files
[11.084s] DEBUG:colcon.colcon_core.event_reactor:joined thread
[11.087s] INFO:colcon.colcon_core.shell:Creating prefix script '/root/nav/livox_ws/src/install/local_setup.ps1'
[11.188s] INFO:colcon.colcon_core.shell:Creating prefix util module '/root/nav/livox_ws/src/install/_local_setup_util_ps1.py'
[11.309s] INFO:colcon.colcon_core.shell:Creating prefix chain script '/root/nav/livox_ws/src/install/setup.ps1'
[11.406s] INFO:colcon.colcon_core.shell:Creating prefix script '/root/nav/livox_ws/src/install/local_setup.sh'
[11.497s] INFO:colcon.colcon_core.shell:Creating prefix util module '/root/nav/livox_ws/src/install/_local_setup_util_sh.py'
[11.589s] INFO:colcon.colcon_core.shell:Creating prefix chain script '/root/nav/livox_ws/src/install/setup.sh'
[11.683s] INFO:colcon.colcon_core.shell:Creating prefix script '/root/nav/livox_ws/src/install/local_setup.bash'
[11.782s] INFO:colcon.colcon_core.shell:Creating prefix chain script '/root/nav/livox_ws/src/install/setup.bash'
[11.876s] INFO:colcon.colcon_core.shell:Creating prefix script '/root/nav/livox_ws/src/install/local_setup.zsh'
[11.971s] INFO:colcon.colcon_core.shell:Creating prefix chain script '/root/nav/livox_ws/src/install/setup.zsh'
