[35m[1mConsolidate compiler generated dependencies of target dog_control_bridge[0m
[ 50%] [32mBuilding CXX object CMakeFiles/dog_control_bridge.dir/src/dog_control_bridge.cpp.o[0m
[01m[K/root/deepRoboticsl/deepcontrol/src/dog_control_bridge.cpp:[m[K In lambda function:
[01m[K/root/deepRoboticsl/deepcontrol/src/dog_control_bridge.cpp:183:37:[m[K [01;31m[Kerror: [m[K‘[01m[Kvoid RobotUDPClient::sendCmd(uint32_t, int32_t, int32_t)[m[K’ is private within this context
  183 |                     [01;31m[Km_client.sendCmd(0x21010130,[m[K
      |                     [01;31m[K~~~~~~~~~~~~~~~~^~~~~~~~~~~~[m[K
  184 | [01;31m[K                        static_cast<int32_t>(msg->linear.x * 32767))[m[K;
      |                         [01;31m[K~~~~~~~~~~~~~~~~~~~~~~~~~~~~~~~~~~~~~~~~~~~~[m[K
[01m[K/root/deepRoboticsl/deepcontrol/src/dog_control_bridge.cpp:89:10:[m[K [01;36m[Knote: [m[Kdeclared private here
   89 |     void [01;36m[KsendCmd[m[K(uint32_t code, int32_t p1 = 0, int32_t p2 = 0) {
      |          [01;36m[K^~~~~~~[m[K
[01m[K/root/deepRoboticsl/deepcontrol/src/dog_control_bridge.cpp:185:37:[m[K [01;31m[Kerror: [m[K‘[01m[Kvoid RobotUDPClient::sendCmd(uint32_t, int32_t, int32_t)[m[K’ is private within this context
  185 |                     [01;31m[Km_client.sendCmd(0x21010131,[m[K
      |                     [01;31m[K~~~~~~~~~~~~~~~~^~~~~~~~~~~~[m[K
  186 | [01;31m[K                        static_cast<int32_t>(msg->linear.y * 32767))[m[K;
      |                         [01;31m[K~~~~~~~~~~~~~~~~~~~~~~~~~~~~~~~~~~~~~~~~~~~~[m[K
[01m[K/root/deepRoboticsl/deepcontrol/src/dog_control_bridge.cpp:89:10:[m[K [01;36m[Knote: [m[Kdeclared private here
   89 |     void [01;36m[KsendCmd[m[K(uint32_t code, int32_t p1 = 0, int32_t p2 = 0) {
      |          [01;36m[K^~~~~~~[m[K
[01m[K/root/deepRoboticsl/deepcontrol/src/dog_control_bridge.cpp:187:37:[m[K [01;31m[Kerror: [m[K‘[01m[Kvoid RobotUDPClient::sendCmd(uint32_t, int32_t, int32_t)[m[K’ is private within this context
  187 |                     [01;31m[Km_client.sendCmd(0x21010135,[m[K
      |                     [01;31m[K~~~~~~~~~~~~~~~~^~~~~~~~~~~~[m[K
  188 | [01;31m[K                        static_cast<int32_t>(msg->angular.z * 32767))[m[K;
      |                         [01;31m[K~~~~~~~~~~~~~~~~~~~~~~~~~~~~~~~~~~~~~~~~~~~~~[m[K
[01m[K/root/deepRoboticsl/deepcontrol/src/dog_control_bridge.cpp:89:10:[m[K [01;36m[Knote: [m[Kdeclared private here
   89 |     void [01;36m[KsendCmd[m[K(uint32_t code, int32_t p1 = 0, int32_t p2 = 0) {
      |          [01;36m[K^~~~~~~[m[K
In file included from [01m[K/opt/ros/humble/include/rclcpp/rclcpp/subscription_base.hpp:32[m[K,
                 from [01m[K/opt/ros/humble/include/rclcpp/rclcpp/callback_group.hpp:29[m[K,
                 from [01m[K/opt/ros/humble/include/rclcpp/rclcpp/any_executable.hpp:20[m[K,
                 from [01m[K/opt/ros/humble/include/rclcpp/rclcpp/memory_strategy.hpp:25[m[K,
                 from [01m[K/opt/ros/humble/include/rclcpp/rclcpp/memory_strategies.hpp:18[m[K,
                 from [01m[K/opt/ros/humble/include/rclcpp/rclcpp/executor_options.hpp:20[m[K,
                 from [01m[K/opt/ros/humble/include/rclcpp/rclcpp/executor.hpp:37[m[K,
                 from [01m[K/opt/ros/humble/include/rclcpp/rclcpp/executors/multi_threaded_executor.hpp:25[m[K,
                 from [01m[K/opt/ros/humble/include/rclcpp/rclcpp/executors.hpp:21[m[K,
                 from [01m[K/opt/ros/humble/include/rclcpp/rclcpp/rclcpp.hpp:155[m[K,
                 from [01m[K/root/deepRoboticsl/deepcontrol/src/dog_control_bridge.cpp:15[m[K:
/opt/ros/humble/include/rclcpp/rclcpp/any_subscription_callback.hpp: In instantiation of ‘[01m[Krclcpp::AnySubscriptionCallback<MessageT, AllocatorT> rclcpp::AnySubscriptionCallback<MessageT, AllocatorT>::set(CallbackT) [with CallbackT = DogControlBridgeNode::DogControlBridgeNode()::<lambda(geometry_msgs::msg::Twist_<std::allocator<void> >::SharedPtr)>; MessageT = geometry_msgs::msg::Twist_<std::allocator<void> >; AllocatorT = std::allocator<void>][m[K’:
[01m[K/opt/ros/humble/include/rclcpp/rclcpp/subscription_factory.hpp:94:32:[m[K   required from ‘[01m[Krclcpp::SubscriptionFactory rclcpp::create_subscription_factory(CallbackT&&, const rclcpp::SubscriptionOptionsWithAllocator<AllocatorT>&, typename MessageMemoryStrategyT::SharedPtr, std::shared_ptr<rclcpp::topic_statistics::SubscriptionTopicStatistics<ROSMessageType> >) [with MessageT = geometry_msgs::msg::Twist_<std::allocator<void> >; CallbackT = DogControlBridgeNode::DogControlBridgeNode()::<lambda(geometry_msgs::msg::Twist_<std::allocator<void> >::SharedPtr)>; AllocatorT = std::allocator<void>; SubscriptionT = rclcpp::Subscription<geometry_msgs::msg::Twist_<std::allocator<void> >, std::allocator<void>, geometry_msgs::msg::Twist_<std::allocator<void> >, geometry_msgs::msg::Twist_<std::allocator<void> >, rclcpp::message_memory_strategy::MessageMemoryStrategy<geometry_msgs::msg::Twist_<std::allocator<void> >, std::allocator<void> > >; MessageMemoryStrategyT = rclcpp::message_memory_strategy::MessageMemoryStrategy<geometry_msgs::msg::Twist_<std::allocator<void> >, std::allocator<void> >; ROSMessageType = geometry_msgs::msg::Twist_<std::allocator<void> >; typename MessageMemoryStrategyT::SharedPtr = std::shared_ptr<rclcpp::message_memory_strategy::MessageMemoryStrategy<geometry_msgs::msg::Twist_<std::allocator<void> >, std::allocator<void> > >][m[K’
[01m[K/opt/ros/humble/include/rclcpp/rclcpp/create_subscription.hpp:122:63:[m[K   required from ‘[01m[Kstd::shared_ptr<ROSMessageT> rclcpp::detail::create_subscription(NodeParametersT&, NodeTopicsT&, const string&, const rclcpp::QoS&, CallbackT&&, const rclcpp::SubscriptionOptionsWithAllocator<AllocatorT>&, typename MessageMemoryStrategyT::SharedPtr) [with MessageT = geometry_msgs::msg::Twist_<std::allocator<void> >; CallbackT = DogControlBridgeNode::DogControlBridgeNode()::<lambda(geometry_msgs::msg::Twist_<std::allocator<void> >::SharedPtr)>; AllocatorT = std::allocator<void>; SubscriptionT = rclcpp::Subscription<geometry_msgs::msg::Twist_<std::allocator<void> >, std::allocator<void>, geometry_msgs::msg::Twist_<std::allocator<void> >, geometry_msgs::msg::Twist_<std::allocator<void> >, rclcpp::message_memory_strategy::MessageMemoryStrategy<geometry_msgs::msg::Twist_<std::allocator<void> >, std::allocator<void> > >; MessageMemoryStrategyT = rclcpp::message_memory_strategy::MessageMemoryStrategy<geometry_msgs::msg::Twist_<std::allocator<void> >, std::allocator<void> >; NodeParametersT = rclcpp::Node; NodeTopicsT = rclcpp::Node; ROSMessageType = geometry_msgs::msg::Twist_<std::allocator<void> >; std::string = std::__cxx11::basic_string<char>; typename MessageMemoryStrategyT::SharedPtr = std::shared_ptr<rclcpp::message_memory_strategy::MessageMemoryStrategy<geometry_msgs::msg::Twist_<std::allocator<void> >, std::allocator<void> > >][m[K’
[01m[K/opt/ros/humble/include/rclcpp/rclcpp/create_subscription.hpp:191:76:[m[K   required from ‘[01m[Kstd::shared_ptr<ROSMessageT> rclcpp::create_subscription(NodeT&, const string&, const rclcpp::QoS&, CallbackT&&, const rclcpp::SubscriptionOptionsWithAllocator<AllocatorT>&, typename MessageMemoryStrategyT::SharedPtr) [with MessageT = geometry_msgs::msg::Twist_<std::allocator<void> >; CallbackT = DogControlBridgeNode::DogControlBridgeNode()::<lambda(geometry_msgs::msg::Twist_<std::allocator<void> >::SharedPtr)>; AllocatorT = std::allocator<void>; SubscriptionT = rclcpp::Subscription<geometry_msgs::msg::Twist_<std::allocator<void> >, std::allocator<void>, geometry_msgs::msg::Twist_<std::allocator<void> >, geometry_msgs::msg::Twist_<std::allocator<void> >, rclcpp::message_memory_strategy::MessageMemoryStrategy<geometry_msgs::msg::Twist_<std::allocator<void> >, std::allocator<void> > >; MessageMemoryStrategyT = rclcpp::message_memory_strategy::MessageMemoryStrategy<geometry_msgs::msg::Twist_<std::allocator<void> >, std::allocator<void> >; NodeT = rclcpp::Node; std::string = std::__cxx11::basic_string<char>; typename MessageMemoryStrategyT::SharedPtr = std::shared_ptr<rclcpp::message_memory_strategy::MessageMemoryStrategy<geometry_msgs::msg::Twist_<std::allocator<void> >, std::allocator<void> > >][m[K’
[01m[K/opt/ros/humble/include/rclcpp/rclcpp/node_impl.hpp:99:47:[m[K   required from ‘[01m[Kstd::shared_ptr<ROSMessageT> rclcpp::Node::create_subscription(const string&, const rclcpp::QoS&, CallbackT&&, const rclcpp::SubscriptionOptionsWithAllocator<AllocatorT>&, typename MessageMemoryStrategyT::SharedPtr) [with MessageT = geometry_msgs::msg::Twist_<std::allocator<void> >; CallbackT = DogControlBridgeNode::DogControlBridgeNode()::<lambda(geometry_msgs::msg::Twist_<std::allocator<void> >::SharedPtr)>; AllocatorT = std::allocator<void>; SubscriptionT = rclcpp::Subscription<geometry_msgs::msg::Twist_<std::allocator<void> >, std::allocator<void>, geometry_msgs::msg::Twist_<std::allocator<void> >, geometry_msgs::msg::Twist_<std::allocator<void> >, rclcpp::message_memory_strategy::MessageMemoryStrategy<geometry_msgs::msg::Twist_<std::allocator<void> >, std::allocator<void> > >; MessageMemoryStrategyT = rclcpp::message_memory_strategy::MessageMemoryStrategy<geometry_msgs::msg::Twist_<std::allocator<void> >, std::allocator<void> >; std::string = std::__cxx11::basic_string<char>; typename MessageMemoryStrategyT::SharedPtr = std::shared_ptr<rclcpp::message_memory_strategy::MessageMemoryStrategy<geometry_msgs::msg::Twist_<std::allocator<void> >, std::allocator<void> > >][m[K’
[01m[K/root/deepRoboticsl/deepcontrol/src/dog_control_bridge.cpp:178:55:[m[K   required from here
[01m[K/opt/ros/humble/include/rclcpp/rclcpp/any_subscription_callback.hpp:391:21:[m[K [01;35m[Kwarning: [m[K‘[01m[Kvoid rclcpp::AnySubscriptionCallback<MessageT, AllocatorT>::set_deprecated(std::function<void(std::shared_ptr<_Yp>)>) [with SetT = geometry_msgs::msg::Twist_<std::allocator<void> >; MessageT = geometry_msgs::msg::Twist_<std::allocator<void> >; AllocatorT = std::allocator<void>][m[K’ is deprecated: use 'void(std::shared_ptr<const MessageT>)' instead [[01;35m[K]8;;https://gcc.gnu.org/onlinedocs/gcc/Warning-Options.html#index-Wdeprecated-declarations-Wdeprecated-declarations]8;;[m[K]
  391 |       [01;35m[Kset_deprecated(static_cast<typename scbth::callback_type>(callback))[m[K;
      |       [01;35m[K~~~~~~~~~~~~~~^~~~~~~~~~~~~~~~~~~~~~~~~~~~~~~~~~~~~~~~~~~~~~~~~~~~~~[m[K
[01m[K/opt/ros/humble/include/rclcpp/rclcpp/any_subscription_callback.hpp:408:3:[m[K [01;36m[Knote: [m[Kdeclared here
  408 |   [01;36m[Kset_deprecated[m[K(std::function<void(std::shared_ptr<SetT>)> callback)
      |   [01;36m[K^~~~~~~~~~~~~~[m[K
gmake[2]: *** [CMakeFiles/dog_control_bridge.dir/build.make:76: CMakeFiles/dog_control_bridge.dir/src/dog_control_bridge.cpp.o] Error 1
gmake[1]: *** [CMakeFiles/Makefile2:137: CMakeFiles/dog_control_bridge.dir/all] Error 2
gmake: *** [Makefile:146: all] Error 2
