[0.168s] DEBUG:colcon:Command line arguments: ['/usr/bin/colcon', 'build', '--packages-select', 'dog_control_bridge']
[0.169s] DEBUG:colcon:Parsed command line arguments: Namespace(log_base=None, log_level=None, verb_name='build', build_base='build', install_base='install', merge_install=False, symlink_install=False, test_result_base=None, continue_on_error=False, executor='parallel', parallel_workers=8, event_handlers=None, ignore_user_meta=False, metas=['./colcon.meta'], base_paths=['.'], packages_ignore=None, packages_ignore_regex=None, paths=None, packages_up_to=None, packages_up_to_regex=None, packages_above=None, packages_above_and_dependencies=None, packages_above_depth=None, packages_select_by_dep=None, packages_skip_by_dep=None, packages_skip_up_to=None, packages_select_build_failed=False, packages_skip_build_finished=False, packages_select_test_failures=False, packages_skip_test_passed=False, packages_select=['dog_control_bridge'], packages_skip=None, packages_select_regex=None, packages_skip_regex=None, packages_start=None, packages_end=None, allow_overriding=[], cmake_args=None, cmake_target=None, cmake_target_skip_unavailable=False, cmake_clean_cache=False, cmake_clean_first=False, cmake_force_configure=False, ament_cmake_args=None, catkin_cmake_args=None, catkin_skip_building_tests=False, verb_parser=<colcon_defaults.argument_parser.defaults.DefaultArgumentsDecorator object at 0x7fb85c7790>, verb_extension=<colcon_core.verb.build.BuildVerb object at 0x7fb85c7310>, main=<bound method BuildVerb.main of <colcon_core.verb.build.BuildVerb object at 0x7fb85c7310>>)
[0.363s] Level 1:colcon.colcon_core.package_discovery:discover_packages(colcon_meta) check parameters
[0.365s] Level 1:colcon.colcon_core.package_discovery:discover_packages(recursive) check parameters
[0.366s] Level 1:colcon.colcon_core.package_discovery:discover_packages(ignore) check parameters
[0.367s] Level 1:colcon.colcon_core.package_discovery:discover_packages(path) check parameters
[0.369s] Level 1:colcon.colcon_core.package_discovery:discover_packages(colcon_meta) discover
[0.370s] Level 1:colcon.colcon_core.package_discovery:discover_packages(recursive) discover
[0.371s] INFO:colcon.colcon_core.package_discovery:Crawling recursively for packages in '/root/deepRoboticsl/deepcontrol'
[0.373s] Level 1:colcon.colcon_core.package_identification:_identify(.) by extensions ['ignore', 'ignore_ament_install']
[0.375s] Level 1:colcon.colcon_core.package_identification:_identify(.) by extension 'ignore'
[0.376s] Level 1:colcon.colcon_core.package_identification:_identify(.) by extension 'ignore_ament_install'
[0.378s] Level 1:colcon.colcon_core.package_identification:_identify(.) by extensions ['colcon_pkg']
[0.379s] Level 1:colcon.colcon_core.package_identification:_identify(.) by extension 'colcon_pkg'
[0.381s] Level 1:colcon.colcon_core.package_identification:_identify(.) by extensions ['colcon_meta']
[0.382s] Level 1:colcon.colcon_core.package_identification:_identify(.) by extension 'colcon_meta'
[0.384s] Level 1:colcon.colcon_core.package_identification:_identify(.) by extensions ['ros']
[0.386s] Level 1:colcon.colcon_core.package_identification:_identify(.) by extension 'ros'
[0.412s] DEBUG:colcon.colcon_core.package_identification:Package '.' with type 'ros.ament_cmake' and name 'dog_control_bridge'
[0.414s] Level 1:colcon.colcon_core.package_discovery:discover_packages(recursive) using defaults
[0.415s] Level 1:colcon.colcon_core.package_discovery:discover_packages(ignore) discover
[0.417s] Level 1:colcon.colcon_core.package_discovery:discover_packages(ignore) using defaults
[0.418s] Level 1:colcon.colcon_core.package_discovery:discover_packages(path) discover
[0.420s] Level 1:colcon.colcon_core.package_discovery:discover_packages(path) using defaults
[0.451s] Level 1:colcon.colcon_core.package_discovery:discover_packages(prefix_path) check parameters
[0.453s] Level 1:colcon.colcon_core.package_discovery:discover_packages(prefix_path) discover
[0.465s] DEBUG:colcon.colcon_installed_package_information.package_discovery:Found 1 installed packages in /root/deepRoboticsl/deepcontrol/install
[0.468s] DEBUG:colcon.colcon_installed_package_information.package_discovery:Found 329 installed packages in /opt/ros/humble
[0.472s] Level 1:colcon.colcon_core.package_discovery:discover_packages(prefix_path) using defaults
[0.574s] Level 5:colcon.colcon_core.verb:set package 'dog_control_bridge' build argument 'cmake_args' from command line to 'None'
[0.576s] Level 5:colcon.colcon_core.verb:set package 'dog_control_bridge' build argument 'cmake_target' from command line to 'None'
[0.578s] Level 5:colcon.colcon_core.verb:set package 'dog_control_bridge' build argument 'cmake_target_skip_unavailable' from command line to 'False'
[0.580s] Level 5:colcon.colcon_core.verb:set package 'dog_control_bridge' build argument 'cmake_clean_cache' from command line to 'False'
[0.582s] Level 5:colcon.colcon_core.verb:set package 'dog_control_bridge' build argument 'cmake_clean_first' from command line to 'False'
[0.583s] Level 5:colcon.colcon_core.verb:set package 'dog_control_bridge' build argument 'cmake_force_configure' from command line to 'False'
[0.585s] Level 5:colcon.colcon_core.verb:set package 'dog_control_bridge' build argument 'ament_cmake_args' from command line to 'None'
[0.587s] Level 5:colcon.colcon_core.verb:set package 'dog_control_bridge' build argument 'catkin_cmake_args' from command line to 'None'
[0.588s] Level 5:colcon.colcon_core.verb:set package 'dog_control_bridge' build argument 'catkin_skip_building_tests' from command line to 'False'
[0.590s] DEBUG:colcon.colcon_core.verb:Building package 'dog_control_bridge' with the following arguments: {'ament_cmake_args': None, 'build_base': '/root/deepRoboticsl/deepcontrol/build/dog_control_bridge', 'catkin_cmake_args': None, 'catkin_skip_building_tests': False, 'cmake_args': None, 'cmake_clean_cache': False, 'cmake_clean_first': False, 'cmake_force_configure': False, 'cmake_target': None, 'cmake_target_skip_unavailable': False, 'install_base': '/root/deepRoboticsl/deepcontrol/install/dog_control_bridge', 'merge_install': False, 'path': '/root/deepRoboticsl/deepcontrol', 'symlink_install': False, 'test_result_base': None}
[0.592s] INFO:colcon.colcon_core.executor:Executing jobs using 'parallel' executor
[0.596s] DEBUG:colcon.colcon_parallel_executor.executor.parallel:run_until_complete
[0.599s] INFO:colcon.colcon_ros.task.ament_cmake.build:Building ROS package in '/root/deepRoboticsl/deepcontrol' with build type 'ament_cmake'
[0.602s] INFO:colcon.colcon_cmake.task.cmake.build:Building CMake package in '/root/deepRoboticsl/deepcontrol'
[0.607s] INFO:colcon.colcon_core.plugin_system:Skipping extension 'colcon_core.shell.bat': Not used on non-Windows systems
[0.609s] INFO:colcon.colcon_core.shell:Skip shell extension 'powershell' for command environment: Not usable outside of PowerShell
[0.610s] DEBUG:colcon.colcon_core.shell:Skip shell extension 'dsv' for command environment
[0.928s] DEBUG:colcon.colcon_core.event_handler.log_command:Invoking command in '/root/deepRoboticsl/deepcontrol/build/dog_control_bridge': CMAKE_PREFIX_PATH=${CMAKE_PREFIX_PATH}:/opt/ros/humble /usr/bin/cmake --build /root/deepRoboticsl/deepcontrol/build/dog_control_bridge -- -j8 -l8
[41.979s] DEBUG:colcon.colcon_core.event_handler.log_command:Invoked command in '/root/deepRoboticsl/deepcontrol/build/dog_control_bridge' returned '0': CMAKE_PREFIX_PATH=${CMAKE_PREFIX_PATH}:/opt/ros/humble /usr/bin/cmake --build /root/deepRoboticsl/deepcontrol/build/dog_control_bridge -- -j8 -l8
[42.003s] DEBUG:colcon.colcon_core.event_handler.log_command:Invoking command in '/root/deepRoboticsl/deepcontrol/build/dog_control_bridge': CMAKE_PREFIX_PATH=${CMAKE_PREFIX_PATH}:/opt/ros/humble /usr/bin/cmake --install /root/deepRoboticsl/deepcontrol/build/dog_control_bridge
[44.666s] Level 1:colcon.colcon_core.environment:create_environment_scripts_only(dog_control_bridge)
[44.684s] Level 1:colcon.colcon_core.environment:checking '/root/deepRoboticsl/deepcontrol/install/dog_control_bridge' for CMake module files
[44.688s] Level 1:colcon.colcon_core.environment:checking '/root/deepRoboticsl/deepcontrol/install/dog_control_bridge' for CMake config files
[44.691s] Level 1:colcon.colcon_core.shell:create_environment_hook('dog_control_bridge', 'cmake_prefix_path')
[44.694s] INFO:colcon.colcon_core.shell:Creating environment hook '/root/deepRoboticsl/deepcontrol/install/dog_control_bridge/share/dog_control_bridge/hook/cmake_prefix_path.ps1'
[44.785s] INFO:colcon.colcon_core.shell:Creating environment descriptor '/root/deepRoboticsl/deepcontrol/install/dog_control_bridge/share/dog_control_bridge/hook/cmake_prefix_path.dsv'
[44.877s] INFO:colcon.colcon_core.shell:Creating environment hook '/root/deepRoboticsl/deepcontrol/install/dog_control_bridge/share/dog_control_bridge/hook/cmake_prefix_path.sh'
[44.974s] Level 1:colcon.colcon_core.environment:checking '/root/deepRoboticsl/deepcontrol/install/dog_control_bridge/lib'
[44.976s] Level 1:colcon.colcon_core.environment:checking '/root/deepRoboticsl/deepcontrol/install/dog_control_bridge/bin'
[44.978s] Level 1:colcon.colcon_core.environment:checking '/root/deepRoboticsl/deepcontrol/install/dog_control_bridge/lib/pkgconfig/dog_control_bridge.pc'
[44.981s] Level 1:colcon.colcon_core.environment:checking '/root/deepRoboticsl/deepcontrol/install/dog_control_bridge/lib/python3.10/site-packages'
[44.991s] Level 1:colcon.colcon_core.environment:checking '/root/deepRoboticsl/deepcontrol/install/dog_control_bridge/bin'
[45.000s] INFO:colcon.colcon_core.shell:Creating package script '/root/deepRoboticsl/deepcontrol/install/dog_control_bridge/share/dog_control_bridge/package.ps1'
[45.034s] INFO:colcon.colcon_core.shell:Creating package descriptor '/root/deepRoboticsl/deepcontrol/install/dog_control_bridge/share/dog_control_bridge/package.dsv'
[45.125s] INFO:colcon.colcon_core.shell:Creating package script '/root/deepRoboticsl/deepcontrol/install/dog_control_bridge/share/dog_control_bridge/package.sh'
[45.231s] INFO:colcon.colcon_core.shell:Creating package script '/root/deepRoboticsl/deepcontrol/install/dog_control_bridge/share/dog_control_bridge/package.bash'
[45.258s] INFO:colcon.colcon_core.shell:Creating package script '/root/deepRoboticsl/deepcontrol/install/dog_control_bridge/share/dog_control_bridge/package.zsh'
[45.353s] Level 1:colcon.colcon_core.environment:create_file_with_runtime_dependencies(/root/deepRoboticsl/deepcontrol/install/dog_control_bridge/share/colcon-core/packages/dog_control_bridge)
[45.365s] Level 1:colcon.colcon_core.environment:create_environment_scripts_only(dog_control_bridge)
[45.368s] Level 1:colcon.colcon_core.environment:checking '/root/deepRoboticsl/deepcontrol/install/dog_control_bridge' for CMake module files
[45.377s] DEBUG:colcon.colcon_core.event_handler.log_command:Invoked command in '/root/deepRoboticsl/deepcontrol/build/dog_control_bridge' returned '0': CMAKE_PREFIX_PATH=${CMAKE_PREFIX_PATH}:/opt/ros/humble /usr/bin/cmake --install /root/deepRoboticsl/deepcontrol/build/dog_control_bridge
[45.379s] Level 1:colcon.colcon_core.environment:checking '/root/deepRoboticsl/deepcontrol/install/dog_control_bridge' for CMake config files
[45.385s] Level 1:colcon.colcon_core.shell:create_environment_hook('dog_control_bridge', 'cmake_prefix_path')
[45.390s] INFO:colcon.colcon_core.shell:Creating environment hook '/root/deepRoboticsl/deepcontrol/install/dog_control_bridge/share/dog_control_bridge/hook/cmake_prefix_path.ps1'
[45.478s] INFO:colcon.colcon_core.shell:Creating environment descriptor '/root/deepRoboticsl/deepcontrol/install/dog_control_bridge/share/dog_control_bridge/hook/cmake_prefix_path.dsv'
[45.568s] INFO:colcon.colcon_core.shell:Creating environment hook '/root/deepRoboticsl/deepcontrol/install/dog_control_bridge/share/dog_control_bridge/hook/cmake_prefix_path.sh'
[45.663s] Level 1:colcon.colcon_core.environment:checking '/root/deepRoboticsl/deepcontrol/install/dog_control_bridge/lib'
[45.665s] Level 1:colcon.colcon_core.environment:checking '/root/deepRoboticsl/deepcontrol/install/dog_control_bridge/bin'
[45.667s] Level 1:colcon.colcon_core.environment:checking '/root/deepRoboticsl/deepcontrol/install/dog_control_bridge/lib/pkgconfig/dog_control_bridge.pc'
[45.669s] Level 1:colcon.colcon_core.environment:checking '/root/deepRoboticsl/deepcontrol/install/dog_control_bridge/lib/python3.10/site-packages'
[45.681s] Level 1:colcon.colcon_core.environment:checking '/root/deepRoboticsl/deepcontrol/install/dog_control_bridge/bin'
[45.690s] INFO:colcon.colcon_core.shell:Creating package script '/root/deepRoboticsl/deepcontrol/install/dog_control_bridge/share/dog_control_bridge/package.ps1'
[45.787s] INFO:colcon.colcon_core.shell:Creating package descriptor '/root/deepRoboticsl/deepcontrol/install/dog_control_bridge/share/dog_control_bridge/package.dsv'
[45.877s] INFO:colcon.colcon_core.shell:Creating package script '/root/deepRoboticsl/deepcontrol/install/dog_control_bridge/share/dog_control_bridge/package.sh'
[45.968s] INFO:colcon.colcon_core.shell:Creating package script '/root/deepRoboticsl/deepcontrol/install/dog_control_bridge/share/dog_control_bridge/package.bash'
[46.065s] INFO:colcon.colcon_core.shell:Creating package script '/root/deepRoboticsl/deepcontrol/install/dog_control_bridge/share/dog_control_bridge/package.zsh'
[46.161s] Level 1:colcon.colcon_core.environment:create_file_with_runtime_dependencies(/root/deepRoboticsl/deepcontrol/install/dog_control_bridge/share/colcon-core/packages/dog_control_bridge)
[46.252s] DEBUG:colcon.colcon_parallel_executor.executor.parallel:closing loop
[46.258s] DEBUG:colcon.colcon_parallel_executor.executor.parallel:loop closed
[46.260s] DEBUG:colcon.colcon_parallel_executor.executor.parallel:run_until_complete finished with '0'
[46.263s] DEBUG:colcon.colcon_core.event_reactor:joining thread
[46.377s] INFO:colcon.colcon_core.plugin_system:Skipping extension 'colcon_notification.desktop_notification.notify_send': Could not find 'notify-send'
[46.380s] INFO:colcon.colcon_core.plugin_system:Skipping extension 'colcon_notification.desktop_notification.terminal_notifier': Not used on non-Darwin systems
[46.382s] INFO:colcon.colcon_core.plugin_system:Skipping extension 'colcon_notification.desktop_notification.win32': Not used on non-Windows systems
[46.384s] INFO:colcon.colcon_notification.desktop_notification:Sending desktop notification using 'notify2'
[46.392s] DEBUG:colcon.colcon_notification.desktop_notification.notify2:Failed to initialize notify2: org.freedesktop.DBus.Error.ServiceUnknown: The name org.freedesktop.Notifications was not provided by any .service files
[46.394s] DEBUG:colcon.colcon_core.event_reactor:joined thread
[46.398s] INFO:colcon.colcon_core.shell:Creating prefix script '/root/deepRoboticsl/deepcontrol/install/local_setup.ps1'
[46.491s] INFO:colcon.colcon_core.shell:Creating prefix util module '/root/deepRoboticsl/deepcontrol/install/_local_setup_util_ps1.py'
[46.586s] INFO:colcon.colcon_core.shell:Creating prefix chain script '/root/deepRoboticsl/deepcontrol/install/setup.ps1'
[46.680s] INFO:colcon.colcon_core.shell:Creating prefix script '/root/deepRoboticsl/deepcontrol/install/local_setup.sh'
[46.774s] INFO:colcon.colcon_core.shell:Creating prefix util module '/root/deepRoboticsl/deepcontrol/install/_local_setup_util_sh.py'
[46.873s] INFO:colcon.colcon_core.shell:Creating prefix chain script '/root/deepRoboticsl/deepcontrol/install/setup.sh'
[46.967s] INFO:colcon.colcon_core.shell:Creating prefix script '/root/deepRoboticsl/deepcontrol/install/local_setup.bash'
[47.065s] INFO:colcon.colcon_core.shell:Creating prefix chain script '/root/deepRoboticsl/deepcontrol/install/setup.bash'
[47.171s] INFO:colcon.colcon_core.shell:Creating prefix script '/root/deepRoboticsl/deepcontrol/install/local_setup.zsh'
[47.269s] INFO:colcon.colcon_core.shell:Creating prefix chain script '/root/deepRoboticsl/deepcontrol/install/setup.zsh'
