[0.321s] Invoking command in '/root/deepRoboticsl/deepcontrol/build/dog_control_bridge': CMAKE_PREFIX_PATH=${CMAKE_PREFIX_PATH}:/opt/ros/humble /usr/bin/cmake --build /root/deepRoboticsl/deepcontrol/build/dog_control_bridge -- -j8 -l8
[0.471s] [35m[1mConsolidate compiler generated dependencies of target dog_control_bridge[0m
[5.087s] [ 50%] [32mBuilding CXX object CMakeFiles/dog_control_bridge.dir/src/dog_control_bridge.cpp.o[0m
[5.647s] [01m[K/root/deepRoboticsl/deepcontrol/src/dog_control_bridge.cpp:[m[K In constructor ‘[01m[KRobotStateReceiver::RobotStateReceiver(uint16_t)[m[K’:
[5.653s] [01m[K/root/deepRoboticsl/deepcontrol/src/dog_control_bridge.cpp:51:29:[m[K [01;31m[Kerror: [m[Kno match for ‘[01m[Koperator=[m[K’ (operand types are ‘[01m[Kstd::chrono::_V2::steady_clock::time_point[m[K’ {aka ‘[01m[Kstd::chrono::time_point<std::chrono::_V2::steady_clock, std::chrono::duration<long int, std::ratio<1, 1000000000> > >[m[K’} and ‘[01m[Kint[m[K’)
[5.660s]    51 |         m_last_print_time = [01;31m[K0[m[K;
[5.666s]       |                             [01;31m[K^[m[K
[5.672s] In file included from [01m[K/usr/include/c++/11/bits/this_thread_sleep.h:38[m[K,
[5.679s]                  from [01m[K/usr/include/c++/11/thread:44[m[K,
[5.686s]                  from [01m[K/root/deepRoboticsl/deepcontrol/src/dog_control_bridge.cpp:3[m[K:
[5.694s] [01m[K/usr/include/c++/11/chrono:872:14:[m[K [01;36m[Knote: [m[Kcandidate: ‘[01m[Kconstexpr std::chrono::time_point<std::chrono::_V2::steady_clock, std::chrono::duration<long int, std::ratio<1, 1000000000> > >& std::chrono::time_point<std::chrono::_V2::steady_clock, std::chrono::duration<long int, std::ratio<1, 1000000000> > >::operator=(const std::chrono::time_point<std::chrono::_V2::steady_clock, std::chrono::duration<long int, std::ratio<1, 1000000000> > >&)[m[K’
[5.701s]   872 |       struct [01;36m[Ktime_point[m[K
[5.707s]       |              [01;36m[K^~~~~~~~~~[m[K
[5.714s] [01m[K/usr/include/c++/11/chrono:872:14:[m[K [01;36m[Knote: [m[K  no known conversion for argument 1 from ‘[01m[Kint[m[K’ to ‘[01m[Kconst std::chrono::time_point<std::chrono::_V2::steady_clock, std::chrono::duration<long int, std::ratio<1, 1000000000> > >&[m[K’
[5.720s] [01m[K/usr/include/c++/11/chrono:872:14:[m[K [01;36m[Knote: [m[Kcandidate: ‘[01m[Kconstexpr std::chrono::time_point<std::chrono::_V2::steady_clock, std::chrono::duration<long int, std::ratio<1, 1000000000> > >& std::chrono::time_point<std::chrono::_V2::steady_clock, std::chrono::duration<long int, std::ratio<1, 1000000000> > >::operator=(std::chrono::time_point<std::chrono::_V2::steady_clock, std::chrono::duration<long int, std::ratio<1, 1000000000> > >&&)[m[K’
[5.726s] [01m[K/usr/include/c++/11/chrono:872:14:[m[K [01;36m[Knote: [m[K  no known conversion for argument 1 from ‘[01m[Kint[m[K’ to ‘[01m[Kstd::chrono::time_point<std::chrono::_V2::steady_clock, std::chrono::duration<long int, std::ratio<1, 1000000000> > >&&[m[K’
[5.968s] gmake[2]: *** [CMakeFiles/dog_control_bridge.dir/build.make:76: CMakeFiles/dog_control_bridge.dir/src/dog_control_bridge.cpp.o] Error 1
[5.978s] gmake[1]: *** [CMakeFiles/Makefile2:137: CMakeFiles/dog_control_bridge.dir/all] Error 2
[5.994s] gmake: *** [Makefile:146: all] Error 2
[6.003s] Invoked command in '/root/deepRoboticsl/deepcontrol/build/dog_control_bridge' returned '2': CMAKE_PREFIX_PATH=${CMAKE_PREFIX_PATH}:/opt/ros/humble /usr/bin/cmake --build /root/deepRoboticsl/deepcontrol/build/dog_control_bridge -- -j8 -l8
