[0.234s] Invoking command in '/root/deepRoboticsl/deepcontrol/build/dog_control_bridge': CMAKE_PREFIX_PATH=${CMAKE_PREFIX_PATH}:/opt/ros/humble /usr/bin/cmake --build /root/deepRoboticsl/deepcontrol/build/dog_control_bridge -- -j8 -l8
[0.653s] [35m[1mConsolidate compiler generated dependencies of target dog_control_bridge[0m
[4.705s] [ 50%] [32mBuilding CXX object CMakeFiles/dog_control_bridge.dir/src/dog_control_bridge.cpp.o[0m
[9.500s] In file included from [01m[K/opt/ros/humble/include/rclcpp/rclcpp/subscription_base.hpp:32[m[K,
[9.507s]                  from [01m[K/opt/ros/humble/include/rclcpp/rclcpp/callback_group.hpp:29[m[K,
[9.514s]                  from [01m[K/opt/ros/humble/include/rclcpp/rclcpp/any_executable.hpp:20[m[K,
[9.520s]                  from [01m[K/opt/ros/humble/include/rclcpp/rclcpp/memory_strategy.hpp:25[m[K,
[9.526s]                  from [01m[K/opt/ros/humble/include/rclcpp/rclcpp/memory_strategies.hpp:18[m[K,
[9.533s]                  from [01m[K/opt/ros/humble/include/rclcpp/rclcpp/executor_options.hpp:20[m[K,
[9.539s]                  from [01m[K/opt/ros/humble/include/rclcpp/rclcpp/executor.hpp:37[m[K,
[9.545s]                  from [01m[K/opt/ros/humble/include/rclcpp/rclcpp/executors/multi_threaded_executor.hpp:25[m[K,
[9.554s]                  from [01m[K/opt/ros/humble/include/rclcpp/rclcpp/executors.hpp:21[m[K,
[9.560s]                  from [01m[K/opt/ros/humble/include/rclcpp/rclcpp/rclcpp.hpp:155[m[K,
[9.566s]                  from [01m[K/root/deepRoboticsl/deepcontrol/src/dog_control_bridge.cpp:15[m[K:
[9.572s] /opt/ros/humble/include/rclcpp/rclcpp/any_subscription_callback.hpp: In instantiation of ‘[01m[Krclcpp::AnySubscriptionCallback<MessageT, AllocatorT> rclcpp::AnySubscriptionCallback<MessageT, AllocatorT>::set(CallbackT) [with CallbackT = DogControlBridgeNode::DogControlBridgeNode()::<lambda(geometry_msgs::msg::Twist_<std::allocator<void> >::SharedPtr)>; MessageT = geometry_msgs::msg::Twist_<std::allocator<void> >; AllocatorT = std::allocator<void>][m[K’:
[9.578s] [01m[K/opt/ros/humble/include/rclcpp/rclcpp/subscription_factory.hpp:94:32:[m[K   required from ‘[01m[Krclcpp::SubscriptionFactory rclcpp::create_subscription_factory(CallbackT&&, const rclcpp::SubscriptionOptionsWithAllocator<AllocatorT>&, typename MessageMemoryStrategyT::SharedPtr, std::shared_ptr<rclcpp::topic_statistics::SubscriptionTopicStatistics<ROSMessageType> >) [with MessageT = geometry_msgs::msg::Twist_<std::allocator<void> >; CallbackT = DogControlBridgeNode::DogControlBridgeNode()::<lambda(geometry_msgs::msg::Twist_<std::allocator<void> >::SharedPtr)>; AllocatorT = std::allocator<void>; SubscriptionT = rclcpp::Subscription<geometry_msgs::msg::Twist_<std::allocator<void> > >; MessageMemoryStrategyT = rclcpp::message_memory_strategy::MessageMemoryStrategy<geometry_msgs::msg::Twist_<std::allocator<void> >, std::allocator<void> >; ROSMessageType = geometry_msgs::msg::Twist_<std::allocator<void> >; typename MessageMemoryStrategyT::SharedPtr = std::shared_ptr<rclcpp::message_memory_strategy::MessageMemoryStrategy<geometry_msgs::msg::Twist_<std::allocator<void> >, std::allocator<void> > >][m[K’
[9.585s] [01m[K/opt/ros/humble/include/rclcpp/rclcpp/create_subscription.hpp:122:63:[m[K   required from ‘[01m[Kstd::shared_ptr<ROSMessageT> rclcpp::detail::create_subscription(NodeParametersT&, NodeTopicsT&, const string&, const rclcpp::QoS&, CallbackT&&, const rclcpp::SubscriptionOptionsWithAllocator<AllocatorT>&, typename MessageMemoryStrategyT::SharedPtr) [with MessageT = geometry_msgs::msg::Twist_<std::allocator<void> >; CallbackT = DogControlBridgeNode::DogControlBridgeNode()::<lambda(geometry_msgs::msg::Twist_<std::allocator<void> >::SharedPtr)>; AllocatorT = std::allocator<void>; SubscriptionT = rclcpp::Subscription<geometry_msgs::msg::Twist_<std::allocator<void> > >; MessageMemoryStrategyT = rclcpp::message_memory_strategy::MessageMemoryStrategy<geometry_msgs::msg::Twist_<std::allocator<void> >, std::allocator<void> >; NodeParametersT = rclcpp::Node; NodeTopicsT = rclcpp::Node; ROSMessageType = geometry_msgs::msg::Twist_<std::allocator<void> >; std::string = std::__cxx11::basic_string<char>; typename MessageMemoryStrategyT::SharedPtr = std::shared_ptr<rclcpp::message_memory_strategy::MessageMemoryStrategy<geometry_msgs::msg::Twist_<std::allocator<void> >, std::allocator<void> > >][m[K’
[9.591s] [01m[K/opt/ros/humble/include/rclcpp/rclcpp/create_subscription.hpp:191:76:[m[K   required from ‘[01m[Kstd::shared_ptr<ROSMessageT> rclcpp::create_subscription(NodeT&, const string&, const rclcpp::QoS&, CallbackT&&, const rclcpp::SubscriptionOptionsWithAllocator<AllocatorT>&, typename MessageMemoryStrategyT::SharedPtr) [with MessageT = geometry_msgs::msg::Twist_<std::allocator<void> >; CallbackT = DogControlBridgeNode::DogControlBridgeNode()::<lambda(geometry_msgs::msg::Twist_<std::allocator<void> >::SharedPtr)>; AllocatorT = std::allocator<void>; SubscriptionT = rclcpp::Subscription<geometry_msgs::msg::Twist_<std::allocator<void> > >; MessageMemoryStrategyT = rclcpp::message_memory_strategy::MessageMemoryStrategy<geometry_msgs::msg::Twist_<std::allocator<void> >, std::allocator<void> >; NodeT = rclcpp::Node; std::string = std::__cxx11::basic_string<char>; typename MessageMemoryStrategyT::SharedPtr = std::shared_ptr<rclcpp::message_memory_strategy::MessageMemoryStrategy<geometry_msgs::msg::Twist_<std::allocator<void> >, std::allocator<void> > >][m[K’
[9.598s] [01m[K/opt/ros/humble/include/rclcpp/rclcpp/node_impl.hpp:99:47:[m[K   required from ‘[01m[Kstd::shared_ptr<ROSMessageT> rclcpp::Node::create_subscription(const string&, const rclcpp::QoS&, CallbackT&&, const rclcpp::SubscriptionOptionsWithAllocator<AllocatorT>&, typename MessageMemoryStrategyT::SharedPtr) [with MessageT = geometry_msgs::msg::Twist_<std::allocator<void> >; CallbackT = DogControlBridgeNode::DogControlBridgeNode()::<lambda(geometry_msgs::msg::Twist_<std::allocator<void> >::SharedPtr)>; AllocatorT = std::allocator<void>; SubscriptionT = rclcpp::Subscription<geometry_msgs::msg::Twist_<std::allocator<void> > >; MessageMemoryStrategyT = rclcpp::message_memory_strategy::MessageMemoryStrategy<geometry_msgs::msg::Twist_<std::allocator<void> >, std::allocator<void> >; std::string = std::__cxx11::basic_string<char>; typename MessageMemoryStrategyT::SharedPtr = std::shared_ptr<rclcpp::message_memory_strategy::MessageMemoryStrategy<geometry_msgs::msg::Twist_<std::allocator<void> >, std::allocator<void> > >][m[K’
[9.604s] [01m[K/root/deepRoboticsl/deepcontrol/src/dog_control_bridge.cpp:228:59:[m[K   required from here
[9.610s] [01m[K/opt/ros/humble/include/rclcpp/rclcpp/any_subscription_callback.hpp:391:21:[m[K [01;35m[Kwarning: [m[K‘[01m[Kvoid rclcpp::AnySubscriptionCallback<MessageT, AllocatorT>::set_deprecated(std::function<void(std::shared_ptr<_Yp>)>) [with SetT = geometry_msgs::msg::Twist_<std::allocator<void> >; MessageT = geometry_msgs::msg::Twist_<std::allocator<void> >; AllocatorT = std::allocator<void>][m[K’ is deprecated: use 'void(std::shared_ptr<const MessageT>)' instead [[01;35m[K]8;;https://gcc.gnu.org/onlinedocs/gcc/Warning-Options.html#index-Wdeprecated-declarations-Wdeprecated-declarations]8;;[m[K]
[9.617s]   391 |       [01;35m[Kset_deprecated(static_cast<typename scbth::callback_type>(callback))[m[K;
[9.624s]       |       [01;35m[K~~~~~~~~~~~~~~^~~~~~~~~~~~~~~~~~~~~~~~~~~~~~~~~~~~~~~~~~~~~~~~~~~~~~[m[K
[9.637s] [01m[K/opt/ros/humble/include/rclcpp/rclcpp/any_subscription_callback.hpp:408:3:[m[K [01;36m[Knote: [m[Kdeclared here
[9.644s]   408 |   [01;36m[Kset_deprecated[m[K(std::function<void(std::shared_ptr<SetT>)> callback)
[9.650s]       |   [01;36m[K^~~~~~~~~~~~~~[m[K
[21.417s] [100%] [32m[1mLinking CXX executable dog_control_bridge[0m
[66.264s] [100%] Built target dog_control_bridge
[66.583s] Invoked command in '/root/deepRoboticsl/deepcontrol/build/dog_control_bridge' returned '0': CMAKE_PREFIX_PATH=${CMAKE_PREFIX_PATH}:/opt/ros/humble /usr/bin/cmake --build /root/deepRoboticsl/deepcontrol/build/dog_control_bridge -- -j8 -l8
[66.610s] Invoking command in '/root/deepRoboticsl/deepcontrol/build/dog_control_bridge': CMAKE_PREFIX_PATH=${CMAKE_PREFIX_PATH}:/opt/ros/humble /usr/bin/cmake --install /root/deepRoboticsl/deepcontrol/build/dog_control_bridge
[66.643s] -- Install configuration: ""
[66.658s] -- Installing: /root/deepRoboticsl/deepcontrol/install/dog_control_bridge/lib/dog_control_bridge/dog_control_bridge
[68.304s] -- Set runtime path of "/root/deepRoboticsl/deepcontrol/install/dog_control_bridge/lib/dog_control_bridge/dog_control_bridge" to ""
[68.404s] -- Up-to-date: /root/deepRoboticsl/deepcontrol/install/dog_control_bridge/share/ament_index/resource_index/package_run_dependencies/dog_control_bridge
[68.414s] -- Up-to-date: /root/deepRoboticsl/deepcontrol/install/dog_control_bridge/share/ament_index/resource_index/parent_prefix_path/dog_control_bridge
[68.430s] -- Up-to-date: /root/deepRoboticsl/deepcontrol/install/dog_control_bridge/share/dog_control_bridge/environment/ament_prefix_path.sh
[68.439s] -- Up-to-date: /root/deepRoboticsl/deepcontrol/install/dog_control_bridge/share/dog_control_bridge/environment/ament_prefix_path.dsv
[68.531s] -- Up-to-date: /root/deepRoboticsl/deepcontrol/install/dog_control_bridge/share/dog_control_bridge/environment/path.sh
[68.628s] -- Up-to-date: /root/deepRoboticsl/deepcontrol/install/dog_control_bridge/share/dog_control_bridge/environment/path.dsv
[68.717s] -- Up-to-date: /root/deepRoboticsl/deepcontrol/install/dog_control_bridge/share/dog_control_bridge/local_setup.bash
[68.730s] -- Up-to-date: /root/deepRoboticsl/deepcontrol/install/dog_control_bridge/share/dog_control_bridge/local_setup.sh
[68.738s] -- Up-to-date: /root/deepRoboticsl/deepcontrol/install/dog_control_bridge/share/dog_control_bridge/local_setup.zsh
[68.830s] -- Up-to-date: /root/deepRoboticsl/deepcontrol/install/dog_control_bridge/share/dog_control_bridge/local_setup.dsv
[68.940s] -- Installing: /root/deepRoboticsl/deepcontrol/install/dog_control_bridge/share/dog_control_bridge/package.dsv
[69.045s] -- Up-to-date: /root/deepRoboticsl/deepcontrol/install/dog_control_bridge/share/ament_index/resource_index/packages/dog_control_bridge
[69.138s] -- Up-to-date: /root/deepRoboticsl/deepcontrol/install/dog_control_bridge/share/dog_control_bridge/cmake/dog_control_bridgeConfig.cmake
[69.158s] -- Up-to-date: /root/deepRoboticsl/deepcontrol/install/dog_control_bridge/share/dog_control_bridge/cmake/dog_control_bridgeConfig-version.cmake
[69.165s] -- Up-to-date: /root/deepRoboticsl/deepcontrol/install/dog_control_bridge/share/dog_control_bridge/package.xml
[69.171s] Invoked command in '/root/deepRoboticsl/deepcontrol/build/dog_control_bridge' returned '0': CMAKE_PREFIX_PATH=${CMAKE_PREFIX_PATH}:/opt/ros/humble /usr/bin/cmake --install /root/deepRoboticsl/deepcontrol/build/dog_control_bridge
